[0.019s] Invoking command in '/home/mustafa/evoart_ws/build/velodyne_pointcloud': AMENT_PREFIX_PATH=/home/mustafa/evoart_ws/install/velodyne_msgs:${AMENT_PREFIX_PATH} CMAKE_PREFIX_PATH=/home/mustafa/evoart_ws/install/velodyne_msgs:/home/mustafa/evoart_ws/install/evoart_control:/home/mustafa/evoart_ws/install/evoart_interfaces:/opt/ros/humble LD_LIBRARY_PATH=/home/mustafa/evoart_ws/install/velodyne_msgs/lib:${LD_LIBRARY_PATH} PYTHONPATH=/home/mustafa/evoart_ws/install/velodyne_msgs/local/lib/python3.10/dist-packages:${PYTHONPATH} /usr/bin/cmake /home/mustafa/evoart_ws/src/velodyne/velodyne_pointcloud -DCMAKE_INSTALL_PREFIX=/home/mustafa/evoart_ws/install/velodyne_pointcloud
[0.118s] -- The C compiler identification is GNU 11.4.0
[0.193s] -- The CXX compiler identification is GNU 11.4.0
[0.203s] -- Detecting C compiler ABI info
[0.302s] -- Detecting C compiler ABI info - done
[0.315s] -- Check for working C compiler: /usr/bin/cc - skipped
[0.316s] -- Detecting C compile features
[0.316s] -- Detecting C compile features - done
[0.322s] -- Detecting CXX compiler ABI info
[0.439s] -- Detecting CXX compiler ABI info - done
[0.452s] -- Check for working CXX compiler: /usr/bin/c++ - skipped
[0.452s] -- Detecting CXX compile features
[0.453s] -- Detecting CXX compile features - done
[0.458s] -- Found ament_cmake: 1.3.14 (/opt/ros/humble/share/ament_cmake/cmake)
[0.658s] -- Found Python3: /usr/bin/python3 (found version "3.10.12") found components: Interpreter 
[0.794s] -- Found angles: 1.15.0 (/opt/ros/humble/share/angles/cmake)
[0.800s] -- Found diagnostic_updater: 4.0.7 (/opt/ros/humble/share/diagnostic_updater/cmake)
[0.869s] -- Found rosidl_generator_c: 3.1.9 (/opt/ros/humble/share/rosidl_generator_c/cmake)
[0.879s] -- Found rosidl_adapter: 3.1.9 (/opt/ros/humble/share/rosidl_adapter/cmake)
[0.891s] -- Found rosidl_generator_cpp: 3.1.9 (/opt/ros/humble/share/rosidl_generator_cpp/cmake)
[0.909s] -- Using all available rosidl_typesupport_c: rosidl_typesupport_fastrtps_c;rosidl_typesupport_introspection_c
[0.931s] -- Using all available rosidl_typesupport_cpp: rosidl_typesupport_fastrtps_cpp;rosidl_typesupport_introspection_cpp
[1.043s] -- Found rmw_implementation_cmake: 6.1.2 (/opt/ros/humble/share/rmw_implementation_cmake/cmake)
[1.048s] -- Found rmw_fastrtps_cpp: 6.2.10 (/opt/ros/humble/share/rmw_fastrtps_cpp/cmake)
[1.210s] -- Found OpenSSL: /usr/lib/x86_64-linux-gnu/libcrypto.so (found version "3.0.2")  
[1.272s] -- Found FastRTPS: /opt/ros/humble/include  
[1.366s] -- Using RMW implementation 'rmw_fastrtps_cpp' as default
[1.387s] -- Looking for pthread.h
[1.539s] -- Looking for pthread.h - found
[1.539s] -- Performing Test CMAKE_HAVE_LIBC_PTHREAD
[1.687s] -- Performing Test CMAKE_HAVE_LIBC_PTHREAD - Success
[1.689s] -- Found Threads: TRUE  
[1.803s] -- Found geometry_msgs: 4.9.1 (/opt/ros/humble/share/geometry_msgs/cmake)
[1.831s] -- Found message_filters: 4.3.18 (/opt/ros/humble/share/message_filters/cmake)
[1.869s] -- Checking for module 'eigen3'
[1.892s] --   Found eigen3, version 3.4.0
[1.962s] -- Found Eigen: /usr/include/eigen3 (Required is at least version "3.1") 
[1.962s] -- Eigen found (include: /usr/include/eigen3, version: 3.4.0)
[2.005s] -- Found Boost: /usr/lib/x86_64-linux-gnu/cmake/Boost-1.74.0/BoostConfig.cmake (found suitable version "1.74.0", minimum required is "1.65.0") found components: system filesystem date_time iostreams serialization 
[2.007s] -- looking for PCL_COMMON
[2.010s] -- Found PCL_COMMON: /usr/lib/x86_64-linux-gnu/libpcl_common.so  
[2.011s] -- Found PCL: pcl_common;Boost::system;Boost::filesystem;Boost::date_time;Boost::iostreams;Boost::serialization  
[2.017s] -- Found rclcpp_components: 16.0.19 (/opt/ros/humble/share/rclcpp_components/cmake)
[2.070s] -- Found sensor_msgs: 4.9.1 (/opt/ros/humble/share/sensor_msgs/cmake)
[2.101s] -- Found tf2: 0.25.20 (/opt/ros/humble/share/tf2/cmake)
[2.110s] -- Found tf2_ros: 0.25.20 (/opt/ros/humble/share/tf2_ros/cmake)
[2.226s] -- Found velodyne_msgs: 2.5.1 (/home/mustafa/evoart_ws/install/velodyne_msgs/share/velodyne_msgs/cmake)
[2.256s] -- Found yaml_cpp_vendor: 8.0.2 (/opt/ros/humble/share/yaml_cpp_vendor/cmake)
[2.270s] -- Found ament_lint_auto: 0.12.15 (/opt/ros/humble/share/ament_lint_auto/cmake)
[2.440s] -- Found gtest sources under '/opt/ros/humble/src/gtest_vendor': C++ tests using 'Google Test' will be built
[2.454s] -- Added test 'copyright' to check source files copyright and LICENSE
[2.459s] -- Added test 'cppcheck' to perform static code analysis on C / C++ code
[2.459s] -- Configured cppcheck include dirs: $<BUILD_INTERFACE:/home/mustafa/evoart_ws/src/velodyne/velodyne_pointcloud/include>
[2.460s] -- Configured cppcheck exclude dirs and/or files: 
[2.466s] -- Added test 'cpplint' to check C / C++ code against the Google style
[2.466s] -- Configured cpplint exclude dirs and/or files: 
[2.467s] -- Added test 'flake8' to check Python code syntax and style conventions
[2.470s] -- Added test 'lint_cmake' to check CMake code style
[2.471s] -- Added test 'pep257' to check Python code against some of the docstring style conventions in PEP 257
[2.478s] -- Added test 'uncrustify' to check C / C++ code style
[2.478s] -- Configured uncrustify additional arguments: 
[2.483s] -- Configuring done
[2.577s] -- Generating done
[2.610s] -- Build files have been written to: /home/mustafa/evoart_ws/build/velodyne_pointcloud
[2.638s] Invoked command in '/home/mustafa/evoart_ws/build/velodyne_pointcloud' returned '0': AMENT_PREFIX_PATH=/home/mustafa/evoart_ws/install/velodyne_msgs:${AMENT_PREFIX_PATH} CMAKE_PREFIX_PATH=/home/mustafa/evoart_ws/install/velodyne_msgs:/home/mustafa/evoart_ws/install/evoart_control:/home/mustafa/evoart_ws/install/evoart_interfaces:/opt/ros/humble LD_LIBRARY_PATH=/home/mustafa/evoart_ws/install/velodyne_msgs/lib:${LD_LIBRARY_PATH} PYTHONPATH=/home/mustafa/evoart_ws/install/velodyne_msgs/local/lib/python3.10/dist-packages:${PYTHONPATH} /usr/bin/cmake /home/mustafa/evoart_ws/src/velodyne/velodyne_pointcloud -DCMAKE_INSTALL_PREFIX=/home/mustafa/evoart_ws/install/velodyne_pointcloud
[2.641s] Invoking command in '/home/mustafa/evoart_ws/build/velodyne_pointcloud': AMENT_PREFIX_PATH=/home/mustafa/evoart_ws/install/velodyne_msgs:${AMENT_PREFIX_PATH} CMAKE_PREFIX_PATH=/home/mustafa/evoart_ws/install/velodyne_msgs:/home/mustafa/evoart_ws/install/evoart_control:/home/mustafa/evoart_ws/install/evoart_interfaces:/opt/ros/humble LD_LIBRARY_PATH=/home/mustafa/evoart_ws/install/velodyne_msgs/lib:${LD_LIBRARY_PATH} PYTHONPATH=/home/mustafa/evoart_ws/install/velodyne_msgs/local/lib/python3.10/dist-packages:${PYTHONPATH} /usr/bin/cmake --build /home/mustafa/evoart_ws/build/velodyne_pointcloud -- -j32 -l32
[2.756s] [  5%] [32mBuilding CXX object gtest/CMakeFiles/gtest.dir/src/gtest-all.cc.o[0m
[2.758s] [ 11%] [32mBuilding CXX object gtest/CMakeFiles/gtest_main.dir/src/gtest_main.cc.o[0m
[2.758s] [ 16%] [32mBuilding CXX object CMakeFiles/velodyne_rawdata.dir/src/lib/rawdata.cpp.o[0m
[2.759s] [ 22%] [32mBuilding CXX object CMakeFiles/velodyne_rawdata.dir/src/lib/calibration.cpp.o[0m
[2.759s] [ 27%] [32mBuilding CXX object CMakeFiles/velodyne_cloud_types.dir/src/lib/organized_cloudXYZIRT.cpp.o[0m
[2.759s] [ 33%] [32mBuilding CXX object CMakeFiles/velodyne_cloud_types.dir/src/lib/pointcloudXYZIRT.cpp.o[0m
[3.887s] [ 38%] [32m[1mLinking CXX static library libgtest_main.a[0m
[3.959s] [ 38%] Built target gtest_main
[6.490s] [ 44%] [32m[1mLinking CXX static library libgtest.a[0m
[6.579s] [ 44%] Built target gtest
[6.608s] [ 50%] [32mBuilding CXX object tests/CMakeFiles/test_row_step.dir/test_row_step.cpp.o[0m
[8.971s] [ 55%] [32m[1mLinking CXX shared library libvelodyne_cloud_types.so[0m
[9.088s] [ 61%] [32m[1mLinking CXX shared library libvelodyne_rawdata.so[0m
[9.136s] [ 61%] Built target velodyne_cloud_types
[9.256s] [ 61%] Built target velodyne_rawdata
[9.283s] [ 66%] [32mBuilding CXX object CMakeFiles/transform.dir/src/conversions/transform.cpp.o[0m
[9.285s] [ 72%] [32mBuilding CXX object tests/CMakeFiles/test_calibration.dir/test_calibration.cpp.o[0m
[10.480s] [ 77%] [32m[1mLinking CXX executable test_calibration[0m
[10.689s] [ 77%] Built target test_calibration
[12.122s] [ 83%] [32m[1mLinking CXX executable test_row_step[0m
[12.310s] [ 83%] Built target test_row_step
[18.073s] [ 88%] [32m[1mLinking CXX shared library libtransform.so[0m
[18.391s] [ 88%] Built target transform
[18.406s] [ 94%] [32mBuilding CXX object CMakeFiles/velodyne_transform_node.dir/src/conversions/transform_node.cpp.o[0m
[21.454s] [100%] [32m[1mLinking CXX executable velodyne_transform_node[0m
[21.615s] [100%] Built target velodyne_transform_node
[21.624s] Invoked command in '/home/mustafa/evoart_ws/build/velodyne_pointcloud' returned '0': AMENT_PREFIX_PATH=/home/mustafa/evoart_ws/install/velodyne_msgs:${AMENT_PREFIX_PATH} CMAKE_PREFIX_PATH=/home/mustafa/evoart_ws/install/velodyne_msgs:/home/mustafa/evoart_ws/install/evoart_control:/home/mustafa/evoart_ws/install/evoart_interfaces:/opt/ros/humble LD_LIBRARY_PATH=/home/mustafa/evoart_ws/install/velodyne_msgs/lib:${LD_LIBRARY_PATH} PYTHONPATH=/home/mustafa/evoart_ws/install/velodyne_msgs/local/lib/python3.10/dist-packages:${PYTHONPATH} /usr/bin/cmake --build /home/mustafa/evoart_ws/build/velodyne_pointcloud -- -j32 -l32
[21.625s] Invoking command in '/home/mustafa/evoart_ws/build/velodyne_pointcloud': AMENT_PREFIX_PATH=/home/mustafa/evoart_ws/install/velodyne_msgs:${AMENT_PREFIX_PATH} CMAKE_PREFIX_PATH=/home/mustafa/evoart_ws/install/velodyne_msgs:/home/mustafa/evoart_ws/install/evoart_control:/home/mustafa/evoart_ws/install/evoart_interfaces:/opt/ros/humble LD_LIBRARY_PATH=/home/mustafa/evoart_ws/install/velodyne_msgs/lib:${LD_LIBRARY_PATH} PYTHONPATH=/home/mustafa/evoart_ws/install/velodyne_msgs/local/lib/python3.10/dist-packages:${PYTHONPATH} /usr/bin/cmake --install /home/mustafa/evoart_ws/build/velodyne_pointcloud
[21.631s] -- Install configuration: ""
[21.631s] -- Installing: /home/mustafa/evoart_ws/install/velodyne_pointcloud/lib/libvelodyne_cloud_types.so
[21.632s] -- Set runtime path of "/home/mustafa/evoart_ws/install/velodyne_pointcloud/lib/libvelodyne_cloud_types.so" to ""
[21.632s] -- Installing: /home/mustafa/evoart_ws/install/velodyne_pointcloud/lib/libvelodyne_rawdata.so
[21.633s] -- Set runtime path of "/home/mustafa/evoart_ws/install/velodyne_pointcloud/lib/libvelodyne_rawdata.so" to ""
[21.633s] -- Installing: /home/mustafa/evoart_ws/install/velodyne_pointcloud/lib/libtransform.so
[21.639s] -- Set runtime path of "/home/mustafa/evoart_ws/install/velodyne_pointcloud/lib/libtransform.so" to ""
[21.639s] -- Installing: /home/mustafa/evoart_ws/install/velodyne_pointcloud/lib/velodyne_pointcloud/velodyne_transform_node
[21.640s] -- Set runtime path of "/home/mustafa/evoart_ws/install/velodyne_pointcloud/lib/velodyne_pointcloud/velodyne_transform_node" to ""
[21.640s] -- Installing: /home/mustafa/evoart_ws/install/velodyne_pointcloud/include/velodyne_pointcloud
[21.640s] -- Installing: /home/mustafa/evoart_ws/install/velodyne_pointcloud/include/velodyne_pointcloud/calibration.hpp
[21.640s] -- Installing: /home/mustafa/evoart_ws/install/velodyne_pointcloud/include/velodyne_pointcloud/transform.hpp
[21.640s] -- Installing: /home/mustafa/evoart_ws/install/velodyne_pointcloud/include/velodyne_pointcloud/datacontainerbase.hpp
[21.641s] -- Installing: /home/mustafa/evoart_ws/install/velodyne_pointcloud/include/velodyne_pointcloud/pointcloudXYZIRT.hpp
[21.641s] -- Installing: /home/mustafa/evoart_ws/install/velodyne_pointcloud/include/velodyne_pointcloud/organized_cloudXYZIRT.hpp
[21.641s] -- Installing: /home/mustafa/evoart_ws/install/velodyne_pointcloud/include/velodyne_pointcloud/rawdata.hpp
[21.641s] -- Installing: /home/mustafa/evoart_ws/install/velodyne_pointcloud/share/velodyne_pointcloud/config
[21.641s] -- Installing: /home/mustafa/evoart_ws/install/velodyne_pointcloud/share/velodyne_pointcloud/config/VLP16-velodyne_transform_node-params.yaml
[21.642s] -- Installing: /home/mustafa/evoart_ws/install/velodyne_pointcloud/share/velodyne_pointcloud/config/VLP32C-velodyne_transform_node-params.yaml
[21.643s] -- Installing: /home/mustafa/evoart_ws/install/velodyne_pointcloud/share/velodyne_pointcloud/config/VLS128-velodyne_transform_node-params.yaml
[21.643s] -- Installing: /home/mustafa/evoart_ws/install/velodyne_pointcloud/share/velodyne_pointcloud/launch
[21.643s] -- Installing: /home/mustafa/evoart_ws/install/velodyne_pointcloud/share/velodyne_pointcloud/launch/velodyne_transform_node-VLS128-composed-launch.py
[21.644s] -- Installing: /home/mustafa/evoart_ws/install/velodyne_pointcloud/share/velodyne_pointcloud/launch/velodyne_transform_node-VLS128-launch.py
[21.645s] -- Installing: /home/mustafa/evoart_ws/install/velodyne_pointcloud/share/velodyne_pointcloud/launch/velodyne_transform_node-VLP16-composed-launch.py
[21.645s] -- Installing: /home/mustafa/evoart_ws/install/velodyne_pointcloud/share/velodyne_pointcloud/launch/velodyne_transform_node-VLP32C-composed-launch.py
[21.646s] -- Installing: /home/mustafa/evoart_ws/install/velodyne_pointcloud/share/velodyne_pointcloud/launch/velodyne_transform_node-VLP32C-launch.py
[21.646s] -- Installing: /home/mustafa/evoart_ws/install/velodyne_pointcloud/share/velodyne_pointcloud/launch/velodyne_transform_node-VLP16-launch.py
[21.647s] -- Installing: /home/mustafa/evoart_ws/install/velodyne_pointcloud/share/velodyne_pointcloud/params
[21.647s] -- Installing: /home/mustafa/evoart_ws/install/velodyne_pointcloud/share/velodyne_pointcloud/params/64e_s3-xiesc.yaml
[21.648s] -- Installing: /home/mustafa/evoart_ws/install/velodyne_pointcloud/share/velodyne_pointcloud/params/VLP16_hires_db.yaml
[21.649s] -- Installing: /home/mustafa/evoart_ws/install/velodyne_pointcloud/share/velodyne_pointcloud/params/VLS128.yaml
[21.650s] -- Installing: /home/mustafa/evoart_ws/install/velodyne_pointcloud/share/velodyne_pointcloud/params/64e_utexas.yaml
[21.651s] -- Installing: /home/mustafa/evoart_ws/install/velodyne_pointcloud/share/velodyne_pointcloud/params/rviz_points.vcg
[21.652s] -- Installing: /home/mustafa/evoart_ws/install/velodyne_pointcloud/share/velodyne_pointcloud/params/64e_s2.1-sztaki.yaml
[21.653s] -- Installing: /home/mustafa/evoart_ws/install/velodyne_pointcloud/share/velodyne_pointcloud/params/32db.yaml
[21.653s] -- Installing: /home/mustafa/evoart_ws/install/velodyne_pointcloud/share/velodyne_pointcloud/params/VeloView-VLP-32C.yaml
[21.654s] -- Installing: /home/mustafa/evoart_ws/install/velodyne_pointcloud/share/velodyne_pointcloud/params/VLP16db.yaml
[21.654s] -- Installing: /home/mustafa/evoart_ws/install/velodyne_pointcloud/share/velodyne_pointcloud/params/issue_84_float_intensities.yaml
[21.655s] -- Installing: /home/mustafa/evoart_ws/install/velodyne_pointcloud/share/velodyne_pointcloud/environment/library_path.sh
[21.655s] -- Installing: /home/mustafa/evoart_ws/install/velodyne_pointcloud/share/velodyne_pointcloud/environment/library_path.dsv
[21.656s] -- Installing: /home/mustafa/evoart_ws/install/velodyne_pointcloud/share/ament_index/resource_index/package_run_dependencies/velodyne_pointcloud
[21.656s] -- Installing: /home/mustafa/evoart_ws/install/velodyne_pointcloud/share/ament_index/resource_index/parent_prefix_path/velodyne_pointcloud
[21.656s] -- Installing: /home/mustafa/evoart_ws/install/velodyne_pointcloud/share/velodyne_pointcloud/environment/ament_prefix_path.sh
[21.656s] -- Installing: /home/mustafa/evoart_ws/install/velodyne_pointcloud/share/velodyne_pointcloud/environment/ament_prefix_path.dsv
[21.656s] -- Installing: /home/mustafa/evoart_ws/install/velodyne_pointcloud/share/velodyne_pointcloud/environment/path.sh
[21.656s] -- Installing: /home/mustafa/evoart_ws/install/velodyne_pointcloud/share/velodyne_pointcloud/environment/path.dsv
[21.656s] -- Installing: /home/mustafa/evoart_ws/install/velodyne_pointcloud/share/velodyne_pointcloud/local_setup.bash
[21.657s] -- Installing: /home/mustafa/evoart_ws/install/velodyne_pointcloud/share/velodyne_pointcloud/local_setup.sh
[21.657s] -- Installing: /home/mustafa/evoart_ws/install/velodyne_pointcloud/share/velodyne_pointcloud/local_setup.zsh
[21.657s] -- Installing: /home/mustafa/evoart_ws/install/velodyne_pointcloud/share/velodyne_pointcloud/local_setup.dsv
[21.657s] -- Installing: /home/mustafa/evoart_ws/install/velodyne_pointcloud/share/velodyne_pointcloud/package.dsv
[21.657s] -- Installing: /home/mustafa/evoart_ws/install/velodyne_pointcloud/share/ament_index/resource_index/packages/velodyne_pointcloud
[21.657s] -- Installing: /home/mustafa/evoart_ws/install/velodyne_pointcloud/share/ament_index/resource_index/rclcpp_components/velodyne_pointcloud
[21.657s] -- Installing: /home/mustafa/evoart_ws/install/velodyne_pointcloud/share/velodyne_pointcloud/cmake/velodyne_pointcloudExport.cmake
[21.657s] -- Installing: /home/mustafa/evoart_ws/install/velodyne_pointcloud/share/velodyne_pointcloud/cmake/velodyne_pointcloudExport-noconfig.cmake
[21.658s] -- Installing: /home/mustafa/evoart_ws/install/velodyne_pointcloud/share/velodyne_pointcloud/cmake/ament_cmake_export_include_directories-extras.cmake
[21.658s] -- Installing: /home/mustafa/evoart_ws/install/velodyne_pointcloud/share/velodyne_pointcloud/cmake/ament_cmake_export_dependencies-extras.cmake
[21.658s] -- Installing: /home/mustafa/evoart_ws/install/velodyne_pointcloud/share/velodyne_pointcloud/cmake/ament_cmake_export_libraries-extras.cmake
[21.658s] -- Installing: /home/mustafa/evoart_ws/install/velodyne_pointcloud/share/velodyne_pointcloud/cmake/ament_cmake_export_targets-extras.cmake
[21.658s] -- Installing: /home/mustafa/evoart_ws/install/velodyne_pointcloud/share/velodyne_pointcloud/cmake/velodyne_pointcloudConfig.cmake
[21.658s] -- Installing: /home/mustafa/evoart_ws/install/velodyne_pointcloud/share/velodyne_pointcloud/cmake/velodyne_pointcloudConfig-version.cmake
[21.658s] -- Installing: /home/mustafa/evoart_ws/install/velodyne_pointcloud/share/velodyne_pointcloud/package.xml
[21.660s] Invoked command in '/home/mustafa/evoart_ws/build/velodyne_pointcloud' returned '0': AMENT_PREFIX_PATH=/home/mustafa/evoart_ws/install/velodyne_msgs:${AMENT_PREFIX_PATH} CMAKE_PREFIX_PATH=/home/mustafa/evoart_ws/install/velodyne_msgs:/home/mustafa/evoart_ws/install/evoart_control:/home/mustafa/evoart_ws/install/evoart_interfaces:/opt/ros/humble LD_LIBRARY_PATH=/home/mustafa/evoart_ws/install/velodyne_msgs/lib:${LD_LIBRARY_PATH} PYTHONPATH=/home/mustafa/evoart_ws/install/velodyne_msgs/local/lib/python3.10/dist-packages:${PYTHONPATH} /usr/bin/cmake --install /home/mustafa/evoart_ws/build/velodyne_pointcloud
