[0.014s] Invoking command in '/home/mustafa/evoart_ws/build/evoart_navigation': CMAKE_PREFIX_PATH=${CMAKE_PREFIX_PATH}:/opt/ros/humble /usr/bin/cmake /home/mustafa/evoart_ws/src/evoart_navigation -DCMAKE_INSTALL_PREFIX=/home/mustafa/evoart_ws/install/evoart_navigation
[0.095s] -- The C compiler identification is GNU 11.4.0
[0.152s] -- The CXX compiler identification is GNU 11.4.0
[0.160s] -- Detecting C compiler ABI info
[0.228s] -- Detecting C compiler ABI info - done
[0.234s] -- Check for working C compiler: /usr/bin/cc - skipped
[0.234s] -- Detecting C compile features
[0.235s] -- Detecting C compile features - done
[0.238s] -- Detecting CXX compiler ABI info
[0.317s] -- Detecting CXX compiler ABI info - done
[0.323s] -- Check for working CXX compiler: /usr/bin/c++ - skipped
[0.324s] -- Detecting CXX compile features
[0.324s] -- Detecting CXX compile features - done
[0.328s] -- Found ament_cmake: 1.3.14 (/opt/ros/humble/share/ament_cmake/cmake)
[0.467s] -- Found Python3: /usr/bin/python3 (found version "3.10.12") found components: Interpreter 
[0.627s] -- Configuring done
[0.629s] -- Generating done
[0.630s] -- Build files have been written to: /home/mustafa/evoart_ws/build/evoart_navigation
[0.635s] Invoked command in '/home/mustafa/evoart_ws/build/evoart_navigation' returned '0': CMAKE_PREFIX_PATH=${CMAKE_PREFIX_PATH}:/opt/ros/humble /usr/bin/cmake /home/mustafa/evoart_ws/src/evoart_navigation -DCMAKE_INSTALL_PREFIX=/home/mustafa/evoart_ws/install/evoart_navigation
[0.636s] Invoking command in '/home/mustafa/evoart_ws/build/evoart_navigation': CMAKE_PREFIX_PATH=${CMAKE_PREFIX_PATH}:/opt/ros/humble /usr/bin/cmake --build /home/mustafa/evoart_ws/build/evoart_navigation -- -j32 -l32
[0.674s] Invoked command in '/home/mustafa/evoart_ws/build/evoart_navigation' returned '0': CMAKE_PREFIX_PATH=${CMAKE_PREFIX_PATH}:/opt/ros/humble /usr/bin/cmake --build /home/mustafa/evoart_ws/build/evoart_navigation -- -j32 -l32
[0.676s] Invoking command in '/home/mustafa/evoart_ws/build/evoart_navigation': CMAKE_PREFIX_PATH=${CMAKE_PREFIX_PATH}:/opt/ros/humble /usr/bin/cmake --install /home/mustafa/evoart_ws/build/evoart_navigation
[0.683s] -- Install configuration: ""
[0.683s] -- Installing: /home/mustafa/evoart_ws/install/evoart_navigation/share/evoart_navigation/config
[0.683s] -- Installing: /home/mustafa/evoart_ws/install/evoart_navigation/share/evoart_navigation/config/ekf.yaml
[0.683s] -- Installing: /home/mustafa/evoart_ws/install/evoart_navigation/share/evoart_navigation/config/nav2_params.yaml
[0.683s] -- Installing: /home/mustafa/evoart_ws/install/evoart_navigation/share/evoart_navigation/launch
[0.683s] -- Installing: /home/mustafa/evoart_ws/install/evoart_navigation/share/evoart_navigation/launch/navigation.launch.py
[0.684s] -- Installing: /home/mustafa/evoart_ws/install/evoart_navigation/share/evoart_navigation/maps
[0.684s] -- Installing: /home/mustafa/evoart_ws/install/evoart_navigation/share/ament_index/resource_index/package_run_dependencies/evoart_navigation
[0.684s] -- Installing: /home/mustafa/evoart_ws/install/evoart_navigation/share/ament_index/resource_index/parent_prefix_path/evoart_navigation
[0.684s] -- Installing: /home/mustafa/evoart_ws/install/evoart_navigation/share/evoart_navigation/environment/ament_prefix_path.sh
[0.685s] -- Installing: /home/mustafa/evoart_ws/install/evoart_navigation/share/evoart_navigation/environment/ament_prefix_path.dsv
[0.685s] -- Installing: /home/mustafa/evoart_ws/install/evoart_navigation/share/evoart_navigation/environment/path.sh
[0.685s] -- Installing: /home/mustafa/evoart_ws/install/evoart_navigation/share/evoart_navigation/environment/path.dsv
[0.685s] -- Installing: /home/mustafa/evoart_ws/install/evoart_navigation/share/evoart_navigation/local_setup.bash
[0.685s] -- Installing: /home/mustafa/evoart_ws/install/evoart_navigation/share/evoart_navigation/local_setup.sh
[0.685s] -- Installing: /home/mustafa/evoart_ws/install/evoart_navigation/share/evoart_navigation/local_setup.zsh
[0.686s] -- Installing: /home/mustafa/evoart_ws/install/evoart_navigation/share/evoart_navigation/local_setup.dsv
[0.686s] -- Installing: /home/mustafa/evoart_ws/install/evoart_navigation/share/evoart_navigation/package.dsv
[0.686s] -- Installing: /home/mustafa/evoart_ws/install/evoart_navigation/share/ament_index/resource_index/packages/evoart_navigation
[0.686s] -- Installing: /home/mustafa/evoart_ws/install/evoart_navigation/share/evoart_navigation/cmake/evoart_navigationConfig.cmake
[0.686s] -- Installing: /home/mustafa/evoart_ws/install/evoart_navigation/share/evoart_navigation/cmake/evoart_navigationConfig-version.cmake
[0.686s] -- Installing: /home/mustafa/evoart_ws/install/evoart_navigation/share/evoart_navigation/package.xml
[0.689s] Invoked command in '/home/mustafa/evoart_ws/build/evoart_navigation' returned '0': CMAKE_PREFIX_PATH=${CMAKE_PREFIX_PATH}:/opt/ros/humble /usr/bin/cmake --install /home/mustafa/evoart_ws/build/evoart_navigation
