[0.017s] Invoking command in '/home/mustafa/evoart_ws/build/velodyne_msgs': CMAKE_PREFIX_PATH=${CMAKE_PREFIX_PATH}:/opt/ros/humble /usr/bin/cmake /home/mustafa/evoart_ws/src/velodyne/velodyne_msgs -DCMAKE_INSTALL_PREFIX=/home/mustafa/evoart_ws/install/velodyne_msgs
[0.103s] -- The C compiler identification is GNU 11.4.0
[0.161s] -- The CXX compiler identification is GNU 11.4.0
[0.170s] -- Detecting C compiler ABI info
[0.239s] -- Detecting C compiler ABI info - done
[0.245s] -- Check for working C compiler: /usr/bin/cc - skipped
[0.246s] -- Detecting C compile features
[0.246s] -- Detecting C compile features - done
[0.249s] -- Detecting CXX compiler ABI info
[0.326s] -- Detecting CXX compiler ABI info - done
[0.334s] -- Check for working CXX compiler: /usr/bin/c++ - skipped
[0.334s] -- Detecting CXX compile features
[0.334s] -- Detecting CXX compile features - done
[0.339s] -- Found ament_cmake: 1.3.14 (/opt/ros/humble/share/ament_cmake/cmake)
[0.474s] -- Found Python3: /usr/bin/python3 (found version "3.10.12") found components: Interpreter 
[0.578s] -- Found builtin_interfaces: 1.2.3 (/opt/ros/humble/share/builtin_interfaces/cmake)
[0.623s] -- Found rosidl_generator_c: 3.1.9 (/opt/ros/humble/share/rosidl_generator_c/cmake)
[0.632s] -- Found rosidl_adapter: 3.1.9 (/opt/ros/humble/share/rosidl_adapter/cmake)
[0.645s] -- Found rosidl_generator_cpp: 3.1.9 (/opt/ros/humble/share/rosidl_generator_cpp/cmake)
[0.658s] -- Using all available rosidl_typesupport_c: rosidl_typesupport_fastrtps_c;rosidl_typesupport_introspection_c
[0.676s] -- Using all available rosidl_typesupport_cpp: rosidl_typesupport_fastrtps_cpp;rosidl_typesupport_introspection_cpp
[0.694s] -- Found rosidl_default_generators: 1.2.1 (/opt/ros/humble/share/rosidl_default_generators/cmake)
[0.711s] -- Found std_msgs: 4.9.1 (/opt/ros/humble/share/std_msgs/cmake)
[0.957s] -- Found ament_cmake_cppcheck: 0.12.15 (/opt/ros/humble/share/ament_cmake_cppcheck/cmake)
[0.960s] -- Found ament_cmake_cpplint: 0.12.15 (/opt/ros/humble/share/ament_cmake_cpplint/cmake)
[0.964s] -- Found ament_cmake_uncrustify: 0.12.15 (/opt/ros/humble/share/ament_cmake_uncrustify/cmake)
[0.967s] -- Found ament_cmake_ros: 0.10.0 (/opt/ros/humble/share/ament_cmake_ros/cmake)
[1.288s] -- Using all available rosidl_typesupport_c: rosidl_typesupport_fastrtps_c;rosidl_typesupport_introspection_c
[1.408s] -- Using all available rosidl_typesupport_cpp: rosidl_typesupport_fastrtps_cpp;rosidl_typesupport_introspection_cpp
[1.428s] -- Found PythonInterp: /usr/bin/python3 (found suitable version "3.10.12", minimum required is "3.6") 
[1.431s] -- Found python_cmake_module: 0.10.0 (/opt/ros/humble/share/python_cmake_module/cmake)
[1.451s] -- Found PythonLibs: /usr/lib/x86_64-linux-gnu/libpython3.10.so (found suitable version "3.10.12", minimum required is "3.5") 
[1.451s] -- Using PYTHON_EXECUTABLE: /usr/bin/python3
[1.451s] -- Using PYTHON_INCLUDE_DIRS: /usr/include/python3.10
[1.451s] -- Using PYTHON_LIBRARIES: /usr/lib/x86_64-linux-gnu/libpython3.10.so
[1.467s] -- Found PythonExtra: .so  
[1.503s] -- Found ament_cmake_flake8: 0.12.15 (/opt/ros/humble/share/ament_cmake_flake8/cmake)
[1.505s] -- Found ament_cmake_pep257: 0.12.15 (/opt/ros/humble/share/ament_cmake_pep257/cmake)
[1.562s] -- Found ament_lint_auto: 0.12.15 (/opt/ros/humble/share/ament_lint_auto/cmake)
[1.575s] -- Added test 'copyright' to check source files copyright and LICENSE
[1.576s] -- Added test 'lint_cmake' to check CMake code style
[1.576s] -- Added test 'xmllint' to check XML markup files
[1.578s] -- Configuring done
[1.604s] -- Generating done
[1.613s] -- Build files have been written to: /home/mustafa/evoart_ws/build/velodyne_msgs
[1.623s] Invoked command in '/home/mustafa/evoart_ws/build/velodyne_msgs' returned '0': CMAKE_PREFIX_PATH=${CMAKE_PREFIX_PATH}:/opt/ros/humble /usr/bin/cmake /home/mustafa/evoart_ws/src/velodyne/velodyne_msgs -DCMAKE_INSTALL_PREFIX=/home/mustafa/evoart_ws/install/velodyne_msgs
[1.625s] Invoking command in '/home/mustafa/evoart_ws/build/velodyne_msgs': CMAKE_PREFIX_PATH=${CMAKE_PREFIX_PATH}:/opt/ros/humble /usr/bin/cmake --build /home/mustafa/evoart_ws/build/velodyne_msgs -- -j32 -l32
[1.660s] [  2%] [34m[1mGenerating C code for ROS interfaces[0m
[1.668s] [  5%] [34m[1mGenerating Rust code for ROS interfaces[0m
[1.670s] [  7%] [34m[1mGenerating C++ code for ROS interfaces[0m
[1.677s] [  7%] Built target ament_cmake_python_copy_velodyne_msgs
[1.906s] [  7%] Built target velodyne_msgs__rs
[1.915s] running egg_info
[1.915s] creating velodyne_msgs.egg-info
[1.916s] writing velodyne_msgs.egg-info/PKG-INFO
[1.916s] writing dependency_links to velodyne_msgs.egg-info/dependency_links.txt
[1.916s] writing top-level names to velodyne_msgs.egg-info/top_level.txt
[1.916s] writing manifest file 'velodyne_msgs.egg-info/SOURCES.txt'
[1.917s] reading manifest file 'velodyne_msgs.egg-info/SOURCES.txt'
[1.918s] writing manifest file 'velodyne_msgs.egg-info/SOURCES.txt'
[1.952s] [  7%] Built target ament_cmake_python_build_velodyne_msgs_egg
[1.956s] [  7%] Built target velodyne_msgs__cpp
[1.959s] [ 12%] [32mBuilding C object CMakeFiles/velodyne_msgs__rosidl_generator_c.dir/rosidl_generator_c/velodyne_msgs/msg/detail/velodyne_scan__functions.c.o[0m
[1.960s] [ 12%] [32mBuilding C object CMakeFiles/velodyne_msgs__rosidl_generator_c.dir/rosidl_generator_c/velodyne_msgs/msg/detail/velodyne_packet__functions.c.o[0m
[1.966s] [ 15%] [34m[1mGenerating C++ type support for eProsima Fast-RTPS[0m
[1.967s] [ 20%] [34m[1mGenerating C++ introspection for ROS interfaces[0m
[1.967s] [ 20%] [34m[1mGenerating C++ type support dispatch for ROS interfaces[0m
[2.015s] [ 22%] [32m[1mLinking C shared library libvelodyne_msgs__rosidl_generator_c.so[0m
[2.054s] [ 22%] Built target velodyne_msgs__rosidl_generator_c
[2.065s] [ 27%] [34m[1mGenerating C type support for eProsima Fast-RTPS[0m
[2.065s] [ 27%] [34m[1mGenerating C introspection for ROS interfaces[0m
[2.066s] [ 30%] [34m[1mGenerating C type support dispatch for ROS interfaces[0m
[2.280s] [ 32%] [32mBuilding CXX object CMakeFiles/velodyne_msgs__rosidl_typesupport_cpp.dir/rosidl_typesupport_cpp/velodyne_msgs/msg/velodyne_packet__type_support.cpp.o[0m
[2.281s] [ 35%] [32mBuilding CXX object CMakeFiles/velodyne_msgs__rosidl_typesupport_cpp.dir/rosidl_typesupport_cpp/velodyne_msgs/msg/velodyne_scan__type_support.cpp.o[0m
[2.303s] [ 37%] [32mBuilding CXX object CMakeFiles/velodyne_msgs__rosidl_typesupport_introspection_cpp.dir/rosidl_typesupport_introspection_cpp/velodyne_msgs/msg/detail/velodyne_packet__type_support.cpp.o[0m
[2.304s] [ 40%] [32mBuilding CXX object CMakeFiles/velodyne_msgs__rosidl_typesupport_introspection_cpp.dir/rosidl_typesupport_introspection_cpp/velodyne_msgs/msg/detail/velodyne_scan__type_support.cpp.o[0m
[2.374s] [ 42%] [32mBuilding CXX object CMakeFiles/velodyne_msgs__rosidl_typesupport_fastrtps_cpp.dir/rosidl_typesupport_fastrtps_cpp/velodyne_msgs/msg/detail/dds_fastrtps/velodyne_scan__type_support.cpp.o[0m
[2.375s] [ 45%] [32mBuilding CXX object CMakeFiles/velodyne_msgs__rosidl_typesupport_fastrtps_cpp.dir/rosidl_typesupport_fastrtps_cpp/velodyne_msgs/msg/detail/dds_fastrtps/velodyne_packet__type_support.cpp.o[0m
[2.497s] [ 47%] [32mBuilding CXX object CMakeFiles/velodyne_msgs__rosidl_typesupport_c.dir/rosidl_typesupport_c/velodyne_msgs/msg/velodyne_packet__type_support.cpp.o[0m
[2.498s] [ 50%] [32mBuilding CXX object CMakeFiles/velodyne_msgs__rosidl_typesupport_c.dir/rosidl_typesupport_c/velodyne_msgs/msg/velodyne_scan__type_support.cpp.o[0m
[2.509s] [ 52%] [32mBuilding CXX object CMakeFiles/velodyne_msgs__rosidl_typesupport_fastrtps_c.dir/rosidl_typesupport_fastrtps_c/velodyne_msgs/msg/detail/velodyne_packet__type_support_c.cpp.o[0m
[2.511s] [ 55%] [32mBuilding CXX object CMakeFiles/velodyne_msgs__rosidl_typesupport_fastrtps_c.dir/rosidl_typesupport_fastrtps_c/velodyne_msgs/msg/detail/velodyne_scan__type_support_c.cpp.o[0m
[2.567s] [ 57%] [32m[1mLinking CXX shared library libvelodyne_msgs__rosidl_typesupport_c.so[0m
[2.590s] [ 60%] [32mBuilding C object CMakeFiles/velodyne_msgs__rosidl_typesupport_introspection_c.dir/rosidl_typesupport_introspection_c/velodyne_msgs/msg/detail/velodyne_scan__type_support.c.o[0m
[2.590s] [ 62%] [32mBuilding C object CMakeFiles/velodyne_msgs__rosidl_typesupport_introspection_c.dir/rosidl_typesupport_introspection_c/velodyne_msgs/msg/detail/velodyne_packet__type_support.c.o[0m
[2.674s] [ 62%] Built target velodyne_msgs__rosidl_typesupport_c
[2.700s] [ 65%] [32m[1mLinking C shared library libvelodyne_msgs__rosidl_typesupport_introspection_c.so[0m
[2.762s] [ 67%] [32m[1mLinking CXX shared library libvelodyne_msgs__rosidl_typesupport_cpp.so[0m
[2.782s] [ 67%] Built target velodyne_msgs__rosidl_typesupport_introspection_c
[2.850s] [ 67%] Built target velodyne_msgs__rosidl_typesupport_cpp
[3.038s] [ 70%] [32m[1mLinking CXX shared library libvelodyne_msgs__rosidl_typesupport_introspection_cpp.so[0m
[3.146s] [ 72%] [32m[1mLinking CXX shared library libvelodyne_msgs__rosidl_typesupport_fastrtps_c.so[0m
[3.155s] [ 75%] [32m[1mLinking CXX shared library libvelodyne_msgs__rosidl_typesupport_fastrtps_cpp.so[0m
[3.173s] [ 75%] Built target velodyne_msgs__rosidl_typesupport_introspection_cpp
[3.257s] [ 75%] Built target velodyne_msgs__rosidl_typesupport_fastrtps_cpp
[3.278s] [ 75%] Built target velodyne_msgs__rosidl_typesupport_fastrtps_c
[3.311s] [ 75%] Built target velodyne_msgs
[3.342s] [ 77%] [34m[1mGenerating Python code for ROS interfaces[0m
[3.897s] [ 77%] Built target velodyne_msgs__py
[3.927s] [ 80%] [32mBuilding C object CMakeFiles/velodyne_msgs__rosidl_generator_py.dir/rosidl_generator_py/velodyne_msgs/msg/_velodyne_scan_s.c.o[0m
[3.931s] [ 82%] [32mBuilding C object CMakeFiles/velodyne_msgs__rosidl_generator_py.dir/rosidl_generator_py/velodyne_msgs/msg/_velodyne_packet_s.c.o[0m
[4.128s] [ 85%] [32m[1mLinking C shared library rosidl_generator_py/velodyne_msgs/libvelodyne_msgs__rosidl_generator_py.so[0m
[4.188s] [ 85%] Built target velodyne_msgs__rosidl_generator_py
[4.220s] [ 87%] [32mBuilding C object CMakeFiles/velodyne_msgs__rosidl_typesupport_c__pyext.dir/rosidl_generator_py/velodyne_msgs/_velodyne_msgs_s.ep.rosidl_typesupport_c.c.o[0m
[4.227s] [ 90%] [32mBuilding C object CMakeFiles/velodyne_msgs__rosidl_typesupport_introspection_c__pyext.dir/rosidl_generator_py/velodyne_msgs/_velodyne_msgs_s.ep.rosidl_typesupport_introspection_c.c.o[0m
[4.228s] [ 92%] [32mBuilding C object CMakeFiles/velodyne_msgs__rosidl_typesupport_fastrtps_c__pyext.dir/rosidl_generator_py/velodyne_msgs/_velodyne_msgs_s.ep.rosidl_typesupport_fastrtps_c.c.o[0m
[4.415s] [ 95%] [32m[1mLinking C shared library rosidl_generator_py/velodyne_msgs/velodyne_msgs_s__rosidl_typesupport_c.cpython-310-x86_64-linux-gnu.so[0m
[4.421s] [ 97%] [32m[1mLinking C shared library rosidl_generator_py/velodyne_msgs/velodyne_msgs_s__rosidl_typesupport_introspection_c.cpython-310-x86_64-linux-gnu.so[0m
[4.439s] [100%] [32m[1mLinking C shared library rosidl_generator_py/velodyne_msgs/velodyne_msgs_s__rosidl_typesupport_fastrtps_c.cpython-310-x86_64-linux-gnu.so[0m
[4.492s] [100%] Built target velodyne_msgs__rosidl_typesupport_c__pyext
[4.494s] [100%] Built target velodyne_msgs__rosidl_typesupport_introspection_c__pyext
[4.496s] [100%] Built target velodyne_msgs__rosidl_typesupport_fastrtps_c__pyext
[4.514s] Invoked command in '/home/mustafa/evoart_ws/build/velodyne_msgs' returned '0': CMAKE_PREFIX_PATH=${CMAKE_PREFIX_PATH}:/opt/ros/humble /usr/bin/cmake --build /home/mustafa/evoart_ws/build/velodyne_msgs -- -j32 -l32
[4.516s] Invoking command in '/home/mustafa/evoart_ws/build/velodyne_msgs': CMAKE_PREFIX_PATH=${CMAKE_PREFIX_PATH}:/opt/ros/humble /usr/bin/cmake --install /home/mustafa/evoart_ws/build/velodyne_msgs
[4.528s] -- Install configuration: ""
[4.528s] -- Installing: /home/mustafa/evoart_ws/install/velodyne_msgs/share/ament_index/resource_index/rosidl_interfaces/velodyne_msgs
[4.528s] -- Installing: /home/mustafa/evoart_ws/install/velodyne_msgs/include/velodyne_msgs/velodyne_msgs
[4.529s] -- Installing: /home/mustafa/evoart_ws/install/velodyne_msgs/include/velodyne_msgs/velodyne_msgs/msg
[4.529s] -- Installing: /home/mustafa/evoart_ws/install/velodyne_msgs/include/velodyne_msgs/velodyne_msgs/msg/velodyne_scan.h
[4.529s] -- Installing: /home/mustafa/evoart_ws/install/velodyne_msgs/include/velodyne_msgs/velodyne_msgs/msg/detail
[4.529s] -- Installing: /home/mustafa/evoart_ws/install/velodyne_msgs/include/velodyne_msgs/velodyne_msgs/msg/detail/velodyne_packet__functions.h
[4.530s] -- Installing: /home/mustafa/evoart_ws/install/velodyne_msgs/include/velodyne_msgs/velodyne_msgs/msg/detail/velodyne_scan__functions.h
[4.530s] -- Installing: /home/mustafa/evoart_ws/install/velodyne_msgs/include/velodyne_msgs/velodyne_msgs/msg/detail/velodyne_packet__struct.h
[4.530s] -- Installing: /home/mustafa/evoart_ws/install/velodyne_msgs/include/velodyne_msgs/velodyne_msgs/msg/detail/velodyne_scan__functions.c
[4.531s] -- Installing: /home/mustafa/evoart_ws/install/velodyne_msgs/include/velodyne_msgs/velodyne_msgs/msg/detail/velodyne_packet__type_support.h
[4.531s] -- Installing: /home/mustafa/evoart_ws/install/velodyne_msgs/include/velodyne_msgs/velodyne_msgs/msg/detail/velodyne_packet__functions.c
[4.531s] -- Installing: /home/mustafa/evoart_ws/install/velodyne_msgs/include/velodyne_msgs/velodyne_msgs/msg/detail/velodyne_scan__struct.h
[4.531s] -- Installing: /home/mustafa/evoart_ws/install/velodyne_msgs/include/velodyne_msgs/velodyne_msgs/msg/detail/velodyne_scan__type_support.h
[4.532s] -- Installing: /home/mustafa/evoart_ws/install/velodyne_msgs/include/velodyne_msgs/velodyne_msgs/msg/rosidl_generator_c__visibility_control.h
[4.532s] -- Installing: /home/mustafa/evoart_ws/install/velodyne_msgs/include/velodyne_msgs/velodyne_msgs/msg/velodyne_packet.h
[4.532s] -- Installing: /home/mustafa/evoart_ws/install/velodyne_msgs/share/velodyne_msgs/environment/library_path.sh
[4.533s] -- Installing: /home/mustafa/evoart_ws/install/velodyne_msgs/share/velodyne_msgs/environment/library_path.dsv
[4.533s] -- Installing: /home/mustafa/evoart_ws/install/velodyne_msgs/lib/libvelodyne_msgs__rosidl_generator_c.so
[4.534s] -- Set runtime path of "/home/mustafa/evoart_ws/install/velodyne_msgs/lib/libvelodyne_msgs__rosidl_generator_c.so" to ""
[4.534s] -- Up-to-date: /home/mustafa/evoart_ws/install/velodyne_msgs/include/velodyne_msgs/velodyne_msgs
[4.534s] -- Up-to-date: /home/mustafa/evoart_ws/install/velodyne_msgs/include/velodyne_msgs/velodyne_msgs/msg
[4.534s] -- Up-to-date: /home/mustafa/evoart_ws/install/velodyne_msgs/include/velodyne_msgs/velodyne_msgs/msg/detail
[4.534s] -- Installing: /home/mustafa/evoart_ws/install/velodyne_msgs/include/velodyne_msgs/velodyne_msgs/msg/detail/velodyne_packet__rosidl_typesupport_fastrtps_c.h
[4.535s] -- Installing: /home/mustafa/evoart_ws/install/velodyne_msgs/include/velodyne_msgs/velodyne_msgs/msg/detail/velodyne_scan__rosidl_typesupport_fastrtps_c.h
[4.535s] -- Installing: /home/mustafa/evoart_ws/install/velodyne_msgs/include/velodyne_msgs/velodyne_msgs/msg/rosidl_typesupport_fastrtps_c__visibility_control.h
[4.535s] -- Installing: /home/mustafa/evoart_ws/install/velodyne_msgs/lib/libvelodyne_msgs__rosidl_typesupport_fastrtps_c.so
[4.536s] -- Set runtime path of "/home/mustafa/evoart_ws/install/velodyne_msgs/lib/libvelodyne_msgs__rosidl_typesupport_fastrtps_c.so" to ""
[4.536s] -- Up-to-date: /home/mustafa/evoart_ws/install/velodyne_msgs/include/velodyne_msgs/velodyne_msgs
[4.536s] -- Up-to-date: /home/mustafa/evoart_ws/install/velodyne_msgs/include/velodyne_msgs/velodyne_msgs/msg
[4.536s] -- Up-to-date: /home/mustafa/evoart_ws/install/velodyne_msgs/include/velodyne_msgs/velodyne_msgs/msg/detail
[4.536s] -- Installing: /home/mustafa/evoart_ws/install/velodyne_msgs/include/velodyne_msgs/velodyne_msgs/msg/detail/velodyne_packet__struct.hpp
[4.537s] -- Installing: /home/mustafa/evoart_ws/install/velodyne_msgs/include/velodyne_msgs/velodyne_msgs/msg/detail/velodyne_scan__struct.hpp
[4.537s] -- Installing: /home/mustafa/evoart_ws/install/velodyne_msgs/include/velodyne_msgs/velodyne_msgs/msg/detail/velodyne_scan__type_support.hpp
[4.537s] -- Installing: /home/mustafa/evoart_ws/install/velodyne_msgs/include/velodyne_msgs/velodyne_msgs/msg/detail/velodyne_packet__traits.hpp
[4.537s] -- Installing: /home/mustafa/evoart_ws/install/velodyne_msgs/include/velodyne_msgs/velodyne_msgs/msg/detail/velodyne_packet__builder.hpp
[4.537s] -- Installing: /home/mustafa/evoart_ws/install/velodyne_msgs/include/velodyne_msgs/velodyne_msgs/msg/detail/velodyne_packet__type_support.hpp
[4.537s] -- Installing: /home/mustafa/evoart_ws/install/velodyne_msgs/include/velodyne_msgs/velodyne_msgs/msg/detail/velodyne_scan__traits.hpp
[4.537s] -- Installing: /home/mustafa/evoart_ws/install/velodyne_msgs/include/velodyne_msgs/velodyne_msgs/msg/detail/velodyne_scan__builder.hpp
[4.538s] -- Installing: /home/mustafa/evoart_ws/install/velodyne_msgs/include/velodyne_msgs/velodyne_msgs/msg/velodyne_scan.hpp
[4.538s] -- Installing: /home/mustafa/evoart_ws/install/velodyne_msgs/include/velodyne_msgs/velodyne_msgs/msg/velodyne_packet.hpp
[4.538s] -- Installing: /home/mustafa/evoart_ws/install/velodyne_msgs/include/velodyne_msgs/velodyne_msgs/msg/rosidl_generator_cpp__visibility_control.hpp
[4.538s] -- Up-to-date: /home/mustafa/evoart_ws/install/velodyne_msgs/include/velodyne_msgs/velodyne_msgs
[4.538s] -- Up-to-date: /home/mustafa/evoart_ws/install/velodyne_msgs/include/velodyne_msgs/velodyne_msgs/msg
[4.538s] -- Up-to-date: /home/mustafa/evoart_ws/install/velodyne_msgs/include/velodyne_msgs/velodyne_msgs/msg/detail
[4.538s] -- Installing: /home/mustafa/evoart_ws/install/velodyne_msgs/include/velodyne_msgs/velodyne_msgs/msg/detail/velodyne_scan__rosidl_typesupport_fastrtps_cpp.hpp
[4.538s] -- Installing: /home/mustafa/evoart_ws/install/velodyne_msgs/include/velodyne_msgs/velodyne_msgs/msg/detail/velodyne_packet__rosidl_typesupport_fastrtps_cpp.hpp
[4.539s] -- Installing: /home/mustafa/evoart_ws/install/velodyne_msgs/include/velodyne_msgs/velodyne_msgs/msg/detail/dds_fastrtps
[4.539s] -- Installing: /home/mustafa/evoart_ws/install/velodyne_msgs/include/velodyne_msgs/velodyne_msgs/msg/rosidl_typesupport_fastrtps_cpp__visibility_control.h
[4.539s] -- Installing: /home/mustafa/evoart_ws/install/velodyne_msgs/lib/libvelodyne_msgs__rosidl_typesupport_fastrtps_cpp.so
[4.539s] -- Set runtime path of "/home/mustafa/evoart_ws/install/velodyne_msgs/lib/libvelodyne_msgs__rosidl_typesupport_fastrtps_cpp.so" to ""
[4.540s] -- Up-to-date: /home/mustafa/evoart_ws/install/velodyne_msgs/include/velodyne_msgs/velodyne_msgs
[4.540s] -- Up-to-date: /home/mustafa/evoart_ws/install/velodyne_msgs/include/velodyne_msgs/velodyne_msgs/msg
[4.540s] -- Up-to-date: /home/mustafa/evoart_ws/install/velodyne_msgs/include/velodyne_msgs/velodyne_msgs/msg/detail
[4.540s] -- Installing: /home/mustafa/evoart_ws/install/velodyne_msgs/include/velodyne_msgs/velodyne_msgs/msg/detail/velodyne_scan__rosidl_typesupport_introspection_c.h
[4.540s] -- Installing: /home/mustafa/evoart_ws/install/velodyne_msgs/include/velodyne_msgs/velodyne_msgs/msg/detail/velodyne_scan__type_support.c
[4.540s] -- Installing: /home/mustafa/evoart_ws/install/velodyne_msgs/include/velodyne_msgs/velodyne_msgs/msg/detail/velodyne_packet__type_support.c
[4.540s] -- Installing: /home/mustafa/evoart_ws/install/velodyne_msgs/include/velodyne_msgs/velodyne_msgs/msg/detail/velodyne_packet__rosidl_typesupport_introspection_c.h
[4.540s] -- Installing: /home/mustafa/evoart_ws/install/velodyne_msgs/include/velodyne_msgs/velodyne_msgs/msg/rosidl_typesupport_introspection_c__visibility_control.h
[4.541s] -- Installing: /home/mustafa/evoart_ws/install/velodyne_msgs/lib/libvelodyne_msgs__rosidl_typesupport_introspection_c.so
[4.541s] -- Set runtime path of "/home/mustafa/evoart_ws/install/velodyne_msgs/lib/libvelodyne_msgs__rosidl_typesupport_introspection_c.so" to ""
[4.541s] -- Installing: /home/mustafa/evoart_ws/install/velodyne_msgs/lib/libvelodyne_msgs__rosidl_typesupport_c.so
[4.542s] -- Set runtime path of "/home/mustafa/evoart_ws/install/velodyne_msgs/lib/libvelodyne_msgs__rosidl_typesupport_c.so" to ""
[4.542s] -- Up-to-date: /home/mustafa/evoart_ws/install/velodyne_msgs/include/velodyne_msgs/velodyne_msgs
[4.542s] -- Up-to-date: /home/mustafa/evoart_ws/install/velodyne_msgs/include/velodyne_msgs/velodyne_msgs/msg
[4.542s] -- Up-to-date: /home/mustafa/evoart_ws/install/velodyne_msgs/include/velodyne_msgs/velodyne_msgs/msg/detail
[4.542s] -- Installing: /home/mustafa/evoart_ws/install/velodyne_msgs/include/velodyne_msgs/velodyne_msgs/msg/detail/velodyne_packet__rosidl_typesupport_introspection_cpp.hpp
[4.542s] -- Installing: /home/mustafa/evoart_ws/install/velodyne_msgs/include/velodyne_msgs/velodyne_msgs/msg/detail/velodyne_packet__type_support.cpp
[4.542s] -- Installing: /home/mustafa/evoart_ws/install/velodyne_msgs/include/velodyne_msgs/velodyne_msgs/msg/detail/velodyne_scan__type_support.cpp
[4.542s] -- Installing: /home/mustafa/evoart_ws/install/velodyne_msgs/include/velodyne_msgs/velodyne_msgs/msg/detail/velodyne_scan__rosidl_typesupport_introspection_cpp.hpp
[4.542s] -- Installing: /home/mustafa/evoart_ws/install/velodyne_msgs/lib/libvelodyne_msgs__rosidl_typesupport_introspection_cpp.so
[4.543s] -- Set runtime path of "/home/mustafa/evoart_ws/install/velodyne_msgs/lib/libvelodyne_msgs__rosidl_typesupport_introspection_cpp.so" to ""
[4.543s] -- Installing: /home/mustafa/evoart_ws/install/velodyne_msgs/lib/libvelodyne_msgs__rosidl_typesupport_cpp.so
[4.544s] -- Set runtime path of "/home/mustafa/evoart_ws/install/velodyne_msgs/lib/libvelodyne_msgs__rosidl_typesupport_cpp.so" to ""
[4.544s] -- Installing: /home/mustafa/evoart_ws/install/velodyne_msgs/share/velodyne_msgs/environment/pythonpath.sh
[4.544s] -- Installing: /home/mustafa/evoart_ws/install/velodyne_msgs/share/velodyne_msgs/environment/pythonpath.dsv
[4.544s] -- Installing: /home/mustafa/evoart_ws/install/velodyne_msgs/local/lib/python3.10/dist-packages/velodyne_msgs-2.5.1-py3.10.egg-info
[4.544s] -- Installing: /home/mustafa/evoart_ws/install/velodyne_msgs/local/lib/python3.10/dist-packages/velodyne_msgs-2.5.1-py3.10.egg-info/PKG-INFO
[4.544s] -- Installing: /home/mustafa/evoart_ws/install/velodyne_msgs/local/lib/python3.10/dist-packages/velodyne_msgs-2.5.1-py3.10.egg-info/dependency_links.txt
[4.544s] -- Installing: /home/mustafa/evoart_ws/install/velodyne_msgs/local/lib/python3.10/dist-packages/velodyne_msgs-2.5.1-py3.10.egg-info/SOURCES.txt
[4.545s] -- Installing: /home/mustafa/evoart_ws/install/velodyne_msgs/local/lib/python3.10/dist-packages/velodyne_msgs-2.5.1-py3.10.egg-info/top_level.txt
[4.545s] -- Installing: /home/mustafa/evoart_ws/install/velodyne_msgs/local/lib/python3.10/dist-packages/velodyne_msgs
[4.545s] -- Installing: /home/mustafa/evoart_ws/install/velodyne_msgs/local/lib/python3.10/dist-packages/velodyne_msgs/msg
[4.545s] -- Installing: /home/mustafa/evoart_ws/install/velodyne_msgs/local/lib/python3.10/dist-packages/velodyne_msgs/msg/_velodyne_packet_s.c
[4.545s] -- Installing: /home/mustafa/evoart_ws/install/velodyne_msgs/local/lib/python3.10/dist-packages/velodyne_msgs/msg/__init__.py
[4.545s] -- Installing: /home/mustafa/evoart_ws/install/velodyne_msgs/local/lib/python3.10/dist-packages/velodyne_msgs/msg/_velodyne_packet.py
[4.546s] -- Installing: /home/mustafa/evoart_ws/install/velodyne_msgs/local/lib/python3.10/dist-packages/velodyne_msgs/msg/_velodyne_scan.py
[4.546s] -- Installing: /home/mustafa/evoart_ws/install/velodyne_msgs/local/lib/python3.10/dist-packages/velodyne_msgs/msg/_velodyne_scan_s.c
[4.546s] -- Installing: /home/mustafa/evoart_ws/install/velodyne_msgs/local/lib/python3.10/dist-packages/velodyne_msgs/_velodyne_msgs_s.ep.rosidl_typesupport_introspection_c.c
[4.546s] -- Installing: /home/mustafa/evoart_ws/install/velodyne_msgs/local/lib/python3.10/dist-packages/velodyne_msgs/velodyne_msgs_s__rosidl_typesupport_c.cpython-310-x86_64-linux-gnu.so
[4.546s] -- Installing: /home/mustafa/evoart_ws/install/velodyne_msgs/local/lib/python3.10/dist-packages/velodyne_msgs/__init__.py
[4.546s] -- Installing: /home/mustafa/evoart_ws/install/velodyne_msgs/local/lib/python3.10/dist-packages/velodyne_msgs/_velodyne_msgs_s.ep.rosidl_typesupport_fastrtps_c.c
[4.547s] -- Installing: /home/mustafa/evoart_ws/install/velodyne_msgs/local/lib/python3.10/dist-packages/velodyne_msgs/libvelodyne_msgs__rosidl_generator_py.so
[4.547s] -- Installing: /home/mustafa/evoart_ws/install/velodyne_msgs/local/lib/python3.10/dist-packages/velodyne_msgs/velodyne_msgs_s__rosidl_typesupport_fastrtps_c.cpython-310-x86_64-linux-gnu.so
[4.547s] -- Installing: /home/mustafa/evoart_ws/install/velodyne_msgs/local/lib/python3.10/dist-packages/velodyne_msgs/velodyne_msgs_s__rosidl_typesupport_introspection_c.cpython-310-x86_64-linux-gnu.so
[4.547s] -- Installing: /home/mustafa/evoart_ws/install/velodyne_msgs/local/lib/python3.10/dist-packages/velodyne_msgs/_velodyne_msgs_s.ep.rosidl_typesupport_c.c
[4.597s] Listing '/home/mustafa/evoart_ws/install/velodyne_msgs/local/lib/python3.10/dist-packages/velodyne_msgs'...
[4.598s] Compiling '/home/mustafa/evoart_ws/install/velodyne_msgs/local/lib/python3.10/dist-packages/velodyne_msgs/__init__.py'...
[4.598s] Listing '/home/mustafa/evoart_ws/install/velodyne_msgs/local/lib/python3.10/dist-packages/velodyne_msgs/msg'...
[4.598s] Compiling '/home/mustafa/evoart_ws/install/velodyne_msgs/local/lib/python3.10/dist-packages/velodyne_msgs/msg/__init__.py'...
[4.598s] Compiling '/home/mustafa/evoart_ws/install/velodyne_msgs/local/lib/python3.10/dist-packages/velodyne_msgs/msg/_velodyne_packet.py'...
[4.598s] Compiling '/home/mustafa/evoart_ws/install/velodyne_msgs/local/lib/python3.10/dist-packages/velodyne_msgs/msg/_velodyne_scan.py'...
[4.605s] -- Installing: /home/mustafa/evoart_ws/install/velodyne_msgs/local/lib/python3.10/dist-packages/velodyne_msgs/velodyne_msgs_s__rosidl_typesupport_fastrtps_c.cpython-310-x86_64-linux-gnu.so
[4.605s] -- Set runtime path of "/home/mustafa/evoart_ws/install/velodyne_msgs/local/lib/python3.10/dist-packages/velodyne_msgs/velodyne_msgs_s__rosidl_typesupport_fastrtps_c.cpython-310-x86_64-linux-gnu.so" to ""
[4.606s] -- Installing: /home/mustafa/evoart_ws/install/velodyne_msgs/local/lib/python3.10/dist-packages/velodyne_msgs/velodyne_msgs_s__rosidl_typesupport_introspection_c.cpython-310-x86_64-linux-gnu.so
[4.606s] -- Set runtime path of "/home/mustafa/evoart_ws/install/velodyne_msgs/local/lib/python3.10/dist-packages/velodyne_msgs/velodyne_msgs_s__rosidl_typesupport_introspection_c.cpython-310-x86_64-linux-gnu.so" to ""
[4.606s] -- Installing: /home/mustafa/evoart_ws/install/velodyne_msgs/local/lib/python3.10/dist-packages/velodyne_msgs/velodyne_msgs_s__rosidl_typesupport_c.cpython-310-x86_64-linux-gnu.so
[4.607s] -- Set runtime path of "/home/mustafa/evoart_ws/install/velodyne_msgs/local/lib/python3.10/dist-packages/velodyne_msgs/velodyne_msgs_s__rosidl_typesupport_c.cpython-310-x86_64-linux-gnu.so" to ""
[4.607s] -- Installing: /home/mustafa/evoart_ws/install/velodyne_msgs/lib/libvelodyne_msgs__rosidl_generator_py.so
[4.608s] -- Set runtime path of "/home/mustafa/evoart_ws/install/velodyne_msgs/lib/libvelodyne_msgs__rosidl_generator_py.so" to ""
[4.608s] -- Installing: /home/mustafa/evoart_ws/install/velodyne_msgs/share/ament_index/resource_index/rust_packages/velodyne_msgs
[4.608s] -- Installing: /home/mustafa/evoart_ws/install/velodyne_msgs/share/velodyne_msgs/rust
[4.608s] -- Installing: /home/mustafa/evoart_ws/install/velodyne_msgs/share/velodyne_msgs/rust/src
[4.609s] -- Installing: /home/mustafa/evoart_ws/install/velodyne_msgs/share/velodyne_msgs/rust/src/lib.rs
[4.609s] -- Installing: /home/mustafa/evoart_ws/install/velodyne_msgs/share/velodyne_msgs/rust/src/msg
[4.609s] -- Installing: /home/mustafa/evoart_ws/install/velodyne_msgs/share/velodyne_msgs/rust/src/msg/rmw.rs
[4.609s] -- Installing: /home/mustafa/evoart_ws/install/velodyne_msgs/share/velodyne_msgs/rust/src/msg.rs
[4.609s] -- Installing: /home/mustafa/evoart_ws/install/velodyne_msgs/share/velodyne_msgs/rust/build.rs
[4.609s] -- Installing: /home/mustafa/evoart_ws/install/velodyne_msgs/share/velodyne_msgs/rust/Cargo.toml
[4.610s] -- Installing: /home/mustafa/evoart_ws/install/velodyne_msgs/share/velodyne_msgs/msg/VelodynePacket.idl
[4.610s] -- Installing: /home/mustafa/evoart_ws/install/velodyne_msgs/share/velodyne_msgs/msg/VelodyneScan.idl
[4.610s] -- Installing: /home/mustafa/evoart_ws/install/velodyne_msgs/share/velodyne_msgs/msg/VelodynePacket.msg
[4.610s] -- Installing: /home/mustafa/evoart_ws/install/velodyne_msgs/share/velodyne_msgs/msg/VelodyneScan.msg
[4.611s] -- Installing: /home/mustafa/evoart_ws/install/velodyne_msgs/share/ament_index/resource_index/package_run_dependencies/velodyne_msgs
[4.611s] -- Installing: /home/mustafa/evoart_ws/install/velodyne_msgs/share/ament_index/resource_index/parent_prefix_path/velodyne_msgs
[4.611s] -- Installing: /home/mustafa/evoart_ws/install/velodyne_msgs/share/velodyne_msgs/environment/ament_prefix_path.sh
[4.611s] -- Installing: /home/mustafa/evoart_ws/install/velodyne_msgs/share/velodyne_msgs/environment/ament_prefix_path.dsv
[4.612s] -- Installing: /home/mustafa/evoart_ws/install/velodyne_msgs/share/velodyne_msgs/environment/path.sh
[4.612s] -- Installing: /home/mustafa/evoart_ws/install/velodyne_msgs/share/velodyne_msgs/environment/path.dsv
[4.612s] -- Installing: /home/mustafa/evoart_ws/install/velodyne_msgs/share/velodyne_msgs/local_setup.bash
[4.612s] -- Installing: /home/mustafa/evoart_ws/install/velodyne_msgs/share/velodyne_msgs/local_setup.sh
[4.612s] -- Installing: /home/mustafa/evoart_ws/install/velodyne_msgs/share/velodyne_msgs/local_setup.zsh
[4.613s] -- Installing: /home/mustafa/evoart_ws/install/velodyne_msgs/share/velodyne_msgs/local_setup.dsv
[4.613s] -- Installing: /home/mustafa/evoart_ws/install/velodyne_msgs/share/velodyne_msgs/package.dsv
[4.613s] -- Installing: /home/mustafa/evoart_ws/install/velodyne_msgs/share/ament_index/resource_index/packages/velodyne_msgs
[4.613s] -- Installing: /home/mustafa/evoart_ws/install/velodyne_msgs/share/velodyne_msgs/cmake/export_velodyne_msgs__rosidl_generator_cExport.cmake
[4.614s] -- Installing: /home/mustafa/evoart_ws/install/velodyne_msgs/share/velodyne_msgs/cmake/export_velodyne_msgs__rosidl_generator_cExport-noconfig.cmake
[4.614s] -- Installing: /home/mustafa/evoart_ws/install/velodyne_msgs/share/velodyne_msgs/cmake/export_velodyne_msgs__rosidl_typesupport_fastrtps_cExport.cmake
[4.614s] -- Installing: /home/mustafa/evoart_ws/install/velodyne_msgs/share/velodyne_msgs/cmake/export_velodyne_msgs__rosidl_typesupport_fastrtps_cExport-noconfig.cmake
[4.615s] -- Installing: /home/mustafa/evoart_ws/install/velodyne_msgs/share/velodyne_msgs/cmake/export_velodyne_msgs__rosidl_generator_cppExport.cmake
[4.615s] -- Installing: /home/mustafa/evoart_ws/install/velodyne_msgs/share/velodyne_msgs/cmake/export_velodyne_msgs__rosidl_typesupport_fastrtps_cppExport.cmake
[4.615s] -- Installing: /home/mustafa/evoart_ws/install/velodyne_msgs/share/velodyne_msgs/cmake/export_velodyne_msgs__rosidl_typesupport_fastrtps_cppExport-noconfig.cmake
[4.616s] -- Installing: /home/mustafa/evoart_ws/install/velodyne_msgs/share/velodyne_msgs/cmake/velodyne_msgs__rosidl_typesupport_introspection_cExport.cmake
[4.616s] -- Installing: /home/mustafa/evoart_ws/install/velodyne_msgs/share/velodyne_msgs/cmake/velodyne_msgs__rosidl_typesupport_introspection_cExport-noconfig.cmake
[4.616s] -- Installing: /home/mustafa/evoart_ws/install/velodyne_msgs/share/velodyne_msgs/cmake/velodyne_msgs__rosidl_typesupport_cExport.cmake
[4.616s] -- Installing: /home/mustafa/evoart_ws/install/velodyne_msgs/share/velodyne_msgs/cmake/velodyne_msgs__rosidl_typesupport_cExport-noconfig.cmake
[4.617s] -- Installing: /home/mustafa/evoart_ws/install/velodyne_msgs/share/velodyne_msgs/cmake/velodyne_msgs__rosidl_typesupport_introspection_cppExport.cmake
[4.617s] -- Installing: /home/mustafa/evoart_ws/install/velodyne_msgs/share/velodyne_msgs/cmake/velodyne_msgs__rosidl_typesupport_introspection_cppExport-noconfig.cmake
[4.617s] -- Installing: /home/mustafa/evoart_ws/install/velodyne_msgs/share/velodyne_msgs/cmake/velodyne_msgs__rosidl_typesupport_cppExport.cmake
[4.618s] -- Installing: /home/mustafa/evoart_ws/install/velodyne_msgs/share/velodyne_msgs/cmake/velodyne_msgs__rosidl_typesupport_cppExport-noconfig.cmake
[4.618s] -- Installing: /home/mustafa/evoart_ws/install/velodyne_msgs/share/velodyne_msgs/cmake/export_velodyne_msgs__rosidl_generator_pyExport.cmake
[4.618s] -- Installing: /home/mustafa/evoart_ws/install/velodyne_msgs/share/velodyne_msgs/cmake/export_velodyne_msgs__rosidl_generator_pyExport-noconfig.cmake
[4.618s] -- Installing: /home/mustafa/evoart_ws/install/velodyne_msgs/share/velodyne_msgs/cmake/rosidl_cmake-extras.cmake
[4.619s] -- Installing: /home/mustafa/evoart_ws/install/velodyne_msgs/share/velodyne_msgs/cmake/ament_cmake_export_dependencies-extras.cmake
[4.619s] -- Installing: /home/mustafa/evoart_ws/install/velodyne_msgs/share/velodyne_msgs/cmake/ament_cmake_export_include_directories-extras.cmake
[4.619s] -- Installing: /home/mustafa/evoart_ws/install/velodyne_msgs/share/velodyne_msgs/cmake/ament_cmake_export_libraries-extras.cmake
[4.619s] -- Installing: /home/mustafa/evoart_ws/install/velodyne_msgs/share/velodyne_msgs/cmake/ament_cmake_export_targets-extras.cmake
[4.620s] -- Installing: /home/mustafa/evoart_ws/install/velodyne_msgs/share/velodyne_msgs/cmake/rosidl_cmake_export_typesupport_targets-extras.cmake
[4.620s] -- Installing: /home/mustafa/evoart_ws/install/velodyne_msgs/share/velodyne_msgs/cmake/rosidl_cmake_export_typesupport_libraries-extras.cmake
[4.620s] -- Installing: /home/mustafa/evoart_ws/install/velodyne_msgs/share/velodyne_msgs/cmake/rosidl_cmake_aggregate_target-extras.cmake
[4.620s] -- Installing: /home/mustafa/evoart_ws/install/velodyne_msgs/share/velodyne_msgs/cmake/velodyne_msgsConfig.cmake
[4.620s] -- Installing: /home/mustafa/evoart_ws/install/velodyne_msgs/share/velodyne_msgs/cmake/velodyne_msgsConfig-version.cmake
[4.621s] -- Installing: /home/mustafa/evoart_ws/install/velodyne_msgs/share/velodyne_msgs/package.xml
[4.626s] Invoked command in '/home/mustafa/evoart_ws/build/velodyne_msgs' returned '0': CMAKE_PREFIX_PATH=${CMAKE_PREFIX_PATH}:/opt/ros/humble /usr/bin/cmake --install /home/mustafa/evoart_ws/build/velodyne_msgs
