-- The C compiler identification is GNU 11.4.0
-- The CXX compiler identification is GNU 11.4.0
-- Detecting C compiler ABI info
-- Detecting C compiler ABI info - done
-- Check for working C compiler: /usr/bin/cc - skipped
-- Detecting C compile features
-- Detecting C compile features - done
-- Detecting CXX compiler ABI info
-- Detecting CXX compiler ABI info - done
-- Check for working CXX compiler: /usr/bin/c++ - skipped
-- Detecting CXX compile features
-- Detecting CXX compile features - done
-- Found ament_cmake: 1.3.14 (/opt/ros/humble/share/ament_cmake/cmake)
-- Found Python3: /usr/bin/python3 (found version "3.10.12") found components: Interpreter 
-- Found rclcpp: 16.0.19 (/opt/ros/humble/share/rclcpp/cmake)
-- Found rosidl_generator_c: 3.1.9 (/opt/ros/humble/share/rosidl_generator_c/cmake)
-- Found rosidl_adapter: 3.1.9 (/opt/ros/humble/share/rosidl_adapter/cmake)
-- Found rosidl_generator_cpp: 3.1.9 (/opt/ros/humble/share/rosidl_generator_cpp/cmake)
-- Using all available rosidl_typesupport_c: rosidl_typesupport_fastrtps_c;rosidl_typesupport_introspection_c
-- Using all available rosidl_typesupport_cpp: rosidl_typesupport_fastrtps_cpp;rosidl_typesupport_introspection_cpp
-- Found rmw_implementation_cmake: 6.1.2 (/opt/ros/humble/share/rmw_implementation_cmake/cmake)
-- Found rmw_fastrtps_cpp: 6.2.10 (/opt/ros/humble/share/rmw_fastrtps_cpp/cmake)
-- Found OpenSSL: /usr/lib/x86_64-linux-gnu/libcrypto.so (found version "3.0.2")  
-- Found FastRTPS: /opt/ros/humble/include  
-- Using RMW implementation 'rmw_fastrtps_cpp' as default
-- Looking for pthread.h
-- Looking for pthread.h - found
-- Performing Test CMAKE_HAVE_LIBC_PTHREAD
-- Performing Test CMAKE_HAVE_LIBC_PTHREAD - Success
-- Found Threads: TRUE  
-- Found nav2_msgs: 1.1.20 (/opt/ros/humble/share/nav2_msgs/cmake)
-- Found evoart_interfaces: 0.0.0 (/home/mustafa/evoart_ws/install/evoart_interfaces/share/evoart_interfaces/cmake)
-- Found tf2: 0.25.20 (/opt/ros/humble/share/tf2/cmake)
-- Found tf2_geometry_msgs: 0.25.20 (/opt/ros/humble/share/tf2_geometry_msgs/cmake)
-- Found eigen3_cmake_module: 0.1.1 (/opt/ros/humble/share/eigen3_cmake_module/cmake)
-- Found Eigen3: TRUE (found version "3.4.0") 
-- Ensuring Eigen3 include directory is part of orocos-kdl CMake target
-- Configuring done
-- Generating done
-- Build files have been written to: /home/mustafa/evoart_ws/build/evoart_behavior
[ 25%] [32mBuilding CXX object CMakeFiles/bt_engine.dir/src/bt_engine.cpp.o[0m
[ 50%] [32mBuilding CXX object CMakeFiles/bt_engine.dir/src/navigate_to_pose_action.cpp.o[0m
[ 75%] [32mBuilding CXX object CMakeFiles/bt_engine.dir/src/check_traffic_light_condition.cpp.o[0m
[100%] [32m[1mLinking CXX executable bt_engine[0m
[100%] Built target bt_engine
-- Install configuration: ""
-- Installing: /home/mustafa/evoart_ws/install/evoart_behavior/lib/evoart_behavior/bt_engine
-- Set runtime path of "/home/mustafa/evoart_ws/install/evoart_behavior/lib/evoart_behavior/bt_engine" to ""
-- Installing: /home/mustafa/evoart_ws/install/evoart_behavior/share/evoart_behavior/bt_xml
-- Installing: /home/mustafa/evoart_ws/install/evoart_behavior/share/evoart_behavior/bt_xml/robotaksi_tree.xml
-- Installing: /home/mustafa/evoart_ws/install/evoart_behavior/share/evoart_behavior/launch
-- Installing: /home/mustafa/evoart_ws/install/evoart_behavior/share/ament_index/resource_index/package_run_dependencies/evoart_behavior
-- Installing: /home/mustafa/evoart_ws/install/evoart_behavior/share/ament_index/resource_index/parent_prefix_path/evoart_behavior
-- Installing: /home/mustafa/evoart_ws/install/evoart_behavior/share/evoart_behavior/environment/ament_prefix_path.sh
-- Installing: /home/mustafa/evoart_ws/install/evoart_behavior/share/evoart_behavior/environment/ament_prefix_path.dsv
-- Installing: /home/mustafa/evoart_ws/install/evoart_behavior/share/evoart_behavior/environment/path.sh
-- Installing: /home/mustafa/evoart_ws/install/evoart_behavior/share/evoart_behavior/environment/path.dsv
-- Installing: /home/mustafa/evoart_ws/install/evoart_behavior/share/evoart_behavior/local_setup.bash
-- Installing: /home/mustafa/evoart_ws/install/evoart_behavior/share/evoart_behavior/local_setup.sh
-- Installing: /home/mustafa/evoart_ws/install/evoart_behavior/share/evoart_behavior/local_setup.zsh
-- Installing: /home/mustafa/evoart_ws/install/evoart_behavior/share/evoart_behavior/local_setup.dsv
-- Installing: /home/mustafa/evoart_ws/install/evoart_behavior/share/evoart_behavior/package.dsv
-- Installing: /home/mustafa/evoart_ws/install/evoart_behavior/share/ament_index/resource_index/packages/evoart_behavior
-- Installing: /home/mustafa/evoart_ws/install/evoart_behavior/share/evoart_behavior/cmake/evoart_behaviorConfig.cmake
-- Installing: /home/mustafa/evoart_ws/install/evoart_behavior/share/evoart_behavior/cmake/evoart_behaviorConfig-version.cmake
-- Installing: /home/mustafa/evoart_ws/install/evoart_behavior/share/evoart_behavior/package.xml
