[0.014s] Invoking command in '/home/mustafa/evoart_ws/build/evoart_behavior': CMAKE_PREFIX_PATH=/home/mustafa/evoart_ws/install/evoart_interfaces:/home/mustafa/evoart_ws/install/evoart_control:/opt/ros/humble /usr/bin/cmake /home/mustafa/evoart_ws/src/evoart_behavior -DCMAKE_INSTALL_PREFIX=/home/mustafa/evoart_ws/install/evoart_behavior
[0.068s] -- The C compiler identification is GNU 11.4.0
[0.125s] -- The CXX compiler identification is GNU 11.4.0
[0.131s] -- Detecting C compiler ABI info
[0.200s] -- Detecting C compiler ABI info - done
[0.210s] -- Check for working C compiler: /usr/bin/cc - skipped
[0.210s] -- Detecting C compile features
[0.211s] -- Detecting C compile features - done
[0.213s] -- Detecting CXX compiler ABI info
[0.291s] -- Detecting CXX compiler ABI info - done
[0.298s] -- Check for working CXX compiler: /usr/bin/c++ - skipped
[0.298s] -- Detecting CXX compile features
[0.299s] -- Detecting CXX compile features - done
[0.303s] -- Found ament_cmake: 1.3.14 (/opt/ros/humble/share/ament_cmake/cmake)
[0.434s] -- Found Python3: /usr/bin/python3 (found version "3.10.12") found components: Interpreter 
[0.519s] -- Found rclcpp: 16.0.19 (/opt/ros/humble/share/rclcpp/cmake)
[0.564s] -- Found rosidl_generator_c: 3.1.9 (/opt/ros/humble/share/rosidl_generator_c/cmake)
[0.569s] -- Found rosidl_adapter: 3.1.9 (/opt/ros/humble/share/rosidl_adapter/cmake)
[0.577s] -- Found rosidl_generator_cpp: 3.1.9 (/opt/ros/humble/share/rosidl_generator_cpp/cmake)
[0.588s] -- Using all available rosidl_typesupport_c: rosidl_typesupport_fastrtps_c;rosidl_typesupport_introspection_c
[0.602s] -- Using all available rosidl_typesupport_cpp: rosidl_typesupport_fastrtps_cpp;rosidl_typesupport_introspection_cpp
[0.647s] -- Found rmw_implementation_cmake: 6.1.2 (/opt/ros/humble/share/rmw_implementation_cmake/cmake)
[0.650s] -- Found rmw_fastrtps_cpp: 6.2.10 (/opt/ros/humble/share/rmw_fastrtps_cpp/cmake)
[0.745s] -- Found OpenSSL: /usr/lib/x86_64-linux-gnu/libcrypto.so (found version "3.0.2")  
[0.774s] -- Found FastRTPS: /opt/ros/humble/include  
[0.825s] -- Using RMW implementation 'rmw_fastrtps_cpp' as default
[0.834s] -- Looking for pthread.h
[0.902s] -- Looking for pthread.h - found
[0.902s] -- Performing Test CMAKE_HAVE_LIBC_PTHREAD
[0.967s] -- Performing Test CMAKE_HAVE_LIBC_PTHREAD - Success
[0.968s] -- Found Threads: TRUE  
[1.018s] -- Found nav2_msgs: 1.1.20 (/opt/ros/humble/share/nav2_msgs/cmake)
[1.083s] -- Found evoart_interfaces: 0.0.0 (/home/mustafa/evoart_ws/install/evoart_interfaces/share/evoart_interfaces/cmake)
[1.091s] -- Found tf2: 0.25.20 (/opt/ros/humble/share/tf2/cmake)
[1.102s] -- Found tf2_geometry_msgs: 0.25.20 (/opt/ros/humble/share/tf2_geometry_msgs/cmake)
[1.120s] -- Found eigen3_cmake_module: 0.1.1 (/opt/ros/humble/share/eigen3_cmake_module/cmake)
[1.121s] -- Found Eigen3: TRUE (found version "3.4.0") 
[1.122s] -- Ensuring Eigen3 include directory is part of orocos-kdl CMake target
[1.234s] -- Configuring done
[1.249s] -- Generating done
[1.252s] -- Build files have been written to: /home/mustafa/evoart_ws/build/evoart_behavior
[1.264s] Invoked command in '/home/mustafa/evoart_ws/build/evoart_behavior' returned '0': CMAKE_PREFIX_PATH=/home/mustafa/evoart_ws/install/evoart_interfaces:/home/mustafa/evoart_ws/install/evoart_control:/opt/ros/humble /usr/bin/cmake /home/mustafa/evoart_ws/src/evoart_behavior -DCMAKE_INSTALL_PREFIX=/home/mustafa/evoart_ws/install/evoart_behavior
[1.266s] Invoking command in '/home/mustafa/evoart_ws/build/evoart_behavior': CMAKE_PREFIX_PATH=/home/mustafa/evoart_ws/install/evoart_interfaces:/home/mustafa/evoart_ws/install/evoart_control:/opt/ros/humble /usr/bin/cmake --build /home/mustafa/evoart_ws/build/evoart_behavior -- -j32 -l32
[1.316s] [ 25%] [32mBuilding CXX object CMakeFiles/bt_engine.dir/src/bt_engine.cpp.o[0m
[1.316s] [ 50%] [32mBuilding CXX object CMakeFiles/bt_engine.dir/src/navigate_to_pose_action.cpp.o[0m
[1.316s] [ 75%] [32mBuilding CXX object CMakeFiles/bt_engine.dir/src/check_traffic_light_condition.cpp.o[0m
[11.783s] [100%] [32m[1mLinking CXX executable bt_engine[0m
[12.588s] [100%] Built target bt_engine
[12.604s] Invoked command in '/home/mustafa/evoart_ws/build/evoart_behavior' returned '0': CMAKE_PREFIX_PATH=/home/mustafa/evoart_ws/install/evoart_interfaces:/home/mustafa/evoart_ws/install/evoart_control:/opt/ros/humble /usr/bin/cmake --build /home/mustafa/evoart_ws/build/evoart_behavior -- -j32 -l32
[12.606s] Invoking command in '/home/mustafa/evoart_ws/build/evoart_behavior': CMAKE_PREFIX_PATH=/home/mustafa/evoart_ws/install/evoart_interfaces:/home/mustafa/evoart_ws/install/evoart_control:/opt/ros/humble /usr/bin/cmake --install /home/mustafa/evoart_ws/build/evoart_behavior
[12.616s] -- Install configuration: ""
[12.616s] -- Installing: /home/mustafa/evoart_ws/install/evoart_behavior/lib/evoart_behavior/bt_engine
[12.625s] -- Set runtime path of "/home/mustafa/evoart_ws/install/evoart_behavior/lib/evoart_behavior/bt_engine" to ""
[12.625s] -- Installing: /home/mustafa/evoart_ws/install/evoart_behavior/share/evoart_behavior/bt_xml
[12.625s] -- Installing: /home/mustafa/evoart_ws/install/evoart_behavior/share/evoart_behavior/bt_xml/robotaksi_tree.xml
[12.626s] -- Installing: /home/mustafa/evoart_ws/install/evoart_behavior/share/evoart_behavior/launch
[12.626s] -- Installing: /home/mustafa/evoart_ws/install/evoart_behavior/share/ament_index/resource_index/package_run_dependencies/evoart_behavior
[12.627s] -- Installing: /home/mustafa/evoart_ws/install/evoart_behavior/share/ament_index/resource_index/parent_prefix_path/evoart_behavior
[12.627s] -- Installing: /home/mustafa/evoart_ws/install/evoart_behavior/share/evoart_behavior/environment/ament_prefix_path.sh
[12.627s] -- Installing: /home/mustafa/evoart_ws/install/evoart_behavior/share/evoart_behavior/environment/ament_prefix_path.dsv
[12.627s] -- Installing: /home/mustafa/evoart_ws/install/evoart_behavior/share/evoart_behavior/environment/path.sh
[12.628s] -- Installing: /home/mustafa/evoart_ws/install/evoart_behavior/share/evoart_behavior/environment/path.dsv
[12.628s] -- Installing: /home/mustafa/evoart_ws/install/evoart_behavior/share/evoart_behavior/local_setup.bash
[12.628s] -- Installing: /home/mustafa/evoart_ws/install/evoart_behavior/share/evoart_behavior/local_setup.sh
[12.628s] -- Installing: /home/mustafa/evoart_ws/install/evoart_behavior/share/evoart_behavior/local_setup.zsh
[12.628s] -- Installing: /home/mustafa/evoart_ws/install/evoart_behavior/share/evoart_behavior/local_setup.dsv
[12.628s] -- Installing: /home/mustafa/evoart_ws/install/evoart_behavior/share/evoart_behavior/package.dsv
[12.629s] -- Installing: /home/mustafa/evoart_ws/install/evoart_behavior/share/ament_index/resource_index/packages/evoart_behavior
[12.629s] -- Installing: /home/mustafa/evoart_ws/install/evoart_behavior/share/evoart_behavior/cmake/evoart_behaviorConfig.cmake
[12.629s] -- Installing: /home/mustafa/evoart_ws/install/evoart_behavior/share/evoart_behavior/cmake/evoart_behaviorConfig-version.cmake
[12.629s] -- Installing: /home/mustafa/evoart_ws/install/evoart_behavior/share/evoart_behavior/package.xml
[12.632s] Invoked command in '/home/mustafa/evoart_ws/build/evoart_behavior' returned '0': CMAKE_PREFIX_PATH=/home/mustafa/evoart_ws/install/evoart_interfaces:/home/mustafa/evoart_ws/install/evoart_control:/opt/ros/humble /usr/bin/cmake --install /home/mustafa/evoart_ws/build/evoart_behavior
