[0.011s] Invoking command in '/home/mustafa/evoart_ws/build/evoart_control': CMAKE_PREFIX_PATH=/home/mustafa/evoart_ws/install/evoart_interfaces:/home/mustafa/evoart_ws/install/evoart_control:/opt/ros/humble /usr/bin/cmake --build /home/mustafa/evoart_ws/build/evoart_control -- -j32 -l32
[0.030s] -- Found ament_cmake: 1.3.14 (/opt/ros/humble/share/ament_cmake/cmake)
[0.118s] -- Found rclcpp: 16.0.19 (/opt/ros/humble/share/rclcpp/cmake)
[0.142s] -- Found rosidl_generator_c: 3.1.9 (/opt/ros/humble/share/rosidl_generator_c/cmake)
[0.143s] -- Found rosidl_adapter: 3.1.9 (/opt/ros/humble/share/rosidl_adapter/cmake)
[0.147s] -- Found rosidl_generator_cpp: 3.1.9 (/opt/ros/humble/share/rosidl_generator_cpp/cmake)
[0.152s] -- Using all available rosidl_typesupport_c: rosidl_typesupport_fastrtps_c;rosidl_typesupport_introspection_c
[0.169s] -- Using all available rosidl_typesupport_cpp: rosidl_typesupport_fastrtps_cpp;rosidl_typesupport_introspection_cpp
[0.193s] -- Found rmw_implementation_cmake: 6.1.2 (/opt/ros/humble/share/rmw_implementation_cmake/cmake)
[0.194s] -- Found rmw_fastrtps_cpp: 6.2.10 (/opt/ros/humble/share/rmw_fastrtps_cpp/cmake)
[0.276s] -- Using RMW implementation 'rmw_fastrtps_cpp' as default
[0.303s] -- Found geometry_msgs: 4.9.1 (/opt/ros/humble/share/geometry_msgs/cmake)
[0.310s] -- Found evoart_interfaces: 0.0.0 (/home/mustafa/evoart_ws/install/evoart_interfaces/share/evoart_interfaces/cmake)
[0.314s] -- Found nav_msgs: 4.9.1 (/opt/ros/humble/share/nav_msgs/cmake)
[0.363s] -- Configuring done
[0.372s] -- Generating done
[0.375s] -- Build files have been written to: /home/mustafa/evoart_ws/build/evoart_control
[0.397s] [35m[1mConsolidate compiler generated dependencies of target stm32_odom_node[0m
[0.397s] [35m[1mConsolidate compiler generated dependencies of target cmd_vel_to_ackermann[0m
[0.412s] [100%] Built target cmd_vel_to_ackermann
[0.412s] [100%] Built target stm32_odom_node
[0.423s] Invoked command in '/home/mustafa/evoart_ws/build/evoart_control' returned '0': CMAKE_PREFIX_PATH=/home/mustafa/evoart_ws/install/evoart_interfaces:/home/mustafa/evoart_ws/install/evoart_control:/opt/ros/humble /usr/bin/cmake --build /home/mustafa/evoart_ws/build/evoart_control -- -j32 -l32
[0.424s] Invoking command in '/home/mustafa/evoart_ws/build/evoart_control': CMAKE_PREFIX_PATH=/home/mustafa/evoart_ws/install/evoart_interfaces:/home/mustafa/evoart_ws/install/evoart_control:/opt/ros/humble /usr/bin/cmake --install /home/mustafa/evoart_ws/build/evoart_control
[0.429s] -- Install configuration: ""
[0.430s] -- Up-to-date: /home/mustafa/evoart_ws/install/evoart_control/lib/evoart_control/cmd_vel_to_ackermann
[0.430s] -- Up-to-date: /home/mustafa/evoart_ws/install/evoart_control/lib/evoart_control/stm32_odom_node
[0.430s] -- Up-to-date: /home/mustafa/evoart_ws/install/evoart_control/share/evoart_control/config
[0.430s] -- Up-to-date: /home/mustafa/evoart_ws/install/evoart_control/share/evoart_control/config/control_params.yaml
[0.430s] -- Up-to-date: /home/mustafa/evoart_ws/install/evoart_control/share/evoart_control/launch
[0.430s] -- Up-to-date: /home/mustafa/evoart_ws/install/evoart_control/share/evoart_control/launch/control.launch.py
[0.430s] -- Up-to-date: /home/mustafa/evoart_ws/install/evoart_control/lib/evoart_control/cmd_vel_to_ackermann
[0.431s] -- Up-to-date: /home/mustafa/evoart_ws/install/evoart_control/lib/evoart_control/stm32_odom_node
[0.431s] -- Installing: /home/mustafa/evoart_ws/install/evoart_control/lib/evoart_control/manual_commander.py
[0.431s] -- Up-to-date: /home/mustafa/evoart_ws/install/evoart_control/share/ament_index/resource_index/package_run_dependencies/evoart_control
[0.431s] -- Installing: /home/mustafa/evoart_ws/install/evoart_control/share/ament_index/resource_index/parent_prefix_path/evoart_control
[0.431s] -- Up-to-date: /home/mustafa/evoart_ws/install/evoart_control/share/evoart_control/environment/ament_prefix_path.sh
[0.431s] -- Installing: /home/mustafa/evoart_ws/install/evoart_control/share/evoart_control/environment/ament_prefix_path.dsv
[0.431s] -- Up-to-date: /home/mustafa/evoart_ws/install/evoart_control/share/evoart_control/environment/path.sh
[0.431s] -- Installing: /home/mustafa/evoart_ws/install/evoart_control/share/evoart_control/environment/path.dsv
[0.431s] -- Up-to-date: /home/mustafa/evoart_ws/install/evoart_control/share/evoart_control/local_setup.bash
[0.431s] -- Up-to-date: /home/mustafa/evoart_ws/install/evoart_control/share/evoart_control/local_setup.sh
[0.431s] -- Up-to-date: /home/mustafa/evoart_ws/install/evoart_control/share/evoart_control/local_setup.zsh
[0.432s] -- Installing: /home/mustafa/evoart_ws/install/evoart_control/share/evoart_control/local_setup.dsv
[0.432s] -- Installing: /home/mustafa/evoart_ws/install/evoart_control/share/evoart_control/package.dsv
[0.432s] -- Up-to-date: /home/mustafa/evoart_ws/install/evoart_control/share/ament_index/resource_index/packages/evoart_control
[0.432s] -- Up-to-date: /home/mustafa/evoart_ws/install/evoart_control/share/evoart_control/cmake/evoart_controlConfig.cmake
[0.432s] -- Up-to-date: /home/mustafa/evoart_ws/install/evoart_control/share/evoart_control/cmake/evoart_controlConfig-version.cmake
[0.432s] -- Up-to-date: /home/mustafa/evoart_ws/install/evoart_control/share/evoart_control/package.xml
[0.433s] Invoked command in '/home/mustafa/evoart_ws/build/evoart_control' returned '0': CMAKE_PREFIX_PATH=/home/mustafa/evoart_ws/install/evoart_interfaces:/home/mustafa/evoart_ws/install/evoart_control:/opt/ros/humble /usr/bin/cmake --install /home/mustafa/evoart_ws/build/evoart_control
