[0.011s] Invoking command in '/home/mustafa/evoart_ws/build/evoart_bringup': AMENT_PREFIX_PATH=/home/mustafa/evoart_ws/install/evoart_navigation:/home/mustafa/evoart_ws/install/evoart_description:${AMENT_PREFIX_PATH} CMAKE_PREFIX_PATH=/home/mustafa/evoart_ws/install/evoart_control:/home/mustafa/evoart_ws/install/evoart_navigation:/home/mustafa/evoart_ws/install/evoart_interfaces:/home/mustafa/evoart_ws/install/evoart_description:/opt/ros/humble /usr/bin/cmake /home/mustafa/evoart_ws/src/evoart_bringup -DCMAKE_INSTALL_PREFIX=/home/mustafa/evoart_ws/install/evoart_bringup
[0.062s] -- The C compiler identification is GNU 11.4.0
[0.112s] -- The CXX compiler identification is GNU 11.4.0
[0.118s] -- Detecting C compiler ABI info
[0.183s] -- Detecting C compiler ABI info - done
[0.190s] -- Check for working C compiler: /usr/bin/cc - skipped
[0.190s] -- Detecting C compile features
[0.191s] -- Detecting C compile features - done
[0.194s] -- Detecting CXX compiler ABI info
[0.266s] -- Detecting CXX compiler ABI info - done
[0.272s] -- Check for working CXX compiler: /usr/bin/c++ - skipped
[0.273s] -- Detecting CXX compile features
[0.273s] -- Detecting CXX compile features - done
[0.277s] -- Found ament_cmake: 1.3.14 (/opt/ros/humble/share/ament_cmake/cmake)
[0.421s] -- Found Python3: /usr/bin/python3 (found version "3.10.12") found components: Interpreter 
[0.562s] -- Configuring done
[0.564s] -- Generating done
[0.565s] -- Build files have been written to: /home/mustafa/evoart_ws/build/evoart_bringup
[0.570s] Invoked command in '/home/mustafa/evoart_ws/build/evoart_bringup' returned '0': AMENT_PREFIX_PATH=/home/mustafa/evoart_ws/install/evoart_navigation:/home/mustafa/evoart_ws/install/evoart_description:${AMENT_PREFIX_PATH} CMAKE_PREFIX_PATH=/home/mustafa/evoart_ws/install/evoart_control:/home/mustafa/evoart_ws/install/evoart_navigation:/home/mustafa/evoart_ws/install/evoart_interfaces:/home/mustafa/evoart_ws/install/evoart_description:/opt/ros/humble /usr/bin/cmake /home/mustafa/evoart_ws/src/evoart_bringup -DCMAKE_INSTALL_PREFIX=/home/mustafa/evoart_ws/install/evoart_bringup
[0.571s] Invoking command in '/home/mustafa/evoart_ws/build/evoart_bringup': AMENT_PREFIX_PATH=/home/mustafa/evoart_ws/install/evoart_navigation:/home/mustafa/evoart_ws/install/evoart_description:${AMENT_PREFIX_PATH} CMAKE_PREFIX_PATH=/home/mustafa/evoart_ws/install/evoart_control:/home/mustafa/evoart_ws/install/evoart_navigation:/home/mustafa/evoart_ws/install/evoart_interfaces:/home/mustafa/evoart_ws/install/evoart_description:/opt/ros/humble /usr/bin/cmake --build /home/mustafa/evoart_ws/build/evoart_bringup -- -j32 -l32
[0.606s] Invoked command in '/home/mustafa/evoart_ws/build/evoart_bringup' returned '0': AMENT_PREFIX_PATH=/home/mustafa/evoart_ws/install/evoart_navigation:/home/mustafa/evoart_ws/install/evoart_description:${AMENT_PREFIX_PATH} CMAKE_PREFIX_PATH=/home/mustafa/evoart_ws/install/evoart_control:/home/mustafa/evoart_ws/install/evoart_navigation:/home/mustafa/evoart_ws/install/evoart_interfaces:/home/mustafa/evoart_ws/install/evoart_description:/opt/ros/humble /usr/bin/cmake --build /home/mustafa/evoart_ws/build/evoart_bringup -- -j32 -l32
[0.607s] Invoking command in '/home/mustafa/evoart_ws/build/evoart_bringup': AMENT_PREFIX_PATH=/home/mustafa/evoart_ws/install/evoart_navigation:/home/mustafa/evoart_ws/install/evoart_description:${AMENT_PREFIX_PATH} CMAKE_PREFIX_PATH=/home/mustafa/evoart_ws/install/evoart_control:/home/mustafa/evoart_ws/install/evoart_navigation:/home/mustafa/evoart_ws/install/evoart_interfaces:/home/mustafa/evoart_ws/install/evoart_description:/opt/ros/humble /usr/bin/cmake --install /home/mustafa/evoart_ws/build/evoart_bringup
[0.613s] -- Install configuration: ""
[0.613s] -- Installing: /home/mustafa/evoart_ws/install/evoart_bringup/share/evoart_bringup/launch
[0.613s] -- Installing: /home/mustafa/evoart_ws/install/evoart_bringup/share/evoart_bringup/launch/microros.launch.py
[0.613s] -- Installing: /home/mustafa/evoart_ws/install/evoart_bringup/share/evoart_bringup/launch/robotaksi.launch.py
[0.613s] -- Installing: /home/mustafa/evoart_ws/install/evoart_bringup/share/evoart_bringup/launch/sensors.launch.py
[0.613s] -- Installing: /home/mustafa/evoart_ws/install/evoart_bringup/share/evoart_bringup/config
[0.613s] -- Installing: /home/mustafa/evoart_ws/install/evoart_bringup/share/evoart_bringup/config/laserscan_filter.yaml
[0.614s] -- Installing: /home/mustafa/evoart_ws/install/evoart_bringup/share/ament_index/resource_index/package_run_dependencies/evoart_bringup
[0.614s] -- Installing: /home/mustafa/evoart_ws/install/evoart_bringup/share/ament_index/resource_index/parent_prefix_path/evoart_bringup
[0.614s] -- Installing: /home/mustafa/evoart_ws/install/evoart_bringup/share/evoart_bringup/environment/ament_prefix_path.sh
[0.614s] -- Installing: /home/mustafa/evoart_ws/install/evoart_bringup/share/evoart_bringup/environment/ament_prefix_path.dsv
[0.614s] -- Installing: /home/mustafa/evoart_ws/install/evoart_bringup/share/evoart_bringup/environment/path.sh
[0.614s] -- Installing: /home/mustafa/evoart_ws/install/evoart_bringup/share/evoart_bringup/environment/path.dsv
[0.614s] -- Installing: /home/mustafa/evoart_ws/install/evoart_bringup/share/evoart_bringup/local_setup.bash
[0.615s] -- Installing: /home/mustafa/evoart_ws/install/evoart_bringup/share/evoart_bringup/local_setup.sh
[0.615s] -- Installing: /home/mustafa/evoart_ws/install/evoart_bringup/share/evoart_bringup/local_setup.zsh
[0.615s] -- Installing: /home/mustafa/evoart_ws/install/evoart_bringup/share/evoart_bringup/local_setup.dsv
[0.615s] -- Installing: /home/mustafa/evoart_ws/install/evoart_bringup/share/evoart_bringup/package.dsv
[0.615s] -- Installing: /home/mustafa/evoart_ws/install/evoart_bringup/share/ament_index/resource_index/packages/evoart_bringup
[0.615s] -- Installing: /home/mustafa/evoart_ws/install/evoart_bringup/share/evoart_bringup/cmake/evoart_bringupConfig.cmake
[0.615s] -- Installing: /home/mustafa/evoart_ws/install/evoart_bringup/share/evoart_bringup/cmake/evoart_bringupConfig-version.cmake
[0.615s] -- Installing: /home/mustafa/evoart_ws/install/evoart_bringup/share/evoart_bringup/package.xml
[0.617s] Invoked command in '/home/mustafa/evoart_ws/build/evoart_bringup' returned '0': AMENT_PREFIX_PATH=/home/mustafa/evoart_ws/install/evoart_navigation:/home/mustafa/evoart_ws/install/evoart_description:${AMENT_PREFIX_PATH} CMAKE_PREFIX_PATH=/home/mustafa/evoart_ws/install/evoart_control:/home/mustafa/evoart_ws/install/evoart_navigation:/home/mustafa/evoart_ws/install/evoart_interfaces:/home/mustafa/evoart_ws/install/evoart_description:/opt/ros/humble /usr/bin/cmake --install /home/mustafa/evoart_ws/build/evoart_bringup
