[0.011s] Invoking command in '/home/mustafa/evoart_ws/build/velodyne': AMENT_PREFIX_PATH=/home/mustafa/evoart_ws/install/velodyne_pointcloud:/home/mustafa/evoart_ws/install/velodyne_driver:/home/mustafa/evoart_ws/install/velodyne_msgs:/home/mustafa/evoart_ws/install/velodyne_laserscan:${AMENT_PREFIX_PATH} CMAKE_PREFIX_PATH=/home/mustafa/evoart_ws/install/velodyne_pointcloud:/home/mustafa/evoart_ws/install/velodyne_driver:/home/mustafa/evoart_ws/install/velodyne_msgs:/home/mustafa/evoart_ws/install/velodyne_laserscan:/home/mustafa/evoart_ws/install/evoart_control:/home/mustafa/evoart_ws/install/evoart_interfaces:/opt/ros/humble LD_LIBRARY_PATH=/home/mustafa/evoart_ws/install/velodyne_pointcloud/lib:/home/mustafa/evoart_ws/install/velodyne_driver/lib:/home/mustafa/evoart_ws/install/velodyne_msgs/lib:/home/mustafa/evoart_ws/install/velodyne_laserscan/lib:${LD_LIBRARY_PATH} PYTHONPATH=/home/mustafa/evoart_ws/install/velodyne_msgs/local/lib/python3.10/dist-packages:${PYTHONPATH} /usr/bin/cmake /home/mustafa/evoart_ws/src/velodyne/velodyne -DCMAKE_INSTALL_PREFIX=/home/mustafa/evoart_ws/install/velodyne
[0.053s] -- The C compiler identification is GNU 11.4.0
[0.093s] -- The CXX compiler identification is GNU 11.4.0
[0.097s] -- Detecting C compiler ABI info
[0.151s] -- Detecting C compiler ABI info - done
[0.155s] -- Check for working C compiler: /usr/bin/cc - skipped
[0.155s] -- Detecting C compile features
[0.156s] -- Detecting C compile features - done
[0.157s] -- Detecting CXX compiler ABI info
[0.217s] -- Detecting CXX compiler ABI info - done
[0.222s] -- Check for working CXX compiler: /usr/bin/c++ - skipped
[0.222s] -- Detecting CXX compile features
[0.223s] -- Detecting CXX compile features - done
[0.225s] -- Found ament_cmake: 1.3.14 (/opt/ros/humble/share/ament_cmake/cmake)
[0.327s] -- Found Python3: /usr/bin/python3 (found version "3.10.12") found components: Interpreter 
[0.438s] -- Configuring done
[0.440s] -- Generating done
[0.441s] -- Build files have been written to: /home/mustafa/evoart_ws/build/velodyne
[0.444s] Invoked command in '/home/mustafa/evoart_ws/build/velodyne' returned '0': AMENT_PREFIX_PATH=/home/mustafa/evoart_ws/install/velodyne_pointcloud:/home/mustafa/evoart_ws/install/velodyne_driver:/home/mustafa/evoart_ws/install/velodyne_msgs:/home/mustafa/evoart_ws/install/velodyne_laserscan:${AMENT_PREFIX_PATH} CMAKE_PREFIX_PATH=/home/mustafa/evoart_ws/install/velodyne_pointcloud:/home/mustafa/evoart_ws/install/velodyne_driver:/home/mustafa/evoart_ws/install/velodyne_msgs:/home/mustafa/evoart_ws/install/velodyne_laserscan:/home/mustafa/evoart_ws/install/evoart_control:/home/mustafa/evoart_ws/install/evoart_interfaces:/opt/ros/humble LD_LIBRARY_PATH=/home/mustafa/evoart_ws/install/velodyne_pointcloud/lib:/home/mustafa/evoart_ws/install/velodyne_driver/lib:/home/mustafa/evoart_ws/install/velodyne_msgs/lib:/home/mustafa/evoart_ws/install/velodyne_laserscan/lib:${LD_LIBRARY_PATH} PYTHONPATH=/home/mustafa/evoart_ws/install/velodyne_msgs/local/lib/python3.10/dist-packages:${PYTHONPATH} /usr/bin/cmake /home/mustafa/evoart_ws/src/velodyne/velodyne -DCMAKE_INSTALL_PREFIX=/home/mustafa/evoart_ws/install/velodyne
[0.445s] Invoking command in '/home/mustafa/evoart_ws/build/velodyne': AMENT_PREFIX_PATH=/home/mustafa/evoart_ws/install/velodyne_pointcloud:/home/mustafa/evoart_ws/install/velodyne_driver:/home/mustafa/evoart_ws/install/velodyne_msgs:/home/mustafa/evoart_ws/install/velodyne_laserscan:${AMENT_PREFIX_PATH} CMAKE_PREFIX_PATH=/home/mustafa/evoart_ws/install/velodyne_pointcloud:/home/mustafa/evoart_ws/install/velodyne_driver:/home/mustafa/evoart_ws/install/velodyne_msgs:/home/mustafa/evoart_ws/install/velodyne_laserscan:/home/mustafa/evoart_ws/install/evoart_control:/home/mustafa/evoart_ws/install/evoart_interfaces:/opt/ros/humble LD_LIBRARY_PATH=/home/mustafa/evoart_ws/install/velodyne_pointcloud/lib:/home/mustafa/evoart_ws/install/velodyne_driver/lib:/home/mustafa/evoart_ws/install/velodyne_msgs/lib:/home/mustafa/evoart_ws/install/velodyne_laserscan/lib:${LD_LIBRARY_PATH} PYTHONPATH=/home/mustafa/evoart_ws/install/velodyne_msgs/local/lib/python3.10/dist-packages:${PYTHONPATH} /usr/bin/cmake --build /home/mustafa/evoart_ws/build/velodyne -- -j32 -l32
[0.476s] Invoked command in '/home/mustafa/evoart_ws/build/velodyne' returned '0': AMENT_PREFIX_PATH=/home/mustafa/evoart_ws/install/velodyne_pointcloud:/home/mustafa/evoart_ws/install/velodyne_driver:/home/mustafa/evoart_ws/install/velodyne_msgs:/home/mustafa/evoart_ws/install/velodyne_laserscan:${AMENT_PREFIX_PATH} CMAKE_PREFIX_PATH=/home/mustafa/evoart_ws/install/velodyne_pointcloud:/home/mustafa/evoart_ws/install/velodyne_driver:/home/mustafa/evoart_ws/install/velodyne_msgs:/home/mustafa/evoart_ws/install/velodyne_laserscan:/home/mustafa/evoart_ws/install/evoart_control:/home/mustafa/evoart_ws/install/evoart_interfaces:/opt/ros/humble LD_LIBRARY_PATH=/home/mustafa/evoart_ws/install/velodyne_pointcloud/lib:/home/mustafa/evoart_ws/install/velodyne_driver/lib:/home/mustafa/evoart_ws/install/velodyne_msgs/lib:/home/mustafa/evoart_ws/install/velodyne_laserscan/lib:${LD_LIBRARY_PATH} PYTHONPATH=/home/mustafa/evoart_ws/install/velodyne_msgs/local/lib/python3.10/dist-packages:${PYTHONPATH} /usr/bin/cmake --build /home/mustafa/evoart_ws/build/velodyne -- -j32 -l32
[0.477s] Invoking command in '/home/mustafa/evoart_ws/build/velodyne': AMENT_PREFIX_PATH=/home/mustafa/evoart_ws/install/velodyne_pointcloud:/home/mustafa/evoart_ws/install/velodyne_driver:/home/mustafa/evoart_ws/install/velodyne_msgs:/home/mustafa/evoart_ws/install/velodyne_laserscan:${AMENT_PREFIX_PATH} CMAKE_PREFIX_PATH=/home/mustafa/evoart_ws/install/velodyne_pointcloud:/home/mustafa/evoart_ws/install/velodyne_driver:/home/mustafa/evoart_ws/install/velodyne_msgs:/home/mustafa/evoart_ws/install/velodyne_laserscan:/home/mustafa/evoart_ws/install/evoart_control:/home/mustafa/evoart_ws/install/evoart_interfaces:/opt/ros/humble LD_LIBRARY_PATH=/home/mustafa/evoart_ws/install/velodyne_pointcloud/lib:/home/mustafa/evoart_ws/install/velodyne_driver/lib:/home/mustafa/evoart_ws/install/velodyne_msgs/lib:/home/mustafa/evoart_ws/install/velodyne_laserscan/lib:${LD_LIBRARY_PATH} PYTHONPATH=/home/mustafa/evoart_ws/install/velodyne_msgs/local/lib/python3.10/dist-packages:${PYTHONPATH} /usr/bin/cmake --install /home/mustafa/evoart_ws/build/velodyne
[0.483s] -- Install configuration: ""
[0.483s] -- Installing: /home/mustafa/evoart_ws/install/velodyne/share/velodyne/launch
[0.483s] -- Installing: /home/mustafa/evoart_ws/install/velodyne/share/velodyne/launch/velodyne-all-nodes-VLP16-composed-launch.py
[0.484s] -- Installing: /home/mustafa/evoart_ws/install/velodyne/share/velodyne/launch/velodyne-all-nodes-VLS128-composed-launch.py
[0.485s] -- Installing: /home/mustafa/evoart_ws/install/velodyne/share/velodyne/launch/velodyne-all-nodes-VLS128-launch.py
[0.485s] -- Installing: /home/mustafa/evoart_ws/install/velodyne/share/velodyne/launch/velodyne-all-nodes-VLP32C-composed-launch.py
[0.486s] -- Installing: /home/mustafa/evoart_ws/install/velodyne/share/velodyne/launch/velodyne-all-nodes-VLP32C-launch.py
[0.486s] -- Installing: /home/mustafa/evoart_ws/install/velodyne/share/velodyne/launch/velodyne-all-nodes-VLP16-launch.py
[0.487s] -- Installing: /home/mustafa/evoart_ws/install/velodyne/share/ament_index/resource_index/package_run_dependencies/velodyne
[0.487s] -- Installing: /home/mustafa/evoart_ws/install/velodyne/share/ament_index/resource_index/parent_prefix_path/velodyne
[0.487s] -- Installing: /home/mustafa/evoart_ws/install/velodyne/share/velodyne/environment/ament_prefix_path.sh
[0.487s] -- Installing: /home/mustafa/evoart_ws/install/velodyne/share/velodyne/environment/ament_prefix_path.dsv
[0.487s] -- Installing: /home/mustafa/evoart_ws/install/velodyne/share/velodyne/environment/path.sh
[0.488s] -- Installing: /home/mustafa/evoart_ws/install/velodyne/share/velodyne/environment/path.dsv
[0.488s] -- Installing: /home/mustafa/evoart_ws/install/velodyne/share/velodyne/local_setup.bash
[0.488s] -- Installing: /home/mustafa/evoart_ws/install/velodyne/share/velodyne/local_setup.sh
[0.488s] -- Installing: /home/mustafa/evoart_ws/install/velodyne/share/velodyne/local_setup.zsh
[0.488s] -- Installing: /home/mustafa/evoart_ws/install/velodyne/share/velodyne/local_setup.dsv
[0.488s] -- Installing: /home/mustafa/evoart_ws/install/velodyne/share/velodyne/package.dsv
[0.488s] -- Installing: /home/mustafa/evoart_ws/install/velodyne/share/ament_index/resource_index/packages/velodyne
[0.488s] -- Installing: /home/mustafa/evoart_ws/install/velodyne/share/velodyne/cmake/velodyneConfig.cmake
[0.488s] -- Installing: /home/mustafa/evoart_ws/install/velodyne/share/velodyne/cmake/velodyneConfig-version.cmake
[0.488s] -- Installing: /home/mustafa/evoart_ws/install/velodyne/share/velodyne/package.xml
[0.490s] Invoked command in '/home/mustafa/evoart_ws/build/velodyne' returned '0': AMENT_PREFIX_PATH=/home/mustafa/evoart_ws/install/velodyne_pointcloud:/home/mustafa/evoart_ws/install/velodyne_driver:/home/mustafa/evoart_ws/install/velodyne_msgs:/home/mustafa/evoart_ws/install/velodyne_laserscan:${AMENT_PREFIX_PATH} CMAKE_PREFIX_PATH=/home/mustafa/evoart_ws/install/velodyne_pointcloud:/home/mustafa/evoart_ws/install/velodyne_driver:/home/mustafa/evoart_ws/install/velodyne_msgs:/home/mustafa/evoart_ws/install/velodyne_laserscan:/home/mustafa/evoart_ws/install/evoart_control:/home/mustafa/evoart_ws/install/evoart_interfaces:/opt/ros/humble LD_LIBRARY_PATH=/home/mustafa/evoart_ws/install/velodyne_pointcloud/lib:/home/mustafa/evoart_ws/install/velodyne_driver/lib:/home/mustafa/evoart_ws/install/velodyne_msgs/lib:/home/mustafa/evoart_ws/install/velodyne_laserscan/lib:${LD_LIBRARY_PATH} PYTHONPATH=/home/mustafa/evoart_ws/install/velodyne_msgs/local/lib/python3.10/dist-packages:${PYTHONPATH} /usr/bin/cmake --install /home/mustafa/evoart_ws/build/velodyne
