[0.007s] Invoking command in '/home/mustafa/evoart_ws/build/zed_debug': AMENT_PREFIX_PATH=/home/mustafa/evoart_ws/install/zed_components:${AMENT_PREFIX_PATH} CMAKE_PREFIX_PATH=/home/mustafa/evoart_ws/install/zed_components:/home/mustafa/evoart_ws/install/evoart_control:/home/mustafa/evoart_ws/install/evoart_interfaces:/opt/ros/humble LD_LIBRARY_PATH=/home/mustafa/evoart_ws/install/zed_components/lib:${LD_LIBRARY_PATH} /usr/bin/cmake /home/mustafa/evoart_ws/src/zed-ros2-wrapper/zed_debug -DCMAKE_INSTALL_PREFIX=/home/mustafa/evoart_ws/install/zed_debug
[0.048s] -- The C compiler identification is GNU 11.4.0
[0.087s] -- The CXX compiler identification is GNU 11.4.0
[0.092s] -- Detecting C compiler ABI info
[0.147s] -- Detecting C compiler ABI info - done
[0.151s] -- Check for working C compiler: /usr/bin/cc - skipped
[0.151s] -- Detecting C compile features
[0.151s] -- Detecting C compile features - done
[0.153s] -- Detecting CXX compiler ABI info
[0.216s] -- Detecting CXX compiler ABI info - done
[0.220s] -- Check for working CXX compiler: /usr/bin/c++ - skipped
[0.221s] -- Detecting CXX compile features
[0.221s] -- Detecting CXX compile features - done
[0.225s] -- Looking for sgemm_
[0.277s] -- Looking for sgemm_ - not found
[0.277s] -- Looking for pthread.h
[0.334s] -- Looking for pthread.h - found
[0.334s] -- Performing Test CMAKE_HAVE_LIBC_PTHREAD
[0.391s] -- Performing Test CMAKE_HAVE_LIBC_PTHREAD - Success
[0.392s] -- Found Threads: TRUE  
[0.416s] -- Looking for sgemm_
[0.491s] -- Looking for sgemm_ - found
[0.491s] -- Found BLAS: /usr/lib/x86_64-linux-gnu/libopenblas.so  
[0.511s] -- Found CUDA: /usr/local/cuda (found suitable version "12.9", minimum required is "12") 
[0.566s] -- Found CUDAToolkit: /usr/local/cuda/include (found version "12.9.86") 
[0.593s] -- Found ament_cmake_auto: 1.3.14 (/opt/ros/humble/share/ament_cmake_auto/cmake)
[0.697s] -- Found Python3: /usr/bin/python3 (found version "3.10.12") found components: Interpreter 
[0.832s] -- Found rosidl_generator_c: 3.1.9 (/opt/ros/humble/share/rosidl_generator_c/cmake)
[0.836s] -- Found rosidl_adapter: 3.1.9 (/opt/ros/humble/share/rosidl_adapter/cmake)
[0.843s] -- Found rosidl_generator_cpp: 3.1.9 (/opt/ros/humble/share/rosidl_generator_cpp/cmake)
[0.851s] -- Using all available rosidl_typesupport_c: rosidl_typesupport_fastrtps_c;rosidl_typesupport_introspection_c
[0.863s] -- Using all available rosidl_typesupport_cpp: rosidl_typesupport_fastrtps_cpp;rosidl_typesupport_introspection_cpp
[0.894s] -- Found rmw_implementation_cmake: 6.1.2 (/opt/ros/humble/share/rmw_implementation_cmake/cmake)
[0.897s] -- Found rmw_fastrtps_cpp: 6.2.10 (/opt/ros/humble/share/rmw_fastrtps_cpp/cmake)
[0.970s] -- Found OpenSSL: /usr/lib/x86_64-linux-gnu/libcrypto.so (found version "3.0.2")  
[0.991s] -- Found FastRTPS: /opt/ros/humble/include  
[1.025s] -- Using RMW implementation 'rmw_fastrtps_cpp' as default
[1.184s] -- Found eigen3_cmake_module: 0.1.1 (/opt/ros/humble/share/eigen3_cmake_module/cmake)
[1.184s] -- Found Eigen3: TRUE (found version "3.4.0") 
[1.184s] -- Ensuring Eigen3 include directory is part of orocos-kdl CMake target
[1.301s] -- Found ament_lint_auto: 0.12.15 (/opt/ros/humble/share/ament_lint_auto/cmake)
[1.325s] -- Added test 'copyright' to check source files copyright and LICENSE
[1.326s] -- Added test 'cppcheck' to perform static code analysis on C / C++ code
[1.326s] -- Configured cppcheck include dirs: 
[1.326s] -- Configured cppcheck exclude dirs and/or files: 
[1.327s] -- Added test 'lint_cmake' to check CMake code style
[1.327s] -- Added test 'pep257' to check Python code against some of the docstring style conventions in PEP 257
[1.328s] -- Added test 'uncrustify' to check C / C++ code style
[1.328s] -- Configured uncrustify additional arguments: 
[1.329s] -- Added test 'xmllint' to check XML markup files
[1.329s] -- Configuring done
[1.370s] -- Generating done
[1.374s] -- Build files have been written to: /home/mustafa/evoart_ws/build/zed_debug
[1.384s] Invoked command in '/home/mustafa/evoart_ws/build/zed_debug' returned '0': AMENT_PREFIX_PATH=/home/mustafa/evoart_ws/install/zed_components:${AMENT_PREFIX_PATH} CMAKE_PREFIX_PATH=/home/mustafa/evoart_ws/install/zed_components:/home/mustafa/evoart_ws/install/evoart_control:/home/mustafa/evoart_ws/install/evoart_interfaces:/opt/ros/humble LD_LIBRARY_PATH=/home/mustafa/evoart_ws/install/zed_components/lib:${LD_LIBRARY_PATH} /usr/bin/cmake /home/mustafa/evoart_ws/src/zed-ros2-wrapper/zed_debug -DCMAKE_INSTALL_PREFIX=/home/mustafa/evoart_ws/install/zed_debug
[1.385s] Invoking command in '/home/mustafa/evoart_ws/build/zed_debug': AMENT_PREFIX_PATH=/home/mustafa/evoart_ws/install/zed_components:${AMENT_PREFIX_PATH} CMAKE_PREFIX_PATH=/home/mustafa/evoart_ws/install/zed_components:/home/mustafa/evoart_ws/install/evoart_control:/home/mustafa/evoart_ws/install/evoart_interfaces:/opt/ros/humble LD_LIBRARY_PATH=/home/mustafa/evoart_ws/install/zed_components/lib:${LD_LIBRARY_PATH} /usr/bin/cmake --build /home/mustafa/evoart_ws/build/zed_debug -- -j32 -l32
[1.424s] [ 50%] [32mBuilding CXX object CMakeFiles/zed_debug_proc.dir/src/zed_debug_proc.cpp.o[0m
[4.765s] [100%] [32m[1mLinking CXX executable zed_debug_proc[0m
[4.996s] [100%] Built target zed_debug_proc
[5.004s] Invoked command in '/home/mustafa/evoart_ws/build/zed_debug' returned '0': AMENT_PREFIX_PATH=/home/mustafa/evoart_ws/install/zed_components:${AMENT_PREFIX_PATH} CMAKE_PREFIX_PATH=/home/mustafa/evoart_ws/install/zed_components:/home/mustafa/evoart_ws/install/evoart_control:/home/mustafa/evoart_ws/install/evoart_interfaces:/opt/ros/humble LD_LIBRARY_PATH=/home/mustafa/evoart_ws/install/zed_components/lib:${LD_LIBRARY_PATH} /usr/bin/cmake --build /home/mustafa/evoart_ws/build/zed_debug -- -j32 -l32
[5.005s] Invoking command in '/home/mustafa/evoart_ws/build/zed_debug': AMENT_PREFIX_PATH=/home/mustafa/evoart_ws/install/zed_components:${AMENT_PREFIX_PATH} CMAKE_PREFIX_PATH=/home/mustafa/evoart_ws/install/zed_components:/home/mustafa/evoart_ws/install/evoart_control:/home/mustafa/evoart_ws/install/evoart_interfaces:/opt/ros/humble LD_LIBRARY_PATH=/home/mustafa/evoart_ws/install/zed_components/lib:${LD_LIBRARY_PATH} /usr/bin/cmake --install /home/mustafa/evoart_ws/build/zed_debug
[5.011s] -- Install configuration: ""
[5.011s] -- Installing: /home/mustafa/evoart_ws/install/zed_debug/lib/zed_debug/zed_debug_proc
[5.011s] -- Set runtime path of "/home/mustafa/evoart_ws/install/zed_debug/lib/zed_debug/zed_debug_proc" to ""
[5.011s] -- Installing: /home/mustafa/evoart_ws/install/zed_debug/share/zed_debug/launch
[5.011s] -- Installing: /home/mustafa/evoart_ws/install/zed_debug/share/zed_debug/launch/zed_camera_debug.launch.py
[5.012s] -- Installing: /home/mustafa/evoart_ws/install/zed_debug/share/zed_debug/config
[5.012s] -- Installing: /home/mustafa/evoart_ws/install/zed_debug/share/zed_debug/config/zedxonehdr.yaml
[5.012s] -- Installing: /home/mustafa/evoart_ws/install/zed_debug/share/zed_debug/config/object_detection.yaml
[5.012s] -- Installing: /home/mustafa/evoart_ws/install/zed_debug/share/zed_debug/config/zedx.yaml
[5.012s] -- Installing: /home/mustafa/evoart_ws/install/zed_debug/share/zed_debug/config/common_mono.yaml
[5.012s] -- Installing: /home/mustafa/evoart_ws/install/zed_debug/share/zed_debug/config/virtual.yaml
[5.012s] -- Installing: /home/mustafa/evoart_ws/install/zed_debug/share/zed_debug/config/zedxhdrmax.yaml
[5.012s] -- Installing: /home/mustafa/evoart_ws/install/zed_debug/share/zed_debug/config/zedxm.yaml
[5.013s] -- Installing: /home/mustafa/evoart_ws/install/zed_debug/share/zed_debug/config/zed2i.yaml
[5.013s] -- Installing: /home/mustafa/evoart_ws/install/zed_debug/share/zed_debug/config/zedxhdrmini.yaml
[5.013s] -- Installing: /home/mustafa/evoart_ws/install/zed_debug/share/zed_debug/config/zed.yaml
[5.013s] -- Installing: /home/mustafa/evoart_ws/install/zed_debug/share/zed_debug/config/zedxone4k.yaml
[5.013s] -- Installing: /home/mustafa/evoart_ws/install/zed_debug/share/zed_debug/config/common_stereo.yaml
[5.013s] -- Installing: /home/mustafa/evoart_ws/install/zed_debug/share/zed_debug/config/zedm.yaml
[5.013s] -- Installing: /home/mustafa/evoart_ws/install/zed_debug/share/zed_debug/config/zedxhdr.yaml
[5.014s] -- Installing: /home/mustafa/evoart_ws/install/zed_debug/share/zed_debug/config/zed2.yaml
[5.014s] -- Installing: /home/mustafa/evoart_ws/install/zed_debug/share/zed_debug/config/zedxnano.yaml
[5.014s] -- Installing: /home/mustafa/evoart_ws/install/zed_debug/share/zed_debug/config/zedxonegs.yaml
[5.014s] -- Installing: /home/mustafa/evoart_ws/install/zed_debug/share/zed_debug/config/custom_object_detection.yaml
[5.015s] -- Installing: /home/mustafa/evoart_ws/install/zed_debug/share/ament_index/resource_index/package_run_dependencies/zed_debug
[5.015s] -- Installing: /home/mustafa/evoart_ws/install/zed_debug/share/ament_index/resource_index/parent_prefix_path/zed_debug
[5.015s] -- Installing: /home/mustafa/evoart_ws/install/zed_debug/share/zed_debug/environment/ament_prefix_path.sh
[5.015s] -- Installing: /home/mustafa/evoart_ws/install/zed_debug/share/zed_debug/environment/ament_prefix_path.dsv
[5.015s] -- Installing: /home/mustafa/evoart_ws/install/zed_debug/share/zed_debug/environment/path.sh
[5.015s] -- Installing: /home/mustafa/evoart_ws/install/zed_debug/share/zed_debug/environment/path.dsv
[5.015s] -- Installing: /home/mustafa/evoart_ws/install/zed_debug/share/zed_debug/local_setup.bash
[5.015s] -- Installing: /home/mustafa/evoart_ws/install/zed_debug/share/zed_debug/local_setup.sh
[5.015s] -- Installing: /home/mustafa/evoart_ws/install/zed_debug/share/zed_debug/local_setup.zsh
[5.016s] -- Installing: /home/mustafa/evoart_ws/install/zed_debug/share/zed_debug/local_setup.dsv
[5.016s] -- Installing: /home/mustafa/evoart_ws/install/zed_debug/share/zed_debug/package.dsv
[5.016s] -- Installing: /home/mustafa/evoart_ws/install/zed_debug/share/ament_index/resource_index/packages/zed_debug
[5.016s] -- Installing: /home/mustafa/evoart_ws/install/zed_debug/share/zed_debug/cmake/zed_debugConfig.cmake
[5.016s] -- Installing: /home/mustafa/evoart_ws/install/zed_debug/share/zed_debug/cmake/zed_debugConfig-version.cmake
[5.016s] -- Installing: /home/mustafa/evoart_ws/install/zed_debug/share/zed_debug/package.xml
[5.018s] Invoked command in '/home/mustafa/evoart_ws/build/zed_debug' returned '0': AMENT_PREFIX_PATH=/home/mustafa/evoart_ws/install/zed_components:${AMENT_PREFIX_PATH} CMAKE_PREFIX_PATH=/home/mustafa/evoart_ws/install/zed_components:/home/mustafa/evoart_ws/install/evoart_control:/home/mustafa/evoart_ws/install/evoart_interfaces:/opt/ros/humble LD_LIBRARY_PATH=/home/mustafa/evoart_ws/install/zed_components/lib:${LD_LIBRARY_PATH} /usr/bin/cmake --install /home/mustafa/evoart_ws/build/zed_debug
