[0.000000] (-) TimerEvent: {}
[0.000169] (-) JobUnselected: {'identifier': 'evoart_behavior'}
[0.000189] (-) JobUnselected: {'identifier': 'evoart_control'}
[0.000304] (-) JobUnselected: {'identifier': 'evoart_interfaces'}
[0.000316] (-) JobUnselected: {'identifier': 'evoart_perception'}
[0.000328] (-) JobUnselected: {'identifier': 'velodyne'}
[0.000381] (-) JobUnselected: {'identifier': 'velodyne_driver'}
[0.000392] (-) JobUnselected: {'identifier': 'velodyne_laserscan'}
[0.000403] (-) JobUnselected: {'identifier': 'velodyne_msgs'}
[0.000414] (-) JobUnselected: {'identifier': 'velodyne_pointcloud'}
[0.000426] (-) JobUnselected: {'identifier': 'zed_components'}
[0.000437] (-) JobUnselected: {'identifier': 'zed_debug'}
[0.000450] (-) JobUnselected: {'identifier': 'zed_ros2'}
[0.000464] (-) JobUnselected: {'identifier': 'zed_wrapper'}
[0.000476] (evoart_description) JobQueued: {'identifier': 'evoart_description', 'dependencies': OrderedDict()}
[0.000489] (evoart_navigation) JobQueued: {'identifier': 'evoart_navigation', 'dependencies': OrderedDict()}
[0.000507] (evoart_bringup) JobQueued: {'identifier': 'evoart_bringup', 'dependencies': OrderedDict([('evoart_description', '/home/mustafa/evoart_ws/install/evoart_description'), ('evoart_interfaces', '/home/mustafa/evoart_ws/install/evoart_interfaces'), ('evoart_navigation', '/home/mustafa/evoart_ws/install/evoart_navigation'), ('evoart_control', '/home/mustafa/evoart_ws/install/evoart_control')])}
[0.000523] (evoart_description) JobStarted: {'identifier': 'evoart_description'}
[0.004312] (evoart_navigation) JobStarted: {'identifier': 'evoart_navigation'}
[0.007361] (evoart_description) JobProgress: {'identifier': 'evoart_description', 'progress': 'cmake'}
[0.007641] (evoart_description) JobProgress: {'identifier': 'evoart_description', 'progress': 'build'}
[0.008018] (evoart_description) Command: {'cmd': ['/usr/bin/cmake', '--build', '/home/mustafa/evoart_ws/build/evoart_description', '--', '-j32', '-l32'], 'cwd': '/home/mustafa/evoart_ws/build/evoart_description', 'env': OrderedDict([('GJS_DEBUG_TOPICS', 'JS ERROR;JS LOG'), ('LESSOPEN', '| /usr/bin/lesspipe %s'), ('VSCODE_CWD', '/home/mustafa'), ('USER', 'mustafa'), ('VSCODE_NLS_CONFIG', '{"userLocale":"en-us","osLocale":"tr-tr","resolvedLanguage":"en","defaultMessagesFile":"/usr/share/antigravity/resources/app/out/nls.messages.json","locale":"en-us","availableLanguages":{}}'), ('XDG_SESSION_TYPE', 'x11'), ('SHLVL', '0'), ('LD_LIBRARY_PATH', '/usr/lib/x86_64-linux-gnu/gazebo-11/plugins:/opt/ros/humble/opt/rviz_ogre_vendor/lib:/opt/ros/humble/lib/x86_64-linux-gnu:/opt/ros/humble/lib'), ('HOME', '/home/mustafa'), ('CHROME_DESKTOP', 'antigravity.desktop'), ('OLDPWD', '/home/mustafa/evoart_ws'), ('DESKTOP_SESSION', 'ubuntu'), ('VSCODE_IPC_HOOK', '/run/user/1000/vscode-de9dec49-1.10-main.sock'), ('GIO_LAUNCHED_DESKTOP_FILE', '/usr/share/applications/antigravity.desktop'), ('ROS_PYTHON_VERSION', '3'), ('GNOME_SHELL_SESSION_MODE', 'ubuntu'), ('GTK_MODULES', 'gail:atk-bridge'), ('PAGER', 'cat'), ('MANAGERPID', '2064'), ('SYSTEMD_EXEC_PID', '2377'), ('DBUS_SESSION_BUS_ADDRESS', 'unix:path=/run/user/1000/bus'), ('ANTIGRAVITY_AGENT', '1'), ('GIO_LAUNCHED_DESKTOP_FILE_PID', '16571'), ('ROS_DISTRO', 'humble'), ('GTK_IM_MODULE', 'ibus'), ('LOGNAME', 'mustafa'), ('JOURNAL_STREAM', '8:20000'), ('_', '/usr/bin/colcon'), ('ROS_VERSION', '2'), ('XDG_SESSION_CLASS', 'user'), ('USERNAME', 'mustafa'), ('TERM', 'dumb'), ('GNOME_DESKTOP_SESSION_ID', 'this-is-deprecated'), ('FC_FONTATIONS', '1'), ('ROS_LOCALHOST_ONLY', '0'), ('WINDOWPATH', '2'), ('ANTIGRAVITY_EDITOR_APP_ROOT', '/usr/share/antigravity/resources/app'), ('PATH', '/home/mustafa/.local/bin:/opt/ros/humble/bin:/home/mustafa/.local/bin:/usr/local/sbin:/usr/local/bin:/usr/sbin:/usr/bin:/sbin:/bin:/usr/games:/usr/local/games:/snap/bin:/snap/bin:/home/mustafa/.lmstudio/bin:/home/mustafa/.lmstudio/bin:/home/mustafa/.lmstudio/bin'), ('SESSION_MANAGER', 'local/mustafa-SLAYER-R9T:@/tmp/.ICE-unix/2353,unix/mustafa-SLAYER-R9T:/tmp/.ICE-unix/2353'), ('INVOCATION_ID', '30c711239b4c44dea1fe52cf17c255cb'), ('XDG_MENU_PREFIX', 'gnome-'), ('XDG_RUNTIME_DIR', '/run/user/1000'), ('GDK_BACKEND', 'x11'), ('DISPLAY', ':1'), ('LANG', 'tr_TR.UTF-8'), ('XDG_CURRENT_DESKTOP', 'ubuntu:GNOME'), ('XMODIFIERS', '@im=ibus'), ('XDG_SESSION_DESKTOP', 'ubuntu'), ('XAUTHORITY', '/run/user/1000/gdm/Xauthority'), ('LS_COLORS', ''), ('SSH_AGENT_LAUNCHER', 'gnome-keyring'), ('SSH_AUTH_SOCK', '/run/user/1000/keyring/ssh'), ('AMENT_PREFIX_PATH', '/opt/ros/humble'), ('SHELL', '/bin/bash'), ('QT_ACCESSIBILITY', '1'), ('GDMSESSION', 'ubuntu'), ('LESSCLOSE', '/usr/bin/lesspipe %s %s'), ('GPG_AGENT_INFO', '/run/user/1000/gnupg/S.gpg-agent:0:1'), ('GJS_DEBUG_OUTPUT', 'stderr'), ('QT_IM_MODULE', 'ibus'), ('ANTIGRAVITY_TRAJECTORY_ID', 'd21e033e-9055-4830-ac9a-28d07d715551'), ('PWD', '/home/mustafa/evoart_ws/build/evoart_description'), ('TURTLEBOT3_MODEL', 'waffle'), ('XDG_CONFIG_DIRS', '/etc/xdg/xdg-ubuntu:/etc/xdg'), ('VSCODE_CODE_CACHE_PATH', '/home/mustafa/.config/Antigravity/CachedData/15487b3041e65228cae24980a3f796c905ef582c'), ('XDG_DATA_DIRS', '/usr/share/ubuntu:/usr/share/gnome:/home/mustafa/.local/share/flatpak/exports/share:/var/lib/flatpak/exports/share:/usr/local/share/:/usr/share/:/var/lib/snapd/desktop'), ('PYTHONPATH', '/opt/ros/humble/lib/python3.10/site-packages:/opt/ros/humble/local/lib/python3.10/dist-packages'), ('COLCON', '1'), ('VSCODE_PID', '16571'), ('CMAKE_PREFIX_PATH', '/opt/ros/humble')]), 'shell': False}
[0.009258] (evoart_navigation) JobProgress: {'identifier': 'evoart_navigation', 'progress': 'cmake'}
[0.009498] (evoart_navigation) JobProgress: {'identifier': 'evoart_navigation', 'progress': 'build'}
[0.009614] (evoart_navigation) Command: {'cmd': ['/usr/bin/cmake', '--build', '/home/mustafa/evoart_ws/build/evoart_navigation', '--', '-j32', '-l32'], 'cwd': '/home/mustafa/evoart_ws/build/evoart_navigation', 'env': OrderedDict([('GJS_DEBUG_TOPICS', 'JS ERROR;JS LOG'), ('LESSOPEN', '| /usr/bin/lesspipe %s'), ('VSCODE_CWD', '/home/mustafa'), ('USER', 'mustafa'), ('VSCODE_NLS_CONFIG', '{"userLocale":"en-us","osLocale":"tr-tr","resolvedLanguage":"en","defaultMessagesFile":"/usr/share/antigravity/resources/app/out/nls.messages.json","locale":"en-us","availableLanguages":{}}'), ('XDG_SESSION_TYPE', 'x11'), ('SHLVL', '0'), ('LD_LIBRARY_PATH', '/usr/lib/x86_64-linux-gnu/gazebo-11/plugins:/opt/ros/humble/opt/rviz_ogre_vendor/lib:/opt/ros/humble/lib/x86_64-linux-gnu:/opt/ros/humble/lib'), ('HOME', '/home/mustafa'), ('CHROME_DESKTOP', 'antigravity.desktop'), ('OLDPWD', '/home/mustafa/evoart_ws'), ('DESKTOP_SESSION', 'ubuntu'), ('VSCODE_IPC_HOOK', '/run/user/1000/vscode-de9dec49-1.10-main.sock'), ('GIO_LAUNCHED_DESKTOP_FILE', '/usr/share/applications/antigravity.desktop'), ('ROS_PYTHON_VERSION', '3'), ('GNOME_SHELL_SESSION_MODE', 'ubuntu'), ('GTK_MODULES', 'gail:atk-bridge'), ('PAGER', 'cat'), ('MANAGERPID', '2064'), ('SYSTEMD_EXEC_PID', '2377'), ('DBUS_SESSION_BUS_ADDRESS', 'unix:path=/run/user/1000/bus'), ('ANTIGRAVITY_AGENT', '1'), ('GIO_LAUNCHED_DESKTOP_FILE_PID', '16571'), ('ROS_DISTRO', 'humble'), ('GTK_IM_MODULE', 'ibus'), ('LOGNAME', 'mustafa'), ('JOURNAL_STREAM', '8:20000'), ('_', '/usr/bin/colcon'), ('ROS_VERSION', '2'), ('XDG_SESSION_CLASS', 'user'), ('USERNAME', 'mustafa'), ('TERM', 'dumb'), ('GNOME_DESKTOP_SESSION_ID', 'this-is-deprecated'), ('FC_FONTATIONS', '1'), ('ROS_LOCALHOST_ONLY', '0'), ('WINDOWPATH', '2'), ('ANTIGRAVITY_EDITOR_APP_ROOT', '/usr/share/antigravity/resources/app'), ('PATH', '/home/mustafa/.local/bin:/opt/ros/humble/bin:/home/mustafa/.local/bin:/usr/local/sbin:/usr/local/bin:/usr/sbin:/usr/bin:/sbin:/bin:/usr/games:/usr/local/games:/snap/bin:/snap/bin:/home/mustafa/.lmstudio/bin:/home/mustafa/.lmstudio/bin:/home/mustafa/.lmstudio/bin'), ('SESSION_MANAGER', 'local/mustafa-SLAYER-R9T:@/tmp/.ICE-unix/2353,unix/mustafa-SLAYER-R9T:/tmp/.ICE-unix/2353'), ('INVOCATION_ID', '30c711239b4c44dea1fe52cf17c255cb'), ('XDG_MENU_PREFIX', 'gnome-'), ('XDG_RUNTIME_DIR', '/run/user/1000'), ('GDK_BACKEND', 'x11'), ('DISPLAY', ':1'), ('LANG', 'tr_TR.UTF-8'), ('XDG_CURRENT_DESKTOP', 'ubuntu:GNOME'), ('XMODIFIERS', '@im=ibus'), ('XDG_SESSION_DESKTOP', 'ubuntu'), ('XAUTHORITY', '/run/user/1000/gdm/Xauthority'), ('LS_COLORS', ''), ('SSH_AGENT_LAUNCHER', 'gnome-keyring'), ('SSH_AUTH_SOCK', '/run/user/1000/keyring/ssh'), ('AMENT_PREFIX_PATH', '/opt/ros/humble'), ('SHELL', '/bin/bash'), ('QT_ACCESSIBILITY', '1'), ('GDMSESSION', 'ubuntu'), ('LESSCLOSE', '/usr/bin/lesspipe %s %s'), ('GPG_AGENT_INFO', '/run/user/1000/gnupg/S.gpg-agent:0:1'), ('GJS_DEBUG_OUTPUT', 'stderr'), ('QT_IM_MODULE', 'ibus'), ('ANTIGRAVITY_TRAJECTORY_ID', 'd21e033e-9055-4830-ac9a-28d07d715551'), ('PWD', '/home/mustafa/evoart_ws/build/evoart_navigation'), ('TURTLEBOT3_MODEL', 'waffle'), ('XDG_CONFIG_DIRS', '/etc/xdg/xdg-ubuntu:/etc/xdg'), ('VSCODE_CODE_CACHE_PATH', '/home/mustafa/.config/Antigravity/CachedData/15487b3041e65228cae24980a3f796c905ef582c'), ('XDG_DATA_DIRS', '/usr/share/ubuntu:/usr/share/gnome:/home/mustafa/.local/share/flatpak/exports/share:/var/lib/flatpak/exports/share:/usr/local/share/:/usr/share/:/var/lib/snapd/desktop'), ('PYTHONPATH', '/opt/ros/humble/lib/python3.10/site-packages:/opt/ros/humble/local/lib/python3.10/dist-packages'), ('COLCON', '1'), ('VSCODE_PID', '16571'), ('CMAKE_PREFIX_PATH', '/opt/ros/humble')]), 'shell': False}
[0.038423] (evoart_description) CommandEnded: {'returncode': 0}
[0.038988] (evoart_description) JobProgress: {'identifier': 'evoart_description', 'progress': 'install'}
[0.045611] (evoart_description) Command: {'cmd': ['/usr/bin/cmake', '--install', '/home/mustafa/evoart_ws/build/evoart_description'], 'cwd': '/home/mustafa/evoart_ws/build/evoart_description', 'env': OrderedDict([('GJS_DEBUG_TOPICS', 'JS ERROR;JS LOG'), ('LESSOPEN', '| /usr/bin/lesspipe %s'), ('VSCODE_CWD', '/home/mustafa'), ('USER', 'mustafa'), ('VSCODE_NLS_CONFIG', '{"userLocale":"en-us","osLocale":"tr-tr","resolvedLanguage":"en","defaultMessagesFile":"/usr/share/antigravity/resources/app/out/nls.messages.json","locale":"en-us","availableLanguages":{}}'), ('XDG_SESSION_TYPE', 'x11'), ('SHLVL', '0'), ('LD_LIBRARY_PATH', '/usr/lib/x86_64-linux-gnu/gazebo-11/plugins:/opt/ros/humble/opt/rviz_ogre_vendor/lib:/opt/ros/humble/lib/x86_64-linux-gnu:/opt/ros/humble/lib'), ('HOME', '/home/mustafa'), ('CHROME_DESKTOP', 'antigravity.desktop'), ('OLDPWD', '/home/mustafa/evoart_ws'), ('DESKTOP_SESSION', 'ubuntu'), ('VSCODE_IPC_HOOK', '/run/user/1000/vscode-de9dec49-1.10-main.sock'), ('GIO_LAUNCHED_DESKTOP_FILE', '/usr/share/applications/antigravity.desktop'), ('ROS_PYTHON_VERSION', '3'), ('GNOME_SHELL_SESSION_MODE', 'ubuntu'), ('GTK_MODULES', 'gail:atk-bridge'), ('PAGER', 'cat'), ('MANAGERPID', '2064'), ('SYSTEMD_EXEC_PID', '2377'), ('DBUS_SESSION_BUS_ADDRESS', 'unix:path=/run/user/1000/bus'), ('ANTIGRAVITY_AGENT', '1'), ('GIO_LAUNCHED_DESKTOP_FILE_PID', '16571'), ('ROS_DISTRO', 'humble'), ('GTK_IM_MODULE', 'ibus'), ('LOGNAME', 'mustafa'), ('JOURNAL_STREAM', '8:20000'), ('_', '/usr/bin/colcon'), ('ROS_VERSION', '2'), ('XDG_SESSION_CLASS', 'user'), ('USERNAME', 'mustafa'), ('TERM', 'dumb'), ('GNOME_DESKTOP_SESSION_ID', 'this-is-deprecated'), ('FC_FONTATIONS', '1'), ('ROS_LOCALHOST_ONLY', '0'), ('WINDOWPATH', '2'), ('ANTIGRAVITY_EDITOR_APP_ROOT', '/usr/share/antigravity/resources/app'), ('PATH', '/home/mustafa/.local/bin:/opt/ros/humble/bin:/home/mustafa/.local/bin:/usr/local/sbin:/usr/local/bin:/usr/sbin:/usr/bin:/sbin:/bin:/usr/games:/usr/local/games:/snap/bin:/snap/bin:/home/mustafa/.lmstudio/bin:/home/mustafa/.lmstudio/bin:/home/mustafa/.lmstudio/bin'), ('SESSION_MANAGER', 'local/mustafa-SLAYER-R9T:@/tmp/.ICE-unix/2353,unix/mustafa-SLAYER-R9T:/tmp/.ICE-unix/2353'), ('INVOCATION_ID', '30c711239b4c44dea1fe52cf17c255cb'), ('XDG_MENU_PREFIX', 'gnome-'), ('XDG_RUNTIME_DIR', '/run/user/1000'), ('GDK_BACKEND', 'x11'), ('DISPLAY', ':1'), ('LANG', 'tr_TR.UTF-8'), ('XDG_CURRENT_DESKTOP', 'ubuntu:GNOME'), ('XMODIFIERS', '@im=ibus'), ('XDG_SESSION_DESKTOP', 'ubuntu'), ('XAUTHORITY', '/run/user/1000/gdm/Xauthority'), ('LS_COLORS', ''), ('SSH_AGENT_LAUNCHER', 'gnome-keyring'), ('SSH_AUTH_SOCK', '/run/user/1000/keyring/ssh'), ('AMENT_PREFIX_PATH', '/opt/ros/humble'), ('SHELL', '/bin/bash'), ('QT_ACCESSIBILITY', '1'), ('GDMSESSION', 'ubuntu'), ('LESSCLOSE', '/usr/bin/lesspipe %s %s'), ('GPG_AGENT_INFO', '/run/user/1000/gnupg/S.gpg-agent:0:1'), ('GJS_DEBUG_OUTPUT', 'stderr'), ('QT_IM_MODULE', 'ibus'), ('ANTIGRAVITY_TRAJECTORY_ID', 'd21e033e-9055-4830-ac9a-28d07d715551'), ('PWD', '/home/mustafa/evoart_ws/build/evoart_description'), ('TURTLEBOT3_MODEL', 'waffle'), ('XDG_CONFIG_DIRS', '/etc/xdg/xdg-ubuntu:/etc/xdg'), ('VSCODE_CODE_CACHE_PATH', '/home/mustafa/.config/Antigravity/CachedData/15487b3041e65228cae24980a3f796c905ef582c'), ('XDG_DATA_DIRS', '/usr/share/ubuntu:/usr/share/gnome:/home/mustafa/.local/share/flatpak/exports/share:/var/lib/flatpak/exports/share:/usr/local/share/:/usr/share/:/var/lib/snapd/desktop'), ('PYTHONPATH', '/opt/ros/humble/lib/python3.10/site-packages:/opt/ros/humble/local/lib/python3.10/dist-packages'), ('COLCON', '1'), ('VSCODE_PID', '16571'), ('CMAKE_PREFIX_PATH', '/opt/ros/humble')]), 'shell': False}
[0.046661] (evoart_navigation) CommandEnded: {'returncode': 0}
[0.046965] (evoart_navigation) JobProgress: {'identifier': 'evoart_navigation', 'progress': 'install'}
[0.047071] (evoart_navigation) Command: {'cmd': ['/usr/bin/cmake', '--install', '/home/mustafa/evoart_ws/build/evoart_navigation'], 'cwd': '/home/mustafa/evoart_ws/build/evoart_navigation', 'env': OrderedDict([('GJS_DEBUG_TOPICS', 'JS ERROR;JS LOG'), ('LESSOPEN', '| /usr/bin/lesspipe %s'), ('VSCODE_CWD', '/home/mustafa'), ('USER', 'mustafa'), ('VSCODE_NLS_CONFIG', '{"userLocale":"en-us","osLocale":"tr-tr","resolvedLanguage":"en","defaultMessagesFile":"/usr/share/antigravity/resources/app/out/nls.messages.json","locale":"en-us","availableLanguages":{}}'), ('XDG_SESSION_TYPE', 'x11'), ('SHLVL', '0'), ('LD_LIBRARY_PATH', '/usr/lib/x86_64-linux-gnu/gazebo-11/plugins:/opt/ros/humble/opt/rviz_ogre_vendor/lib:/opt/ros/humble/lib/x86_64-linux-gnu:/opt/ros/humble/lib'), ('HOME', '/home/mustafa'), ('CHROME_DESKTOP', 'antigravity.desktop'), ('OLDPWD', '/home/mustafa/evoart_ws'), ('DESKTOP_SESSION', 'ubuntu'), ('VSCODE_IPC_HOOK', '/run/user/1000/vscode-de9dec49-1.10-main.sock'), ('GIO_LAUNCHED_DESKTOP_FILE', '/usr/share/applications/antigravity.desktop'), ('ROS_PYTHON_VERSION', '3'), ('GNOME_SHELL_SESSION_MODE', 'ubuntu'), ('GTK_MODULES', 'gail:atk-bridge'), ('PAGER', 'cat'), ('MANAGERPID', '2064'), ('SYSTEMD_EXEC_PID', '2377'), ('DBUS_SESSION_BUS_ADDRESS', 'unix:path=/run/user/1000/bus'), ('ANTIGRAVITY_AGENT', '1'), ('GIO_LAUNCHED_DESKTOP_FILE_PID', '16571'), ('ROS_DISTRO', 'humble'), ('GTK_IM_MODULE', 'ibus'), ('LOGNAME', 'mustafa'), ('JOURNAL_STREAM', '8:20000'), ('_', '/usr/bin/colcon'), ('ROS_VERSION', '2'), ('XDG_SESSION_CLASS', 'user'), ('USERNAME', 'mustafa'), ('TERM', 'dumb'), ('GNOME_DESKTOP_SESSION_ID', 'this-is-deprecated'), ('FC_FONTATIONS', '1'), ('ROS_LOCALHOST_ONLY', '0'), ('WINDOWPATH', '2'), ('ANTIGRAVITY_EDITOR_APP_ROOT', '/usr/share/antigravity/resources/app'), ('PATH', '/home/mustafa/.local/bin:/opt/ros/humble/bin:/home/mustafa/.local/bin:/usr/local/sbin:/usr/local/bin:/usr/sbin:/usr/bin:/sbin:/bin:/usr/games:/usr/local/games:/snap/bin:/snap/bin:/home/mustafa/.lmstudio/bin:/home/mustafa/.lmstudio/bin:/home/mustafa/.lmstudio/bin'), ('SESSION_MANAGER', 'local/mustafa-SLAYER-R9T:@/tmp/.ICE-unix/2353,unix/mustafa-SLAYER-R9T:/tmp/.ICE-unix/2353'), ('INVOCATION_ID', '30c711239b4c44dea1fe52cf17c255cb'), ('XDG_MENU_PREFIX', 'gnome-'), ('XDG_RUNTIME_DIR', '/run/user/1000'), ('GDK_BACKEND', 'x11'), ('DISPLAY', ':1'), ('LANG', 'tr_TR.UTF-8'), ('XDG_CURRENT_DESKTOP', 'ubuntu:GNOME'), ('XMODIFIERS', '@im=ibus'), ('XDG_SESSION_DESKTOP', 'ubuntu'), ('XAUTHORITY', '/run/user/1000/gdm/Xauthority'), ('LS_COLORS', ''), ('SSH_AGENT_LAUNCHER', 'gnome-keyring'), ('SSH_AUTH_SOCK', '/run/user/1000/keyring/ssh'), ('AMENT_PREFIX_PATH', '/opt/ros/humble'), ('SHELL', '/bin/bash'), ('QT_ACCESSIBILITY', '1'), ('GDMSESSION', 'ubuntu'), ('LESSCLOSE', '/usr/bin/lesspipe %s %s'), ('GPG_AGENT_INFO', '/run/user/1000/gnupg/S.gpg-agent:0:1'), ('GJS_DEBUG_OUTPUT', 'stderr'), ('QT_IM_MODULE', 'ibus'), ('ANTIGRAVITY_TRAJECTORY_ID', 'd21e033e-9055-4830-ac9a-28d07d715551'), ('PWD', '/home/mustafa/evoart_ws/build/evoart_navigation'), ('TURTLEBOT3_MODEL', 'waffle'), ('XDG_CONFIG_DIRS', '/etc/xdg/xdg-ubuntu:/etc/xdg'), ('VSCODE_CODE_CACHE_PATH', '/home/mustafa/.config/Antigravity/CachedData/15487b3041e65228cae24980a3f796c905ef582c'), ('XDG_DATA_DIRS', '/usr/share/ubuntu:/usr/share/gnome:/home/mustafa/.local/share/flatpak/exports/share:/var/lib/flatpak/exports/share:/usr/local/share/:/usr/share/:/var/lib/snapd/desktop'), ('PYTHONPATH', '/opt/ros/humble/lib/python3.10/site-packages:/opt/ros/humble/local/lib/python3.10/dist-packages'), ('COLCON', '1'), ('VSCODE_PID', '16571'), ('CMAKE_PREFIX_PATH', '/opt/ros/humble')]), 'shell': False}
[0.051470] (evoart_description) StdoutLine: {'line': b'-- Install configuration: ""\n'}
[0.051625] (evoart_description) StdoutLine: {'line': b'-- Up-to-date: /home/mustafa/evoart_ws/install/evoart_description/share/evoart_description/urdf\n'}
[0.051706] (evoart_description) StdoutLine: {'line': b'-- Up-to-date: /home/mustafa/evoart_ws/install/evoart_description/share/evoart_description/urdf/robotaksi.urdf.xacro\n'}
[0.051830] (evoart_description) StdoutLine: {'line': b'-- Up-to-date: /home/mustafa/evoart_ws/install/evoart_description/share/evoart_description/meshes\n'}
[0.051901] (evoart_description) StdoutLine: {'line': b'-- Up-to-date: /home/mustafa/evoart_ws/install/evoart_description/share/evoart_description/launch\n'}
[0.051946] (evoart_description) StdoutLine: {'line': b'-- Up-to-date: /home/mustafa/evoart_ws/install/evoart_description/share/evoart_description/launch/gazebo.launch.py\n'}
[0.052028] (evoart_description) StdoutLine: {'line': b'-- Up-to-date: /home/mustafa/evoart_ws/install/evoart_description/share/evoart_description/launch/display.launch.py\n'}
[0.052101] (evoart_description) StdoutLine: {'line': b'-- Up-to-date: /home/mustafa/evoart_ws/install/evoart_description/share/evoart_description/rviz\n'}
[0.052196] (evoart_description) StdoutLine: {'line': b'-- Up-to-date: /home/mustafa/evoart_ws/install/evoart_description/share/evoart_description/rviz/robotaksi.rviz\n'}
[0.052238] (evoart_description) StdoutLine: {'line': b'-- Up-to-date: /home/mustafa/evoart_ws/install/evoart_description/share/evoart_description/worlds\n'}
[0.052372] (evoart_description) StdoutLine: {'line': b'-- Up-to-date: /home/mustafa/evoart_ws/install/evoart_description/share/evoart_description/worlds/teknofest_city.sdf\n'}
[0.052466] (evoart_description) StdoutLine: {'line': b'-- Up-to-date: /home/mustafa/evoart_ws/install/evoart_description/share/evoart_description/models\n'}
[0.052635] (evoart_description) StdoutLine: {'line': b'-- Up-to-date: /home/mustafa/evoart_ws/install/evoart_description/share/evoart_description/models/SagaDonulmezTabelasi\n'}
[0.052675] (evoart_description) StdoutLine: {'line': b'-- Up-to-date: /home/mustafa/evoart_ws/install/evoart_description/share/evoart_description/models/SagaDonulmezTabelasi/meshes\n'}
[0.052756] (evoart_description) StdoutLine: {'line': b'-- Up-to-date: /home/mustafa/evoart_ws/install/evoart_description/share/evoart_description/models/SagaDonulmezTabelasi/meshes/SagaDonulmezTabelasi.dae\n'}
[0.052890] (evoart_description) StdoutLine: {'line': b'-- Up-to-date: /home/mustafa/evoart_ws/install/evoart_description/share/evoart_description/models/SagaDonulmezTabelasi/model.config\n'}
[0.052946] (evoart_description) StdoutLine: {'line': b'-- Up-to-date: /home/mustafa/evoart_ws/install/evoart_description/share/evoart_description/models/SagaDonulmezTabelasi/model.sdf\n'}
[0.053072] (evoart_description) StdoutLine: {'line': b'-- Up-to-date: /home/mustafa/evoart_ws/install/evoart_description/share/evoart_description/models/AzamiHizSiniri20\n'}
[0.053197] (evoart_description) StdoutLine: {'line': b'-- Up-to-date: /home/mustafa/evoart_ws/install/evoart_description/share/evoart_description/models/AzamiHizSiniri20/meshes\n'}
[0.053238] (evoart_description) StdoutLine: {'line': b'-- Up-to-date: /home/mustafa/evoart_ws/install/evoart_description/share/evoart_description/models/AzamiHizSiniri20/meshes/AzamiHizSiniri20.dae\n'}
[0.053349] (evoart_description) StdoutLine: {'line': b'-- Up-to-date: /home/mustafa/evoart_ws/install/evoart_description/share/evoart_description/models/AzamiHizSiniri20/model.config\n'}
[0.053401] (evoart_description) StdoutLine: {'line': b'-- Up-to-date: /home/mustafa/evoart_ws/install/evoart_description/share/evoart_description/models/AzamiHizSiniri20/model.sdf\n'}
[0.053441] (evoart_description) StdoutLine: {'line': b'-- Up-to-date: /home/mustafa/evoart_ws/install/evoart_description/share/evoart_description/models/ParkEtmekYasaktirTabelasi\n'}
[0.053601] (evoart_description) StdoutLine: {'line': b'-- Up-to-date: /home/mustafa/evoart_ws/install/evoart_description/share/evoart_description/models/ParkEtmekYasaktirTabelasi/meshes\n'}
[0.053654] (evoart_description) StdoutLine: {'line': b'-- Up-to-date: /home/mustafa/evoart_ws/install/evoart_description/share/evoart_description/models/ParkEtmekYasaktirTabelasi/meshes/ParkEtmekYasaktirTabelasi.dae\n'}
[0.053711] (evoart_description) StdoutLine: {'line': b'-- Up-to-date: /home/mustafa/evoart_ws/install/evoart_description/share/evoart_description/models/ParkEtmekYasaktirTabelasi/model.config\n'}
[0.053798] (evoart_description) StdoutLine: {'line': b'-- Up-to-date: /home/mustafa/evoart_ws/install/evoart_description/share/evoart_description/models/ParkEtmekYasaktirTabelasi/model.sdf\n'}
[0.053875] (evoart_description) StdoutLine: {'line': b'-- Up-to-date: /home/mustafa/evoart_ws/install/evoart_description/share/evoart_description/models/ParkYeriTabelasi\n'}
[0.053917] (evoart_description) StdoutLine: {'line': b'-- Up-to-date: /home/mustafa/evoart_ws/install/evoart_description/share/evoart_description/models/ParkYeriTabelasi/meshes\n'}
[0.053953] (evoart_description) StdoutLine: {'line': b'-- Up-to-date: /home/mustafa/evoart_ws/install/evoart_description/share/evoart_description/models/ParkYeriTabelasi/meshes/ParkYeriTabelasi.dae\n'}
[0.053993] (evoart_description) StdoutLine: {'line': b'-- Up-to-date: /home/mustafa/evoart_ws/install/evoart_description/share/evoart_description/models/ParkYeriTabelasi/model.config\n'}
[0.054065] (evoart_description) StdoutLine: {'line': b'-- Up-to-date: /home/mustafa/evoart_ws/install/evoart_description/share/evoart_description/models/ParkYeriTabelasi/model.sdf\n'}
[0.054124] (evoart_description) StdoutLine: {'line': b'-- Up-to-date: /home/mustafa/evoart_ws/install/evoart_description/share/evoart_description/models/DurTabelasi\n'}
[0.054160] (evoart_description) StdoutLine: {'line': b'-- Up-to-date: /home/mustafa/evoart_ws/install/evoart_description/share/evoart_description/models/DurTabelasi/meshes\n'}
[0.054195] (evoart_description) StdoutLine: {'line': b'-- Up-to-date: /home/mustafa/evoart_ws/install/evoart_description/share/evoart_description/models/DurTabelasi/meshes/DurTabelasi.dae\n'}
[0.054240] (evoart_description) StdoutLine: {'line': b'-- Up-to-date: /home/mustafa/evoart_ws/install/evoart_description/share/evoart_description/models/DurTabelasi/model.config\n'}
[0.054275] (evoart_description) StdoutLine: {'line': b'-- Up-to-date: /home/mustafa/evoart_ws/install/evoart_description/share/evoart_description/models/DurTabelasi/model.sdf\n'}
[0.054310] (evoart_description) StdoutLine: {'line': b'-- Up-to-date: /home/mustafa/evoart_ws/install/evoart_description/share/evoart_description/models/KirmiziTrafikLambasi\n'}
[0.054345] (evoart_description) StdoutLine: {'line': b'-- Up-to-date: /home/mustafa/evoart_ws/install/evoart_description/share/evoart_description/models/KirmiziTrafikLambasi/meshes\n'}
[0.054381] (evoart_description) StdoutLine: {'line': b'-- Up-to-date: /home/mustafa/evoart_ws/install/evoart_description/share/evoart_description/models/KirmiziTrafikLambasi/meshes/KirmiziTrafikLambasi.dae\n'}
[0.054415] (evoart_navigation) StdoutLine: {'line': b'-- Install configuration: ""\n'}
[0.054463] (evoart_description) StdoutLine: {'line': b'-- Up-to-date: /home/mustafa/evoart_ws/install/evoart_description/share/evoart_description/models/KirmiziTrafikLambasi/model.config\n'}
[0.054499] (evoart_description) StdoutLine: {'line': b'-- Up-to-date: /home/mustafa/evoart_ws/install/evoart_description/share/evoart_description/models/KirmiziTrafikLambasi/model.sdf\n'}
[0.054537] (evoart_description) StdoutLine: {'line': b'-- Up-to-date: /home/mustafa/evoart_ws/install/evoart_description/share/evoart_description/models/RoboTaksiPist2024\n'}
[0.054572] (evoart_description) StdoutLine: {'line': b'-- Up-to-date: /home/mustafa/evoart_ws/install/evoart_description/share/evoart_description/models/RoboTaksiPist2024/meshes\n'}
[0.054606] (evoart_navigation) StdoutLine: {'line': b'-- Up-to-date: /home/mustafa/evoart_ws/install/evoart_navigation/share/evoart_navigation/config\n'}
[0.054641] (evoart_navigation) StdoutLine: {'line': b'-- Up-to-date: /home/mustafa/evoart_ws/install/evoart_navigation/share/evoart_navigation/config/ekf.yaml\n'}
[0.054700] (evoart_description) StdoutLine: {'line': b'-- Up-to-date: /home/mustafa/evoart_ws/install/evoart_description/share/evoart_description/models/RoboTaksiPist2024/meshes/RoboTaksiPist2024.dae\n'}
[0.054802] (evoart_navigation) StdoutLine: {'line': b'-- Installing: /home/mustafa/evoart_ws/install/evoart_navigation/share/evoart_navigation/config/nav2_params.yaml\n'}
[0.054843] (evoart_description) StdoutLine: {'line': b'-- Up-to-date: /home/mustafa/evoart_ws/install/evoart_description/share/evoart_description/models/RoboTaksiPist2024/meshes/RoboTaksiPist2024_1.dae\n'}
[0.054921] (evoart_description) StdoutLine: {'line': b'-- Up-to-date: /home/mustafa/evoart_ws/install/evoart_description/share/evoart_description/models/RoboTaksiPist2024/meshes/RoboTaksiPist2024_0.dae\n'}
[0.054963] (evoart_description) StdoutLine: {'line': b'-- Up-to-date: /home/mustafa/evoart_ws/install/evoart_description/share/evoart_description/models/RoboTaksiPist2024/model.config\n'}
[0.055014] (evoart_description) StdoutLine: {'line': b'-- Up-to-date: /home/mustafa/evoart_ws/install/evoart_description/share/evoart_description/models/RoboTaksiPist2024/model.sdf\n'}
[0.055055] (evoart_description) StdoutLine: {'line': b'-- Up-to-date: /home/mustafa/evoart_ws/install/evoart_description/share/evoart_description/models/SolaDonulmezTabelasi\n'}
[0.055116] (evoart_description) StdoutLine: {'line': b'-- Up-to-date: /home/mustafa/evoart_ws/install/evoart_description/share/evoart_description/models/SolaDonulmezTabelasi/meshes\n'}
[0.055156] (evoart_description) StdoutLine: {'line': b'-- Up-to-date: /home/mustafa/evoart_ws/install/evoart_description/share/evoart_description/models/SolaDonulmezTabelasi/meshes/SolaDonulmezTabelasi.dae\n'}
[0.055196] (evoart_description) StdoutLine: {'line': b'-- Up-to-date: /home/mustafa/evoart_ws/install/evoart_description/share/evoart_description/models/SolaDonulmezTabelasi/model.config\n'}
[0.055236] (evoart_description) StdoutLine: {'line': b'-- Up-to-date: /home/mustafa/evoart_ws/install/evoart_description/share/evoart_description/models/SolaDonulmezTabelasi/model.sdf\n'}
[0.055275] (evoart_description) StdoutLine: {'line': b'-- Up-to-date: /home/mustafa/evoart_ws/install/evoart_description/share/evoart_description/models/DonelKavsakTabelasi\n'}
[0.055316] (evoart_navigation) StdoutLine: {'line': b'-- Up-to-date: /home/mustafa/evoart_ws/install/evoart_navigation/share/evoart_navigation/launch\n'}
[0.055356] (evoart_description) StdoutLine: {'line': b'-- Up-to-date: /home/mustafa/evoart_ws/install/evoart_description/share/evoart_description/models/DonelKavsakTabelasi/meshes\n'}
[0.055456] (evoart_description) StdoutLine: {'line': b'-- Up-to-date: /home/mustafa/evoart_ws/install/evoart_description/share/evoart_description/models/DonelKavsakTabelasi/meshes/DonelKavsakTabelasi.dae\n'}
[0.055497] (evoart_description) StdoutLine: {'line': b'-- Up-to-date: /home/mustafa/evoart_ws/install/evoart_description/share/evoart_description/models/DonelKavsakTabelasi/model.config\n'}
[0.055573] (evoart_description) StdoutLine: {'line': b'-- Up-to-date: /home/mustafa/evoart_ws/install/evoart_description/share/evoart_description/models/DonelKavsakTabelasi/model.sdf\n'}
[0.055616] (evoart_description) StdoutLine: {'line': b'-- Up-to-date: /home/mustafa/evoart_ws/install/evoart_description/share/evoart_description/models/DurakTabelasi\n'}
[0.055664] (evoart_description) StdoutLine: {'line': b'-- Up-to-date: /home/mustafa/evoart_ws/install/evoart_description/share/evoart_description/models/DurakTabelasi/meshes\n'}
[0.055713] (evoart_navigation) StdoutLine: {'line': b'-- Up-to-date: /home/mustafa/evoart_ws/install/evoart_navigation/share/evoart_navigation/launch/navigation.launch.py\n'}
[0.055913] (evoart_navigation) StdoutLine: {'line': b'-- Up-to-date: /home/mustafa/evoart_ws/install/evoart_navigation/share/evoart_navigation/maps\n'}
[0.056100] (evoart_navigation) StdoutLine: {'line': b'-- Up-to-date: /home/mustafa/evoart_ws/install/evoart_navigation/share/evoart_navigation/maps/robotaksi_pist.yaml\n'}
[0.056139] (evoart_navigation) StdoutLine: {'line': b'-- Up-to-date: /home/mustafa/evoart_ws/install/evoart_navigation/share/evoart_navigation/maps/robotaksi_pis.pgm\n'}
[0.056177] (evoart_description) StdoutLine: {'line': b'-- Up-to-date: /home/mustafa/evoart_ws/install/evoart_description/share/evoart_description/models/DurakTabelasi/meshes/DurakTabelasi.dae\n'}
[0.056276] (evoart_description) StdoutLine: {'line': b'-- Up-to-date: /home/mustafa/evoart_ws/install/evoart_description/share/evoart_description/models/DurakTabelasi/model.config\n'}
[0.056316] (evoart_description) StdoutLine: {'line': b'-- Up-to-date: /home/mustafa/evoart_ws/install/evoart_description/share/evoart_description/models/DurakTabelasi/model.sdf\n'}
[0.056354] (evoart_navigation) StdoutLine: {'line': b'-- Up-to-date: /home/mustafa/evoart_ws/install/evoart_navigation/share/ament_index/resource_index/package_run_dependencies/evoart_navigation\n'}
[0.056400] (evoart_description) StdoutLine: {'line': b'-- Up-to-date: /home/mustafa/evoart_ws/install/evoart_description/share/evoart_description/models/GirisiOlmayanYolTabelasi\n'}
[0.056502] (evoart_navigation) StdoutLine: {'line': b'-- Up-to-date: /home/mustafa/evoart_ws/install/evoart_navigation/share/ament_index/resource_index/parent_prefix_path/evoart_navigation\n'}
[0.056543] (evoart_description) StdoutLine: {'line': b'-- Up-to-date: /home/mustafa/evoart_ws/install/evoart_description/share/evoart_description/models/GirisiOlmayanYolTabelasi/meshes\n'}
[0.056583] (evoart_description) StdoutLine: {'line': b'-- Up-to-date: /home/mustafa/evoart_ws/install/evoart_description/share/evoart_description/models/GirisiOlmayanYolTabelasi/meshes/GirisiOlmayanYolTabelasi.dae\n'}
[0.056629] (evoart_navigation) StdoutLine: {'line': b'-- Up-to-date: /home/mustafa/evoart_ws/install/evoart_navigation/share/evoart_navigation/environment/ament_prefix_path.sh\n'}
[0.056708] (evoart_description) StdoutLine: {'line': b'-- Up-to-date: /home/mustafa/evoart_ws/install/evoart_description/share/evoart_description/models/GirisiOlmayanYolTabelasi/model.config\n'}
[0.056885] (evoart_description) StdoutLine: {'line': b'-- Up-to-date: /home/mustafa/evoart_ws/install/evoart_description/share/evoart_description/models/GirisiOlmayanYolTabelasi/model.sdf\n'}
[0.056935] (evoart_description) StdoutLine: {'line': b'-- Up-to-date: /home/mustafa/evoart_ws/install/evoart_description/share/evoart_description/models/SagaMecburiYonTabelasi\n'}
[0.056977] (evoart_description) StdoutLine: {'line': b'-- Up-to-date: /home/mustafa/evoart_ws/install/evoart_description/share/evoart_description/models/SagaMecburiYonTabelasi/meshes\n'}
[0.057020] (evoart_navigation) StdoutLine: {'line': b'-- Up-to-date: /home/mustafa/evoart_ws/install/evoart_navigation/share/evoart_navigation/environment/ament_prefix_path.dsv\n'}
[0.057192] (evoart_navigation) StdoutLine: {'line': b'-- Up-to-date: /home/mustafa/evoart_ws/install/evoart_navigation/share/evoart_navigation/environment/path.sh\n'}
[0.057245] (evoart_navigation) StdoutLine: {'line': b'-- Up-to-date: /home/mustafa/evoart_ws/install/evoart_navigation/share/evoart_navigation/environment/path.dsv\n'}
[0.057312] (evoart_description) StdoutLine: {'line': b'-- Up-to-date: /home/mustafa/evoart_ws/install/evoart_description/share/evoart_description/models/SagaMecburiYonTabelasi/meshes/SagaMecburiYonTabelasi.dae\n'}
[0.057384] (evoart_description) StdoutLine: {'line': b'-- Up-to-date: /home/mustafa/evoart_ws/install/evoart_description/share/evoart_description/models/SagaMecburiYonTabelasi/model.config\n'}
[0.057424] (evoart_description) StdoutLine: {'line': b'-- Up-to-date: /home/mustafa/evoart_ws/install/evoart_description/share/evoart_description/models/SagaMecburiYonTabelasi/model.sdf\n'}
[0.057468] (evoart_description) StdoutLine: {'line': b'-- Up-to-date: /home/mustafa/evoart_ws/install/evoart_description/share/evoart_description/models/YesilTrafikLambasi\n'}
[0.057514] (evoart_navigation) StdoutLine: {'line': b'-- Up-to-date: /home/mustafa/evoart_ws/install/evoart_navigation/share/evoart_navigation/local_setup.bash\n'}
[0.057554] (evoart_navigation) StdoutLine: {'line': b'-- Up-to-date: /home/mustafa/evoart_ws/install/evoart_navigation/share/evoart_navigation/local_setup.sh\n'}
[0.057592] (evoart_description) StdoutLine: {'line': b'-- Up-to-date: /home/mustafa/evoart_ws/install/evoart_description/share/evoart_description/models/YesilTrafikLambasi/meshes\n'}
[0.057634] (evoart_description) StdoutLine: {'line': b'-- Up-to-date: /home/mustafa/evoart_ws/install/evoart_description/share/evoart_description/models/YesilTrafikLambasi/meshes/YesilTrafikLambasi.dae\n'}
[0.057676] (evoart_description) StdoutLine: {'line': b'-- Up-to-date: /home/mustafa/evoart_ws/install/evoart_description/share/evoart_description/models/YesilTrafikLambasi/model.config\n'}
[0.057721] (evoart_description) StdoutLine: {'line': b'-- Up-to-date: /home/mustafa/evoart_ws/install/evoart_description/share/evoart_description/models/YesilTrafikLambasi/model.sdf\n'}
[0.057813] (evoart_navigation) StdoutLine: {'line': b'-- Up-to-date: /home/mustafa/evoart_ws/install/evoart_navigation/share/evoart_navigation/local_setup.zsh\n'}
[0.057904] (evoart_navigation) StdoutLine: {'line': b'-- Up-to-date: /home/mustafa/evoart_ws/install/evoart_navigation/share/evoart_navigation/local_setup.dsv\n'}
[0.057945] (evoart_description) StdoutLine: {'line': b'-- Up-to-date: /home/mustafa/evoart_ws/install/evoart_description/share/evoart_description/models/Template\n'}
[0.057985] (evoart_description) StdoutLine: {'line': b'-- Up-to-date: /home/mustafa/evoart_ws/install/evoart_description/share/evoart_description/models/Template/meshes\n'}
[0.058023] (evoart_navigation) StdoutLine: {'line': b'-- Installing: /home/mustafa/evoart_ws/install/evoart_navigation/share/evoart_navigation/package.dsv\n'}
[0.058063] (evoart_description) StdoutLine: {'line': b'-- Up-to-date: /home/mustafa/evoart_ws/install/evoart_description/share/evoart_description/models/Template/model.config\n'}
[0.058103] (evoart_description) StdoutLine: {'line': b'-- Up-to-date: /home/mustafa/evoart_ws/install/evoart_description/share/evoart_description/models/Template/model.sdf\n'}
[0.058141] (evoart_description) StdoutLine: {'line': b'-- Up-to-date: /home/mustafa/evoart_ws/install/evoart_description/share/evoart_description/models/AzamiHizSiniri30\n'}
[0.058181] (evoart_description) StdoutLine: {'line': b'-- Up-to-date: /home/mustafa/evoart_ws/install/evoart_description/share/evoart_description/models/AzamiHizSiniri30/meshes\n'}
[0.058221] (evoart_description) StdoutLine: {'line': b'-- Up-to-date: /home/mustafa/evoart_ws/install/evoart_description/share/evoart_description/models/AzamiHizSiniri30/meshes/AzamiHizSiniri30.dae\n'}
[0.058261] (evoart_description) StdoutLine: {'line': b'-- Up-to-date: /home/mustafa/evoart_ws/install/evoart_description/share/evoart_description/models/AzamiHizSiniri30/model.config\n'}
[0.058301] (evoart_description) StdoutLine: {'line': b'-- Up-to-date: /home/mustafa/evoart_ws/install/evoart_description/share/evoart_description/models/AzamiHizSiniri30/model.sdf\n'}
[0.058342] (evoart_description) StdoutLine: {'line': b'-- Up-to-date: /home/mustafa/evoart_ws/install/evoart_description/share/evoart_description/models/SamBotBandirma\n'}
[0.058381] (evoart_navigation) StdoutLine: {'line': b'-- Up-to-date: /home/mustafa/evoart_ws/install/evoart_navigation/share/ament_index/resource_index/packages/evoart_navigation\n'}
[0.058425] (evoart_description) StdoutLine: {'line': b'-- Up-to-date: /home/mustafa/evoart_ws/install/evoart_description/share/evoart_description/models/SamBotBandirma/meshes\n'}
[0.058472] (evoart_description) StdoutLine: {'line': b'-- Up-to-date: /home/mustafa/evoart_ws/install/evoart_description/share/evoart_description/models/SamBotBandirma/meshes/SamBotBandirma.dae\n'}
[0.058511] (evoart_description) StdoutLine: {'line': b'-- Up-to-date: /home/mustafa/evoart_ws/install/evoart_description/share/evoart_description/models/SamBotBandirma/model.config\n'}
[0.058555] (evoart_description) StdoutLine: {'line': b'-- Up-to-date: /home/mustafa/evoart_ws/install/evoart_description/share/evoart_description/models/SamBotBandirma/model.sdf\n'}
[0.058635] (evoart_description) StdoutLine: {'line': b'-- Up-to-date: /home/mustafa/evoart_ws/install/evoart_description/share/evoart_description/models/SolaMecburiYonTabelasi\n'}
[0.058679] (evoart_navigation) StdoutLine: {'line': b'-- Up-to-date: /home/mustafa/evoart_ws/install/evoart_navigation/share/evoart_navigation/cmake/evoart_navigationConfig.cmake\n'}
[0.058719] (evoart_navigation) StdoutLine: {'line': b'-- Up-to-date: /home/mustafa/evoart_ws/install/evoart_navigation/share/evoart_navigation/cmake/evoart_navigationConfig-version.cmake\n'}
[0.058768] (evoart_navigation) StdoutLine: {'line': b'-- Up-to-date: /home/mustafa/evoart_ws/install/evoart_navigation/share/evoart_navigation/package.xml\n'}
[0.058853] (evoart_description) StdoutLine: {'line': b'-- Up-to-date: /home/mustafa/evoart_ws/install/evoart_description/share/evoart_description/models/SolaMecburiYonTabelasi/meshes\n'}
[0.058903] (evoart_description) StdoutLine: {'line': b'-- Up-to-date: /home/mustafa/evoart_ws/install/evoart_description/share/evoart_description/models/SolaMecburiYonTabelasi/meshes/SolaMecburiYonTabelasi.dae\n'}
[0.058946] (evoart_description) StdoutLine: {'line': b'-- Up-to-date: /home/mustafa/evoart_ws/install/evoart_description/share/evoart_description/models/SolaMecburiYonTabelasi/model.config\n'}
[0.058986] (evoart_description) StdoutLine: {'line': b'-- Up-to-date: /home/mustafa/evoart_ws/install/evoart_description/share/evoart_description/models/SolaMecburiYonTabelasi/model.sdf\n'}
[0.059164] (evoart_description) StdoutLine: {'line': b'-- Up-to-date: /home/mustafa/evoart_ws/install/evoart_description/share/ament_index/resource_index/package_run_dependencies/evoart_description\n'}
[0.059205] (evoart_description) StdoutLine: {'line': b'-- Up-to-date: /home/mustafa/evoart_ws/install/evoart_description/share/ament_index/resource_index/parent_prefix_path/evoart_description\n'}
[0.059274] (evoart_description) StdoutLine: {'line': b'-- Up-to-date: /home/mustafa/evoart_ws/install/evoart_description/share/evoart_description/environment/ament_prefix_path.sh\n'}
[0.059314] (evoart_description) StdoutLine: {'line': b'-- Up-to-date: /home/mustafa/evoart_ws/install/evoart_description/share/evoart_description/environment/ament_prefix_path.dsv\n'}
[0.059357] (evoart_description) StdoutLine: {'line': b'-- Up-to-date: /home/mustafa/evoart_ws/install/evoart_description/share/evoart_description/environment/path.sh\n'}
[0.059402] (evoart_description) StdoutLine: {'line': b'-- Up-to-date: /home/mustafa/evoart_ws/install/evoart_description/share/evoart_description/environment/path.dsv\n'}
[0.059442] (evoart_description) StdoutLine: {'line': b'-- Up-to-date: /home/mustafa/evoart_ws/install/evoart_description/share/evoart_description/local_setup.bash\n'}
[0.059486] (evoart_description) StdoutLine: {'line': b'-- Up-to-date: /home/mustafa/evoart_ws/install/evoart_description/share/evoart_description/local_setup.sh\n'}
[0.059526] (evoart_description) StdoutLine: {'line': b'-- Up-to-date: /home/mustafa/evoart_ws/install/evoart_description/share/evoart_description/local_setup.zsh\n'}
[0.059575] (evoart_description) StdoutLine: {'line': b'-- Up-to-date: /home/mustafa/evoart_ws/install/evoart_description/share/evoart_description/local_setup.dsv\n'}
[0.059650] (evoart_description) StdoutLine: {'line': b'-- Installing: /home/mustafa/evoart_ws/install/evoart_description/share/evoart_description/package.dsv\n'}
[0.059697] (evoart_description) StdoutLine: {'line': b'-- Up-to-date: /home/mustafa/evoart_ws/install/evoart_description/share/ament_index/resource_index/packages/evoart_description\n'}
[0.059742] (evoart_description) StdoutLine: {'line': b'-- Up-to-date: /home/mustafa/evoart_ws/install/evoart_description/share/evoart_description/cmake/evoart_descriptionConfig.cmake\n'}
[0.059829] (evoart_description) StdoutLine: {'line': b'-- Up-to-date: /home/mustafa/evoart_ws/install/evoart_description/share/evoart_description/cmake/evoart_descriptionConfig-version.cmake\n'}
[0.059870] (evoart_description) StdoutLine: {'line': b'-- Up-to-date: /home/mustafa/evoart_ws/install/evoart_description/share/evoart_description/package.xml\n'}
[0.059911] (evoart_navigation) CommandEnded: {'returncode': 0}
[0.068722] (evoart_navigation) JobEnded: {'identifier': 'evoart_navigation', 'rc': 0}
[0.069033] (evoart_description) CommandEnded: {'returncode': 0}
[0.076826] (evoart_description) JobEnded: {'identifier': 'evoart_description', 'rc': 0}
[0.077520] (evoart_bringup) JobStarted: {'identifier': 'evoart_bringup'}
[0.084814] (evoart_bringup) JobProgress: {'identifier': 'evoart_bringup', 'progress': 'cmake'}
[0.085160] (evoart_bringup) JobProgress: {'identifier': 'evoart_bringup', 'progress': 'build'}
[0.085354] (evoart_bringup) Command: {'cmd': ['/usr/bin/cmake', '--build', '/home/mustafa/evoart_ws/build/evoart_bringup', '--', '-j32', '-l32'], 'cwd': '/home/mustafa/evoart_ws/build/evoart_bringup', 'env': OrderedDict([('GJS_DEBUG_TOPICS', 'JS ERROR;JS LOG'), ('LESSOPEN', '| /usr/bin/lesspipe %s'), ('VSCODE_CWD', '/home/mustafa'), ('USER', 'mustafa'), ('VSCODE_NLS_CONFIG', '{"userLocale":"en-us","osLocale":"tr-tr","resolvedLanguage":"en","defaultMessagesFile":"/usr/share/antigravity/resources/app/out/nls.messages.json","locale":"en-us","availableLanguages":{}}'), ('XDG_SESSION_TYPE', 'x11'), ('SHLVL', '0'), ('LD_LIBRARY_PATH', '/home/mustafa/evoart_ws/install/evoart_interfaces/lib:/usr/lib/x86_64-linux-gnu/gazebo-11/plugins:/opt/ros/humble/opt/rviz_ogre_vendor/lib:/opt/ros/humble/lib/x86_64-linux-gnu:/opt/ros/humble/lib'), ('HOME', '/home/mustafa'), ('CHROME_DESKTOP', 'antigravity.desktop'), ('OLDPWD', '/home/mustafa/evoart_ws'), ('DESKTOP_SESSION', 'ubuntu'), ('VSCODE_IPC_HOOK', '/run/user/1000/vscode-de9dec49-1.10-main.sock'), ('GIO_LAUNCHED_DESKTOP_FILE', '/usr/share/applications/antigravity.desktop'), ('ROS_PYTHON_VERSION', '3'), ('GNOME_SHELL_SESSION_MODE', 'ubuntu'), ('GTK_MODULES', 'gail:atk-bridge'), ('PAGER', 'cat'), ('MANAGERPID', '2064'), ('SYSTEMD_EXEC_PID', '2377'), ('DBUS_SESSION_BUS_ADDRESS', 'unix:path=/run/user/1000/bus'), ('ANTIGRAVITY_AGENT', '1'), ('GIO_LAUNCHED_DESKTOP_FILE_PID', '16571'), ('ROS_DISTRO', 'humble'), ('GTK_IM_MODULE', 'ibus'), ('LOGNAME', 'mustafa'), ('JOURNAL_STREAM', '8:20000'), ('_', '/usr/bin/colcon'), ('ROS_VERSION', '2'), ('XDG_SESSION_CLASS', 'user'), ('USERNAME', 'mustafa'), ('TERM', 'dumb'), ('GNOME_DESKTOP_SESSION_ID', 'this-is-deprecated'), ('FC_FONTATIONS', '1'), ('ROS_LOCALHOST_ONLY', '0'), ('WINDOWPATH', '2'), ('ANTIGRAVITY_EDITOR_APP_ROOT', '/usr/share/antigravity/resources/app'), ('PATH', '/home/mustafa/.local/bin:/opt/ros/humble/bin:/home/mustafa/.local/bin:/usr/local/sbin:/usr/local/bin:/usr/sbin:/usr/bin:/sbin:/bin:/usr/games:/usr/local/games:/snap/bin:/snap/bin:/home/mustafa/.lmstudio/bin:/home/mustafa/.lmstudio/bin:/home/mustafa/.lmstudio/bin'), ('SESSION_MANAGER', 'local/mustafa-SLAYER-R9T:@/tmp/.ICE-unix/2353,unix/mustafa-SLAYER-R9T:/tmp/.ICE-unix/2353'), ('INVOCATION_ID', '30c711239b4c44dea1fe52cf17c255cb'), ('XDG_MENU_PREFIX', 'gnome-'), ('XDG_RUNTIME_DIR', '/run/user/1000'), ('GDK_BACKEND', 'x11'), ('DISPLAY', ':1'), ('LANG', 'tr_TR.UTF-8'), ('XDG_CURRENT_DESKTOP', 'ubuntu:GNOME'), ('XMODIFIERS', '@im=ibus'), ('XDG_SESSION_DESKTOP', 'ubuntu'), ('XAUTHORITY', '/run/user/1000/gdm/Xauthority'), ('LS_COLORS', ''), ('SSH_AGENT_LAUNCHER', 'gnome-keyring'), ('SSH_AUTH_SOCK', '/run/user/1000/keyring/ssh'), ('AMENT_PREFIX_PATH', '/home/mustafa/evoart_ws/install/evoart_control:/home/mustafa/evoart_ws/install/evoart_navigation:/home/mustafa/evoart_ws/install/evoart_interfaces:/home/mustafa/evoart_ws/install/evoart_description:/opt/ros/humble'), ('SHELL', '/bin/bash'), ('QT_ACCESSIBILITY', '1'), ('GDMSESSION', 'ubuntu'), ('LESSCLOSE', '/usr/bin/lesspipe %s %s'), ('GPG_AGENT_INFO', '/run/user/1000/gnupg/S.gpg-agent:0:1'), ('GJS_DEBUG_OUTPUT', 'stderr'), ('QT_IM_MODULE', 'ibus'), ('ANTIGRAVITY_TRAJECTORY_ID', 'd21e033e-9055-4830-ac9a-28d07d715551'), ('PWD', '/home/mustafa/evoart_ws/build/evoart_bringup'), ('TURTLEBOT3_MODEL', 'waffle'), ('XDG_CONFIG_DIRS', '/etc/xdg/xdg-ubuntu:/etc/xdg'), ('VSCODE_CODE_CACHE_PATH', '/home/mustafa/.config/Antigravity/CachedData/15487b3041e65228cae24980a3f796c905ef582c'), ('XDG_DATA_DIRS', '/usr/share/ubuntu:/usr/share/gnome:/home/mustafa/.local/share/flatpak/exports/share:/var/lib/flatpak/exports/share:/usr/local/share/:/usr/share/:/var/lib/snapd/desktop'), ('PYTHONPATH', '/home/mustafa/evoart_ws/install/evoart_interfaces/local/lib/python3.10/dist-packages:/opt/ros/humble/lib/python3.10/site-packages:/opt/ros/humble/local/lib/python3.10/dist-packages'), ('COLCON', '1'), ('VSCODE_PID', '16571'), ('CMAKE_PREFIX_PATH', '/home/mustafa/evoart_ws/install/evoart_control:/home/mustafa/evoart_ws/install/evoart_navigation:/home/mustafa/evoart_ws/install/evoart_interfaces:/home/mustafa/evoart_ws/install/evoart_description:/opt/ros/humble')]), 'shell': False}
[0.099734] (-) TimerEvent: {}
[0.115977] (evoart_bringup) CommandEnded: {'returncode': 0}
[0.116441] (evoart_bringup) JobProgress: {'identifier': 'evoart_bringup', 'progress': 'install'}
[0.116615] (evoart_bringup) Command: {'cmd': ['/usr/bin/cmake', '--install', '/home/mustafa/evoart_ws/build/evoart_bringup'], 'cwd': '/home/mustafa/evoart_ws/build/evoart_bringup', 'env': OrderedDict([('GJS_DEBUG_TOPICS', 'JS ERROR;JS LOG'), ('LESSOPEN', '| /usr/bin/lesspipe %s'), ('VSCODE_CWD', '/home/mustafa'), ('USER', 'mustafa'), ('VSCODE_NLS_CONFIG', '{"userLocale":"en-us","osLocale":"tr-tr","resolvedLanguage":"en","defaultMessagesFile":"/usr/share/antigravity/resources/app/out/nls.messages.json","locale":"en-us","availableLanguages":{}}'), ('XDG_SESSION_TYPE', 'x11'), ('SHLVL', '0'), ('LD_LIBRARY_PATH', '/home/mustafa/evoart_ws/install/evoart_interfaces/lib:/usr/lib/x86_64-linux-gnu/gazebo-11/plugins:/opt/ros/humble/opt/rviz_ogre_vendor/lib:/opt/ros/humble/lib/x86_64-linux-gnu:/opt/ros/humble/lib'), ('HOME', '/home/mustafa'), ('CHROME_DESKTOP', 'antigravity.desktop'), ('OLDPWD', '/home/mustafa/evoart_ws'), ('DESKTOP_SESSION', 'ubuntu'), ('VSCODE_IPC_HOOK', '/run/user/1000/vscode-de9dec49-1.10-main.sock'), ('GIO_LAUNCHED_DESKTOP_FILE', '/usr/share/applications/antigravity.desktop'), ('ROS_PYTHON_VERSION', '3'), ('GNOME_SHELL_SESSION_MODE', 'ubuntu'), ('GTK_MODULES', 'gail:atk-bridge'), ('PAGER', 'cat'), ('MANAGERPID', '2064'), ('SYSTEMD_EXEC_PID', '2377'), ('DBUS_SESSION_BUS_ADDRESS', 'unix:path=/run/user/1000/bus'), ('ANTIGRAVITY_AGENT', '1'), ('GIO_LAUNCHED_DESKTOP_FILE_PID', '16571'), ('ROS_DISTRO', 'humble'), ('GTK_IM_MODULE', 'ibus'), ('LOGNAME', 'mustafa'), ('JOURNAL_STREAM', '8:20000'), ('_', '/usr/bin/colcon'), ('ROS_VERSION', '2'), ('XDG_SESSION_CLASS', 'user'), ('USERNAME', 'mustafa'), ('TERM', 'dumb'), ('GNOME_DESKTOP_SESSION_ID', 'this-is-deprecated'), ('FC_FONTATIONS', '1'), ('ROS_LOCALHOST_ONLY', '0'), ('WINDOWPATH', '2'), ('ANTIGRAVITY_EDITOR_APP_ROOT', '/usr/share/antigravity/resources/app'), ('PATH', '/home/mustafa/.local/bin:/opt/ros/humble/bin:/home/mustafa/.local/bin:/usr/local/sbin:/usr/local/bin:/usr/sbin:/usr/bin:/sbin:/bin:/usr/games:/usr/local/games:/snap/bin:/snap/bin:/home/mustafa/.lmstudio/bin:/home/mustafa/.lmstudio/bin:/home/mustafa/.lmstudio/bin'), ('SESSION_MANAGER', 'local/mustafa-SLAYER-R9T:@/tmp/.ICE-unix/2353,unix/mustafa-SLAYER-R9T:/tmp/.ICE-unix/2353'), ('INVOCATION_ID', '30c711239b4c44dea1fe52cf17c255cb'), ('XDG_MENU_PREFIX', 'gnome-'), ('XDG_RUNTIME_DIR', '/run/user/1000'), ('GDK_BACKEND', 'x11'), ('DISPLAY', ':1'), ('LANG', 'tr_TR.UTF-8'), ('XDG_CURRENT_DESKTOP', 'ubuntu:GNOME'), ('XMODIFIERS', '@im=ibus'), ('XDG_SESSION_DESKTOP', 'ubuntu'), ('XAUTHORITY', '/run/user/1000/gdm/Xauthority'), ('LS_COLORS', ''), ('SSH_AGENT_LAUNCHER', 'gnome-keyring'), ('SSH_AUTH_SOCK', '/run/user/1000/keyring/ssh'), ('AMENT_PREFIX_PATH', '/home/mustafa/evoart_ws/install/evoart_control:/home/mustafa/evoart_ws/install/evoart_navigation:/home/mustafa/evoart_ws/install/evoart_interfaces:/home/mustafa/evoart_ws/install/evoart_description:/opt/ros/humble'), ('SHELL', '/bin/bash'), ('QT_ACCESSIBILITY', '1'), ('GDMSESSION', 'ubuntu'), ('LESSCLOSE', '/usr/bin/lesspipe %s %s'), ('GPG_AGENT_INFO', '/run/user/1000/gnupg/S.gpg-agent:0:1'), ('GJS_DEBUG_OUTPUT', 'stderr'), ('QT_IM_MODULE', 'ibus'), ('ANTIGRAVITY_TRAJECTORY_ID', 'd21e033e-9055-4830-ac9a-28d07d715551'), ('PWD', '/home/mustafa/evoart_ws/build/evoart_bringup'), ('TURTLEBOT3_MODEL', 'waffle'), ('XDG_CONFIG_DIRS', '/etc/xdg/xdg-ubuntu:/etc/xdg'), ('VSCODE_CODE_CACHE_PATH', '/home/mustafa/.config/Antigravity/CachedData/15487b3041e65228cae24980a3f796c905ef582c'), ('XDG_DATA_DIRS', '/usr/share/ubuntu:/usr/share/gnome:/home/mustafa/.local/share/flatpak/exports/share:/var/lib/flatpak/exports/share:/usr/local/share/:/usr/share/:/var/lib/snapd/desktop'), ('PYTHONPATH', '/home/mustafa/evoart_ws/install/evoart_interfaces/local/lib/python3.10/dist-packages:/opt/ros/humble/lib/python3.10/site-packages:/opt/ros/humble/local/lib/python3.10/dist-packages'), ('COLCON', '1'), ('VSCODE_PID', '16571'), ('CMAKE_PREFIX_PATH', '/home/mustafa/evoart_ws/install/evoart_control:/home/mustafa/evoart_ws/install/evoart_navigation:/home/mustafa/evoart_ws/install/evoart_interfaces:/home/mustafa/evoart_ws/install/evoart_description:/opt/ros/humble')]), 'shell': False}
[0.124431] (evoart_bringup) StdoutLine: {'line': b'-- Install configuration: ""\n'}
[0.124615] (evoart_bringup) StdoutLine: {'line': b'-- Up-to-date: /home/mustafa/evoart_ws/install/evoart_bringup/share/evoart_bringup/launch\n'}
[0.124672] (evoart_bringup) StdoutLine: {'line': b'-- Up-to-date: /home/mustafa/evoart_ws/install/evoart_bringup/share/evoart_bringup/launch/microros.launch.py\n'}
[0.124706] (evoart_bringup) StdoutLine: {'line': b'-- Up-to-date: /home/mustafa/evoart_ws/install/evoart_bringup/share/evoart_bringup/launch/sim_autonomous.launch.py\n'}
[0.124745] (evoart_bringup) StdoutLine: {'line': b'-- Up-to-date: /home/mustafa/evoart_ws/install/evoart_bringup/share/evoart_bringup/launch/robotaksi.launch.py\n'}
[0.124874] (evoart_bringup) StdoutLine: {'line': b'-- Up-to-date: /home/mustafa/evoart_ws/install/evoart_bringup/share/evoart_bringup/launch/sensors.launch.py\n'}
[0.124901] (evoart_bringup) StdoutLine: {'line': b'-- Up-to-date: /home/mustafa/evoart_ws/install/evoart_bringup/share/evoart_bringup/config\n'}
[0.124928] (evoart_bringup) StdoutLine: {'line': b'-- Up-to-date: /home/mustafa/evoart_ws/install/evoart_bringup/share/evoart_bringup/config/laserscan_filter.yaml\n'}
[0.124954] (evoart_bringup) StdoutLine: {'line': b'-- Up-to-date: /home/mustafa/evoart_ws/install/evoart_bringup/share/ament_index/resource_index/package_run_dependencies/evoart_bringup\n'}
[0.124993] (evoart_bringup) StdoutLine: {'line': b'-- Up-to-date: /home/mustafa/evoart_ws/install/evoart_bringup/share/ament_index/resource_index/parent_prefix_path/evoart_bringup\n'}
[0.125108] (evoart_bringup) StdoutLine: {'line': b'-- Up-to-date: /home/mustafa/evoart_ws/install/evoart_bringup/share/evoart_bringup/environment/ament_prefix_path.sh\n'}
[0.125138] (evoart_bringup) StdoutLine: {'line': b'-- Up-to-date: /home/mustafa/evoart_ws/install/evoart_bringup/share/evoart_bringup/environment/ament_prefix_path.dsv\n'}
[0.125165] (evoart_bringup) StdoutLine: {'line': b'-- Up-to-date: /home/mustafa/evoart_ws/install/evoart_bringup/share/evoart_bringup/environment/path.sh\n'}
[0.125192] (evoart_bringup) StdoutLine: {'line': b'-- Up-to-date: /home/mustafa/evoart_ws/install/evoart_bringup/share/evoart_bringup/environment/path.dsv\n'}
[0.125219] (evoart_bringup) StdoutLine: {'line': b'-- Up-to-date: /home/mustafa/evoart_ws/install/evoart_bringup/share/evoart_bringup/local_setup.bash\n'}
[0.125267] (evoart_bringup) StdoutLine: {'line': b'-- Up-to-date: /home/mustafa/evoart_ws/install/evoart_bringup/share/evoart_bringup/local_setup.sh\n'}
[0.125292] (evoart_bringup) StdoutLine: {'line': b'-- Up-to-date: /home/mustafa/evoart_ws/install/evoart_bringup/share/evoart_bringup/local_setup.zsh\n'}
[0.125316] (evoart_bringup) StdoutLine: {'line': b'-- Up-to-date: /home/mustafa/evoart_ws/install/evoart_bringup/share/evoart_bringup/local_setup.dsv\n'}
[0.125340] (evoart_bringup) StdoutLine: {'line': b'-- Installing: /home/mustafa/evoart_ws/install/evoart_bringup/share/evoart_bringup/package.dsv\n'}
[0.125368] (evoart_bringup) StdoutLine: {'line': b'-- Up-to-date: /home/mustafa/evoart_ws/install/evoart_bringup/share/ament_index/resource_index/packages/evoart_bringup\n'}
[0.125395] (evoart_bringup) StdoutLine: {'line': b'-- Up-to-date: /home/mustafa/evoart_ws/install/evoart_bringup/share/evoart_bringup/cmake/evoart_bringupConfig.cmake\n'}
[0.125420] (evoart_bringup) StdoutLine: {'line': b'-- Up-to-date: /home/mustafa/evoart_ws/install/evoart_bringup/share/evoart_bringup/cmake/evoart_bringupConfig-version.cmake\n'}
[0.125444] (evoart_bringup) StdoutLine: {'line': b'-- Up-to-date: /home/mustafa/evoart_ws/install/evoart_bringup/share/evoart_bringup/package.xml\n'}
[0.126446] (evoart_bringup) CommandEnded: {'returncode': 0}
[0.133442] (evoart_bringup) JobEnded: {'identifier': 'evoart_bringup', 'rc': 0}
[0.133724] (-) EventReactorShutdown: {}
