[0.066s] colcon DEBUG Command line arguments: ['/usr/bin/colcon', 'build', '--packages-select', 'evoart_description', 'evoart_navigation', 'evoart_bringup']
[0.066s] colcon DEBUG Parsed command line arguments: Namespace(log_base=None, log_level=None, verb_name='build', build_base='build', install_base='install', merge_install=False, symlink_install=False, test_result_base=None, continue_on_error=False, executor='parallel', parallel_workers=32, event_handlers=None, ignore_user_meta=False, metas=['./colcon.meta'], base_paths=['.'], packages_ignore=None, packages_ignore_regex=None, paths=None, packages_up_to=None, packages_up_to_regex=None, packages_above=None, packages_above_and_dependencies=None, packages_above_depth=None, packages_select_by_dep=None, packages_skip_by_dep=None, packages_skip_up_to=None, packages_select_build_failed=False, packages_skip_build_finished=False, packages_select_test_failures=False, packages_skip_test_passed=False, packages_select=['evoart_description', 'evoart_navigation', 'evoart_bringup'], packages_skip=None, packages_select_regex=None, packages_skip_regex=None, packages_start=None, packages_end=None, allow_overriding=[], cmake_args=None, cmake_target=None, cmake_target_skip_unavailable=False, cmake_clean_cache=False, cmake_clean_first=False, cmake_force_configure=False, ament_cmake_args=None, catkin_cmake_args=None, catkin_skip_building_tests=False, mixin_files=None, mixin=None, verb_parser=<colcon_mixin.mixin.mixin_argument.MixinArgumentDecorator object at 0x76ff2f7e1cf0>, verb_extension=<colcon_core.verb.build.BuildVerb object at 0x76ff2f9ae9b0>, main=<bound method BuildVerb.main of <colcon_core.verb.build.BuildVerb object at 0x76ff2f9ae9b0>>, mixin_verb=('build',))
[0.169s] colcon.colcon_core.package_discovery Level 1 discover_packages(colcon_meta) check parameters
[0.170s] colcon.colcon_core.package_discovery Level 1 discover_packages(recursive) check parameters
[0.170s] colcon.colcon_core.package_discovery Level 1 discover_packages(ignore) check parameters
[0.170s] colcon.colcon_core.package_discovery Level 1 discover_packages(path) check parameters
[0.170s] colcon.colcon_core.package_discovery Level 1 discover_packages(colcon_meta) discover
[0.170s] colcon.colcon_core.package_discovery Level 1 discover_packages(recursive) discover
[0.170s] colcon.colcon_core.package_discovery INFO Crawling recursively for packages in '/home/mustafa/evoart_ws'
[0.170s] colcon.colcon_core.package_identification Level 1 _identify(.) by extensions ['ignore', 'ignore_ament_install']
[0.170s] colcon.colcon_core.package_identification Level 1 _identify(.) by extension 'ignore'
[0.170s] colcon.colcon_core.package_identification Level 1 _identify(.) by extension 'ignore_ament_install'
[0.170s] colcon.colcon_core.package_identification Level 1 _identify(.) by extensions ['colcon_pkg']
[0.170s] colcon.colcon_core.package_identification Level 1 _identify(.) by extension 'colcon_pkg'
[0.170s] colcon.colcon_core.package_identification Level 1 _identify(.) by extensions ['colcon_meta']
[0.170s] colcon.colcon_core.package_identification Level 1 _identify(.) by extension 'colcon_meta'
[0.170s] colcon.colcon_core.package_identification Level 1 _identify(.) by extensions ['ros']
[0.170s] colcon.colcon_core.package_identification Level 1 _identify(.) by extension 'ros'
[0.186s] colcon.colcon_core.package_identification Level 1 _identify(.) by extensions ['cmake', 'python']
[0.187s] colcon.colcon_core.package_identification Level 1 _identify(.) by extension 'cmake'
[0.187s] colcon.colcon_core.package_identification Level 1 _identify(.) by extension 'python'
[0.187s] colcon.colcon_core.package_identification Level 1 _identify(.) by extensions ['python_setup_py']
[0.187s] colcon.colcon_core.package_identification Level 1 _identify(.) by extension 'python_setup_py'
[0.187s] colcon.colcon_core.package_identification Level 1 _identify(build) by extensions ['ignore', 'ignore_ament_install']
[0.187s] colcon.colcon_core.package_identification Level 1 _identify(build) by extension 'ignore'
[0.187s] colcon.colcon_core.package_identification Level 1 _identify(build) ignored
[0.187s] colcon.colcon_core.package_identification Level 1 _identify(install) by extensions ['ignore', 'ignore_ament_install']
[0.187s] colcon.colcon_core.package_identification Level 1 _identify(install) by extension 'ignore'
[0.187s] colcon.colcon_core.package_identification Level 1 _identify(install) ignored
[0.187s] colcon.colcon_core.package_identification Level 1 _identify(log) by extensions ['ignore', 'ignore_ament_install']
[0.187s] colcon.colcon_core.package_identification Level 1 _identify(log) by extension 'ignore'
[0.187s] colcon.colcon_core.package_identification Level 1 _identify(log) ignored
[0.187s] colcon.colcon_core.package_identification Level 1 _identify(src) by extensions ['ignore', 'ignore_ament_install']
[0.187s] colcon.colcon_core.package_identification Level 1 _identify(src) by extension 'ignore'
[0.187s] colcon.colcon_core.package_identification Level 1 _identify(src) by extension 'ignore_ament_install'
[0.187s] colcon.colcon_core.package_identification Level 1 _identify(src) by extensions ['colcon_pkg']
[0.187s] colcon.colcon_core.package_identification Level 1 _identify(src) by extension 'colcon_pkg'
[0.187s] colcon.colcon_core.package_identification Level 1 _identify(src) by extensions ['colcon_meta']
[0.187s] colcon.colcon_core.package_identification Level 1 _identify(src) by extension 'colcon_meta'
[0.187s] colcon.colcon_core.package_identification Level 1 _identify(src) by extensions ['ros']
[0.187s] colcon.colcon_core.package_identification Level 1 _identify(src) by extension 'ros'
[0.187s] colcon.colcon_core.package_identification Level 1 _identify(src) by extensions ['cmake', 'python']
[0.187s] colcon.colcon_core.package_identification Level 1 _identify(src) by extension 'cmake'
[0.187s] colcon.colcon_core.package_identification Level 1 _identify(src) by extension 'python'
[0.187s] colcon.colcon_core.package_identification Level 1 _identify(src) by extensions ['python_setup_py']
[0.187s] colcon.colcon_core.package_identification Level 1 _identify(src) by extension 'python_setup_py'
[0.187s] colcon.colcon_core.package_identification Level 1 _identify(src/evoart_behavior) by extensions ['ignore', 'ignore_ament_install']
[0.187s] colcon.colcon_core.package_identification Level 1 _identify(src/evoart_behavior) by extension 'ignore'
[0.187s] colcon.colcon_core.package_identification Level 1 _identify(src/evoart_behavior) by extension 'ignore_ament_install'
[0.187s] colcon.colcon_core.package_identification Level 1 _identify(src/evoart_behavior) by extensions ['colcon_pkg']
[0.188s] colcon.colcon_core.package_identification Level 1 _identify(src/evoart_behavior) by extension 'colcon_pkg'
[0.188s] colcon.colcon_core.package_identification Level 1 _identify(src/evoart_behavior) by extensions ['colcon_meta']
[0.188s] colcon.colcon_core.package_identification Level 1 _identify(src/evoart_behavior) by extension 'colcon_meta'
[0.188s] colcon.colcon_core.package_identification Level 1 _identify(src/evoart_behavior) by extensions ['ros']
[0.188s] colcon.colcon_core.package_identification Level 1 _identify(src/evoart_behavior) by extension 'ros'
[0.189s] colcon.colcon_core.package_identification DEBUG Package 'src/evoart_behavior' with type 'ros.ament_cmake' and name 'evoart_behavior'
[0.189s] colcon.colcon_core.package_identification Level 1 _identify(src/evoart_bringup) by extensions ['ignore', 'ignore_ament_install']
[0.189s] colcon.colcon_core.package_identification Level 1 _identify(src/evoart_bringup) by extension 'ignore'
[0.189s] colcon.colcon_core.package_identification Level 1 _identify(src/evoart_bringup) by extension 'ignore_ament_install'
[0.189s] colcon.colcon_core.package_identification Level 1 _identify(src/evoart_bringup) by extensions ['colcon_pkg']
[0.189s] colcon.colcon_core.package_identification Level 1 _identify(src/evoart_bringup) by extension 'colcon_pkg'
[0.189s] colcon.colcon_core.package_identification Level 1 _identify(src/evoart_bringup) by extensions ['colcon_meta']
[0.189s] colcon.colcon_core.package_identification Level 1 _identify(src/evoart_bringup) by extension 'colcon_meta'
[0.189s] colcon.colcon_core.package_identification Level 1 _identify(src/evoart_bringup) by extensions ['ros']
[0.189s] colcon.colcon_core.package_identification Level 1 _identify(src/evoart_bringup) by extension 'ros'
[0.190s] colcon.colcon_core.package_identification DEBUG Package 'src/evoart_bringup' with type 'ros.ament_cmake' and name 'evoart_bringup'
[0.190s] colcon.colcon_core.package_identification Level 1 _identify(src/evoart_control) by extensions ['ignore', 'ignore_ament_install']
[0.190s] colcon.colcon_core.package_identification Level 1 _identify(src/evoart_control) by extension 'ignore'
[0.190s] colcon.colcon_core.package_identification Level 1 _identify(src/evoart_control) by extension 'ignore_ament_install'
[0.190s] colcon.colcon_core.package_identification Level 1 _identify(src/evoart_control) by extensions ['colcon_pkg']
[0.190s] colcon.colcon_core.package_identification Level 1 _identify(src/evoart_control) by extension 'colcon_pkg'
[0.190s] colcon.colcon_core.package_identification Level 1 _identify(src/evoart_control) by extensions ['colcon_meta']
[0.190s] colcon.colcon_core.package_identification Level 1 _identify(src/evoart_control) by extension 'colcon_meta'
[0.190s] colcon.colcon_core.package_identification Level 1 _identify(src/evoart_control) by extensions ['ros']
[0.190s] colcon.colcon_core.package_identification Level 1 _identify(src/evoart_control) by extension 'ros'
[0.190s] colcon.colcon_core.package_identification DEBUG Package 'src/evoart_control' with type 'ros.ament_cmake' and name 'evoart_control'
[0.190s] colcon.colcon_core.package_identification Level 1 _identify(src/evoart_description) by extensions ['ignore', 'ignore_ament_install']
[0.190s] colcon.colcon_core.package_identification Level 1 _identify(src/evoart_description) by extension 'ignore'
[0.190s] colcon.colcon_core.package_identification Level 1 _identify(src/evoart_description) by extension 'ignore_ament_install'
[0.190s] colcon.colcon_core.package_identification Level 1 _identify(src/evoart_description) by extensions ['colcon_pkg']
[0.190s] colcon.colcon_core.package_identification Level 1 _identify(src/evoart_description) by extension 'colcon_pkg'
[0.191s] colcon.colcon_core.package_identification Level 1 _identify(src/evoart_description) by extensions ['colcon_meta']
[0.191s] colcon.colcon_core.package_identification Level 1 _identify(src/evoart_description) by extension 'colcon_meta'
[0.191s] colcon.colcon_core.package_identification Level 1 _identify(src/evoart_description) by extensions ['ros']
[0.191s] colcon.colcon_core.package_identification Level 1 _identify(src/evoart_description) by extension 'ros'
[0.191s] colcon.colcon_core.package_identification DEBUG Package 'src/evoart_description' with type 'ros.ament_cmake' and name 'evoart_description'
[0.191s] colcon.colcon_core.package_identification Level 1 _identify(src/evoart_interfaces) by extensions ['ignore', 'ignore_ament_install']
[0.191s] colcon.colcon_core.package_identification Level 1 _identify(src/evoart_interfaces) by extension 'ignore'
[0.191s] colcon.colcon_core.package_identification Level 1 _identify(src/evoart_interfaces) by extension 'ignore_ament_install'
[0.191s] colcon.colcon_core.package_identification Level 1 _identify(src/evoart_interfaces) by extensions ['colcon_pkg']
[0.191s] colcon.colcon_core.package_identification Level 1 _identify(src/evoart_interfaces) by extension 'colcon_pkg'
[0.191s] colcon.colcon_core.package_identification Level 1 _identify(src/evoart_interfaces) by extensions ['colcon_meta']
[0.191s] colcon.colcon_core.package_identification Level 1 _identify(src/evoart_interfaces) by extension 'colcon_meta'
[0.191s] colcon.colcon_core.package_identification Level 1 _identify(src/evoart_interfaces) by extensions ['ros']
[0.191s] colcon.colcon_core.package_identification Level 1 _identify(src/evoart_interfaces) by extension 'ros'
[0.191s] colcon.colcon_core.package_identification DEBUG Package 'src/evoart_interfaces' with type 'ros.ament_cmake' and name 'evoart_interfaces'
[0.191s] colcon.colcon_core.package_identification Level 1 _identify(src/evoart_navigation) by extensions ['ignore', 'ignore_ament_install']
[0.191s] colcon.colcon_core.package_identification Level 1 _identify(src/evoart_navigation) by extension 'ignore'
[0.191s] colcon.colcon_core.package_identification Level 1 _identify(src/evoart_navigation) by extension 'ignore_ament_install'
[0.191s] colcon.colcon_core.package_identification Level 1 _identify(src/evoart_navigation) by extensions ['colcon_pkg']
[0.191s] colcon.colcon_core.package_identification Level 1 _identify(src/evoart_navigation) by extension 'colcon_pkg'
[0.192s] colcon.colcon_core.package_identification Level 1 _identify(src/evoart_navigation) by extensions ['colcon_meta']
[0.192s] colcon.colcon_core.package_identification Level 1 _identify(src/evoart_navigation) by extension 'colcon_meta'
[0.192s] colcon.colcon_core.package_identification Level 1 _identify(src/evoart_navigation) by extensions ['ros']
[0.192s] colcon.colcon_core.package_identification Level 1 _identify(src/evoart_navigation) by extension 'ros'
[0.192s] colcon.colcon_core.package_identification DEBUG Package 'src/evoart_navigation' with type 'ros.ament_cmake' and name 'evoart_navigation'
[0.192s] colcon.colcon_core.package_identification Level 1 _identify(src/evoart_perception) by extensions ['ignore', 'ignore_ament_install']
[0.192s] colcon.colcon_core.package_identification Level 1 _identify(src/evoart_perception) by extension 'ignore'
[0.192s] colcon.colcon_core.package_identification Level 1 _identify(src/evoart_perception) by extension 'ignore_ament_install'
[0.192s] colcon.colcon_core.package_identification Level 1 _identify(src/evoart_perception) by extensions ['colcon_pkg']
[0.192s] colcon.colcon_core.package_identification Level 1 _identify(src/evoart_perception) by extension 'colcon_pkg'
[0.192s] colcon.colcon_core.package_identification Level 1 _identify(src/evoart_perception) by extensions ['colcon_meta']
[0.192s] colcon.colcon_core.package_identification Level 1 _identify(src/evoart_perception) by extension 'colcon_meta'
[0.192s] colcon.colcon_core.package_identification Level 1 _identify(src/evoart_perception) by extensions ['ros']
[0.192s] colcon.colcon_core.package_identification Level 1 _identify(src/evoart_perception) by extension 'ros'
[0.192s] colcon.colcon_core.package_identification DEBUG Package 'src/evoart_perception' with type 'ros.ament_cmake' and name 'evoart_perception'
[0.193s] colcon.colcon_core.package_identification Level 1 _identify(src/velodyne) by extensions ['ignore', 'ignore_ament_install']
[0.193s] colcon.colcon_core.package_identification Level 1 _identify(src/velodyne) by extension 'ignore'
[0.193s] colcon.colcon_core.package_identification Level 1 _identify(src/velodyne) by extension 'ignore_ament_install'
[0.193s] colcon.colcon_core.package_identification Level 1 _identify(src/velodyne) by extensions ['colcon_pkg']
[0.193s] colcon.colcon_core.package_identification Level 1 _identify(src/velodyne) by extension 'colcon_pkg'
[0.193s] colcon.colcon_core.package_identification Level 1 _identify(src/velodyne) by extensions ['colcon_meta']
[0.193s] colcon.colcon_core.package_identification Level 1 _identify(src/velodyne) by extension 'colcon_meta'
[0.193s] colcon.colcon_core.package_identification Level 1 _identify(src/velodyne) by extensions ['ros']
[0.193s] colcon.colcon_core.package_identification Level 1 _identify(src/velodyne) by extension 'ros'
[0.193s] colcon.colcon_core.package_identification Level 1 _identify(src/velodyne) by extensions ['cmake', 'python']
[0.193s] colcon.colcon_core.package_identification Level 1 _identify(src/velodyne) by extension 'cmake'
[0.193s] colcon.colcon_core.package_identification Level 1 _identify(src/velodyne) by extension 'python'
[0.193s] colcon.colcon_core.package_identification Level 1 _identify(src/velodyne) by extensions ['python_setup_py']
[0.193s] colcon.colcon_core.package_identification Level 1 _identify(src/velodyne) by extension 'python_setup_py'
[0.193s] colcon.colcon_core.package_identification Level 1 _identify(src/velodyne/velodyne) by extensions ['ignore', 'ignore_ament_install']
[0.193s] colcon.colcon_core.package_identification Level 1 _identify(src/velodyne/velodyne) by extension 'ignore'
[0.193s] colcon.colcon_core.package_identification Level 1 _identify(src/velodyne/velodyne) by extension 'ignore_ament_install'
[0.193s] colcon.colcon_core.package_identification Level 1 _identify(src/velodyne/velodyne) by extensions ['colcon_pkg']
[0.193s] colcon.colcon_core.package_identification Level 1 _identify(src/velodyne/velodyne) by extension 'colcon_pkg'
[0.193s] colcon.colcon_core.package_identification Level 1 _identify(src/velodyne/velodyne) by extensions ['colcon_meta']
[0.193s] colcon.colcon_core.package_identification Level 1 _identify(src/velodyne/velodyne) by extension 'colcon_meta'
[0.193s] colcon.colcon_core.package_identification Level 1 _identify(src/velodyne/velodyne) by extensions ['ros']
[0.193s] colcon.colcon_core.package_identification Level 1 _identify(src/velodyne/velodyne) by extension 'ros'
[0.193s] colcon.colcon_core.package_identification DEBUG Package 'src/velodyne/velodyne' with type 'ros.ament_cmake' and name 'velodyne'
[0.193s] colcon.colcon_core.package_identification Level 1 _identify(src/velodyne/velodyne_driver) by extensions ['ignore', 'ignore_ament_install']
[0.193s] colcon.colcon_core.package_identification Level 1 _identify(src/velodyne/velodyne_driver) by extension 'ignore'
[0.193s] colcon.colcon_core.package_identification Level 1 _identify(src/velodyne/velodyne_driver) by extension 'ignore_ament_install'
[0.193s] colcon.colcon_core.package_identification Level 1 _identify(src/velodyne/velodyne_driver) by extensions ['colcon_pkg']
[0.194s] colcon.colcon_core.package_identification Level 1 _identify(src/velodyne/velodyne_driver) by extension 'colcon_pkg'
[0.194s] colcon.colcon_core.package_identification Level 1 _identify(src/velodyne/velodyne_driver) by extensions ['colcon_meta']
[0.194s] colcon.colcon_core.package_identification Level 1 _identify(src/velodyne/velodyne_driver) by extension 'colcon_meta'
[0.194s] colcon.colcon_core.package_identification Level 1 _identify(src/velodyne/velodyne_driver) by extensions ['ros']
[0.194s] colcon.colcon_core.package_identification Level 1 _identify(src/velodyne/velodyne_driver) by extension 'ros'
[0.194s] colcon.colcon_core.package_identification DEBUG Package 'src/velodyne/velodyne_driver' with type 'ros.ament_cmake' and name 'velodyne_driver'
[0.194s] colcon.colcon_core.package_identification Level 1 _identify(src/velodyne/velodyne_laserscan) by extensions ['ignore', 'ignore_ament_install']
[0.194s] colcon.colcon_core.package_identification Level 1 _identify(src/velodyne/velodyne_laserscan) by extension 'ignore'
[0.194s] colcon.colcon_core.package_identification Level 1 _identify(src/velodyne/velodyne_laserscan) by extension 'ignore_ament_install'
[0.194s] colcon.colcon_core.package_identification Level 1 _identify(src/velodyne/velodyne_laserscan) by extensions ['colcon_pkg']
[0.194s] colcon.colcon_core.package_identification Level 1 _identify(src/velodyne/velodyne_laserscan) by extension 'colcon_pkg'
[0.194s] colcon.colcon_core.package_identification Level 1 _identify(src/velodyne/velodyne_laserscan) by extensions ['colcon_meta']
[0.194s] colcon.colcon_core.package_identification Level 1 _identify(src/velodyne/velodyne_laserscan) by extension 'colcon_meta'
[0.194s] colcon.colcon_core.package_identification Level 1 _identify(src/velodyne/velodyne_laserscan) by extensions ['ros']
[0.194s] colcon.colcon_core.package_identification Level 1 _identify(src/velodyne/velodyne_laserscan) by extension 'ros'
[0.195s] colcon.colcon_core.package_identification DEBUG Package 'src/velodyne/velodyne_laserscan' with type 'ros.ament_cmake' and name 'velodyne_laserscan'
[0.195s] colcon.colcon_core.package_identification Level 1 _identify(src/velodyne/velodyne_msgs) by extensions ['ignore', 'ignore_ament_install']
[0.195s] colcon.colcon_core.package_identification Level 1 _identify(src/velodyne/velodyne_msgs) by extension 'ignore'
[0.195s] colcon.colcon_core.package_identification Level 1 _identify(src/velodyne/velodyne_msgs) by extension 'ignore_ament_install'
[0.195s] colcon.colcon_core.package_identification Level 1 _identify(src/velodyne/velodyne_msgs) by extensions ['colcon_pkg']
[0.195s] colcon.colcon_core.package_identification Level 1 _identify(src/velodyne/velodyne_msgs) by extension 'colcon_pkg'
[0.195s] colcon.colcon_core.package_identification Level 1 _identify(src/velodyne/velodyne_msgs) by extensions ['colcon_meta']
[0.195s] colcon.colcon_core.package_identification Level 1 _identify(src/velodyne/velodyne_msgs) by extension 'colcon_meta'
[0.195s] colcon.colcon_core.package_identification Level 1 _identify(src/velodyne/velodyne_msgs) by extensions ['ros']
[0.195s] colcon.colcon_core.package_identification Level 1 _identify(src/velodyne/velodyne_msgs) by extension 'ros'
[0.195s] colcon.colcon_core.package_identification DEBUG Package 'src/velodyne/velodyne_msgs' with type 'ros.ament_cmake' and name 'velodyne_msgs'
[0.195s] colcon.colcon_core.package_identification Level 1 _identify(src/velodyne/velodyne_pointcloud) by extensions ['ignore', 'ignore_ament_install']
[0.195s] colcon.colcon_core.package_identification Level 1 _identify(src/velodyne/velodyne_pointcloud) by extension 'ignore'
[0.195s] colcon.colcon_core.package_identification Level 1 _identify(src/velodyne/velodyne_pointcloud) by extension 'ignore_ament_install'
[0.195s] colcon.colcon_core.package_identification Level 1 _identify(src/velodyne/velodyne_pointcloud) by extensions ['colcon_pkg']
[0.195s] colcon.colcon_core.package_identification Level 1 _identify(src/velodyne/velodyne_pointcloud) by extension 'colcon_pkg'
[0.195s] colcon.colcon_core.package_identification Level 1 _identify(src/velodyne/velodyne_pointcloud) by extensions ['colcon_meta']
[0.195s] colcon.colcon_core.package_identification Level 1 _identify(src/velodyne/velodyne_pointcloud) by extension 'colcon_meta'
[0.196s] colcon.colcon_core.package_identification Level 1 _identify(src/velodyne/velodyne_pointcloud) by extensions ['ros']
[0.196s] colcon.colcon_core.package_identification Level 1 _identify(src/velodyne/velodyne_pointcloud) by extension 'ros'
[0.196s] colcon.colcon_core.package_identification DEBUG Package 'src/velodyne/velodyne_pointcloud' with type 'ros.ament_cmake' and name 'velodyne_pointcloud'
[0.196s] colcon.colcon_core.package_identification Level 1 _identify(src/zed-ros2-wrapper) by extensions ['ignore', 'ignore_ament_install']
[0.196s] colcon.colcon_core.package_identification Level 1 _identify(src/zed-ros2-wrapper) by extension 'ignore'
[0.196s] colcon.colcon_core.package_identification Level 1 _identify(src/zed-ros2-wrapper) by extension 'ignore_ament_install'
[0.196s] colcon.colcon_core.package_identification Level 1 _identify(src/zed-ros2-wrapper) by extensions ['colcon_pkg']
[0.196s] colcon.colcon_core.package_identification Level 1 _identify(src/zed-ros2-wrapper) by extension 'colcon_pkg'
[0.197s] colcon.colcon_core.package_identification Level 1 _identify(src/zed-ros2-wrapper) by extensions ['colcon_meta']
[0.197s] colcon.colcon_core.package_identification Level 1 _identify(src/zed-ros2-wrapper) by extension 'colcon_meta'
[0.197s] colcon.colcon_core.package_identification Level 1 _identify(src/zed-ros2-wrapper) by extensions ['ros']
[0.197s] colcon.colcon_core.package_identification Level 1 _identify(src/zed-ros2-wrapper) by extension 'ros'
[0.197s] colcon.colcon_core.package_identification Level 1 _identify(src/zed-ros2-wrapper) by extensions ['cmake', 'python']
[0.197s] colcon.colcon_core.package_identification Level 1 _identify(src/zed-ros2-wrapper) by extension 'cmake'
[0.197s] colcon.colcon_core.package_identification Level 1 _identify(src/zed-ros2-wrapper) by extension 'python'
[0.197s] colcon.colcon_core.package_identification Level 1 _identify(src/zed-ros2-wrapper) by extensions ['python_setup_py']
[0.197s] colcon.colcon_core.package_identification Level 1 _identify(src/zed-ros2-wrapper) by extension 'python_setup_py'
[0.197s] colcon.colcon_core.package_identification Level 1 _identify(src/zed-ros2-wrapper/docker) by extensions ['ignore', 'ignore_ament_install']
[0.197s] colcon.colcon_core.package_identification Level 1 _identify(src/zed-ros2-wrapper/docker) by extension 'ignore'
[0.197s] colcon.colcon_core.package_identification Level 1 _identify(src/zed-ros2-wrapper/docker) by extension 'ignore_ament_install'
[0.197s] colcon.colcon_core.package_identification Level 1 _identify(src/zed-ros2-wrapper/docker) by extensions ['colcon_pkg']
[0.197s] colcon.colcon_core.package_identification Level 1 _identify(src/zed-ros2-wrapper/docker) by extension 'colcon_pkg'
[0.197s] colcon.colcon_core.package_identification Level 1 _identify(src/zed-ros2-wrapper/docker) by extensions ['colcon_meta']
[0.197s] colcon.colcon_core.package_identification Level 1 _identify(src/zed-ros2-wrapper/docker) by extension 'colcon_meta'
[0.197s] colcon.colcon_core.package_identification Level 1 _identify(src/zed-ros2-wrapper/docker) by extensions ['ros']
[0.197s] colcon.colcon_core.package_identification Level 1 _identify(src/zed-ros2-wrapper/docker) by extension 'ros'
[0.197s] colcon.colcon_core.package_identification Level 1 _identify(src/zed-ros2-wrapper/docker) by extensions ['cmake', 'python']
[0.197s] colcon.colcon_core.package_identification Level 1 _identify(src/zed-ros2-wrapper/docker) by extension 'cmake'
[0.197s] colcon.colcon_core.package_identification Level 1 _identify(src/zed-ros2-wrapper/docker) by extension 'python'
[0.197s] colcon.colcon_core.package_identification Level 1 _identify(src/zed-ros2-wrapper/docker) by extensions ['python_setup_py']
[0.197s] colcon.colcon_core.package_identification Level 1 _identify(src/zed-ros2-wrapper/docker) by extension 'python_setup_py'
[0.197s] colcon.colcon_core.package_identification Level 1 _identify(src/zed-ros2-wrapper/images) by extensions ['ignore', 'ignore_ament_install']
[0.197s] colcon.colcon_core.package_identification Level 1 _identify(src/zed-ros2-wrapper/images) by extension 'ignore'
[0.197s] colcon.colcon_core.package_identification Level 1 _identify(src/zed-ros2-wrapper/images) by extension 'ignore_ament_install'
[0.197s] colcon.colcon_core.package_identification Level 1 _identify(src/zed-ros2-wrapper/images) by extensions ['colcon_pkg']
[0.197s] colcon.colcon_core.package_identification Level 1 _identify(src/zed-ros2-wrapper/images) by extension 'colcon_pkg'
[0.197s] colcon.colcon_core.package_identification Level 1 _identify(src/zed-ros2-wrapper/images) by extensions ['colcon_meta']
[0.197s] colcon.colcon_core.package_identification Level 1 _identify(src/zed-ros2-wrapper/images) by extension 'colcon_meta'
[0.197s] colcon.colcon_core.package_identification Level 1 _identify(src/zed-ros2-wrapper/images) by extensions ['ros']
[0.197s] colcon.colcon_core.package_identification Level 1 _identify(src/zed-ros2-wrapper/images) by extension 'ros'
[0.197s] colcon.colcon_core.package_identification Level 1 _identify(src/zed-ros2-wrapper/images) by extensions ['cmake', 'python']
[0.197s] colcon.colcon_core.package_identification Level 1 _identify(src/zed-ros2-wrapper/images) by extension 'cmake'
[0.197s] colcon.colcon_core.package_identification Level 1 _identify(src/zed-ros2-wrapper/images) by extension 'python'
[0.197s] colcon.colcon_core.package_identification Level 1 _identify(src/zed-ros2-wrapper/images) by extensions ['python_setup_py']
[0.197s] colcon.colcon_core.package_identification Level 1 _identify(src/zed-ros2-wrapper/images) by extension 'python_setup_py'
[0.197s] colcon.colcon_core.package_identification Level 1 _identify(src/zed-ros2-wrapper/zed_components) by extensions ['ignore', 'ignore_ament_install']
[0.197s] colcon.colcon_core.package_identification Level 1 _identify(src/zed-ros2-wrapper/zed_components) by extension 'ignore'
[0.197s] colcon.colcon_core.package_identification Level 1 _identify(src/zed-ros2-wrapper/zed_components) by extension 'ignore_ament_install'
[0.197s] colcon.colcon_core.package_identification Level 1 _identify(src/zed-ros2-wrapper/zed_components) by extensions ['colcon_pkg']
[0.197s] colcon.colcon_core.package_identification Level 1 _identify(src/zed-ros2-wrapper/zed_components) by extension 'colcon_pkg'
[0.197s] colcon.colcon_core.package_identification Level 1 _identify(src/zed-ros2-wrapper/zed_components) by extensions ['colcon_meta']
[0.197s] colcon.colcon_core.package_identification Level 1 _identify(src/zed-ros2-wrapper/zed_components) by extension 'colcon_meta'
[0.197s] colcon.colcon_core.package_identification Level 1 _identify(src/zed-ros2-wrapper/zed_components) by extensions ['ros']
[0.197s] colcon.colcon_core.package_identification Level 1 _identify(src/zed-ros2-wrapper/zed_components) by extension 'ros'
[0.200s] colcon.colcon_core.package_identification DEBUG Package 'src/zed-ros2-wrapper/zed_components' with type 'ros.ament_cmake' and name 'zed_components'
[0.200s] colcon.colcon_core.package_identification Level 1 _identify(src/zed-ros2-wrapper/zed_debug) by extensions ['ignore', 'ignore_ament_install']
[0.200s] colcon.colcon_core.package_identification Level 1 _identify(src/zed-ros2-wrapper/zed_debug) by extension 'ignore'
[0.200s] colcon.colcon_core.package_identification Level 1 _identify(src/zed-ros2-wrapper/zed_debug) by extension 'ignore_ament_install'
[0.200s] colcon.colcon_core.package_identification Level 1 _identify(src/zed-ros2-wrapper/zed_debug) by extensions ['colcon_pkg']
[0.200s] colcon.colcon_core.package_identification Level 1 _identify(src/zed-ros2-wrapper/zed_debug) by extension 'colcon_pkg'
[0.200s] colcon.colcon_core.package_identification Level 1 _identify(src/zed-ros2-wrapper/zed_debug) by extensions ['colcon_meta']
[0.200s] colcon.colcon_core.package_identification Level 1 _identify(src/zed-ros2-wrapper/zed_debug) by extension 'colcon_meta'
[0.200s] colcon.colcon_core.package_identification Level 1 _identify(src/zed-ros2-wrapper/zed_debug) by extensions ['ros']
[0.200s] colcon.colcon_core.package_identification Level 1 _identify(src/zed-ros2-wrapper/zed_debug) by extension 'ros'
[0.200s] colcon.colcon_core.package_identification DEBUG Package 'src/zed-ros2-wrapper/zed_debug' with type 'ros.ament_cmake' and name 'zed_debug'
[0.201s] colcon.colcon_core.package_identification Level 1 _identify(src/zed-ros2-wrapper/zed_ros2) by extensions ['ignore', 'ignore_ament_install']
[0.201s] colcon.colcon_core.package_identification Level 1 _identify(src/zed-ros2-wrapper/zed_ros2) by extension 'ignore'
[0.201s] colcon.colcon_core.package_identification Level 1 _identify(src/zed-ros2-wrapper/zed_ros2) by extension 'ignore_ament_install'
[0.201s] colcon.colcon_core.package_identification Level 1 _identify(src/zed-ros2-wrapper/zed_ros2) by extensions ['colcon_pkg']
[0.201s] colcon.colcon_core.package_identification Level 1 _identify(src/zed-ros2-wrapper/zed_ros2) by extension 'colcon_pkg'
[0.201s] colcon.colcon_core.package_identification Level 1 _identify(src/zed-ros2-wrapper/zed_ros2) by extensions ['colcon_meta']
[0.201s] colcon.colcon_core.package_identification Level 1 _identify(src/zed-ros2-wrapper/zed_ros2) by extension 'colcon_meta'
[0.201s] colcon.colcon_core.package_identification Level 1 _identify(src/zed-ros2-wrapper/zed_ros2) by extensions ['ros']
[0.201s] colcon.colcon_core.package_identification Level 1 _identify(src/zed-ros2-wrapper/zed_ros2) by extension 'ros'
[0.201s] colcon.colcon_core.package_identification DEBUG Package 'src/zed-ros2-wrapper/zed_ros2' with type 'ros.ament_cmake' and name 'zed_ros2'
[0.201s] colcon.colcon_core.package_identification Level 1 _identify(src/zed-ros2-wrapper/zed_wrapper) by extensions ['ignore', 'ignore_ament_install']
[0.201s] colcon.colcon_core.package_identification Level 1 _identify(src/zed-ros2-wrapper/zed_wrapper) by extension 'ignore'
[0.201s] colcon.colcon_core.package_identification Level 1 _identify(src/zed-ros2-wrapper/zed_wrapper) by extension 'ignore_ament_install'
[0.201s] colcon.colcon_core.package_identification Level 1 _identify(src/zed-ros2-wrapper/zed_wrapper) by extensions ['colcon_pkg']
[0.201s] colcon.colcon_core.package_identification Level 1 _identify(src/zed-ros2-wrapper/zed_wrapper) by extension 'colcon_pkg'
[0.201s] colcon.colcon_core.package_identification Level 1 _identify(src/zed-ros2-wrapper/zed_wrapper) by extensions ['colcon_meta']
[0.201s] colcon.colcon_core.package_identification Level 1 _identify(src/zed-ros2-wrapper/zed_wrapper) by extension 'colcon_meta'
[0.201s] colcon.colcon_core.package_identification Level 1 _identify(src/zed-ros2-wrapper/zed_wrapper) by extensions ['ros']
[0.201s] colcon.colcon_core.package_identification Level 1 _identify(src/zed-ros2-wrapper/zed_wrapper) by extension 'ros'
[0.202s] colcon.colcon_core.package_identification DEBUG Package 'src/zed-ros2-wrapper/zed_wrapper' with type 'ros.ament_cmake' and name 'zed_wrapper'
[0.202s] colcon.colcon_core.package_discovery Level 1 discover_packages(recursive) using defaults
[0.202s] colcon.colcon_core.package_discovery Level 1 discover_packages(ignore) discover
[0.202s] colcon.colcon_core.package_discovery Level 1 discover_packages(ignore) using defaults
[0.202s] colcon.colcon_core.package_discovery Level 1 discover_packages(path) discover
[0.202s] colcon.colcon_core.package_discovery Level 1 discover_packages(path) using defaults
[0.213s] colcon.colcon_core.package_selection INFO Skipping not selected package 'evoart_interfaces' in 'src/evoart_interfaces'
[0.213s] colcon.colcon_core.package_selection INFO Skipping not selected package 'velodyne_laserscan' in 'src/velodyne/velodyne_laserscan'
[0.213s] colcon.colcon_core.package_selection INFO Skipping not selected package 'velodyne_msgs' in 'src/velodyne/velodyne_msgs'
[0.213s] colcon.colcon_core.package_selection INFO Skipping not selected package 'zed_components' in 'src/zed-ros2-wrapper/zed_components'
[0.213s] colcon.colcon_core.package_selection INFO Skipping not selected package 'evoart_behavior' in 'src/evoart_behavior'
[0.213s] colcon.colcon_core.package_selection INFO Skipping not selected package 'evoart_control' in 'src/evoart_control'
[0.213s] colcon.colcon_core.package_selection INFO Skipping not selected package 'evoart_perception' in 'src/evoart_perception'
[0.213s] colcon.colcon_core.package_selection INFO Skipping not selected package 'velodyne_driver' in 'src/velodyne/velodyne_driver'
[0.213s] colcon.colcon_core.package_selection INFO Skipping not selected package 'velodyne_pointcloud' in 'src/velodyne/velodyne_pointcloud'
[0.213s] colcon.colcon_core.package_selection INFO Skipping not selected package 'zed_debug' in 'src/zed-ros2-wrapper/zed_debug'
[0.213s] colcon.colcon_core.package_selection INFO Skipping not selected package 'zed_wrapper' in 'src/zed-ros2-wrapper/zed_wrapper'
[0.213s] colcon.colcon_core.package_selection INFO Skipping not selected package 'velodyne' in 'src/velodyne/velodyne'
[0.213s] colcon.colcon_core.package_selection INFO Skipping not selected package 'zed_ros2' in 'src/zed-ros2-wrapper/zed_ros2'
[0.213s] colcon.colcon_core.package_discovery Level 1 discover_packages(prefix_path) check parameters
[0.214s] colcon.colcon_core.package_discovery Level 1 discover_packages(prefix_path) discover
[0.216s] colcon.colcon_installed_package_information.package_discovery DEBUG Found 486 installed packages in /opt/ros/humble
[0.217s] colcon.colcon_core.package_discovery Level 1 discover_packages(prefix_path) using defaults
[0.250s] colcon.colcon_core.verb Level 5 set package 'evoart_description' build argument 'cmake_args' from command line to 'None'
[0.250s] colcon.colcon_core.verb Level 5 set package 'evoart_description' build argument 'cmake_target' from command line to 'None'
[0.250s] colcon.colcon_core.verb Level 5 set package 'evoart_description' build argument 'cmake_target_skip_unavailable' from command line to 'False'
[0.250s] colcon.colcon_core.verb Level 5 set package 'evoart_description' build argument 'cmake_clean_cache' from command line to 'False'
[0.250s] colcon.colcon_core.verb Level 5 set package 'evoart_description' build argument 'cmake_clean_first' from command line to 'False'
[0.250s] colcon.colcon_core.verb Level 5 set package 'evoart_description' build argument 'cmake_force_configure' from command line to 'False'
[0.250s] colcon.colcon_core.verb Level 5 set package 'evoart_description' build argument 'ament_cmake_args' from command line to 'None'
[0.250s] colcon.colcon_core.verb Level 5 set package 'evoart_description' build argument 'catkin_cmake_args' from command line to 'None'
[0.250s] colcon.colcon_core.verb Level 5 set package 'evoart_description' build argument 'catkin_skip_building_tests' from command line to 'False'
[0.250s] colcon.colcon_core.verb DEBUG Building package 'evoart_description' with the following arguments: {'ament_cmake_args': None, 'build_base': '/home/mustafa/evoart_ws/build/evoart_description', 'catkin_cmake_args': None, 'catkin_skip_building_tests': False, 'cmake_args': None, 'cmake_clean_cache': False, 'cmake_clean_first': False, 'cmake_force_configure': False, 'cmake_target': None, 'cmake_target_skip_unavailable': False, 'install_base': '/home/mustafa/evoart_ws/install/evoart_description', 'merge_install': False, 'path': '/home/mustafa/evoart_ws/src/evoart_description', 'symlink_install': False, 'test_result_base': None}
[0.250s] colcon.colcon_core.verb Level 5 set package 'evoart_navigation' build argument 'cmake_args' from command line to 'None'
[0.250s] colcon.colcon_core.verb Level 5 set package 'evoart_navigation' build argument 'cmake_target' from command line to 'None'
[0.250s] colcon.colcon_core.verb Level 5 set package 'evoart_navigation' build argument 'cmake_target_skip_unavailable' from command line to 'False'
[0.250s] colcon.colcon_core.verb Level 5 set package 'evoart_navigation' build argument 'cmake_clean_cache' from command line to 'False'
[0.250s] colcon.colcon_core.verb Level 5 set package 'evoart_navigation' build argument 'cmake_clean_first' from command line to 'False'
[0.250s] colcon.colcon_core.verb Level 5 set package 'evoart_navigation' build argument 'cmake_force_configure' from command line to 'False'
[0.250s] colcon.colcon_core.verb Level 5 set package 'evoart_navigation' build argument 'ament_cmake_args' from command line to 'None'
[0.250s] colcon.colcon_core.verb Level 5 set package 'evoart_navigation' build argument 'catkin_cmake_args' from command line to 'None'
[0.250s] colcon.colcon_core.verb Level 5 set package 'evoart_navigation' build argument 'catkin_skip_building_tests' from command line to 'False'
[0.250s] colcon.colcon_core.verb DEBUG Building package 'evoart_navigation' with the following arguments: {'ament_cmake_args': None, 'build_base': '/home/mustafa/evoart_ws/build/evoart_navigation', 'catkin_cmake_args': None, 'catkin_skip_building_tests': False, 'cmake_args': None, 'cmake_clean_cache': False, 'cmake_clean_first': False, 'cmake_force_configure': False, 'cmake_target': None, 'cmake_target_skip_unavailable': False, 'install_base': '/home/mustafa/evoart_ws/install/evoart_navigation', 'merge_install': False, 'path': '/home/mustafa/evoart_ws/src/evoart_navigation', 'symlink_install': False, 'test_result_base': None}
[0.250s] colcon.colcon_core.verb Level 5 set package 'evoart_bringup' build argument 'cmake_args' from command line to 'None'
[0.250s] colcon.colcon_core.verb Level 5 set package 'evoart_bringup' build argument 'cmake_target' from command line to 'None'
[0.250s] colcon.colcon_core.verb Level 5 set package 'evoart_bringup' build argument 'cmake_target_skip_unavailable' from command line to 'False'
[0.250s] colcon.colcon_core.verb Level 5 set package 'evoart_bringup' build argument 'cmake_clean_cache' from command line to 'False'
[0.250s] colcon.colcon_core.verb Level 5 set package 'evoart_bringup' build argument 'cmake_clean_first' from command line to 'False'
[0.250s] colcon.colcon_core.verb Level 5 set package 'evoart_bringup' build argument 'cmake_force_configure' from command line to 'False'
[0.250s] colcon.colcon_core.verb Level 5 set package 'evoart_bringup' build argument 'ament_cmake_args' from command line to 'None'
[0.250s] colcon.colcon_core.verb Level 5 set package 'evoart_bringup' build argument 'catkin_cmake_args' from command line to 'None'
[0.250s] colcon.colcon_core.verb Level 5 set package 'evoart_bringup' build argument 'catkin_skip_building_tests' from command line to 'False'
[0.250s] colcon.colcon_core.verb DEBUG Building package 'evoart_bringup' with the following arguments: {'ament_cmake_args': None, 'build_base': '/home/mustafa/evoart_ws/build/evoart_bringup', 'catkin_cmake_args': None, 'catkin_skip_building_tests': False, 'cmake_args': None, 'cmake_clean_cache': False, 'cmake_clean_first': False, 'cmake_force_configure': False, 'cmake_target': None, 'cmake_target_skip_unavailable': False, 'install_base': '/home/mustafa/evoart_ws/install/evoart_bringup', 'merge_install': False, 'path': '/home/mustafa/evoart_ws/src/evoart_bringup', 'symlink_install': False, 'test_result_base': None}
[0.250s] colcon.colcon_core.executor INFO Executing jobs using 'parallel' executor
[0.251s] colcon.colcon_parallel_executor.executor.parallel DEBUG run_until_complete
[0.251s] colcon.colcon_ros.task.ament_cmake.build INFO Building ROS package in '/home/mustafa/evoart_ws/src/evoart_description' with build type 'ament_cmake'
[0.251s] colcon.colcon_cmake.task.cmake.build INFO Building CMake package in '/home/mustafa/evoart_ws/src/evoart_description'
[0.252s] colcon.colcon_core.plugin_system INFO Skipping extension 'colcon_core.shell.bat': Not used on non-Windows systems
[0.252s] colcon.colcon_core.shell INFO Skip shell extension 'powershell' for command environment: Not usable outside of PowerShell
[0.252s] colcon.colcon_core.shell DEBUG Skip shell extension 'dsv' for command environment
[0.255s] colcon.colcon_ros.task.ament_cmake.build INFO Building ROS package in '/home/mustafa/evoart_ws/src/evoart_navigation' with build type 'ament_cmake'
[0.255s] colcon.colcon_cmake.task.cmake.build INFO Building CMake package in '/home/mustafa/evoart_ws/src/evoart_navigation'
[0.255s] colcon.colcon_core.shell INFO Skip shell extension 'powershell' for command environment: Not usable outside of PowerShell
[0.256s] colcon.colcon_core.shell DEBUG Skip shell extension 'dsv' for command environment
[0.260s] colcon.colcon_core.event_handler.log_command DEBUG Invoking command in '/home/mustafa/evoart_ws/build/evoart_description': CMAKE_PREFIX_PATH=/opt/ros/humble /usr/bin/cmake --build /home/mustafa/evoart_ws/build/evoart_description -- -j32 -l32
[0.262s] colcon.colcon_core.event_handler.log_command DEBUG Invoking command in '/home/mustafa/evoart_ws/build/evoart_navigation': CMAKE_PREFIX_PATH=/opt/ros/humble /usr/bin/cmake --build /home/mustafa/evoart_ws/build/evoart_navigation -- -j32 -l32
[0.290s] colcon.colcon_core.event_handler.log_command DEBUG Invoked command in '/home/mustafa/evoart_ws/build/evoart_description' returned '0': CMAKE_PREFIX_PATH=/opt/ros/humble /usr/bin/cmake --build /home/mustafa/evoart_ws/build/evoart_description -- -j32 -l32
[0.297s] colcon.colcon_core.event_handler.log_command DEBUG Invoking command in '/home/mustafa/evoart_ws/build/evoart_description': CMAKE_PREFIX_PATH=/opt/ros/humble /usr/bin/cmake --install /home/mustafa/evoart_ws/build/evoart_description
[0.298s] colcon.colcon_core.event_handler.log_command DEBUG Invoked command in '/home/mustafa/evoart_ws/build/evoart_navigation' returned '0': CMAKE_PREFIX_PATH=/opt/ros/humble /usr/bin/cmake --build /home/mustafa/evoart_ws/build/evoart_navigation -- -j32 -l32
[0.299s] colcon.colcon_core.event_handler.log_command DEBUG Invoking command in '/home/mustafa/evoart_ws/build/evoart_navigation': CMAKE_PREFIX_PATH=/opt/ros/humble /usr/bin/cmake --install /home/mustafa/evoart_ws/build/evoart_navigation
[0.307s] colcon.colcon_core.environment Level 1 create_environment_scripts_only(evoart_navigation)
[0.311s] colcon.colcon_core.event_handler.log_command DEBUG Invoked command in '/home/mustafa/evoart_ws/build/evoart_navigation' returned '0': CMAKE_PREFIX_PATH=/opt/ros/humble /usr/bin/cmake --install /home/mustafa/evoart_ws/build/evoart_navigation
[0.312s] colcon.colcon_core.environment Level 1 checking '/home/mustafa/evoart_ws/install/evoart_navigation' for CMake module files
[0.312s] colcon.colcon_core.environment Level 1 checking '/home/mustafa/evoart_ws/install/evoart_navigation' for CMake config files
[0.312s] colcon.colcon_core.shell Level 1 create_environment_hook('evoart_navigation', 'cmake_prefix_path')
[0.312s] colcon.colcon_core.shell INFO Creating environment hook '/home/mustafa/evoart_ws/install/evoart_navigation/share/evoart_navigation/hook/cmake_prefix_path.ps1'
[0.313s] colcon.colcon_core.shell INFO Creating environment descriptor '/home/mustafa/evoart_ws/install/evoart_navigation/share/evoart_navigation/hook/cmake_prefix_path.dsv'
[0.313s] colcon.colcon_core.shell INFO Creating environment hook '/home/mustafa/evoart_ws/install/evoart_navigation/share/evoart_navigation/hook/cmake_prefix_path.sh'
[0.313s] colcon.colcon_core.environment Level 1 checking '/home/mustafa/evoart_ws/install/evoart_navigation/bin'
[0.313s] colcon.colcon_core.environment Level 1 checking '/home/mustafa/evoart_ws/install/evoart_navigation/lib/pkgconfig/evoart_navigation.pc'
[0.314s] colcon.colcon_core.environment Level 1 checking '/home/mustafa/evoart_ws/install/evoart_navigation/lib/python3.10/site-packages'
[0.314s] colcon.colcon_core.environment Level 1 checking '/home/mustafa/evoart_ws/install/evoart_navigation/bin'
[0.314s] colcon.colcon_core.shell INFO Creating package script '/home/mustafa/evoart_ws/install/evoart_navigation/share/evoart_navigation/package.ps1'
[0.314s] colcon.colcon_core.shell INFO Creating package descriptor '/home/mustafa/evoart_ws/install/evoart_navigation/share/evoart_navigation/package.dsv'
[0.315s] colcon.colcon_core.shell INFO Creating package script '/home/mustafa/evoart_ws/install/evoart_navigation/share/evoart_navigation/package.sh'
[0.315s] colcon.colcon_core.shell INFO Creating package script '/home/mustafa/evoart_ws/install/evoart_navigation/share/evoart_navigation/package.bash'
[0.316s] colcon.colcon_core.shell INFO Creating package script '/home/mustafa/evoart_ws/install/evoart_navigation/share/evoart_navigation/package.zsh'
[0.316s] colcon.colcon_core.environment Level 1 create_file_with_runtime_dependencies(/home/mustafa/evoart_ws/install/evoart_navigation/share/colcon-core/packages/evoart_navigation)
[0.316s] colcon.colcon_core.environment Level 1 create_environment_scripts_only(evoart_navigation)
[0.316s] colcon.colcon_core.environment Level 1 checking '/home/mustafa/evoart_ws/install/evoart_navigation' for CMake module files
[0.317s] colcon.colcon_core.environment Level 1 checking '/home/mustafa/evoart_ws/install/evoart_navigation' for CMake config files
[0.317s] colcon.colcon_core.shell Level 1 create_environment_hook('evoart_navigation', 'cmake_prefix_path')
[0.317s] colcon.colcon_core.shell INFO Creating environment hook '/home/mustafa/evoart_ws/install/evoart_navigation/share/evoart_navigation/hook/cmake_prefix_path.ps1'
[0.317s] colcon.colcon_core.shell INFO Creating environment descriptor '/home/mustafa/evoart_ws/install/evoart_navigation/share/evoart_navigation/hook/cmake_prefix_path.dsv'
[0.317s] colcon.colcon_core.shell INFO Creating environment hook '/home/mustafa/evoart_ws/install/evoart_navigation/share/evoart_navigation/hook/cmake_prefix_path.sh'
[0.318s] colcon.colcon_core.environment Level 1 checking '/home/mustafa/evoart_ws/install/evoart_navigation/bin'
[0.318s] colcon.colcon_core.environment Level 1 checking '/home/mustafa/evoart_ws/install/evoart_navigation/lib/pkgconfig/evoart_navigation.pc'
[0.318s] colcon.colcon_core.environment Level 1 checking '/home/mustafa/evoart_ws/install/evoart_navigation/lib/python3.10/site-packages'
[0.318s] colcon.colcon_core.environment Level 1 checking '/home/mustafa/evoart_ws/install/evoart_navigation/bin'
[0.318s] colcon.colcon_core.shell INFO Creating package script '/home/mustafa/evoart_ws/install/evoart_navigation/share/evoart_navigation/package.ps1'
[0.318s] colcon.colcon_core.shell INFO Creating package descriptor '/home/mustafa/evoart_ws/install/evoart_navigation/share/evoart_navigation/package.dsv'
[0.319s] colcon.colcon_core.shell INFO Creating package script '/home/mustafa/evoart_ws/install/evoart_navigation/share/evoart_navigation/package.sh'
[0.319s] colcon.colcon_core.shell INFO Creating package script '/home/mustafa/evoart_ws/install/evoart_navigation/share/evoart_navigation/package.bash'
[0.319s] colcon.colcon_core.shell INFO Creating package script '/home/mustafa/evoart_ws/install/evoart_navigation/share/evoart_navigation/package.zsh'
[0.319s] colcon.colcon_core.environment Level 1 create_file_with_runtime_dependencies(/home/mustafa/evoart_ws/install/evoart_navigation/share/colcon-core/packages/evoart_navigation)
[0.319s] colcon.colcon_core.environment Level 1 create_environment_scripts_only(evoart_description)
[0.320s] colcon.colcon_core.environment Level 1 checking '/home/mustafa/evoart_ws/install/evoart_description' for CMake module files
[0.320s] colcon.colcon_core.event_handler.log_command DEBUG Invoked command in '/home/mustafa/evoart_ws/build/evoart_description' returned '0': CMAKE_PREFIX_PATH=/opt/ros/humble /usr/bin/cmake --install /home/mustafa/evoart_ws/build/evoart_description
[0.320s] colcon.colcon_core.environment Level 1 checking '/home/mustafa/evoart_ws/install/evoart_description' for CMake config files
[0.321s] colcon.colcon_core.shell Level 1 create_environment_hook('evoart_description', 'cmake_prefix_path')
[0.321s] colcon.colcon_core.shell INFO Creating environment hook '/home/mustafa/evoart_ws/install/evoart_description/share/evoart_description/hook/cmake_prefix_path.ps1'
[0.321s] colcon.colcon_core.shell INFO Creating environment descriptor '/home/mustafa/evoart_ws/install/evoart_description/share/evoart_description/hook/cmake_prefix_path.dsv'
[0.321s] colcon.colcon_core.shell INFO Creating environment hook '/home/mustafa/evoart_ws/install/evoart_description/share/evoart_description/hook/cmake_prefix_path.sh'
[0.322s] colcon.colcon_core.environment Level 1 checking '/home/mustafa/evoart_ws/install/evoart_description/bin'
[0.322s] colcon.colcon_core.environment Level 1 checking '/home/mustafa/evoart_ws/install/evoart_description/lib/pkgconfig/evoart_description.pc'
[0.322s] colcon.colcon_core.environment Level 1 checking '/home/mustafa/evoart_ws/install/evoart_description/lib/python3.10/site-packages'
[0.322s] colcon.colcon_core.environment Level 1 checking '/home/mustafa/evoart_ws/install/evoart_description/bin'
[0.322s] colcon.colcon_core.shell INFO Creating package script '/home/mustafa/evoart_ws/install/evoart_description/share/evoart_description/package.ps1'
[0.323s] colcon.colcon_core.shell INFO Creating package descriptor '/home/mustafa/evoart_ws/install/evoart_description/share/evoart_description/package.dsv'
[0.323s] colcon.colcon_core.shell INFO Creating package script '/home/mustafa/evoart_ws/install/evoart_description/share/evoart_description/package.sh'
[0.323s] colcon.colcon_core.shell INFO Creating package script '/home/mustafa/evoart_ws/install/evoart_description/share/evoart_description/package.bash'
[0.323s] colcon.colcon_core.shell INFO Creating package script '/home/mustafa/evoart_ws/install/evoart_description/share/evoart_description/package.zsh'
[0.323s] colcon.colcon_core.environment Level 1 create_file_with_runtime_dependencies(/home/mustafa/evoart_ws/install/evoart_description/share/colcon-core/packages/evoart_description)
[0.324s] colcon.colcon_core.environment Level 1 create_environment_scripts_only(evoart_description)
[0.324s] colcon.colcon_core.environment Level 1 checking '/home/mustafa/evoart_ws/install/evoart_description' for CMake module files
[0.324s] colcon.colcon_core.environment Level 1 checking '/home/mustafa/evoart_ws/install/evoart_description' for CMake config files
[0.325s] colcon.colcon_core.shell Level 1 create_environment_hook('evoart_description', 'cmake_prefix_path')
[0.325s] colcon.colcon_core.shell INFO Creating environment hook '/home/mustafa/evoart_ws/install/evoart_description/share/evoart_description/hook/cmake_prefix_path.ps1'
[0.325s] colcon.colcon_core.shell INFO Creating environment descriptor '/home/mustafa/evoart_ws/install/evoart_description/share/evoart_description/hook/cmake_prefix_path.dsv'
[0.325s] colcon.colcon_core.shell INFO Creating environment hook '/home/mustafa/evoart_ws/install/evoart_description/share/evoart_description/hook/cmake_prefix_path.sh'
[0.326s] colcon.colcon_core.environment Level 1 checking '/home/mustafa/evoart_ws/install/evoart_description/bin'
[0.326s] colcon.colcon_core.environment Level 1 checking '/home/mustafa/evoart_ws/install/evoart_description/lib/pkgconfig/evoart_description.pc'
[0.326s] colcon.colcon_core.environment Level 1 checking '/home/mustafa/evoart_ws/install/evoart_description/lib/python3.10/site-packages'
[0.326s] colcon.colcon_core.environment Level 1 checking '/home/mustafa/evoart_ws/install/evoart_description/bin'
[0.326s] colcon.colcon_core.shell INFO Creating package script '/home/mustafa/evoart_ws/install/evoart_description/share/evoart_description/package.ps1'
[0.327s] colcon.colcon_core.shell INFO Creating package descriptor '/home/mustafa/evoart_ws/install/evoart_description/share/evoart_description/package.dsv'
[0.327s] colcon.colcon_core.shell INFO Creating package script '/home/mustafa/evoart_ws/install/evoart_description/share/evoart_description/package.sh'
[0.327s] colcon.colcon_core.shell INFO Creating package script '/home/mustafa/evoart_ws/install/evoart_description/share/evoart_description/package.bash'
[0.327s] colcon.colcon_core.shell INFO Creating package script '/home/mustafa/evoart_ws/install/evoart_description/share/evoart_description/package.zsh'
[0.328s] colcon.colcon_core.environment Level 1 create_file_with_runtime_dependencies(/home/mustafa/evoart_ws/install/evoart_description/share/colcon-core/packages/evoart_description)
[0.328s] colcon.colcon_ros.task.ament_cmake.build INFO Building ROS package in '/home/mustafa/evoart_ws/src/evoart_bringup' with build type 'ament_cmake'
[0.328s] colcon.colcon_cmake.task.cmake.build INFO Building CMake package in '/home/mustafa/evoart_ws/src/evoart_bringup'
[0.328s] colcon.colcon_core.shell INFO Skip shell extension 'powershell' for command environment: Not usable outside of PowerShell
[0.328s] colcon.colcon_core.shell DEBUG Skip shell extension 'dsv' for command environment
[0.338s] colcon.colcon_core.event_handler.log_command DEBUG Invoking command in '/home/mustafa/evoart_ws/build/evoart_bringup': AMENT_PREFIX_PATH=/home/mustafa/evoart_ws/install/evoart_control:/home/mustafa/evoart_ws/install/evoart_navigation:/home/mustafa/evoart_ws/install/evoart_interfaces:/home/mustafa/evoart_ws/install/evoart_description:${AMENT_PREFIX_PATH} CMAKE_PREFIX_PATH=/home/mustafa/evoart_ws/install/evoart_control:/home/mustafa/evoart_ws/install/evoart_navigation:/home/mustafa/evoart_ws/install/evoart_interfaces:/home/mustafa/evoart_ws/install/evoart_description:/opt/ros/humble LD_LIBRARY_PATH=/home/mustafa/evoart_ws/install/evoart_interfaces/lib:${LD_LIBRARY_PATH} PYTHONPATH=/home/mustafa/evoart_ws/install/evoart_interfaces/local/lib/python3.10/dist-packages:${PYTHONPATH} /usr/bin/cmake --build /home/mustafa/evoart_ws/build/evoart_bringup -- -j32 -l32
[0.367s] colcon.colcon_core.event_handler.log_command DEBUG Invoked command in '/home/mustafa/evoart_ws/build/evoart_bringup' returned '0': AMENT_PREFIX_PATH=/home/mustafa/evoart_ws/install/evoart_control:/home/mustafa/evoart_ws/install/evoart_navigation:/home/mustafa/evoart_ws/install/evoart_interfaces:/home/mustafa/evoart_ws/install/evoart_description:${AMENT_PREFIX_PATH} CMAKE_PREFIX_PATH=/home/mustafa/evoart_ws/install/evoart_control:/home/mustafa/evoart_ws/install/evoart_navigation:/home/mustafa/evoart_ws/install/evoart_interfaces:/home/mustafa/evoart_ws/install/evoart_description:/opt/ros/humble LD_LIBRARY_PATH=/home/mustafa/evoart_ws/install/evoart_interfaces/lib:${LD_LIBRARY_PATH} PYTHONPATH=/home/mustafa/evoart_ws/install/evoart_interfaces/local/lib/python3.10/dist-packages:${PYTHONPATH} /usr/bin/cmake --build /home/mustafa/evoart_ws/build/evoart_bringup -- -j32 -l32
[0.368s] colcon.colcon_core.event_handler.log_command DEBUG Invoking command in '/home/mustafa/evoart_ws/build/evoart_bringup': AMENT_PREFIX_PATH=/home/mustafa/evoart_ws/install/evoart_control:/home/mustafa/evoart_ws/install/evoart_navigation:/home/mustafa/evoart_ws/install/evoart_interfaces:/home/mustafa/evoart_ws/install/evoart_description:${AMENT_PREFIX_PATH} CMAKE_PREFIX_PATH=/home/mustafa/evoart_ws/install/evoart_control:/home/mustafa/evoart_ws/install/evoart_navigation:/home/mustafa/evoart_ws/install/evoart_interfaces:/home/mustafa/evoart_ws/install/evoart_description:/opt/ros/humble LD_LIBRARY_PATH=/home/mustafa/evoart_ws/install/evoart_interfaces/lib:${LD_LIBRARY_PATH} PYTHONPATH=/home/mustafa/evoart_ws/install/evoart_interfaces/local/lib/python3.10/dist-packages:${PYTHONPATH} /usr/bin/cmake --install /home/mustafa/evoart_ws/build/evoart_bringup
[0.377s] colcon.colcon_core.environment Level 1 create_environment_scripts_only(evoart_bringup)
[0.378s] colcon.colcon_core.environment Level 1 checking '/home/mustafa/evoart_ws/install/evoart_bringup' for CMake module files
[0.378s] colcon.colcon_core.event_handler.log_command DEBUG Invoked command in '/home/mustafa/evoart_ws/build/evoart_bringup' returned '0': AMENT_PREFIX_PATH=/home/mustafa/evoart_ws/install/evoart_control:/home/mustafa/evoart_ws/install/evoart_navigation:/home/mustafa/evoart_ws/install/evoart_interfaces:/home/mustafa/evoart_ws/install/evoart_description:${AMENT_PREFIX_PATH} CMAKE_PREFIX_PATH=/home/mustafa/evoart_ws/install/evoart_control:/home/mustafa/evoart_ws/install/evoart_navigation:/home/mustafa/evoart_ws/install/evoart_interfaces:/home/mustafa/evoart_ws/install/evoart_description:/opt/ros/humble LD_LIBRARY_PATH=/home/mustafa/evoart_ws/install/evoart_interfaces/lib:${LD_LIBRARY_PATH} PYTHONPATH=/home/mustafa/evoart_ws/install/evoart_interfaces/local/lib/python3.10/dist-packages:${PYTHONPATH} /usr/bin/cmake --install /home/mustafa/evoart_ws/build/evoart_bringup
[0.378s] colcon.colcon_core.environment Level 1 checking '/home/mustafa/evoart_ws/install/evoart_bringup' for CMake config files
[0.378s] colcon.colcon_core.shell Level 1 create_environment_hook('evoart_bringup', 'cmake_prefix_path')
[0.378s] colcon.colcon_core.shell INFO Creating environment hook '/home/mustafa/evoart_ws/install/evoart_bringup/share/evoart_bringup/hook/cmake_prefix_path.ps1'
[0.379s] colcon.colcon_core.shell INFO Creating environment descriptor '/home/mustafa/evoart_ws/install/evoart_bringup/share/evoart_bringup/hook/cmake_prefix_path.dsv'
[0.379s] colcon.colcon_core.shell INFO Creating environment hook '/home/mustafa/evoart_ws/install/evoart_bringup/share/evoart_bringup/hook/cmake_prefix_path.sh'
[0.379s] colcon.colcon_core.environment Level 1 checking '/home/mustafa/evoart_ws/install/evoart_bringup/bin'
[0.379s] colcon.colcon_core.environment Level 1 checking '/home/mustafa/evoart_ws/install/evoart_bringup/lib/pkgconfig/evoart_bringup.pc'
[0.380s] colcon.colcon_core.environment Level 1 checking '/home/mustafa/evoart_ws/install/evoart_bringup/lib/python3.10/site-packages'
[0.380s] colcon.colcon_core.environment Level 1 checking '/home/mustafa/evoart_ws/install/evoart_bringup/bin'
[0.380s] colcon.colcon_core.shell INFO Creating package script '/home/mustafa/evoart_ws/install/evoart_bringup/share/evoart_bringup/package.ps1'
[0.380s] colcon.colcon_core.shell INFO Creating package descriptor '/home/mustafa/evoart_ws/install/evoart_bringup/share/evoart_bringup/package.dsv'
[0.380s] colcon.colcon_core.shell INFO Creating package script '/home/mustafa/evoart_ws/install/evoart_bringup/share/evoart_bringup/package.sh'
[0.381s] colcon.colcon_core.shell INFO Creating package script '/home/mustafa/evoart_ws/install/evoart_bringup/share/evoart_bringup/package.bash'
[0.381s] colcon.colcon_core.shell INFO Creating package script '/home/mustafa/evoart_ws/install/evoart_bringup/share/evoart_bringup/package.zsh'
[0.381s] colcon.colcon_core.environment Level 1 create_file_with_runtime_dependencies(/home/mustafa/evoart_ws/install/evoart_bringup/share/colcon-core/packages/evoart_bringup)
[0.381s] colcon.colcon_core.environment Level 1 create_environment_scripts_only(evoart_bringup)
[0.382s] colcon.colcon_core.environment Level 1 checking '/home/mustafa/evoart_ws/install/evoart_bringup' for CMake module files
[0.382s] colcon.colcon_core.environment Level 1 checking '/home/mustafa/evoart_ws/install/evoart_bringup' for CMake config files
[0.382s] colcon.colcon_core.shell Level 1 create_environment_hook('evoart_bringup', 'cmake_prefix_path')
[0.382s] colcon.colcon_core.shell INFO Creating environment hook '/home/mustafa/evoart_ws/install/evoart_bringup/share/evoart_bringup/hook/cmake_prefix_path.ps1'
[0.382s] colcon.colcon_core.shell INFO Creating environment descriptor '/home/mustafa/evoart_ws/install/evoart_bringup/share/evoart_bringup/hook/cmake_prefix_path.dsv'
[0.382s] colcon.colcon_core.shell INFO Creating environment hook '/home/mustafa/evoart_ws/install/evoart_bringup/share/evoart_bringup/hook/cmake_prefix_path.sh'
[0.383s] colcon.colcon_core.environment Level 1 checking '/home/mustafa/evoart_ws/install/evoart_bringup/bin'
[0.383s] colcon.colcon_core.environment Level 1 checking '/home/mustafa/evoart_ws/install/evoart_bringup/lib/pkgconfig/evoart_bringup.pc'
[0.383s] colcon.colcon_core.environment Level 1 checking '/home/mustafa/evoart_ws/install/evoart_bringup/lib/python3.10/site-packages'
[0.383s] colcon.colcon_core.environment Level 1 checking '/home/mustafa/evoart_ws/install/evoart_bringup/bin'
[0.383s] colcon.colcon_core.shell INFO Creating package script '/home/mustafa/evoart_ws/install/evoart_bringup/share/evoart_bringup/package.ps1'
[0.383s] colcon.colcon_core.shell INFO Creating package descriptor '/home/mustafa/evoart_ws/install/evoart_bringup/share/evoart_bringup/package.dsv'
[0.384s] colcon.colcon_core.shell INFO Creating package script '/home/mustafa/evoart_ws/install/evoart_bringup/share/evoart_bringup/package.sh'
[0.384s] colcon.colcon_core.shell INFO Creating package script '/home/mustafa/evoart_ws/install/evoart_bringup/share/evoart_bringup/package.bash'
[0.384s] colcon.colcon_core.shell INFO Creating package script '/home/mustafa/evoart_ws/install/evoart_bringup/share/evoart_bringup/package.zsh'
[0.384s] colcon.colcon_core.environment Level 1 create_file_with_runtime_dependencies(/home/mustafa/evoart_ws/install/evoart_bringup/share/colcon-core/packages/evoart_bringup)
[0.384s] colcon.colcon_parallel_executor.executor.parallel DEBUG closing loop
[0.385s] colcon.colcon_parallel_executor.executor.parallel DEBUG loop closed
[0.385s] colcon.colcon_parallel_executor.executor.parallel DEBUG run_until_complete finished with '0'
[0.385s] colcon.colcon_core.event_reactor DEBUG joining thread
[0.388s] colcon.colcon_core.plugin_system INFO Skipping extension 'colcon_notification.desktop_notification.terminal_notifier': Not used on non-Darwin systems
[0.388s] colcon.colcon_core.plugin_system INFO Skipping extension 'colcon_notification.desktop_notification.win32': Not used on non-Windows systems
[0.388s] colcon.colcon_notification.desktop_notification INFO Sending desktop notification using 'notify2'
[0.395s] colcon.colcon_core.event_reactor DEBUG joined thread
[0.396s] colcon.colcon_core.shell INFO Creating prefix script '/home/mustafa/evoart_ws/install/local_setup.ps1'
[0.397s] colcon.colcon_core.shell INFO Creating prefix util module '/home/mustafa/evoart_ws/install/_local_setup_util_ps1.py'
[0.397s] colcon.colcon_core.shell INFO Creating prefix chain script '/home/mustafa/evoart_ws/install/setup.ps1'
[0.398s] colcon.colcon_core.shell INFO Creating prefix script '/home/mustafa/evoart_ws/install/local_setup.sh'
[0.398s] colcon.colcon_core.shell INFO Creating prefix util module '/home/mustafa/evoart_ws/install/_local_setup_util_sh.py'
[0.399s] colcon.colcon_core.shell INFO Creating prefix chain script '/home/mustafa/evoart_ws/install/setup.sh'
[0.399s] colcon.colcon_core.shell INFO Creating prefix script '/home/mustafa/evoart_ws/install/local_setup.bash'
[0.400s] colcon.colcon_core.shell INFO Creating prefix chain script '/home/mustafa/evoart_ws/install/setup.bash'
[0.400s] colcon.colcon_core.shell INFO Creating prefix script '/home/mustafa/evoart_ws/install/local_setup.zsh'
[0.400s] colcon.colcon_core.shell INFO Creating prefix chain script '/home/mustafa/evoart_ws/install/setup.zsh'
