[0.000000] (-) TimerEvent: {}
[0.000197] (-) JobUnselected: {'identifier': 'evoart_behavior'}
[0.000386] (-) JobUnselected: {'identifier': 'evoart_control'}
[0.000535] (-) JobUnselected: {'identifier': 'evoart_interfaces'}
[0.000570] (-) JobUnselected: {'identifier': 'evoart_perception'}
[0.000580] (-) JobUnselected: {'identifier': 'velodyne'}
[0.000592] (-) JobUnselected: {'identifier': 'velodyne_driver'}
[0.000664] (-) JobUnselected: {'identifier': 'velodyne_laserscan'}
[0.000678] (-) JobUnselected: {'identifier': 'velodyne_msgs'}
[0.000687] (-) JobUnselected: {'identifier': 'velodyne_pointcloud'}
[0.000695] (-) JobUnselected: {'identifier': 'zed_components'}
[0.000703] (-) JobUnselected: {'identifier': 'zed_debug'}
[0.000712] (-) JobUnselected: {'identifier': 'zed_ros2'}
[0.000720] (-) JobUnselected: {'identifier': 'zed_wrapper'}
[0.000730] (evoart_description) JobQueued: {'identifier': 'evoart_description', 'dependencies': OrderedDict()}
[0.000741] (evoart_navigation) JobQueued: {'identifier': 'evoart_navigation', 'dependencies': OrderedDict()}
[0.000751] (evoart_bringup) JobQueued: {'identifier': 'evoart_bringup', 'dependencies': OrderedDict([('evoart_description', '/home/mustafa/evoart_ws/install/evoart_description'), ('evoart_interfaces', '/home/mustafa/evoart_ws/install/evoart_interfaces'), ('evoart_navigation', '/home/mustafa/evoart_ws/install/evoart_navigation'), ('evoart_control', '/home/mustafa/evoart_ws/install/evoart_control')])}
[0.000767] (evoart_description) JobStarted: {'identifier': 'evoart_description'}
[0.005381] (evoart_navigation) JobStarted: {'identifier': 'evoart_navigation'}
[0.009185] (evoart_description) JobProgress: {'identifier': 'evoart_description', 'progress': 'cmake'}
[0.010151] (evoart_description) JobProgress: {'identifier': 'evoart_description', 'progress': 'build'}
[0.010232] (evoart_description) Command: {'cmd': ['/usr/bin/cmake', '--build', '/home/mustafa/evoart_ws/build/evoart_description', '--', '-j32', '-l32'], 'cwd': '/home/mustafa/evoart_ws/build/evoart_description', 'env': OrderedDict([('GJS_DEBUG_TOPICS', 'JS ERROR;JS LOG'), ('LESSOPEN', '| /usr/bin/lesspipe %s'), ('VSCODE_CWD', '/home/mustafa'), ('USER', 'mustafa'), ('VSCODE_NLS_CONFIG', '{"userLocale":"en-us","osLocale":"tr-tr","resolvedLanguage":"en","defaultMessagesFile":"/usr/share/antigravity/resources/app/out/nls.messages.json","locale":"en-us","availableLanguages":{}}'), ('XDG_SESSION_TYPE', 'x11'), ('SHLVL', '0'), ('LD_LIBRARY_PATH', '/usr/lib/x86_64-linux-gnu/gazebo-11/plugins:/opt/ros/humble/opt/rviz_ogre_vendor/lib:/opt/ros/humble/lib/x86_64-linux-gnu:/opt/ros/humble/lib'), ('HOME', '/home/mustafa'), ('CHROME_DESKTOP', 'antigravity.desktop'), ('OLDPWD', '/home/mustafa/evoart_ws'), ('DESKTOP_SESSION', 'ubuntu'), ('VSCODE_IPC_HOOK', '/run/user/1000/vscode-de9dec49-1.10-main.sock'), ('GIO_LAUNCHED_DESKTOP_FILE', '/usr/share/applications/antigravity.desktop'), ('ROS_PYTHON_VERSION', '3'), ('GNOME_SHELL_SESSION_MODE', 'ubuntu'), ('GTK_MODULES', 'gail:atk-bridge'), ('PAGER', 'cat'), ('MANAGERPID', '2064'), ('SYSTEMD_EXEC_PID', '2377'), ('DBUS_SESSION_BUS_ADDRESS', 'unix:path=/run/user/1000/bus'), ('ANTIGRAVITY_AGENT', '1'), ('GIO_LAUNCHED_DESKTOP_FILE_PID', '16571'), ('ROS_DISTRO', 'humble'), ('GTK_IM_MODULE', 'ibus'), ('LOGNAME', 'mustafa'), ('JOURNAL_STREAM', '8:20000'), ('_', '/usr/bin/colcon'), ('ROS_VERSION', '2'), ('XDG_SESSION_CLASS', 'user'), ('USERNAME', 'mustafa'), ('TERM', 'dumb'), ('GNOME_DESKTOP_SESSION_ID', 'this-is-deprecated'), ('FC_FONTATIONS', '1'), ('ROS_LOCALHOST_ONLY', '0'), ('WINDOWPATH', '2'), ('ANTIGRAVITY_EDITOR_APP_ROOT', '/usr/share/antigravity/resources/app'), ('PATH', '/home/mustafa/.local/bin:/opt/ros/humble/bin:/home/mustafa/.local/bin:/usr/local/sbin:/usr/local/bin:/usr/sbin:/usr/bin:/sbin:/bin:/usr/games:/usr/local/games:/snap/bin:/snap/bin:/home/mustafa/.lmstudio/bin:/home/mustafa/.lmstudio/bin:/home/mustafa/.lmstudio/bin'), ('SESSION_MANAGER', 'local/mustafa-SLAYER-R9T:@/tmp/.ICE-unix/2353,unix/mustafa-SLAYER-R9T:/tmp/.ICE-unix/2353'), ('INVOCATION_ID', '30c711239b4c44dea1fe52cf17c255cb'), ('XDG_MENU_PREFIX', 'gnome-'), ('XDG_RUNTIME_DIR', '/run/user/1000'), ('GDK_BACKEND', 'x11'), ('DISPLAY', ':1'), ('LANG', 'tr_TR.UTF-8'), ('XDG_CURRENT_DESKTOP', 'ubuntu:GNOME'), ('XMODIFIERS', '@im=ibus'), ('XDG_SESSION_DESKTOP', 'ubuntu'), ('XAUTHORITY', '/run/user/1000/gdm/Xauthority'), ('LS_COLORS', ''), ('SSH_AGENT_LAUNCHER', 'gnome-keyring'), ('SSH_AUTH_SOCK', '/run/user/1000/keyring/ssh'), ('AMENT_PREFIX_PATH', '/opt/ros/humble'), ('SHELL', '/bin/bash'), ('QT_ACCESSIBILITY', '1'), ('GDMSESSION', 'ubuntu'), ('LESSCLOSE', '/usr/bin/lesspipe %s %s'), ('GPG_AGENT_INFO', '/run/user/1000/gnupg/S.gpg-agent:0:1'), ('GJS_DEBUG_OUTPUT', 'stderr'), ('QT_IM_MODULE', 'ibus'), ('ANTIGRAVITY_TRAJECTORY_ID', 'd21e033e-9055-4830-ac9a-28d07d715551'), ('PWD', '/home/mustafa/evoart_ws/build/evoart_description'), ('TURTLEBOT3_MODEL', 'waffle'), ('XDG_CONFIG_DIRS', '/etc/xdg/xdg-ubuntu:/etc/xdg'), ('VSCODE_CODE_CACHE_PATH', '/home/mustafa/.config/Antigravity/CachedData/15487b3041e65228cae24980a3f796c905ef582c'), ('XDG_DATA_DIRS', '/usr/share/ubuntu:/usr/share/gnome:/home/mustafa/.local/share/flatpak/exports/share:/var/lib/flatpak/exports/share:/usr/local/share/:/usr/share/:/var/lib/snapd/desktop'), ('PYTHONPATH', '/opt/ros/humble/lib/python3.10/site-packages:/opt/ros/humble/local/lib/python3.10/dist-packages'), ('COLCON', '1'), ('VSCODE_PID', '16571'), ('CMAKE_PREFIX_PATH', '/opt/ros/humble')]), 'shell': False}
[0.011843] (evoart_navigation) JobProgress: {'identifier': 'evoart_navigation', 'progress': 'cmake'}
[0.012049] (evoart_navigation) JobProgress: {'identifier': 'evoart_navigation', 'progress': 'build'}
[0.012197] (evoart_navigation) Command: {'cmd': ['/usr/bin/cmake', '--build', '/home/mustafa/evoart_ws/build/evoart_navigation', '--', '-j32', '-l32'], 'cwd': '/home/mustafa/evoart_ws/build/evoart_navigation', 'env': OrderedDict([('GJS_DEBUG_TOPICS', 'JS ERROR;JS LOG'), ('LESSOPEN', '| /usr/bin/lesspipe %s'), ('VSCODE_CWD', '/home/mustafa'), ('USER', 'mustafa'), ('VSCODE_NLS_CONFIG', '{"userLocale":"en-us","osLocale":"tr-tr","resolvedLanguage":"en","defaultMessagesFile":"/usr/share/antigravity/resources/app/out/nls.messages.json","locale":"en-us","availableLanguages":{}}'), ('XDG_SESSION_TYPE', 'x11'), ('SHLVL', '0'), ('LD_LIBRARY_PATH', '/usr/lib/x86_64-linux-gnu/gazebo-11/plugins:/opt/ros/humble/opt/rviz_ogre_vendor/lib:/opt/ros/humble/lib/x86_64-linux-gnu:/opt/ros/humble/lib'), ('HOME', '/home/mustafa'), ('CHROME_DESKTOP', 'antigravity.desktop'), ('OLDPWD', '/home/mustafa/evoart_ws'), ('DESKTOP_SESSION', 'ubuntu'), ('VSCODE_IPC_HOOK', '/run/user/1000/vscode-de9dec49-1.10-main.sock'), ('GIO_LAUNCHED_DESKTOP_FILE', '/usr/share/applications/antigravity.desktop'), ('ROS_PYTHON_VERSION', '3'), ('GNOME_SHELL_SESSION_MODE', 'ubuntu'), ('GTK_MODULES', 'gail:atk-bridge'), ('PAGER', 'cat'), ('MANAGERPID', '2064'), ('SYSTEMD_EXEC_PID', '2377'), ('DBUS_SESSION_BUS_ADDRESS', 'unix:path=/run/user/1000/bus'), ('ANTIGRAVITY_AGENT', '1'), ('GIO_LAUNCHED_DESKTOP_FILE_PID', '16571'), ('ROS_DISTRO', 'humble'), ('GTK_IM_MODULE', 'ibus'), ('LOGNAME', 'mustafa'), ('JOURNAL_STREAM', '8:20000'), ('_', '/usr/bin/colcon'), ('ROS_VERSION', '2'), ('XDG_SESSION_CLASS', 'user'), ('USERNAME', 'mustafa'), ('TERM', 'dumb'), ('GNOME_DESKTOP_SESSION_ID', 'this-is-deprecated'), ('FC_FONTATIONS', '1'), ('ROS_LOCALHOST_ONLY', '0'), ('WINDOWPATH', '2'), ('ANTIGRAVITY_EDITOR_APP_ROOT', '/usr/share/antigravity/resources/app'), ('PATH', '/home/mustafa/.local/bin:/opt/ros/humble/bin:/home/mustafa/.local/bin:/usr/local/sbin:/usr/local/bin:/usr/sbin:/usr/bin:/sbin:/bin:/usr/games:/usr/local/games:/snap/bin:/snap/bin:/home/mustafa/.lmstudio/bin:/home/mustafa/.lmstudio/bin:/home/mustafa/.lmstudio/bin'), ('SESSION_MANAGER', 'local/mustafa-SLAYER-R9T:@/tmp/.ICE-unix/2353,unix/mustafa-SLAYER-R9T:/tmp/.ICE-unix/2353'), ('INVOCATION_ID', '30c711239b4c44dea1fe52cf17c255cb'), ('XDG_MENU_PREFIX', 'gnome-'), ('XDG_RUNTIME_DIR', '/run/user/1000'), ('GDK_BACKEND', 'x11'), ('DISPLAY', ':1'), ('LANG', 'tr_TR.UTF-8'), ('XDG_CURRENT_DESKTOP', 'ubuntu:GNOME'), ('XMODIFIERS', '@im=ibus'), ('XDG_SESSION_DESKTOP', 'ubuntu'), ('XAUTHORITY', '/run/user/1000/gdm/Xauthority'), ('LS_COLORS', ''), ('SSH_AGENT_LAUNCHER', 'gnome-keyring'), ('SSH_AUTH_SOCK', '/run/user/1000/keyring/ssh'), ('AMENT_PREFIX_PATH', '/opt/ros/humble'), ('SHELL', '/bin/bash'), ('QT_ACCESSIBILITY', '1'), ('GDMSESSION', 'ubuntu'), ('LESSCLOSE', '/usr/bin/lesspipe %s %s'), ('GPG_AGENT_INFO', '/run/user/1000/gnupg/S.gpg-agent:0:1'), ('GJS_DEBUG_OUTPUT', 'stderr'), ('QT_IM_MODULE', 'ibus'), ('ANTIGRAVITY_TRAJECTORY_ID', 'd21e033e-9055-4830-ac9a-28d07d715551'), ('PWD', '/home/mustafa/evoart_ws/build/evoart_navigation'), ('TURTLEBOT3_MODEL', 'waffle'), ('XDG_CONFIG_DIRS', '/etc/xdg/xdg-ubuntu:/etc/xdg'), ('VSCODE_CODE_CACHE_PATH', '/home/mustafa/.config/Antigravity/CachedData/15487b3041e65228cae24980a3f796c905ef582c'), ('XDG_DATA_DIRS', '/usr/share/ubuntu:/usr/share/gnome:/home/mustafa/.local/share/flatpak/exports/share:/var/lib/flatpak/exports/share:/usr/local/share/:/usr/share/:/var/lib/snapd/desktop'), ('PYTHONPATH', '/opt/ros/humble/lib/python3.10/site-packages:/opt/ros/humble/local/lib/python3.10/dist-packages'), ('COLCON', '1'), ('VSCODE_PID', '16571'), ('CMAKE_PREFIX_PATH', '/opt/ros/humble')]), 'shell': False}
[0.049637] (evoart_navigation) CommandEnded: {'returncode': 0}
[0.050133] (evoart_navigation) JobProgress: {'identifier': 'evoart_navigation', 'progress': 'install'}
[0.059196] (evoart_navigation) Command: {'cmd': ['/usr/bin/cmake', '--install', '/home/mustafa/evoart_ws/build/evoart_navigation'], 'cwd': '/home/mustafa/evoart_ws/build/evoart_navigation', 'env': OrderedDict([('GJS_DEBUG_TOPICS', 'JS ERROR;JS LOG'), ('LESSOPEN', '| /usr/bin/lesspipe %s'), ('VSCODE_CWD', '/home/mustafa'), ('USER', 'mustafa'), ('VSCODE_NLS_CONFIG', '{"userLocale":"en-us","osLocale":"tr-tr","resolvedLanguage":"en","defaultMessagesFile":"/usr/share/antigravity/resources/app/out/nls.messages.json","locale":"en-us","availableLanguages":{}}'), ('XDG_SESSION_TYPE', 'x11'), ('SHLVL', '0'), ('LD_LIBRARY_PATH', '/usr/lib/x86_64-linux-gnu/gazebo-11/plugins:/opt/ros/humble/opt/rviz_ogre_vendor/lib:/opt/ros/humble/lib/x86_64-linux-gnu:/opt/ros/humble/lib'), ('HOME', '/home/mustafa'), ('CHROME_DESKTOP', 'antigravity.desktop'), ('OLDPWD', '/home/mustafa/evoart_ws'), ('DESKTOP_SESSION', 'ubuntu'), ('VSCODE_IPC_HOOK', '/run/user/1000/vscode-de9dec49-1.10-main.sock'), ('GIO_LAUNCHED_DESKTOP_FILE', '/usr/share/applications/antigravity.desktop'), ('ROS_PYTHON_VERSION', '3'), ('GNOME_SHELL_SESSION_MODE', 'ubuntu'), ('GTK_MODULES', 'gail:atk-bridge'), ('PAGER', 'cat'), ('MANAGERPID', '2064'), ('SYSTEMD_EXEC_PID', '2377'), ('DBUS_SESSION_BUS_ADDRESS', 'unix:path=/run/user/1000/bus'), ('ANTIGRAVITY_AGENT', '1'), ('GIO_LAUNCHED_DESKTOP_FILE_PID', '16571'), ('ROS_DISTRO', 'humble'), ('GTK_IM_MODULE', 'ibus'), ('LOGNAME', 'mustafa'), ('JOURNAL_STREAM', '8:20000'), ('_', '/usr/bin/colcon'), ('ROS_VERSION', '2'), ('XDG_SESSION_CLASS', 'user'), ('USERNAME', 'mustafa'), ('TERM', 'dumb'), ('GNOME_DESKTOP_SESSION_ID', 'this-is-deprecated'), ('FC_FONTATIONS', '1'), ('ROS_LOCALHOST_ONLY', '0'), ('WINDOWPATH', '2'), ('ANTIGRAVITY_EDITOR_APP_ROOT', '/usr/share/antigravity/resources/app'), ('PATH', '/home/mustafa/.local/bin:/opt/ros/humble/bin:/home/mustafa/.local/bin:/usr/local/sbin:/usr/local/bin:/usr/sbin:/usr/bin:/sbin:/bin:/usr/games:/usr/local/games:/snap/bin:/snap/bin:/home/mustafa/.lmstudio/bin:/home/mustafa/.lmstudio/bin:/home/mustafa/.lmstudio/bin'), ('SESSION_MANAGER', 'local/mustafa-SLAYER-R9T:@/tmp/.ICE-unix/2353,unix/mustafa-SLAYER-R9T:/tmp/.ICE-unix/2353'), ('INVOCATION_ID', '30c711239b4c44dea1fe52cf17c255cb'), ('XDG_MENU_PREFIX', 'gnome-'), ('XDG_RUNTIME_DIR', '/run/user/1000'), ('GDK_BACKEND', 'x11'), ('DISPLAY', ':1'), ('LANG', 'tr_TR.UTF-8'), ('XDG_CURRENT_DESKTOP', 'ubuntu:GNOME'), ('XMODIFIERS', '@im=ibus'), ('XDG_SESSION_DESKTOP', 'ubuntu'), ('XAUTHORITY', '/run/user/1000/gdm/Xauthority'), ('LS_COLORS', ''), ('SSH_AGENT_LAUNCHER', 'gnome-keyring'), ('SSH_AUTH_SOCK', '/run/user/1000/keyring/ssh'), ('AMENT_PREFIX_PATH', '/opt/ros/humble'), ('SHELL', '/bin/bash'), ('QT_ACCESSIBILITY', '1'), ('GDMSESSION', 'ubuntu'), ('LESSCLOSE', '/usr/bin/lesspipe %s %s'), ('GPG_AGENT_INFO', '/run/user/1000/gnupg/S.gpg-agent:0:1'), ('GJS_DEBUG_OUTPUT', 'stderr'), ('QT_IM_MODULE', 'ibus'), ('ANTIGRAVITY_TRAJECTORY_ID', 'd21e033e-9055-4830-ac9a-28d07d715551'), ('PWD', '/home/mustafa/evoart_ws/build/evoart_navigation'), ('TURTLEBOT3_MODEL', 'waffle'), ('XDG_CONFIG_DIRS', '/etc/xdg/xdg-ubuntu:/etc/xdg'), ('VSCODE_CODE_CACHE_PATH', '/home/mustafa/.config/Antigravity/CachedData/15487b3041e65228cae24980a3f796c905ef582c'), ('XDG_DATA_DIRS', '/usr/share/ubuntu:/usr/share/gnome:/home/mustafa/.local/share/flatpak/exports/share:/var/lib/flatpak/exports/share:/usr/local/share/:/usr/share/:/var/lib/snapd/desktop'), ('PYTHONPATH', '/opt/ros/humble/lib/python3.10/site-packages:/opt/ros/humble/local/lib/python3.10/dist-packages'), ('COLCON', '1'), ('VSCODE_PID', '16571'), ('CMAKE_PREFIX_PATH', '/opt/ros/humble')]), 'shell': False}
[0.060849] (evoart_description) CommandEnded: {'returncode': 0}
[0.061216] (evoart_description) JobProgress: {'identifier': 'evoart_description', 'progress': 'install'}
[0.061618] (evoart_description) Command: {'cmd': ['/usr/bin/cmake', '--install', '/home/mustafa/evoart_ws/build/evoart_description'], 'cwd': '/home/mustafa/evoart_ws/build/evoart_description', 'env': OrderedDict([('GJS_DEBUG_TOPICS', 'JS ERROR;JS LOG'), ('LESSOPEN', '| /usr/bin/lesspipe %s'), ('VSCODE_CWD', '/home/mustafa'), ('USER', 'mustafa'), ('VSCODE_NLS_CONFIG', '{"userLocale":"en-us","osLocale":"tr-tr","resolvedLanguage":"en","defaultMessagesFile":"/usr/share/antigravity/resources/app/out/nls.messages.json","locale":"en-us","availableLanguages":{}}'), ('XDG_SESSION_TYPE', 'x11'), ('SHLVL', '0'), ('LD_LIBRARY_PATH', '/usr/lib/x86_64-linux-gnu/gazebo-11/plugins:/opt/ros/humble/opt/rviz_ogre_vendor/lib:/opt/ros/humble/lib/x86_64-linux-gnu:/opt/ros/humble/lib'), ('HOME', '/home/mustafa'), ('CHROME_DESKTOP', 'antigravity.desktop'), ('OLDPWD', '/home/mustafa/evoart_ws'), ('DESKTOP_SESSION', 'ubuntu'), ('VSCODE_IPC_HOOK', '/run/user/1000/vscode-de9dec49-1.10-main.sock'), ('GIO_LAUNCHED_DESKTOP_FILE', '/usr/share/applications/antigravity.desktop'), ('ROS_PYTHON_VERSION', '3'), ('GNOME_SHELL_SESSION_MODE', 'ubuntu'), ('GTK_MODULES', 'gail:atk-bridge'), ('PAGER', 'cat'), ('MANAGERPID', '2064'), ('SYSTEMD_EXEC_PID', '2377'), ('DBUS_SESSION_BUS_ADDRESS', 'unix:path=/run/user/1000/bus'), ('ANTIGRAVITY_AGENT', '1'), ('GIO_LAUNCHED_DESKTOP_FILE_PID', '16571'), ('ROS_DISTRO', 'humble'), ('GTK_IM_MODULE', 'ibus'), ('LOGNAME', 'mustafa'), ('JOURNAL_STREAM', '8:20000'), ('_', '/usr/bin/colcon'), ('ROS_VERSION', '2'), ('XDG_SESSION_CLASS', 'user'), ('USERNAME', 'mustafa'), ('TERM', 'dumb'), ('GNOME_DESKTOP_SESSION_ID', 'this-is-deprecated'), ('FC_FONTATIONS', '1'), ('ROS_LOCALHOST_ONLY', '0'), ('WINDOWPATH', '2'), ('ANTIGRAVITY_EDITOR_APP_ROOT', '/usr/share/antigravity/resources/app'), ('PATH', '/home/mustafa/.local/bin:/opt/ros/humble/bin:/home/mustafa/.local/bin:/usr/local/sbin:/usr/local/bin:/usr/sbin:/usr/bin:/sbin:/bin:/usr/games:/usr/local/games:/snap/bin:/snap/bin:/home/mustafa/.lmstudio/bin:/home/mustafa/.lmstudio/bin:/home/mustafa/.lmstudio/bin'), ('SESSION_MANAGER', 'local/mustafa-SLAYER-R9T:@/tmp/.ICE-unix/2353,unix/mustafa-SLAYER-R9T:/tmp/.ICE-unix/2353'), ('INVOCATION_ID', '30c711239b4c44dea1fe52cf17c255cb'), ('XDG_MENU_PREFIX', 'gnome-'), ('XDG_RUNTIME_DIR', '/run/user/1000'), ('GDK_BACKEND', 'x11'), ('DISPLAY', ':1'), ('LANG', 'tr_TR.UTF-8'), ('XDG_CURRENT_DESKTOP', 'ubuntu:GNOME'), ('XMODIFIERS', '@im=ibus'), ('XDG_SESSION_DESKTOP', 'ubuntu'), ('XAUTHORITY', '/run/user/1000/gdm/Xauthority'), ('LS_COLORS', ''), ('SSH_AGENT_LAUNCHER', 'gnome-keyring'), ('SSH_AUTH_SOCK', '/run/user/1000/keyring/ssh'), ('AMENT_PREFIX_PATH', '/opt/ros/humble'), ('SHELL', '/bin/bash'), ('QT_ACCESSIBILITY', '1'), ('GDMSESSION', 'ubuntu'), ('LESSCLOSE', '/usr/bin/lesspipe %s %s'), ('GPG_AGENT_INFO', '/run/user/1000/gnupg/S.gpg-agent:0:1'), ('GJS_DEBUG_OUTPUT', 'stderr'), ('QT_IM_MODULE', 'ibus'), ('ANTIGRAVITY_TRAJECTORY_ID', 'd21e033e-9055-4830-ac9a-28d07d715551'), ('PWD', '/home/mustafa/evoart_ws/build/evoart_description'), ('TURTLEBOT3_MODEL', 'waffle'), ('XDG_CONFIG_DIRS', '/etc/xdg/xdg-ubuntu:/etc/xdg'), ('VSCODE_CODE_CACHE_PATH', '/home/mustafa/.config/Antigravity/CachedData/15487b3041e65228cae24980a3f796c905ef582c'), ('XDG_DATA_DIRS', '/usr/share/ubuntu:/usr/share/gnome:/home/mustafa/.local/share/flatpak/exports/share:/var/lib/flatpak/exports/share:/usr/local/share/:/usr/share/:/var/lib/snapd/desktop'), ('PYTHONPATH', '/opt/ros/humble/lib/python3.10/site-packages:/opt/ros/humble/local/lib/python3.10/dist-packages'), ('COLCON', '1'), ('VSCODE_PID', '16571'), ('CMAKE_PREFIX_PATH', '/opt/ros/humble')]), 'shell': False}
[0.067398] (evoart_navigation) StdoutLine: {'line': b'-- Install configuration: ""\n'}
[0.067622] (evoart_navigation) StdoutLine: {'line': b'-- Up-to-date: /home/mustafa/evoart_ws/install/evoart_navigation/share/evoart_navigation/config\n'}
[0.067736] (evoart_navigation) StdoutLine: {'line': b'-- Up-to-date: /home/mustafa/evoart_ws/install/evoart_navigation/share/evoart_navigation/config/ekf.yaml\n'}
[0.067792] (evoart_navigation) StdoutLine: {'line': b'-- Installing: /home/mustafa/evoart_ws/install/evoart_navigation/share/evoart_navigation/config/nav2_params.yaml\n'}
[0.068067] (evoart_navigation) StdoutLine: {'line': b'-- Up-to-date: /home/mustafa/evoart_ws/install/evoart_navigation/share/evoart_navigation/launch\n'}
[0.068259] (evoart_navigation) StdoutLine: {'line': b'-- Up-to-date: /home/mustafa/evoart_ws/install/evoart_navigation/share/evoart_navigation/launch/navigation.launch.py\n'}
[0.068318] (evoart_navigation) StdoutLine: {'line': b'-- Up-to-date: /home/mustafa/evoart_ws/install/evoart_navigation/share/evoart_navigation/maps\n'}
[0.068481] (evoart_navigation) StdoutLine: {'line': b'-- Up-to-date: /home/mustafa/evoart_ws/install/evoart_navigation/share/evoart_navigation/maps/robotaksi_pist.yaml\n'}
[0.068545] (evoart_navigation) StdoutLine: {'line': b'-- Up-to-date: /home/mustafa/evoart_ws/install/evoart_navigation/share/evoart_navigation/maps/robotaksi_pis.pgm\n'}
[0.068597] (evoart_navigation) StdoutLine: {'line': b'-- Up-to-date: /home/mustafa/evoart_ws/install/evoart_navigation/share/ament_index/resource_index/package_run_dependencies/evoart_navigation\n'}
[0.068649] (evoart_navigation) StdoutLine: {'line': b'-- Up-to-date: /home/mustafa/evoart_ws/install/evoart_navigation/share/ament_index/resource_index/parent_prefix_path/evoart_navigation\n'}
[0.068688] (evoart_navigation) StdoutLine: {'line': b'-- Up-to-date: /home/mustafa/evoart_ws/install/evoart_navigation/share/evoart_navigation/environment/ament_prefix_path.sh\n'}
[0.068729] (evoart_navigation) StdoutLine: {'line': b'-- Up-to-date: /home/mustafa/evoart_ws/install/evoart_navigation/share/evoart_navigation/environment/ament_prefix_path.dsv\n'}
[0.068860] (evoart_navigation) StdoutLine: {'line': b'-- Up-to-date: /home/mustafa/evoart_ws/install/evoart_navigation/share/evoart_navigation/environment/path.sh\n'}
[0.068894] (evoart_navigation) StdoutLine: {'line': b'-- Up-to-date: /home/mustafa/evoart_ws/install/evoart_navigation/share/evoart_navigation/environment/path.dsv\n'}
[0.068922] (evoart_navigation) StdoutLine: {'line': b'-- Up-to-date: /home/mustafa/evoart_ws/install/evoart_navigation/share/evoart_navigation/local_setup.bash\n'}
[0.068952] (evoart_navigation) StdoutLine: {'line': b'-- Up-to-date: /home/mustafa/evoart_ws/install/evoart_navigation/share/evoart_navigation/local_setup.sh\n'}
[0.068981] (evoart_navigation) StdoutLine: {'line': b'-- Up-to-date: /home/mustafa/evoart_ws/install/evoart_navigation/share/evoart_navigation/local_setup.zsh\n'}
[0.069020] (evoart_navigation) StdoutLine: {'line': b'-- Up-to-date: /home/mustafa/evoart_ws/install/evoart_navigation/share/evoart_navigation/local_setup.dsv\n'}
[0.069065] (evoart_navigation) StdoutLine: {'line': b'-- Installing: /home/mustafa/evoart_ws/install/evoart_navigation/share/evoart_navigation/package.dsv\n'}
[0.069101] (evoart_navigation) StdoutLine: {'line': b'-- Up-to-date: /home/mustafa/evoart_ws/install/evoart_navigation/share/ament_index/resource_index/packages/evoart_navigation\n'}
[0.069138] (evoart_navigation) StdoutLine: {'line': b'-- Up-to-date: /home/mustafa/evoart_ws/install/evoart_navigation/share/evoart_navigation/cmake/evoart_navigationConfig.cmake\n'}
[0.069166] (evoart_navigation) StdoutLine: {'line': b'-- Up-to-date: /home/mustafa/evoart_ws/install/evoart_navigation/share/evoart_navigation/cmake/evoart_navigationConfig-version.cmake\n'}
[0.069194] (evoart_navigation) StdoutLine: {'line': b'-- Up-to-date: /home/mustafa/evoart_ws/install/evoart_navigation/share/evoart_navigation/package.xml\n'}
[0.069434] (evoart_description) StdoutLine: {'line': b'-- Install configuration: ""\n'}
[0.070184] (evoart_description) StdoutLine: {'line': b'-- Up-to-date: /home/mustafa/evoart_ws/install/evoart_description/share/evoart_description/urdf\n'}
[0.070627] (evoart_description) StdoutLine: {'line': b'-- Up-to-date: /home/mustafa/evoart_ws/install/evoart_description/share/evoart_description/urdf/robotaksi.urdf.xacro\n'}
[0.070918] (evoart_description) StdoutLine: {'line': b'-- Up-to-date: /home/mustafa/evoart_ws/install/evoart_description/share/evoart_description/meshes\n'}
[0.070983] (evoart_description) StdoutLine: {'line': b'-- Up-to-date: /home/mustafa/evoart_ws/install/evoart_description/share/evoart_description/launch\n'}
[0.071022] (evoart_description) StdoutLine: {'line': b'-- Installing: /home/mustafa/evoart_ws/install/evoart_description/share/evoart_description/launch/gazebo.launch.py\n'}
[0.071062] (evoart_description) StdoutLine: {'line': b'-- Up-to-date: /home/mustafa/evoart_ws/install/evoart_description/share/evoart_description/launch/display.launch.py\n'}
[0.071097] (evoart_description) StdoutLine: {'line': b'-- Up-to-date: /home/mustafa/evoart_ws/install/evoart_description/share/evoart_description/rviz\n'}
[0.071129] (evoart_description) StdoutLine: {'line': b'-- Up-to-date: /home/mustafa/evoart_ws/install/evoart_description/share/evoart_description/rviz/robotaksi.rviz\n'}
[0.071160] (evoart_description) StdoutLine: {'line': b'-- Up-to-date: /home/mustafa/evoart_ws/install/evoart_description/share/evoart_description/worlds\n'}
[0.071190] (evoart_description) StdoutLine: {'line': b'-- Up-to-date: /home/mustafa/evoart_ws/install/evoart_description/share/evoart_description/worlds/teknofest_city.sdf\n'}
[0.071277] (evoart_description) StdoutLine: {'line': b'-- Up-to-date: /home/mustafa/evoart_ws/install/evoart_description/share/evoart_description/models\n'}
[0.071364] (evoart_description) StdoutLine: {'line': b'-- Up-to-date: /home/mustafa/evoart_ws/install/evoart_description/share/evoart_description/models/SagaDonulmezTabelasi\n'}
[0.071492] (evoart_description) StdoutLine: {'line': b'-- Up-to-date: /home/mustafa/evoart_ws/install/evoart_description/share/evoart_description/models/SagaDonulmezTabelasi/meshes\n'}
[0.071550] (evoart_description) StdoutLine: {'line': b'-- Up-to-date: /home/mustafa/evoart_ws/install/evoart_description/share/evoart_description/models/SagaDonulmezTabelasi/meshes/SagaDonulmezTabelasi.dae\n'}
[0.071600] (evoart_description) StdoutLine: {'line': b'-- Up-to-date: /home/mustafa/evoart_ws/install/evoart_description/share/evoart_description/models/SagaDonulmezTabelasi/model.config\n'}
[0.071632] (evoart_description) StdoutLine: {'line': b'-- Up-to-date: /home/mustafa/evoart_ws/install/evoart_description/share/evoart_description/models/SagaDonulmezTabelasi/model.sdf\n'}
[0.071664] (evoart_description) StdoutLine: {'line': b'-- Up-to-date: /home/mustafa/evoart_ws/install/evoart_description/share/evoart_description/models/AzamiHizSiniri20\n'}
[0.071695] (evoart_description) StdoutLine: {'line': b'-- Up-to-date: /home/mustafa/evoart_ws/install/evoart_description/share/evoart_description/models/AzamiHizSiniri20/meshes\n'}
[0.071726] (evoart_description) StdoutLine: {'line': b'-- Up-to-date: /home/mustafa/evoart_ws/install/evoart_description/share/evoart_description/models/AzamiHizSiniri20/meshes/AzamiHizSiniri20.dae\n'}
[0.071760] (evoart_description) StdoutLine: {'line': b'-- Up-to-date: /home/mustafa/evoart_ws/install/evoart_description/share/evoart_description/models/AzamiHizSiniri20/model.config\n'}
[0.071801] (evoart_description) StdoutLine: {'line': b'-- Up-to-date: /home/mustafa/evoart_ws/install/evoart_description/share/evoart_description/models/AzamiHizSiniri20/model.sdf\n'}
[0.071834] (evoart_description) StdoutLine: {'line': b'-- Up-to-date: /home/mustafa/evoart_ws/install/evoart_description/share/evoart_description/models/ParkEtmekYasaktirTabelasi\n'}
[0.071865] (evoart_description) StdoutLine: {'line': b'-- Up-to-date: /home/mustafa/evoart_ws/install/evoart_description/share/evoart_description/models/ParkEtmekYasaktirTabelasi/meshes\n'}
[0.071895] (evoart_description) StdoutLine: {'line': b'-- Up-to-date: /home/mustafa/evoart_ws/install/evoart_description/share/evoart_description/models/ParkEtmekYasaktirTabelasi/meshes/ParkEtmekYasaktirTabelasi.dae\n'}
[0.071925] (evoart_description) StdoutLine: {'line': b'-- Up-to-date: /home/mustafa/evoart_ws/install/evoart_description/share/evoart_description/models/ParkEtmekYasaktirTabelasi/model.config\n'}
[0.071955] (evoart_description) StdoutLine: {'line': b'-- Up-to-date: /home/mustafa/evoart_ws/install/evoart_description/share/evoart_description/models/ParkEtmekYasaktirTabelasi/model.sdf\n'}
[0.071984] (evoart_description) StdoutLine: {'line': b'-- Up-to-date: /home/mustafa/evoart_ws/install/evoart_description/share/evoart_description/models/ParkYeriTabelasi\n'}
[0.072110] (evoart_navigation) CommandEnded: {'returncode': 0}
[0.082565] (evoart_navigation) JobEnded: {'identifier': 'evoart_navigation', 'rc': 0}
[0.084094] (evoart_description) StdoutLine: {'line': b'-- Up-to-date: /home/mustafa/evoart_ws/install/evoart_description/share/evoart_description/models/ParkYeriTabelasi/meshes\n'}
[0.084302] (evoart_description) StdoutLine: {'line': b'-- Up-to-date: /home/mustafa/evoart_ws/install/evoart_description/share/evoart_description/models/ParkYeriTabelasi/meshes/ParkYeriTabelasi.dae\n'}
[0.084361] (evoart_description) StdoutLine: {'line': b'-- Up-to-date: /home/mustafa/evoart_ws/install/evoart_description/share/evoart_description/models/ParkYeriTabelasi/model.config\n'}
[0.084444] (evoart_description) StdoutLine: {'line': b'-- Up-to-date: /home/mustafa/evoart_ws/install/evoart_description/share/evoart_description/models/ParkYeriTabelasi/model.sdf\n'}
[0.084488] (evoart_description) StdoutLine: {'line': b'-- Up-to-date: /home/mustafa/evoart_ws/install/evoart_description/share/evoart_description/models/DurTabelasi\n'}
[0.084525] (evoart_description) StdoutLine: {'line': b'-- Up-to-date: /home/mustafa/evoart_ws/install/evoart_description/share/evoart_description/models/DurTabelasi/meshes\n'}
[0.084560] (evoart_description) StdoutLine: {'line': b'-- Up-to-date: /home/mustafa/evoart_ws/install/evoart_description/share/evoart_description/models/DurTabelasi/meshes/DurTabelasi.dae\n'}
[0.084624] (evoart_description) StdoutLine: {'line': b'-- Up-to-date: /home/mustafa/evoart_ws/install/evoart_description/share/evoart_description/models/DurTabelasi/model.config\n'}
[0.084659] (evoart_description) StdoutLine: {'line': b'-- Up-to-date: /home/mustafa/evoart_ws/install/evoart_description/share/evoart_description/models/DurTabelasi/model.sdf\n'}
[0.084692] (evoart_description) StdoutLine: {'line': b'-- Up-to-date: /home/mustafa/evoart_ws/install/evoart_description/share/evoart_description/models/KirmiziTrafikLambasi\n'}
[0.084725] (evoart_description) StdoutLine: {'line': b'-- Up-to-date: /home/mustafa/evoart_ws/install/evoart_description/share/evoart_description/models/KirmiziTrafikLambasi/meshes\n'}
[0.084759] (evoart_description) StdoutLine: {'line': b'-- Up-to-date: /home/mustafa/evoart_ws/install/evoart_description/share/evoart_description/models/KirmiziTrafikLambasi/meshes/KirmiziTrafikLambasi.dae\n'}
[0.084793] (evoart_description) StdoutLine: {'line': b'-- Up-to-date: /home/mustafa/evoart_ws/install/evoart_description/share/evoart_description/models/KirmiziTrafikLambasi/model.config\n'}
[0.084826] (evoart_description) StdoutLine: {'line': b'-- Up-to-date: /home/mustafa/evoart_ws/install/evoart_description/share/evoart_description/models/KirmiziTrafikLambasi/model.sdf\n'}
[0.084862] (evoart_description) StdoutLine: {'line': b'-- Up-to-date: /home/mustafa/evoart_ws/install/evoart_description/share/evoart_description/models/RoboTaksiPist2024\n'}
[0.084895] (evoart_description) StdoutLine: {'line': b'-- Up-to-date: /home/mustafa/evoart_ws/install/evoart_description/share/evoart_description/models/RoboTaksiPist2024/meshes\n'}
[0.084927] (evoart_description) StdoutLine: {'line': b'-- Up-to-date: /home/mustafa/evoart_ws/install/evoart_description/share/evoart_description/models/RoboTaksiPist2024/meshes/RoboTaksiPist2024.dae\n'}
[0.084961] (evoart_description) StdoutLine: {'line': b'-- Up-to-date: /home/mustafa/evoart_ws/install/evoart_description/share/evoart_description/models/RoboTaksiPist2024/meshes/RoboTaksiPist2024_1.dae\n'}
[0.084994] (evoart_description) StdoutLine: {'line': b'-- Up-to-date: /home/mustafa/evoart_ws/install/evoart_description/share/evoart_description/models/RoboTaksiPist2024/meshes/RoboTaksiPist2024_0.dae\n'}
[0.085027] (evoart_description) StdoutLine: {'line': b'-- Up-to-date: /home/mustafa/evoart_ws/install/evoart_description/share/evoart_description/models/RoboTaksiPist2024/model.config\n'}
[0.085059] (evoart_description) StdoutLine: {'line': b'-- Up-to-date: /home/mustafa/evoart_ws/install/evoart_description/share/evoart_description/models/RoboTaksiPist2024/model.sdf\n'}
[0.085091] (evoart_description) StdoutLine: {'line': b'-- Up-to-date: /home/mustafa/evoart_ws/install/evoart_description/share/evoart_description/models/SolaDonulmezTabelasi\n'}
[0.085124] (evoart_description) StdoutLine: {'line': b'-- Up-to-date: /home/mustafa/evoart_ws/install/evoart_description/share/evoart_description/models/SolaDonulmezTabelasi/meshes\n'}
[0.085156] (evoart_description) StdoutLine: {'line': b'-- Up-to-date: /home/mustafa/evoart_ws/install/evoart_description/share/evoart_description/models/SolaDonulmezTabelasi/meshes/SolaDonulmezTabelasi.dae\n'}
[0.085189] (evoart_description) StdoutLine: {'line': b'-- Up-to-date: /home/mustafa/evoart_ws/install/evoart_description/share/evoart_description/models/SolaDonulmezTabelasi/model.config\n'}
[0.085229] (evoart_description) StdoutLine: {'line': b'-- Up-to-date: /home/mustafa/evoart_ws/install/evoart_description/share/evoart_description/models/SolaDonulmezTabelasi/model.sdf\n'}
[0.085320] (evoart_description) StdoutLine: {'line': b'-- Up-to-date: /home/mustafa/evoart_ws/install/evoart_description/share/evoart_description/models/DonelKavsakTabelasi\n'}
[0.086392] (evoart_description) StdoutLine: {'line': b'-- Up-to-date: /home/mustafa/evoart_ws/install/evoart_description/share/evoart_description/models/DonelKavsakTabelasi/meshes\n'}
[0.086503] (evoart_description) StdoutLine: {'line': b'-- Up-to-date: /home/mustafa/evoart_ws/install/evoart_description/share/evoart_description/models/DonelKavsakTabelasi/meshes/DonelKavsakTabelasi.dae\n'}
[0.086547] (evoart_description) StdoutLine: {'line': b'-- Up-to-date: /home/mustafa/evoart_ws/install/evoart_description/share/evoart_description/models/DonelKavsakTabelasi/model.config\n'}
[0.086607] (evoart_description) StdoutLine: {'line': b'-- Up-to-date: /home/mustafa/evoart_ws/install/evoart_description/share/evoart_description/models/DonelKavsakTabelasi/model.sdf\n'}
[0.086647] (evoart_description) StdoutLine: {'line': b'-- Up-to-date: /home/mustafa/evoart_ws/install/evoart_description/share/evoart_description/models/DurakTabelasi\n'}
[0.086680] (evoart_description) StdoutLine: {'line': b'-- Up-to-date: /home/mustafa/evoart_ws/install/evoart_description/share/evoart_description/models/DurakTabelasi/meshes\n'}
[0.086714] (evoart_description) StdoutLine: {'line': b'-- Up-to-date: /home/mustafa/evoart_ws/install/evoart_description/share/evoart_description/models/DurakTabelasi/meshes/DurakTabelasi.dae\n'}
[0.086756] (evoart_description) StdoutLine: {'line': b'-- Up-to-date: /home/mustafa/evoart_ws/install/evoart_description/share/evoart_description/models/DurakTabelasi/model.config\n'}
[0.086803] (evoart_description) StdoutLine: {'line': b'-- Up-to-date: /home/mustafa/evoart_ws/install/evoart_description/share/evoart_description/models/DurakTabelasi/model.sdf\n'}
[0.086896] (evoart_description) StdoutLine: {'line': b'-- Up-to-date: /home/mustafa/evoart_ws/install/evoart_description/share/evoart_description/models/GirisiOlmayanYolTabelasi\n'}
[0.086944] (evoart_description) StdoutLine: {'line': b'-- Up-to-date: /home/mustafa/evoart_ws/install/evoart_description/share/evoart_description/models/GirisiOlmayanYolTabelasi/meshes\n'}
[0.086991] (evoart_description) StdoutLine: {'line': b'-- Up-to-date: /home/mustafa/evoart_ws/install/evoart_description/share/evoart_description/models/GirisiOlmayanYolTabelasi/meshes/GirisiOlmayanYolTabelasi.dae\n'}
[0.087056] (evoart_description) StdoutLine: {'line': b'-- Up-to-date: /home/mustafa/evoart_ws/install/evoart_description/share/evoart_description/models/GirisiOlmayanYolTabelasi/model.config\n'}
[0.087115] (evoart_description) StdoutLine: {'line': b'-- Up-to-date: /home/mustafa/evoart_ws/install/evoart_description/share/evoart_description/models/GirisiOlmayanYolTabelasi/model.sdf\n'}
[0.087332] (evoart_description) StdoutLine: {'line': b'-- Up-to-date: /home/mustafa/evoart_ws/install/evoart_description/share/evoart_description/models/SagaMecburiYonTabelasi\n'}
[0.087519] (evoart_description) StdoutLine: {'line': b'-- Up-to-date: /home/mustafa/evoart_ws/install/evoart_description/share/evoart_description/models/SagaMecburiYonTabelasi/meshes\n'}
[0.087576] (evoart_description) StdoutLine: {'line': b'-- Up-to-date: /home/mustafa/evoart_ws/install/evoart_description/share/evoart_description/models/SagaMecburiYonTabelasi/meshes/SagaMecburiYonTabelasi.dae\n'}
[0.087619] (evoart_description) StdoutLine: {'line': b'-- Up-to-date: /home/mustafa/evoart_ws/install/evoart_description/share/evoart_description/models/SagaMecburiYonTabelasi/model.config\n'}
[0.087658] (evoart_description) StdoutLine: {'line': b'-- Up-to-date: /home/mustafa/evoart_ws/install/evoart_description/share/evoart_description/models/SagaMecburiYonTabelasi/model.sdf\n'}
[0.087727] (evoart_description) StdoutLine: {'line': b'-- Up-to-date: /home/mustafa/evoart_ws/install/evoart_description/share/evoart_description/models/YesilTrafikLambasi\n'}
[0.087770] (evoart_description) StdoutLine: {'line': b'-- Up-to-date: /home/mustafa/evoart_ws/install/evoart_description/share/evoart_description/models/YesilTrafikLambasi/meshes\n'}
[0.087803] (evoart_description) StdoutLine: {'line': b'-- Up-to-date: /home/mustafa/evoart_ws/install/evoart_description/share/evoart_description/models/YesilTrafikLambasi/meshes/YesilTrafikLambasi.dae\n'}
[0.087836] (evoart_description) StdoutLine: {'line': b'-- Up-to-date: /home/mustafa/evoart_ws/install/evoart_description/share/evoart_description/models/YesilTrafikLambasi/model.config\n'}
[0.087869] (evoart_description) StdoutLine: {'line': b'-- Up-to-date: /home/mustafa/evoart_ws/install/evoart_description/share/evoart_description/models/YesilTrafikLambasi/model.sdf\n'}
[0.087899] (evoart_description) StdoutLine: {'line': b'-- Up-to-date: /home/mustafa/evoart_ws/install/evoart_description/share/evoart_description/models/Template\n'}
[0.087932] (evoart_description) StdoutLine: {'line': b'-- Up-to-date: /home/mustafa/evoart_ws/install/evoart_description/share/evoart_description/models/Template/meshes\n'}
[0.087967] (evoart_description) StdoutLine: {'line': b'-- Up-to-date: /home/mustafa/evoart_ws/install/evoart_description/share/evoart_description/models/Template/model.config\n'}
[0.088012] (evoart_description) StdoutLine: {'line': b'-- Up-to-date: /home/mustafa/evoart_ws/install/evoart_description/share/evoart_description/models/Template/model.sdf\n'}
[0.088049] (evoart_description) StdoutLine: {'line': b'-- Up-to-date: /home/mustafa/evoart_ws/install/evoart_description/share/evoart_description/models/AzamiHizSiniri30\n'}
[0.088087] (evoart_description) StdoutLine: {'line': b'-- Up-to-date: /home/mustafa/evoart_ws/install/evoart_description/share/evoart_description/models/AzamiHizSiniri30/meshes\n'}
[0.088140] (evoart_description) StdoutLine: {'line': b'-- Up-to-date: /home/mustafa/evoart_ws/install/evoart_description/share/evoart_description/models/AzamiHizSiniri30/meshes/AzamiHizSiniri30.dae\n'}
[0.088183] (evoart_description) StdoutLine: {'line': b'-- Up-to-date: /home/mustafa/evoart_ws/install/evoart_description/share/evoart_description/models/AzamiHizSiniri30/model.config\n'}
[0.088226] (evoart_description) StdoutLine: {'line': b'-- Up-to-date: /home/mustafa/evoart_ws/install/evoart_description/share/evoart_description/models/AzamiHizSiniri30/model.sdf\n'}
[0.088286] (evoart_description) StdoutLine: {'line': b'-- Up-to-date: /home/mustafa/evoart_ws/install/evoart_description/share/evoart_description/models/SamBotBandirma\n'}
[0.088317] (evoart_description) StdoutLine: {'line': b'-- Up-to-date: /home/mustafa/evoart_ws/install/evoart_description/share/evoart_description/models/SamBotBandirma/meshes\n'}
[0.088352] (evoart_description) StdoutLine: {'line': b'-- Up-to-date: /home/mustafa/evoart_ws/install/evoart_description/share/evoart_description/models/SamBotBandirma/meshes/SamBotBandirma.dae\n'}
[0.088381] (evoart_description) StdoutLine: {'line': b'-- Up-to-date: /home/mustafa/evoart_ws/install/evoart_description/share/evoart_description/models/SamBotBandirma/model.config\n'}
[0.088432] (evoart_description) StdoutLine: {'line': b'-- Up-to-date: /home/mustafa/evoart_ws/install/evoart_description/share/evoart_description/models/SamBotBandirma/model.sdf\n'}
[0.088473] (evoart_description) StdoutLine: {'line': b'-- Up-to-date: /home/mustafa/evoart_ws/install/evoart_description/share/evoart_description/models/SolaMecburiYonTabelasi\n'}
[0.088510] (evoart_description) StdoutLine: {'line': b'-- Up-to-date: /home/mustafa/evoart_ws/install/evoart_description/share/evoart_description/models/SolaMecburiYonTabelasi/meshes\n'}
[0.088548] (evoart_description) StdoutLine: {'line': b'-- Up-to-date: /home/mustafa/evoart_ws/install/evoart_description/share/evoart_description/models/SolaMecburiYonTabelasi/meshes/SolaMecburiYonTabelasi.dae\n'}
[0.088586] (evoart_description) StdoutLine: {'line': b'-- Up-to-date: /home/mustafa/evoart_ws/install/evoart_description/share/evoart_description/models/SolaMecburiYonTabelasi/model.config\n'}
[0.088647] (evoart_description) StdoutLine: {'line': b'-- Up-to-date: /home/mustafa/evoart_ws/install/evoart_description/share/evoart_description/models/SolaMecburiYonTabelasi/model.sdf\n'}
[0.088695] (evoart_description) StdoutLine: {'line': b'-- Up-to-date: /home/mustafa/evoart_ws/install/evoart_description/share/ament_index/resource_index/package_run_dependencies/evoart_description\n'}
[0.088732] (evoart_description) StdoutLine: {'line': b'-- Up-to-date: /home/mustafa/evoart_ws/install/evoart_description/share/ament_index/resource_index/parent_prefix_path/evoart_description\n'}
[0.088770] (evoart_description) StdoutLine: {'line': b'-- Up-to-date: /home/mustafa/evoart_ws/install/evoart_description/share/evoart_description/environment/ament_prefix_path.sh\n'}
[0.088809] (evoart_description) StdoutLine: {'line': b'-- Up-to-date: /home/mustafa/evoart_ws/install/evoart_description/share/evoart_description/environment/ament_prefix_path.dsv\n'}
[0.088847] (evoart_description) StdoutLine: {'line': b'-- Up-to-date: /home/mustafa/evoart_ws/install/evoart_description/share/evoart_description/environment/path.sh\n'}
[0.088885] (evoart_description) StdoutLine: {'line': b'-- Up-to-date: /home/mustafa/evoart_ws/install/evoart_description/share/evoart_description/environment/path.dsv\n'}
[0.088925] (evoart_description) StdoutLine: {'line': b'-- Up-to-date: /home/mustafa/evoart_ws/install/evoart_description/share/evoart_description/local_setup.bash\n'}
[0.088956] (evoart_description) StdoutLine: {'line': b'-- Up-to-date: /home/mustafa/evoart_ws/install/evoart_description/share/evoart_description/local_setup.sh\n'}
[0.089055] (evoart_description) StdoutLine: {'line': b'-- Up-to-date: /home/mustafa/evoart_ws/install/evoart_description/share/evoart_description/local_setup.zsh\n'}
[0.089112] (evoart_description) StdoutLine: {'line': b'-- Up-to-date: /home/mustafa/evoart_ws/install/evoart_description/share/evoart_description/local_setup.dsv\n'}
[0.089175] (evoart_description) StdoutLine: {'line': b'-- Installing: /home/mustafa/evoart_ws/install/evoart_description/share/evoart_description/package.dsv\n'}
[0.089243] (evoart_description) StdoutLine: {'line': b'-- Up-to-date: /home/mustafa/evoart_ws/install/evoart_description/share/ament_index/resource_index/packages/evoart_description\n'}
[0.089294] (evoart_description) StdoutLine: {'line': b'-- Up-to-date: /home/mustafa/evoart_ws/install/evoart_description/share/evoart_description/cmake/evoart_descriptionConfig.cmake\n'}
[0.089348] (evoart_description) StdoutLine: {'line': b'-- Up-to-date: /home/mustafa/evoart_ws/install/evoart_description/share/evoart_description/cmake/evoart_descriptionConfig-version.cmake\n'}
[0.089398] (evoart_description) StdoutLine: {'line': b'-- Up-to-date: /home/mustafa/evoart_ws/install/evoart_description/share/evoart_description/package.xml\n'}
[0.089437] (evoart_description) CommandEnded: {'returncode': 0}
[0.099804] (evoart_description) JobEnded: {'identifier': 'evoart_description', 'rc': 0}
[0.100986] (-) TimerEvent: {}
[0.101020] (evoart_bringup) JobStarted: {'identifier': 'evoart_bringup'}
[0.109797] (evoart_bringup) JobProgress: {'identifier': 'evoart_bringup', 'progress': 'cmake'}
[0.110186] (evoart_bringup) JobProgress: {'identifier': 'evoart_bringup', 'progress': 'build'}
[0.110390] (evoart_bringup) Command: {'cmd': ['/usr/bin/cmake', '--build', '/home/mustafa/evoart_ws/build/evoart_bringup', '--', '-j32', '-l32'], 'cwd': '/home/mustafa/evoart_ws/build/evoart_bringup', 'env': OrderedDict([('GJS_DEBUG_TOPICS', 'JS ERROR;JS LOG'), ('LESSOPEN', '| /usr/bin/lesspipe %s'), ('VSCODE_CWD', '/home/mustafa'), ('USER', 'mustafa'), ('VSCODE_NLS_CONFIG', '{"userLocale":"en-us","osLocale":"tr-tr","resolvedLanguage":"en","defaultMessagesFile":"/usr/share/antigravity/resources/app/out/nls.messages.json","locale":"en-us","availableLanguages":{}}'), ('XDG_SESSION_TYPE', 'x11'), ('SHLVL', '0'), ('LD_LIBRARY_PATH', '/home/mustafa/evoart_ws/install/evoart_interfaces/lib:/usr/lib/x86_64-linux-gnu/gazebo-11/plugins:/opt/ros/humble/opt/rviz_ogre_vendor/lib:/opt/ros/humble/lib/x86_64-linux-gnu:/opt/ros/humble/lib'), ('HOME', '/home/mustafa'), ('CHROME_DESKTOP', 'antigravity.desktop'), ('OLDPWD', '/home/mustafa/evoart_ws'), ('DESKTOP_SESSION', 'ubuntu'), ('VSCODE_IPC_HOOK', '/run/user/1000/vscode-de9dec49-1.10-main.sock'), ('GIO_LAUNCHED_DESKTOP_FILE', '/usr/share/applications/antigravity.desktop'), ('ROS_PYTHON_VERSION', '3'), ('GNOME_SHELL_SESSION_MODE', 'ubuntu'), ('GTK_MODULES', 'gail:atk-bridge'), ('PAGER', 'cat'), ('MANAGERPID', '2064'), ('SYSTEMD_EXEC_PID', '2377'), ('DBUS_SESSION_BUS_ADDRESS', 'unix:path=/run/user/1000/bus'), ('ANTIGRAVITY_AGENT', '1'), ('GIO_LAUNCHED_DESKTOP_FILE_PID', '16571'), ('ROS_DISTRO', 'humble'), ('GTK_IM_MODULE', 'ibus'), ('LOGNAME', 'mustafa'), ('JOURNAL_STREAM', '8:20000'), ('_', '/usr/bin/colcon'), ('ROS_VERSION', '2'), ('XDG_SESSION_CLASS', 'user'), ('USERNAME', 'mustafa'), ('TERM', 'dumb'), ('GNOME_DESKTOP_SESSION_ID', 'this-is-deprecated'), ('FC_FONTATIONS', '1'), ('ROS_LOCALHOST_ONLY', '0'), ('WINDOWPATH', '2'), ('ANTIGRAVITY_EDITOR_APP_ROOT', '/usr/share/antigravity/resources/app'), ('PATH', '/home/mustafa/.local/bin:/opt/ros/humble/bin:/home/mustafa/.local/bin:/usr/local/sbin:/usr/local/bin:/usr/sbin:/usr/bin:/sbin:/bin:/usr/games:/usr/local/games:/snap/bin:/snap/bin:/home/mustafa/.lmstudio/bin:/home/mustafa/.lmstudio/bin:/home/mustafa/.lmstudio/bin'), ('SESSION_MANAGER', 'local/mustafa-SLAYER-R9T:@/tmp/.ICE-unix/2353,unix/mustafa-SLAYER-R9T:/tmp/.ICE-unix/2353'), ('INVOCATION_ID', '30c711239b4c44dea1fe52cf17c255cb'), ('XDG_MENU_PREFIX', 'gnome-'), ('XDG_RUNTIME_DIR', '/run/user/1000'), ('GDK_BACKEND', 'x11'), ('DISPLAY', ':1'), ('LANG', 'tr_TR.UTF-8'), ('XDG_CURRENT_DESKTOP', 'ubuntu:GNOME'), ('XMODIFIERS', '@im=ibus'), ('XDG_SESSION_DESKTOP', 'ubuntu'), ('XAUTHORITY', '/run/user/1000/gdm/Xauthority'), ('LS_COLORS', ''), ('SSH_AGENT_LAUNCHER', 'gnome-keyring'), ('SSH_AUTH_SOCK', '/run/user/1000/keyring/ssh'), ('AMENT_PREFIX_PATH', '/home/mustafa/evoart_ws/install/evoart_control:/home/mustafa/evoart_ws/install/evoart_navigation:/home/mustafa/evoart_ws/install/evoart_interfaces:/home/mustafa/evoart_ws/install/evoart_description:/opt/ros/humble'), ('SHELL', '/bin/bash'), ('QT_ACCESSIBILITY', '1'), ('GDMSESSION', 'ubuntu'), ('LESSCLOSE', '/usr/bin/lesspipe %s %s'), ('GPG_AGENT_INFO', '/run/user/1000/gnupg/S.gpg-agent:0:1'), ('GJS_DEBUG_OUTPUT', 'stderr'), ('QT_IM_MODULE', 'ibus'), ('ANTIGRAVITY_TRAJECTORY_ID', 'd21e033e-9055-4830-ac9a-28d07d715551'), ('PWD', '/home/mustafa/evoart_ws/build/evoart_bringup'), ('TURTLEBOT3_MODEL', 'waffle'), ('XDG_CONFIG_DIRS', '/etc/xdg/xdg-ubuntu:/etc/xdg'), ('VSCODE_CODE_CACHE_PATH', '/home/mustafa/.config/Antigravity/CachedData/15487b3041e65228cae24980a3f796c905ef582c'), ('XDG_DATA_DIRS', '/usr/share/ubuntu:/usr/share/gnome:/home/mustafa/.local/share/flatpak/exports/share:/var/lib/flatpak/exports/share:/usr/local/share/:/usr/share/:/var/lib/snapd/desktop'), ('PYTHONPATH', '/home/mustafa/evoart_ws/install/evoart_interfaces/local/lib/python3.10/dist-packages:/opt/ros/humble/lib/python3.10/site-packages:/opt/ros/humble/local/lib/python3.10/dist-packages'), ('COLCON', '1'), ('VSCODE_PID', '16571'), ('CMAKE_PREFIX_PATH', '/home/mustafa/evoart_ws/install/evoart_control:/home/mustafa/evoart_ws/install/evoart_navigation:/home/mustafa/evoart_ws/install/evoart_interfaces:/home/mustafa/evoart_ws/install/evoart_description:/opt/ros/humble')]), 'shell': False}
[0.155975] (evoart_bringup) CommandEnded: {'returncode': 0}
[0.156605] (evoart_bringup) JobProgress: {'identifier': 'evoart_bringup', 'progress': 'install'}
[0.156798] (evoart_bringup) Command: {'cmd': ['/usr/bin/cmake', '--install', '/home/mustafa/evoart_ws/build/evoart_bringup'], 'cwd': '/home/mustafa/evoart_ws/build/evoart_bringup', 'env': OrderedDict([('GJS_DEBUG_TOPICS', 'JS ERROR;JS LOG'), ('LESSOPEN', '| /usr/bin/lesspipe %s'), ('VSCODE_CWD', '/home/mustafa'), ('USER', 'mustafa'), ('VSCODE_NLS_CONFIG', '{"userLocale":"en-us","osLocale":"tr-tr","resolvedLanguage":"en","defaultMessagesFile":"/usr/share/antigravity/resources/app/out/nls.messages.json","locale":"en-us","availableLanguages":{}}'), ('XDG_SESSION_TYPE', 'x11'), ('SHLVL', '0'), ('LD_LIBRARY_PATH', '/home/mustafa/evoart_ws/install/evoart_interfaces/lib:/usr/lib/x86_64-linux-gnu/gazebo-11/plugins:/opt/ros/humble/opt/rviz_ogre_vendor/lib:/opt/ros/humble/lib/x86_64-linux-gnu:/opt/ros/humble/lib'), ('HOME', '/home/mustafa'), ('CHROME_DESKTOP', 'antigravity.desktop'), ('OLDPWD', '/home/mustafa/evoart_ws'), ('DESKTOP_SESSION', 'ubuntu'), ('VSCODE_IPC_HOOK', '/run/user/1000/vscode-de9dec49-1.10-main.sock'), ('GIO_LAUNCHED_DESKTOP_FILE', '/usr/share/applications/antigravity.desktop'), ('ROS_PYTHON_VERSION', '3'), ('GNOME_SHELL_SESSION_MODE', 'ubuntu'), ('GTK_MODULES', 'gail:atk-bridge'), ('PAGER', 'cat'), ('MANAGERPID', '2064'), ('SYSTEMD_EXEC_PID', '2377'), ('DBUS_SESSION_BUS_ADDRESS', 'unix:path=/run/user/1000/bus'), ('ANTIGRAVITY_AGENT', '1'), ('GIO_LAUNCHED_DESKTOP_FILE_PID', '16571'), ('ROS_DISTRO', 'humble'), ('GTK_IM_MODULE', 'ibus'), ('LOGNAME', 'mustafa'), ('JOURNAL_STREAM', '8:20000'), ('_', '/usr/bin/colcon'), ('ROS_VERSION', '2'), ('XDG_SESSION_CLASS', 'user'), ('USERNAME', 'mustafa'), ('TERM', 'dumb'), ('GNOME_DESKTOP_SESSION_ID', 'this-is-deprecated'), ('FC_FONTATIONS', '1'), ('ROS_LOCALHOST_ONLY', '0'), ('WINDOWPATH', '2'), ('ANTIGRAVITY_EDITOR_APP_ROOT', '/usr/share/antigravity/resources/app'), ('PATH', '/home/mustafa/.local/bin:/opt/ros/humble/bin:/home/mustafa/.local/bin:/usr/local/sbin:/usr/local/bin:/usr/sbin:/usr/bin:/sbin:/bin:/usr/games:/usr/local/games:/snap/bin:/snap/bin:/home/mustafa/.lmstudio/bin:/home/mustafa/.lmstudio/bin:/home/mustafa/.lmstudio/bin'), ('SESSION_MANAGER', 'local/mustafa-SLAYER-R9T:@/tmp/.ICE-unix/2353,unix/mustafa-SLAYER-R9T:/tmp/.ICE-unix/2353'), ('INVOCATION_ID', '30c711239b4c44dea1fe52cf17c255cb'), ('XDG_MENU_PREFIX', 'gnome-'), ('XDG_RUNTIME_DIR', '/run/user/1000'), ('GDK_BACKEND', 'x11'), ('DISPLAY', ':1'), ('LANG', 'tr_TR.UTF-8'), ('XDG_CURRENT_DESKTOP', 'ubuntu:GNOME'), ('XMODIFIERS', '@im=ibus'), ('XDG_SESSION_DESKTOP', 'ubuntu'), ('XAUTHORITY', '/run/user/1000/gdm/Xauthority'), ('LS_COLORS', ''), ('SSH_AGENT_LAUNCHER', 'gnome-keyring'), ('SSH_AUTH_SOCK', '/run/user/1000/keyring/ssh'), ('AMENT_PREFIX_PATH', '/home/mustafa/evoart_ws/install/evoart_control:/home/mustafa/evoart_ws/install/evoart_navigation:/home/mustafa/evoart_ws/install/evoart_interfaces:/home/mustafa/evoart_ws/install/evoart_description:/opt/ros/humble'), ('SHELL', '/bin/bash'), ('QT_ACCESSIBILITY', '1'), ('GDMSESSION', 'ubuntu'), ('LESSCLOSE', '/usr/bin/lesspipe %s %s'), ('GPG_AGENT_INFO', '/run/user/1000/gnupg/S.gpg-agent:0:1'), ('GJS_DEBUG_OUTPUT', 'stderr'), ('QT_IM_MODULE', 'ibus'), ('ANTIGRAVITY_TRAJECTORY_ID', 'd21e033e-9055-4830-ac9a-28d07d715551'), ('PWD', '/home/mustafa/evoart_ws/build/evoart_bringup'), ('TURTLEBOT3_MODEL', 'waffle'), ('XDG_CONFIG_DIRS', '/etc/xdg/xdg-ubuntu:/etc/xdg'), ('VSCODE_CODE_CACHE_PATH', '/home/mustafa/.config/Antigravity/CachedData/15487b3041e65228cae24980a3f796c905ef582c'), ('XDG_DATA_DIRS', '/usr/share/ubuntu:/usr/share/gnome:/home/mustafa/.local/share/flatpak/exports/share:/var/lib/flatpak/exports/share:/usr/local/share/:/usr/share/:/var/lib/snapd/desktop'), ('PYTHONPATH', '/home/mustafa/evoart_ws/install/evoart_interfaces/local/lib/python3.10/dist-packages:/opt/ros/humble/lib/python3.10/site-packages:/opt/ros/humble/local/lib/python3.10/dist-packages'), ('COLCON', '1'), ('VSCODE_PID', '16571'), ('CMAKE_PREFIX_PATH', '/home/mustafa/evoart_ws/install/evoart_control:/home/mustafa/evoart_ws/install/evoart_navigation:/home/mustafa/evoart_ws/install/evoart_interfaces:/home/mustafa/evoart_ws/install/evoart_description:/opt/ros/humble')]), 'shell': False}
[0.165910] (evoart_bringup) StdoutLine: {'line': b'-- Install configuration: ""\n'}
[0.166247] (evoart_bringup) StdoutLine: {'line': b'-- Up-to-date: /home/mustafa/evoart_ws/install/evoart_bringup/share/evoart_bringup/launch\n'}
[0.166385] (evoart_bringup) StdoutLine: {'line': b'-- Up-to-date: /home/mustafa/evoart_ws/install/evoart_bringup/share/evoart_bringup/launch/microros.launch.py\n'}
[0.166451] (evoart_bringup) StdoutLine: {'line': b'-- Up-to-date: /home/mustafa/evoart_ws/install/evoart_bringup/share/evoart_bringup/launch/sim_autonomous.launch.py\n'}
[0.166602] (evoart_bringup) StdoutLine: {'line': b'-- Up-to-date: /home/mustafa/evoart_ws/install/evoart_bringup/share/evoart_bringup/launch/robotaksi.launch.py\n'}
[0.166711] (evoart_bringup) StdoutLine: {'line': b'-- Up-to-date: /home/mustafa/evoart_ws/install/evoart_bringup/share/evoart_bringup/launch/sensors.launch.py\n'}
[0.166749] (evoart_bringup) StdoutLine: {'line': b'-- Up-to-date: /home/mustafa/evoart_ws/install/evoart_bringup/share/evoart_bringup/config\n'}
[0.166796] (evoart_bringup) StdoutLine: {'line': b'-- Up-to-date: /home/mustafa/evoart_ws/install/evoart_bringup/share/evoart_bringup/config/laserscan_filter.yaml\n'}
[0.166838] (evoart_bringup) StdoutLine: {'line': b'-- Up-to-date: /home/mustafa/evoart_ws/install/evoart_bringup/share/ament_index/resource_index/package_run_dependencies/evoart_bringup\n'}
[0.166878] (evoart_bringup) StdoutLine: {'line': b'-- Up-to-date: /home/mustafa/evoart_ws/install/evoart_bringup/share/ament_index/resource_index/parent_prefix_path/evoart_bringup\n'}
[0.166925] (evoart_bringup) StdoutLine: {'line': b'-- Up-to-date: /home/mustafa/evoart_ws/install/evoart_bringup/share/evoart_bringup/environment/ament_prefix_path.sh\n'}
[0.166973] (evoart_bringup) StdoutLine: {'line': b'-- Up-to-date: /home/mustafa/evoart_ws/install/evoart_bringup/share/evoart_bringup/environment/ament_prefix_path.dsv\n'}
[0.167020] (evoart_bringup) StdoutLine: {'line': b'-- Up-to-date: /home/mustafa/evoart_ws/install/evoart_bringup/share/evoart_bringup/environment/path.sh\n'}
[0.167066] (evoart_bringup) StdoutLine: {'line': b'-- Up-to-date: /home/mustafa/evoart_ws/install/evoart_bringup/share/evoart_bringup/environment/path.dsv\n'}
[0.167110] (evoart_bringup) StdoutLine: {'line': b'-- Up-to-date: /home/mustafa/evoart_ws/install/evoart_bringup/share/evoart_bringup/local_setup.bash\n'}
[0.167298] (evoart_bringup) StdoutLine: {'line': b'-- Up-to-date: /home/mustafa/evoart_ws/install/evoart_bringup/share/evoart_bringup/local_setup.sh\n'}
[0.167344] (evoart_bringup) StdoutLine: {'line': b'-- Up-to-date: /home/mustafa/evoart_ws/install/evoart_bringup/share/evoart_bringup/local_setup.zsh\n'}
[0.167384] (evoart_bringup) StdoutLine: {'line': b'-- Up-to-date: /home/mustafa/evoart_ws/install/evoart_bringup/share/evoart_bringup/local_setup.dsv\n'}
[0.167423] (evoart_bringup) StdoutLine: {'line': b'-- Installing: /home/mustafa/evoart_ws/install/evoart_bringup/share/evoart_bringup/package.dsv\n'}
[0.167461] (evoart_bringup) StdoutLine: {'line': b'-- Up-to-date: /home/mustafa/evoart_ws/install/evoart_bringup/share/ament_index/resource_index/packages/evoart_bringup\n'}
[0.167499] (evoart_bringup) StdoutLine: {'line': b'-- Up-to-date: /home/mustafa/evoart_ws/install/evoart_bringup/share/evoart_bringup/cmake/evoart_bringupConfig.cmake\n'}
[0.167534] (evoart_bringup) StdoutLine: {'line': b'-- Up-to-date: /home/mustafa/evoart_ws/install/evoart_bringup/share/evoart_bringup/cmake/evoart_bringupConfig-version.cmake\n'}
[0.167572] (evoart_bringup) StdoutLine: {'line': b'-- Up-to-date: /home/mustafa/evoart_ws/install/evoart_bringup/share/evoart_bringup/package.xml\n'}
[0.169086] (evoart_bringup) CommandEnded: {'returncode': 0}
[0.177762] (evoart_bringup) JobEnded: {'identifier': 'evoart_bringup', 'rc': 0}
[0.178175] (-) EventReactorShutdown: {}
