-- The C compiler identification is GNU 11.4.0
-- The CXX compiler identification is GNU 11.4.0
-- Detecting C compiler ABI info
-- Detecting C compiler ABI info - done
-- Check for working C compiler: /usr/bin/cc - skipped
-- Detecting C compile features
-- Detecting C compile features - done
-- Detecting CXX compiler ABI info
-- Detecting CXX compiler ABI info - done
-- Check for working CXX compiler: /usr/bin/c++ - skipped
-- Detecting CXX compile features
-- Detecting CXX compile features - done
-- Found ament_cmake: 1.3.14 (/opt/ros/humble/share/ament_cmake/cmake)
-- Found Python3: /usr/bin/python3 (found version "3.10.12") found components: Interpreter 
-- Found rosidl_default_generators: 1.2.1 (/opt/ros/humble/share/rosidl_default_generators/cmake)
-- Using all available rosidl_typesupport_c: rosidl_typesupport_fastrtps_c;rosidl_typesupport_introspection_c
-- Found rosidl_adapter: 3.1.9 (/opt/ros/humble/share/rosidl_adapter/cmake)
-- Using all available rosidl_typesupport_cpp: rosidl_typesupport_fastrtps_cpp;rosidl_typesupport_introspection_cpp
-- Found ament_cmake_ros: 0.10.0 (/opt/ros/humble/share/ament_cmake_ros/cmake)
-- Using all available rosidl_typesupport_c: rosidl_typesupport_fastrtps_c;rosidl_typesupport_introspection_c
-- Using all available rosidl_typesupport_cpp: rosidl_typesupport_fastrtps_cpp;rosidl_typesupport_introspection_cpp
-- Found PythonInterp: /usr/bin/python3 (found suitable version "3.10.12", minimum required is "3.6") 
-- Found python_cmake_module: 0.10.0 (/opt/ros/humble/share/python_cmake_module/cmake)
-- Found PythonLibs: /usr/lib/x86_64-linux-gnu/libpython3.10.so (found suitable version "3.10.12", minimum required is "3.5") 
-- Using PYTHON_EXECUTABLE: /usr/bin/python3
-- Using PYTHON_INCLUDE_DIRS: /usr/include/python3.10
-- Using PYTHON_LIBRARIES: /usr/lib/x86_64-linux-gnu/libpython3.10.so
-- Found PythonExtra: .so  
-- Configuring done
-- Generating done
-- Build files have been written to: /home/mustafa/evoart_ws/build/evoart_interfaces
[  1%] [34m[1mGenerating C code for ROS interfaces[0m
[  3%] [34m[1mGenerating Rust code for ROS interfaces[0m
[  5%] [34m[1mGenerating C++ code for ROS interfaces[0m
[  5%] Built target ament_cmake_python_copy_evoart_interfaces
running egg_info
creating evoart_interfaces.egg-info
writing evoart_interfaces.egg-info/PKG-INFO
writing dependency_links to evoart_interfaces.egg-info/dependency_links.txt
writing top-level names to evoart_interfaces.egg-info/top_level.txt
writing manifest file 'evoart_interfaces.egg-info/SOURCES.txt'
reading manifest file 'evoart_interfaces.egg-info/SOURCES.txt'
writing manifest file 'evoart_interfaces.egg-info/SOURCES.txt'
[  5%] Built target ament_cmake_python_build_evoart_interfaces_egg
[  5%] Built target evoart_interfaces__rs
[  5%] Built target evoart_interfaces__cpp
[  7%] [34m[1mGenerating C++ type support for eProsima Fast-RTPS[0m
[ 10%] [34m[1mGenerating C++ introspection for ROS interfaces[0m
[ 10%] [34m[1mGenerating C++ type support dispatch for ROS interfaces[0m
[ 14%] [32mBuilding C object CMakeFiles/evoart_interfaces__rosidl_generator_c.dir/rosidl_generator_c/evoart_interfaces/msg/detail/obstacle__functions.c.o[0m
[ 14%] [32mBuilding C object CMakeFiles/evoart_interfaces__rosidl_generator_c.dir/rosidl_generator_c/evoart_interfaces/msg/detail/traffic_light__functions.c.o[0m
[ 16%] [32mBuilding C object CMakeFiles/evoart_interfaces__rosidl_generator_c.dir/rosidl_generator_c/evoart_interfaces/msg/detail/vehicle_control__functions.c.o[0m
[ 17%] [32mBuilding C object CMakeFiles/evoart_interfaces__rosidl_generator_c.dir/rosidl_generator_c/evoart_interfaces/srv/detail/start_park__functions.c.o[0m
[ 19%] [32m[1mLinking C shared library libevoart_interfaces__rosidl_generator_c.so[0m
[ 19%] Built target evoart_interfaces__rosidl_generator_c
[ 23%] [34m[1mGenerating C type support dispatch for ROS interfaces[0m
[ 23%] [34m[1mGenerating C introspection for ROS interfaces[0m
[ 25%] [34m[1mGenerating C type support for eProsima Fast-RTPS[0m
[ 26%] [32mBuilding CXX object CMakeFiles/evoart_interfaces__rosidl_typesupport_cpp.dir/rosidl_typesupport_cpp/evoart_interfaces/msg/obstacle__type_support.cpp.o[0m
[ 28%] [32mBuilding CXX object CMakeFiles/evoart_interfaces__rosidl_typesupport_cpp.dir/rosidl_typesupport_cpp/evoart_interfaces/msg/traffic_light__type_support.cpp.o[0m
[ 30%] [32mBuilding CXX object CMakeFiles/evoart_interfaces__rosidl_typesupport_cpp.dir/rosidl_typesupport_cpp/evoart_interfaces/msg/vehicle_control__type_support.cpp.o[0m
[ 32%] [32mBuilding CXX object CMakeFiles/evoart_interfaces__rosidl_typesupport_cpp.dir/rosidl_typesupport_cpp/evoart_interfaces/srv/start_park__type_support.cpp.o[0m
[ 35%] [32mBuilding CXX object CMakeFiles/evoart_interfaces__rosidl_typesupport_introspection_cpp.dir/rosidl_typesupport_introspection_cpp/evoart_interfaces/msg/detail/vehicle_control__type_support.cpp.o[0m
[ 37%] [32mBuilding CXX object CMakeFiles/evoart_interfaces__rosidl_typesupport_introspection_cpp.dir/rosidl_typesupport_introspection_cpp/evoart_interfaces/srv/detail/start_park__type_support.cpp.o[0m
[ 37%] [32mBuilding CXX object CMakeFiles/evoart_interfaces__rosidl_typesupport_introspection_cpp.dir/rosidl_typesupport_introspection_cpp/evoart_interfaces/msg/detail/obstacle__type_support.cpp.o[0m
[ 39%] [32mBuilding CXX object CMakeFiles/evoart_interfaces__rosidl_typesupport_introspection_cpp.dir/rosidl_typesupport_introspection_cpp/evoart_interfaces/msg/detail/traffic_light__type_support.cpp.o[0m
[ 41%] [32mBuilding CXX object CMakeFiles/evoart_interfaces__rosidl_typesupport_fastrtps_cpp.dir/rosidl_typesupport_fastrtps_cpp/evoart_interfaces/msg/detail/dds_fastrtps/traffic_light__type_support.cpp.o[0m
[ 42%] [32mBuilding CXX object CMakeFiles/evoart_interfaces__rosidl_typesupport_fastrtps_cpp.dir/rosidl_typesupport_fastrtps_cpp/evoart_interfaces/msg/detail/dds_fastrtps/vehicle_control__type_support.cpp.o[0m
[ 46%] [32mBuilding CXX object CMakeFiles/evoart_interfaces__rosidl_typesupport_fastrtps_cpp.dir/rosidl_typesupport_fastrtps_cpp/evoart_interfaces/msg/detail/dds_fastrtps/obstacle__type_support.cpp.o[0m
[ 46%] [32mBuilding CXX object CMakeFiles/evoart_interfaces__rosidl_typesupport_fastrtps_cpp.dir/rosidl_typesupport_fastrtps_cpp/evoart_interfaces/srv/detail/dds_fastrtps/start_park__type_support.cpp.o[0m
[ 48%] [32mBuilding CXX object CMakeFiles/evoart_interfaces__rosidl_typesupport_c.dir/rosidl_typesupport_c/evoart_interfaces/msg/obstacle__type_support.cpp.o[0m
[ 50%] [32mBuilding CXX object CMakeFiles/evoart_interfaces__rosidl_typesupport_c.dir/rosidl_typesupport_c/evoart_interfaces/msg/vehicle_control__type_support.cpp.o[0m
[ 53%] [32mBuilding CXX object CMakeFiles/evoart_interfaces__rosidl_typesupport_c.dir/rosidl_typesupport_c/evoart_interfaces/srv/start_park__type_support.cpp.o[0m
[ 53%] [32mBuilding CXX object CMakeFiles/evoart_interfaces__rosidl_typesupport_c.dir/rosidl_typesupport_c/evoart_interfaces/msg/traffic_light__type_support.cpp.o[0m
[ 55%] [32m[1mLinking CXX shared library libevoart_interfaces__rosidl_typesupport_c.so[0m
[ 57%] [32mBuilding CXX object CMakeFiles/evoart_interfaces__rosidl_typesupport_fastrtps_c.dir/rosidl_typesupport_fastrtps_c/evoart_interfaces/msg/detail/traffic_light__type_support_c.cpp.o[0m
[ 60%] [32mBuilding CXX object CMakeFiles/evoart_interfaces__rosidl_typesupport_fastrtps_c.dir/rosidl_typesupport_fastrtps_c/evoart_interfaces/msg/detail/vehicle_control__type_support_c.cpp.o[0m
[ 60%] [32mBuilding CXX object CMakeFiles/evoart_interfaces__rosidl_typesupport_fastrtps_c.dir/rosidl_typesupport_fastrtps_c/evoart_interfaces/srv/detail/start_park__type_support_c.cpp.o[0m
[ 62%] [32mBuilding CXX object CMakeFiles/evoart_interfaces__rosidl_typesupport_fastrtps_c.dir/rosidl_typesupport_fastrtps_c/evoart_interfaces/msg/detail/obstacle__type_support_c.cpp.o[0m
[ 64%] [32mBuilding C object CMakeFiles/evoart_interfaces__rosidl_typesupport_introspection_c.dir/rosidl_typesupport_introspection_c/evoart_interfaces/msg/detail/traffic_light__type_support.c.o[0m
[ 66%] [32mBuilding C object CMakeFiles/evoart_interfaces__rosidl_typesupport_introspection_c.dir/rosidl_typesupport_introspection_c/evoart_interfaces/msg/detail/obstacle__type_support.c.o[0m
[ 67%] [32mBuilding C object CMakeFiles/evoart_interfaces__rosidl_typesupport_introspection_c.dir/rosidl_typesupport_introspection_c/evoart_interfaces/msg/detail/vehicle_control__type_support.c.o[0m
[ 69%] [32mBuilding C object CMakeFiles/evoart_interfaces__rosidl_typesupport_introspection_c.dir/rosidl_typesupport_introspection_c/evoart_interfaces/srv/detail/start_park__type_support.c.o[0m
[ 69%] Built target evoart_interfaces__rosidl_typesupport_c
[ 71%] [32m[1mLinking C shared library libevoart_interfaces__rosidl_typesupport_introspection_c.so[0m
[ 73%] [32m[1mLinking CXX shared library libevoart_interfaces__rosidl_typesupport_cpp.so[0m
[ 73%] Built target evoart_interfaces__rosidl_typesupport_introspection_c
[ 73%] Built target evoart_interfaces__rosidl_typesupport_cpp
[ 75%] [32m[1mLinking CXX shared library libevoart_interfaces__rosidl_typesupport_introspection_cpp.so[0m
[ 76%] [32m[1mLinking CXX shared library libevoart_interfaces__rosidl_typesupport_fastrtps_cpp.so[0m
[ 76%] Built target evoart_interfaces__rosidl_typesupport_introspection_cpp
[ 76%] Built target evoart_interfaces__rosidl_typesupport_fastrtps_cpp
[ 78%] [32m[1mLinking CXX shared library libevoart_interfaces__rosidl_typesupport_fastrtps_c.so[0m
[ 78%] Built target evoart_interfaces__rosidl_typesupport_fastrtps_c
[ 78%] Built target evoart_interfaces
[ 80%] [34m[1mGenerating Python code for ROS interfaces[0m
[ 80%] Built target evoart_interfaces__py
[ 85%] [32mBuilding C object CMakeFiles/evoart_interfaces__rosidl_generator_py.dir/rosidl_generator_py/evoart_interfaces/msg/_vehicle_control_s.c.o[0m
[ 85%] [32mBuilding C object CMakeFiles/evoart_interfaces__rosidl_generator_py.dir/rosidl_generator_py/evoart_interfaces/msg/_obstacle_s.c.o[0m
[ 85%] [32mBuilding C object CMakeFiles/evoart_interfaces__rosidl_generator_py.dir/rosidl_generator_py/evoart_interfaces/msg/_traffic_light_s.c.o[0m
[ 87%] [32mBuilding C object CMakeFiles/evoart_interfaces__rosidl_generator_py.dir/rosidl_generator_py/evoart_interfaces/srv/_start_park_s.c.o[0m
[ 89%] [32m[1mLinking C shared library rosidl_generator_py/evoart_interfaces/libevoart_interfaces__rosidl_generator_py.so[0m
[ 89%] Built target evoart_interfaces__rosidl_generator_py
[ 92%] [32mBuilding C object CMakeFiles/evoart_interfaces__rosidl_typesupport_fastrtps_c__pyext.dir/rosidl_generator_py/evoart_interfaces/_evoart_interfaces_s.ep.rosidl_typesupport_fastrtps_c.c.o[0m
[ 92%] [32mBuilding C object CMakeFiles/evoart_interfaces__rosidl_typesupport_c__pyext.dir/rosidl_generator_py/evoart_interfaces/_evoart_interfaces_s.ep.rosidl_typesupport_c.c.o[0m
[ 94%] [32mBuilding C object CMakeFiles/evoart_interfaces__rosidl_typesupport_introspection_c__pyext.dir/rosidl_generator_py/evoart_interfaces/_evoart_interfaces_s.ep.rosidl_typesupport_introspection_c.c.o[0m
[ 96%] [32m[1mLinking C shared library rosidl_generator_py/evoart_interfaces/evoart_interfaces_s__rosidl_typesupport_introspection_c.cpython-310-x86_64-linux-gnu.so[0m
[100%] [32m[1mLinking C shared library rosidl_generator_py/evoart_interfaces/evoart_interfaces_s__rosidl_typesupport_fastrtps_c.cpython-310-x86_64-linux-gnu.so[0m
[100%] [32m[1mLinking C shared library rosidl_generator_py/evoart_interfaces/evoart_interfaces_s__rosidl_typesupport_c.cpython-310-x86_64-linux-gnu.so[0m
[100%] Built target evoart_interfaces__rosidl_typesupport_introspection_c__pyext
[100%] Built target evoart_interfaces__rosidl_typesupport_c__pyext
[100%] Built target evoart_interfaces__rosidl_typesupport_fastrtps_c__pyext
-- Install configuration: ""
-- Installing: /home/mustafa/evoart_ws/install/evoart_interfaces/share/ament_index/resource_index/rosidl_interfaces/evoart_interfaces
-- Installing: /home/mustafa/evoart_ws/install/evoart_interfaces/include/evoart_interfaces/evoart_interfaces
-- Installing: /home/mustafa/evoart_ws/install/evoart_interfaces/include/evoart_interfaces/evoart_interfaces/msg
-- Installing: /home/mustafa/evoart_ws/install/evoart_interfaces/include/evoart_interfaces/evoart_interfaces/msg/detail
-- Installing: /home/mustafa/evoart_ws/install/evoart_interfaces/include/evoart_interfaces/evoart_interfaces/msg/detail/obstacle__functions.c
-- Installing: /home/mustafa/evoart_ws/install/evoart_interfaces/include/evoart_interfaces/evoart_interfaces/msg/detail/obstacle__functions.h
-- Installing: /home/mustafa/evoart_ws/install/evoart_interfaces/include/evoart_interfaces/evoart_interfaces/msg/detail/traffic_light__functions.c
-- Installing: /home/mustafa/evoart_ws/install/evoart_interfaces/include/evoart_interfaces/evoart_interfaces/msg/detail/traffic_light__functions.h
-- Installing: /home/mustafa/evoart_ws/install/evoart_interfaces/include/evoart_interfaces/evoart_interfaces/msg/detail/traffic_light__struct.h
-- Installing: /home/mustafa/evoart_ws/install/evoart_interfaces/include/evoart_interfaces/evoart_interfaces/msg/detail/obstacle__type_support.h
-- Installing: /home/mustafa/evoart_ws/install/evoart_interfaces/include/evoart_interfaces/evoart_interfaces/msg/detail/vehicle_control__type_support.h
-- Installing: /home/mustafa/evoart_ws/install/evoart_interfaces/include/evoart_interfaces/evoart_interfaces/msg/detail/obstacle__struct.h
-- Installing: /home/mustafa/evoart_ws/install/evoart_interfaces/include/evoart_interfaces/evoart_interfaces/msg/detail/vehicle_control__functions.c
-- Installing: /home/mustafa/evoart_ws/install/evoart_interfaces/include/evoart_interfaces/evoart_interfaces/msg/detail/vehicle_control__struct.h
-- Installing: /home/mustafa/evoart_ws/install/evoart_interfaces/include/evoart_interfaces/evoart_interfaces/msg/detail/vehicle_control__functions.h
-- Installing: /home/mustafa/evoart_ws/install/evoart_interfaces/include/evoart_interfaces/evoart_interfaces/msg/detail/traffic_light__type_support.h
-- Installing: /home/mustafa/evoart_ws/install/evoart_interfaces/include/evoart_interfaces/evoart_interfaces/msg/rosidl_generator_c__visibility_control.h
-- Installing: /home/mustafa/evoart_ws/install/evoart_interfaces/include/evoart_interfaces/evoart_interfaces/msg/obstacle.h
-- Installing: /home/mustafa/evoart_ws/install/evoart_interfaces/include/evoart_interfaces/evoart_interfaces/msg/traffic_light.h
-- Installing: /home/mustafa/evoart_ws/install/evoart_interfaces/include/evoart_interfaces/evoart_interfaces/msg/vehicle_control.h
-- Installing: /home/mustafa/evoart_ws/install/evoart_interfaces/include/evoart_interfaces/evoart_interfaces/srv
-- Installing: /home/mustafa/evoart_ws/install/evoart_interfaces/include/evoart_interfaces/evoart_interfaces/srv/start_park.h
-- Installing: /home/mustafa/evoart_ws/install/evoart_interfaces/include/evoart_interfaces/evoart_interfaces/srv/detail
-- Installing: /home/mustafa/evoart_ws/install/evoart_interfaces/include/evoart_interfaces/evoart_interfaces/srv/detail/start_park__struct.h
-- Installing: /home/mustafa/evoart_ws/install/evoart_interfaces/include/evoart_interfaces/evoart_interfaces/srv/detail/start_park__type_support.h
-- Installing: /home/mustafa/evoart_ws/install/evoart_interfaces/include/evoart_interfaces/evoart_interfaces/srv/detail/start_park__functions.h
-- Installing: /home/mustafa/evoart_ws/install/evoart_interfaces/include/evoart_interfaces/evoart_interfaces/srv/detail/start_park__functions.c
-- Installing: /home/mustafa/evoart_ws/install/evoart_interfaces/share/evoart_interfaces/environment/library_path.sh
-- Installing: /home/mustafa/evoart_ws/install/evoart_interfaces/share/evoart_interfaces/environment/library_path.dsv
-- Installing: /home/mustafa/evoart_ws/install/evoart_interfaces/lib/libevoart_interfaces__rosidl_generator_c.so
-- Set runtime path of "/home/mustafa/evoart_ws/install/evoart_interfaces/lib/libevoart_interfaces__rosidl_generator_c.so" to ""
-- Up-to-date: /home/mustafa/evoart_ws/install/evoart_interfaces/include/evoart_interfaces/evoart_interfaces
-- Up-to-date: /home/mustafa/evoart_ws/install/evoart_interfaces/include/evoart_interfaces/evoart_interfaces/msg
-- Up-to-date: /home/mustafa/evoart_ws/install/evoart_interfaces/include/evoart_interfaces/evoart_interfaces/msg/detail
-- Installing: /home/mustafa/evoart_ws/install/evoart_interfaces/include/evoart_interfaces/evoart_interfaces/msg/detail/traffic_light__rosidl_typesupport_fastrtps_c.h
-- Installing: /home/mustafa/evoart_ws/install/evoart_interfaces/include/evoart_interfaces/evoart_interfaces/msg/detail/vehicle_control__rosidl_typesupport_fastrtps_c.h
-- Installing: /home/mustafa/evoart_ws/install/evoart_interfaces/include/evoart_interfaces/evoart_interfaces/msg/detail/obstacle__rosidl_typesupport_fastrtps_c.h
-- Installing: /home/mustafa/evoart_ws/install/evoart_interfaces/include/evoart_interfaces/evoart_interfaces/msg/rosidl_typesupport_fastrtps_c__visibility_control.h
-- Up-to-date: /home/mustafa/evoart_ws/install/evoart_interfaces/include/evoart_interfaces/evoart_interfaces/srv
-- Up-to-date: /home/mustafa/evoart_ws/install/evoart_interfaces/include/evoart_interfaces/evoart_interfaces/srv/detail
-- Installing: /home/mustafa/evoart_ws/install/evoart_interfaces/include/evoart_interfaces/evoart_interfaces/srv/detail/start_park__rosidl_typesupport_fastrtps_c.h
-- Installing: /home/mustafa/evoart_ws/install/evoart_interfaces/lib/libevoart_interfaces__rosidl_typesupport_fastrtps_c.so
-- Set runtime path of "/home/mustafa/evoart_ws/install/evoart_interfaces/lib/libevoart_interfaces__rosidl_typesupport_fastrtps_c.so" to ""
-- Up-to-date: /home/mustafa/evoart_ws/install/evoart_interfaces/include/evoart_interfaces/evoart_interfaces
-- Up-to-date: /home/mustafa/evoart_ws/install/evoart_interfaces/include/evoart_interfaces/evoart_interfaces/msg
-- Up-to-date: /home/mustafa/evoart_ws/install/evoart_interfaces/include/evoart_interfaces/evoart_interfaces/msg/detail
-- Installing: /home/mustafa/evoart_ws/install/evoart_interfaces/include/evoart_interfaces/evoart_interfaces/msg/detail/vehicle_control__rosidl_typesupport_introspection_c.h
-- Installing: /home/mustafa/evoart_ws/install/evoart_interfaces/include/evoart_interfaces/evoart_interfaces/msg/detail/traffic_light__rosidl_typesupport_introspection_c.h
-- Installing: /home/mustafa/evoart_ws/install/evoart_interfaces/include/evoart_interfaces/evoart_interfaces/msg/detail/obstacle__type_support.c
-- Installing: /home/mustafa/evoart_ws/install/evoart_interfaces/include/evoart_interfaces/evoart_interfaces/msg/detail/obstacle__rosidl_typesupport_introspection_c.h
-- Installing: /home/mustafa/evoart_ws/install/evoart_interfaces/include/evoart_interfaces/evoart_interfaces/msg/detail/vehicle_control__type_support.c
-- Installing: /home/mustafa/evoart_ws/install/evoart_interfaces/include/evoart_interfaces/evoart_interfaces/msg/detail/traffic_light__type_support.c
-- Installing: /home/mustafa/evoart_ws/install/evoart_interfaces/include/evoart_interfaces/evoart_interfaces/msg/rosidl_typesupport_introspection_c__visibility_control.h
-- Up-to-date: /home/mustafa/evoart_ws/install/evoart_interfaces/include/evoart_interfaces/evoart_interfaces/srv
-- Up-to-date: /home/mustafa/evoart_ws/install/evoart_interfaces/include/evoart_interfaces/evoart_interfaces/srv/detail
-- Installing: /home/mustafa/evoart_ws/install/evoart_interfaces/include/evoart_interfaces/evoart_interfaces/srv/detail/start_park__type_support.c
-- Installing: /home/mustafa/evoart_ws/install/evoart_interfaces/include/evoart_interfaces/evoart_interfaces/srv/detail/start_park__rosidl_typesupport_introspection_c.h
-- Installing: /home/mustafa/evoart_ws/install/evoart_interfaces/lib/libevoart_interfaces__rosidl_typesupport_introspection_c.so
-- Set runtime path of "/home/mustafa/evoart_ws/install/evoart_interfaces/lib/libevoart_interfaces__rosidl_typesupport_introspection_c.so" to ""
-- Installing: /home/mustafa/evoart_ws/install/evoart_interfaces/lib/libevoart_interfaces__rosidl_typesupport_c.so
-- Set runtime path of "/home/mustafa/evoart_ws/install/evoart_interfaces/lib/libevoart_interfaces__rosidl_typesupport_c.so" to ""
-- Up-to-date: /home/mustafa/evoart_ws/install/evoart_interfaces/include/evoart_interfaces/evoart_interfaces
-- Up-to-date: /home/mustafa/evoart_ws/install/evoart_interfaces/include/evoart_interfaces/evoart_interfaces/msg
-- Up-to-date: /home/mustafa/evoart_ws/install/evoart_interfaces/include/evoart_interfaces/evoart_interfaces/msg/detail
-- Installing: /home/mustafa/evoart_ws/install/evoart_interfaces/include/evoart_interfaces/evoart_interfaces/msg/detail/vehicle_control__type_support.hpp
-- Installing: /home/mustafa/evoart_ws/install/evoart_interfaces/include/evoart_interfaces/evoart_interfaces/msg/detail/obstacle__builder.hpp
-- Installing: /home/mustafa/evoart_ws/install/evoart_interfaces/include/evoart_interfaces/evoart_interfaces/msg/detail/obstacle__traits.hpp
-- Installing: /home/mustafa/evoart_ws/install/evoart_interfaces/include/evoart_interfaces/evoart_interfaces/msg/detail/traffic_light__struct.hpp
-- Installing: /home/mustafa/evoart_ws/install/evoart_interfaces/include/evoart_interfaces/evoart_interfaces/msg/detail/traffic_light__traits.hpp
-- Installing: /home/mustafa/evoart_ws/install/evoart_interfaces/include/evoart_interfaces/evoart_interfaces/msg/detail/vehicle_control__builder.hpp
-- Installing: /home/mustafa/evoart_ws/install/evoart_interfaces/include/evoart_interfaces/evoart_interfaces/msg/detail/traffic_light__type_support.hpp
-- Installing: /home/mustafa/evoart_ws/install/evoart_interfaces/include/evoart_interfaces/evoart_interfaces/msg/detail/obstacle__struct.hpp
-- Installing: /home/mustafa/evoart_ws/install/evoart_interfaces/include/evoart_interfaces/evoart_interfaces/msg/detail/vehicle_control__struct.hpp
-- Installing: /home/mustafa/evoart_ws/install/evoart_interfaces/include/evoart_interfaces/evoart_interfaces/msg/detail/vehicle_control__traits.hpp
-- Installing: /home/mustafa/evoart_ws/install/evoart_interfaces/include/evoart_interfaces/evoart_interfaces/msg/detail/obstacle__type_support.hpp
-- Installing: /home/mustafa/evoart_ws/install/evoart_interfaces/include/evoart_interfaces/evoart_interfaces/msg/detail/traffic_light__builder.hpp
-- Installing: /home/mustafa/evoart_ws/install/evoart_interfaces/include/evoart_interfaces/evoart_interfaces/msg/vehicle_control.hpp
-- Installing: /home/mustafa/evoart_ws/install/evoart_interfaces/include/evoart_interfaces/evoart_interfaces/msg/traffic_light.hpp
-- Installing: /home/mustafa/evoart_ws/install/evoart_interfaces/include/evoart_interfaces/evoart_interfaces/msg/rosidl_generator_cpp__visibility_control.hpp
-- Installing: /home/mustafa/evoart_ws/install/evoart_interfaces/include/evoart_interfaces/evoart_interfaces/msg/obstacle.hpp
-- Up-to-date: /home/mustafa/evoart_ws/install/evoart_interfaces/include/evoart_interfaces/evoart_interfaces/srv
-- Installing: /home/mustafa/evoart_ws/install/evoart_interfaces/include/evoart_interfaces/evoart_interfaces/srv/start_park.hpp
-- Up-to-date: /home/mustafa/evoart_ws/install/evoart_interfaces/include/evoart_interfaces/evoart_interfaces/srv/detail
-- Installing: /home/mustafa/evoart_ws/install/evoart_interfaces/include/evoart_interfaces/evoart_interfaces/srv/detail/start_park__struct.hpp
-- Installing: /home/mustafa/evoart_ws/install/evoart_interfaces/include/evoart_interfaces/evoart_interfaces/srv/detail/start_park__traits.hpp
-- Installing: /home/mustafa/evoart_ws/install/evoart_interfaces/include/evoart_interfaces/evoart_interfaces/srv/detail/start_park__type_support.hpp
-- Installing: /home/mustafa/evoart_ws/install/evoart_interfaces/include/evoart_interfaces/evoart_interfaces/srv/detail/start_park__builder.hpp
-- Up-to-date: /home/mustafa/evoart_ws/install/evoart_interfaces/include/evoart_interfaces/evoart_interfaces
-- Up-to-date: /home/mustafa/evoart_ws/install/evoart_interfaces/include/evoart_interfaces/evoart_interfaces/msg
-- Up-to-date: /home/mustafa/evoart_ws/install/evoart_interfaces/include/evoart_interfaces/evoart_interfaces/msg/detail
-- Installing: /home/mustafa/evoart_ws/install/evoart_interfaces/include/evoart_interfaces/evoart_interfaces/msg/detail/vehicle_control__rosidl_typesupport_fastrtps_cpp.hpp
-- Installing: /home/mustafa/evoart_ws/install/evoart_interfaces/include/evoart_interfaces/evoart_interfaces/msg/detail/obstacle__rosidl_typesupport_fastrtps_cpp.hpp
-- Installing: /home/mustafa/evoart_ws/install/evoart_interfaces/include/evoart_interfaces/evoart_interfaces/msg/detail/traffic_light__rosidl_typesupport_fastrtps_cpp.hpp
-- Installing: /home/mustafa/evoart_ws/install/evoart_interfaces/include/evoart_interfaces/evoart_interfaces/msg/detail/dds_fastrtps
-- Installing: /home/mustafa/evoart_ws/install/evoart_interfaces/include/evoart_interfaces/evoart_interfaces/msg/rosidl_typesupport_fastrtps_cpp__visibility_control.h
-- Up-to-date: /home/mustafa/evoart_ws/install/evoart_interfaces/include/evoart_interfaces/evoart_interfaces/srv
-- Up-to-date: /home/mustafa/evoart_ws/install/evoart_interfaces/include/evoart_interfaces/evoart_interfaces/srv/detail
-- Installing: /home/mustafa/evoart_ws/install/evoart_interfaces/include/evoart_interfaces/evoart_interfaces/srv/detail/start_park__rosidl_typesupport_fastrtps_cpp.hpp
-- Installing: /home/mustafa/evoart_ws/install/evoart_interfaces/include/evoart_interfaces/evoart_interfaces/srv/detail/dds_fastrtps
-- Installing: /home/mustafa/evoart_ws/install/evoart_interfaces/lib/libevoart_interfaces__rosidl_typesupport_fastrtps_cpp.so
-- Set runtime path of "/home/mustafa/evoart_ws/install/evoart_interfaces/lib/libevoart_interfaces__rosidl_typesupport_fastrtps_cpp.so" to ""
-- Up-to-date: /home/mustafa/evoart_ws/install/evoart_interfaces/include/evoart_interfaces/evoart_interfaces
-- Up-to-date: /home/mustafa/evoart_ws/install/evoart_interfaces/include/evoart_interfaces/evoart_interfaces/msg
-- Up-to-date: /home/mustafa/evoart_ws/install/evoart_interfaces/include/evoart_interfaces/evoart_interfaces/msg/detail
-- Installing: /home/mustafa/evoart_ws/install/evoart_interfaces/include/evoart_interfaces/evoart_interfaces/msg/detail/obstacle__type_support.cpp
-- Installing: /home/mustafa/evoart_ws/install/evoart_interfaces/include/evoart_interfaces/evoart_interfaces/msg/detail/traffic_light__type_support.cpp
-- Installing: /home/mustafa/evoart_ws/install/evoart_interfaces/include/evoart_interfaces/evoart_interfaces/msg/detail/vehicle_control__type_support.cpp
-- Installing: /home/mustafa/evoart_ws/install/evoart_interfaces/include/evoart_interfaces/evoart_interfaces/msg/detail/traffic_light__rosidl_typesupport_introspection_cpp.hpp
-- Installing: /home/mustafa/evoart_ws/install/evoart_interfaces/include/evoart_interfaces/evoart_interfaces/msg/detail/vehicle_control__rosidl_typesupport_introspection_cpp.hpp
-- Installing: /home/mustafa/evoart_ws/install/evoart_interfaces/include/evoart_interfaces/evoart_interfaces/msg/detail/obstacle__rosidl_typesupport_introspection_cpp.hpp
-- Up-to-date: /home/mustafa/evoart_ws/install/evoart_interfaces/include/evoart_interfaces/evoart_interfaces/srv
-- Up-to-date: /home/mustafa/evoart_ws/install/evoart_interfaces/include/evoart_interfaces/evoart_interfaces/srv/detail
-- Installing: /home/mustafa/evoart_ws/install/evoart_interfaces/include/evoart_interfaces/evoart_interfaces/srv/detail/start_park__rosidl_typesupport_introspection_cpp.hpp
-- Installing: /home/mustafa/evoart_ws/install/evoart_interfaces/include/evoart_interfaces/evoart_interfaces/srv/detail/start_park__type_support.cpp
-- Installing: /home/mustafa/evoart_ws/install/evoart_interfaces/lib/libevoart_interfaces__rosidl_typesupport_introspection_cpp.so
-- Set runtime path of "/home/mustafa/evoart_ws/install/evoart_interfaces/lib/libevoart_interfaces__rosidl_typesupport_introspection_cpp.so" to ""
-- Installing: /home/mustafa/evoart_ws/install/evoart_interfaces/lib/libevoart_interfaces__rosidl_typesupport_cpp.so
-- Set runtime path of "/home/mustafa/evoart_ws/install/evoart_interfaces/lib/libevoart_interfaces__rosidl_typesupport_cpp.so" to ""
-- Installing: /home/mustafa/evoart_ws/install/evoart_interfaces/share/evoart_interfaces/environment/pythonpath.sh
-- Installing: /home/mustafa/evoart_ws/install/evoart_interfaces/share/evoart_interfaces/environment/pythonpath.dsv
-- Installing: /home/mustafa/evoart_ws/install/evoart_interfaces/local/lib/python3.10/dist-packages/evoart_interfaces-0.0.0-py3.10.egg-info
-- Installing: /home/mustafa/evoart_ws/install/evoart_interfaces/local/lib/python3.10/dist-packages/evoart_interfaces-0.0.0-py3.10.egg-info/PKG-INFO
-- Installing: /home/mustafa/evoart_ws/install/evoart_interfaces/local/lib/python3.10/dist-packages/evoart_interfaces-0.0.0-py3.10.egg-info/dependency_links.txt
-- Installing: /home/mustafa/evoart_ws/install/evoart_interfaces/local/lib/python3.10/dist-packages/evoart_interfaces-0.0.0-py3.10.egg-info/SOURCES.txt
-- Installing: /home/mustafa/evoart_ws/install/evoart_interfaces/local/lib/python3.10/dist-packages/evoart_interfaces-0.0.0-py3.10.egg-info/top_level.txt
-- Installing: /home/mustafa/evoart_ws/install/evoart_interfaces/local/lib/python3.10/dist-packages/evoart_interfaces
-- Installing: /home/mustafa/evoart_ws/install/evoart_interfaces/local/lib/python3.10/dist-packages/evoart_interfaces/_evoart_interfaces_s.ep.rosidl_typesupport_c.c
-- Installing: /home/mustafa/evoart_ws/install/evoart_interfaces/local/lib/python3.10/dist-packages/evoart_interfaces/msg
-- Installing: /home/mustafa/evoart_ws/install/evoart_interfaces/local/lib/python3.10/dist-packages/evoart_interfaces/msg/_traffic_light.py
-- Installing: /home/mustafa/evoart_ws/install/evoart_interfaces/local/lib/python3.10/dist-packages/evoart_interfaces/msg/_obstacle_s.c
-- Installing: /home/mustafa/evoart_ws/install/evoart_interfaces/local/lib/python3.10/dist-packages/evoart_interfaces/msg/_traffic_light_s.c
-- Installing: /home/mustafa/evoart_ws/install/evoart_interfaces/local/lib/python3.10/dist-packages/evoart_interfaces/msg/_obstacle.py
-- Installing: /home/mustafa/evoart_ws/install/evoart_interfaces/local/lib/python3.10/dist-packages/evoart_interfaces/msg/__init__.py
-- Installing: /home/mustafa/evoart_ws/install/evoart_interfaces/local/lib/python3.10/dist-packages/evoart_interfaces/msg/_vehicle_control.py
-- Installing: /home/mustafa/evoart_ws/install/evoart_interfaces/local/lib/python3.10/dist-packages/evoart_interfaces/msg/_vehicle_control_s.c
-- Installing: /home/mustafa/evoart_ws/install/evoart_interfaces/local/lib/python3.10/dist-packages/evoart_interfaces/srv
-- Installing: /home/mustafa/evoart_ws/install/evoart_interfaces/local/lib/python3.10/dist-packages/evoart_interfaces/srv/_start_park.py
-- Installing: /home/mustafa/evoart_ws/install/evoart_interfaces/local/lib/python3.10/dist-packages/evoart_interfaces/srv/__init__.py
-- Installing: /home/mustafa/evoart_ws/install/evoart_interfaces/local/lib/python3.10/dist-packages/evoart_interfaces/srv/_start_park_s.c
-- Installing: /home/mustafa/evoart_ws/install/evoart_interfaces/local/lib/python3.10/dist-packages/evoart_interfaces/_evoart_interfaces_s.ep.rosidl_typesupport_introspection_c.c
-- Installing: /home/mustafa/evoart_ws/install/evoart_interfaces/local/lib/python3.10/dist-packages/evoart_interfaces/_evoart_interfaces_s.ep.rosidl_typesupport_fastrtps_c.c
-- Installing: /home/mustafa/evoart_ws/install/evoart_interfaces/local/lib/python3.10/dist-packages/evoart_interfaces/__init__.py
-- Installing: /home/mustafa/evoart_ws/install/evoart_interfaces/local/lib/python3.10/dist-packages/evoart_interfaces/evoart_interfaces_s__rosidl_typesupport_introspection_c.cpython-310-x86_64-linux-gnu.so
-- Installing: /home/mustafa/evoart_ws/install/evoart_interfaces/local/lib/python3.10/dist-packages/evoart_interfaces/evoart_interfaces_s__rosidl_typesupport_fastrtps_c.cpython-310-x86_64-linux-gnu.so
-- Installing: /home/mustafa/evoart_ws/install/evoart_interfaces/local/lib/python3.10/dist-packages/evoart_interfaces/libevoart_interfaces__rosidl_generator_py.so
-- Installing: /home/mustafa/evoart_ws/install/evoart_interfaces/local/lib/python3.10/dist-packages/evoart_interfaces/evoart_interfaces_s__rosidl_typesupport_c.cpython-310-x86_64-linux-gnu.so
Listing '/home/mustafa/evoart_ws/install/evoart_interfaces/local/lib/python3.10/dist-packages/evoart_interfaces'...
Compiling '/home/mustafa/evoart_ws/install/evoart_interfaces/local/lib/python3.10/dist-packages/evoart_interfaces/__init__.py'...
Listing '/home/mustafa/evoart_ws/install/evoart_interfaces/local/lib/python3.10/dist-packages/evoart_interfaces/msg'...
Compiling '/home/mustafa/evoart_ws/install/evoart_interfaces/local/lib/python3.10/dist-packages/evoart_interfaces/msg/__init__.py'...
Compiling '/home/mustafa/evoart_ws/install/evoart_interfaces/local/lib/python3.10/dist-packages/evoart_interfaces/msg/_obstacle.py'...
Compiling '/home/mustafa/evoart_ws/install/evoart_interfaces/local/lib/python3.10/dist-packages/evoart_interfaces/msg/_traffic_light.py'...
Compiling '/home/mustafa/evoart_ws/install/evoart_interfaces/local/lib/python3.10/dist-packages/evoart_interfaces/msg/_vehicle_control.py'...
Listing '/home/mustafa/evoart_ws/install/evoart_interfaces/local/lib/python3.10/dist-packages/evoart_interfaces/srv'...
Compiling '/home/mustafa/evoart_ws/install/evoart_interfaces/local/lib/python3.10/dist-packages/evoart_interfaces/srv/__init__.py'...
Compiling '/home/mustafa/evoart_ws/install/evoart_interfaces/local/lib/python3.10/dist-packages/evoart_interfaces/srv/_start_park.py'...
-- Installing: /home/mustafa/evoart_ws/install/evoart_interfaces/local/lib/python3.10/dist-packages/evoart_interfaces/evoart_interfaces_s__rosidl_typesupport_fastrtps_c.cpython-310-x86_64-linux-gnu.so
-- Set runtime path of "/home/mustafa/evoart_ws/install/evoart_interfaces/local/lib/python3.10/dist-packages/evoart_interfaces/evoart_interfaces_s__rosidl_typesupport_fastrtps_c.cpython-310-x86_64-linux-gnu.so" to ""
-- Installing: /home/mustafa/evoart_ws/install/evoart_interfaces/local/lib/python3.10/dist-packages/evoart_interfaces/evoart_interfaces_s__rosidl_typesupport_introspection_c.cpython-310-x86_64-linux-gnu.so
-- Set runtime path of "/home/mustafa/evoart_ws/install/evoart_interfaces/local/lib/python3.10/dist-packages/evoart_interfaces/evoart_interfaces_s__rosidl_typesupport_introspection_c.cpython-310-x86_64-linux-gnu.so" to ""
-- Installing: /home/mustafa/evoart_ws/install/evoart_interfaces/local/lib/python3.10/dist-packages/evoart_interfaces/evoart_interfaces_s__rosidl_typesupport_c.cpython-310-x86_64-linux-gnu.so
-- Set runtime path of "/home/mustafa/evoart_ws/install/evoart_interfaces/local/lib/python3.10/dist-packages/evoart_interfaces/evoart_interfaces_s__rosidl_typesupport_c.cpython-310-x86_64-linux-gnu.so" to ""
-- Installing: /home/mustafa/evoart_ws/install/evoart_interfaces/lib/libevoart_interfaces__rosidl_generator_py.so
-- Set runtime path of "/home/mustafa/evoart_ws/install/evoart_interfaces/lib/libevoart_interfaces__rosidl_generator_py.so" to ""
-- Installing: /home/mustafa/evoart_ws/install/evoart_interfaces/share/ament_index/resource_index/rust_packages/evoart_interfaces
-- Installing: /home/mustafa/evoart_ws/install/evoart_interfaces/share/evoart_interfaces/rust
-- Installing: /home/mustafa/evoart_ws/install/evoart_interfaces/share/evoart_interfaces/rust/src
-- Installing: /home/mustafa/evoart_ws/install/evoart_interfaces/share/evoart_interfaces/rust/src/lib.rs
-- Installing: /home/mustafa/evoart_ws/install/evoart_interfaces/share/evoart_interfaces/rust/src/msg
-- Installing: /home/mustafa/evoart_ws/install/evoart_interfaces/share/evoart_interfaces/rust/src/msg/rmw.rs
-- Installing: /home/mustafa/evoart_ws/install/evoart_interfaces/share/evoart_interfaces/rust/src/srv
-- Installing: /home/mustafa/evoart_ws/install/evoart_interfaces/share/evoart_interfaces/rust/src/srv/rmw.rs
-- Installing: /home/mustafa/evoart_ws/install/evoart_interfaces/share/evoart_interfaces/rust/src/msg.rs
-- Installing: /home/mustafa/evoart_ws/install/evoart_interfaces/share/evoart_interfaces/rust/src/srv.rs
-- Installing: /home/mustafa/evoart_ws/install/evoart_interfaces/share/evoart_interfaces/rust/build.rs
-- Installing: /home/mustafa/evoart_ws/install/evoart_interfaces/share/evoart_interfaces/rust/Cargo.toml
-- Installing: /home/mustafa/evoart_ws/install/evoart_interfaces/share/evoart_interfaces/msg/Obstacle.idl
-- Installing: /home/mustafa/evoart_ws/install/evoart_interfaces/share/evoart_interfaces/msg/TrafficLight.idl
-- Installing: /home/mustafa/evoart_ws/install/evoart_interfaces/share/evoart_interfaces/msg/VehicleControl.idl
-- Installing: /home/mustafa/evoart_ws/install/evoart_interfaces/share/evoart_interfaces/srv/StartPark.idl
-- Installing: /home/mustafa/evoart_ws/install/evoart_interfaces/share/evoart_interfaces/msg/Obstacle.msg
-- Installing: /home/mustafa/evoart_ws/install/evoart_interfaces/share/evoart_interfaces/msg/TrafficLight.msg
-- Installing: /home/mustafa/evoart_ws/install/evoart_interfaces/share/evoart_interfaces/msg/VehicleControl.msg
-- Installing: /home/mustafa/evoart_ws/install/evoart_interfaces/share/evoart_interfaces/srv/StartPark.srv
-- Installing: /home/mustafa/evoart_ws/install/evoart_interfaces/share/evoart_interfaces/srv/StartPark_Request.msg
-- Installing: /home/mustafa/evoart_ws/install/evoart_interfaces/share/evoart_interfaces/srv/StartPark_Response.msg
-- Installing: /home/mustafa/evoart_ws/install/evoart_interfaces/share/ament_index/resource_index/package_run_dependencies/evoart_interfaces
-- Installing: /home/mustafa/evoart_ws/install/evoart_interfaces/share/ament_index/resource_index/parent_prefix_path/evoart_interfaces
-- Installing: /home/mustafa/evoart_ws/install/evoart_interfaces/share/evoart_interfaces/environment/ament_prefix_path.sh
-- Installing: /home/mustafa/evoart_ws/install/evoart_interfaces/share/evoart_interfaces/environment/ament_prefix_path.dsv
-- Installing: /home/mustafa/evoart_ws/install/evoart_interfaces/share/evoart_interfaces/environment/path.sh
-- Installing: /home/mustafa/evoart_ws/install/evoart_interfaces/share/evoart_interfaces/environment/path.dsv
-- Installing: /home/mustafa/evoart_ws/install/evoart_interfaces/share/evoart_interfaces/local_setup.bash
-- Installing: /home/mustafa/evoart_ws/install/evoart_interfaces/share/evoart_interfaces/local_setup.sh
-- Installing: /home/mustafa/evoart_ws/install/evoart_interfaces/share/evoart_interfaces/local_setup.zsh
-- Installing: /home/mustafa/evoart_ws/install/evoart_interfaces/share/evoart_interfaces/local_setup.dsv
-- Installing: /home/mustafa/evoart_ws/install/evoart_interfaces/share/evoart_interfaces/package.dsv
-- Installing: /home/mustafa/evoart_ws/install/evoart_interfaces/share/ament_index/resource_index/packages/evoart_interfaces
-- Installing: /home/mustafa/evoart_ws/install/evoart_interfaces/share/evoart_interfaces/cmake/export_evoart_interfaces__rosidl_generator_cExport.cmake
-- Installing: /home/mustafa/evoart_ws/install/evoart_interfaces/share/evoart_interfaces/cmake/export_evoart_interfaces__rosidl_generator_cExport-noconfig.cmake
-- Installing: /home/mustafa/evoart_ws/install/evoart_interfaces/share/evoart_interfaces/cmake/export_evoart_interfaces__rosidl_typesupport_fastrtps_cExport.cmake
-- Installing: /home/mustafa/evoart_ws/install/evoart_interfaces/share/evoart_interfaces/cmake/export_evoart_interfaces__rosidl_typesupport_fastrtps_cExport-noconfig.cmake
-- Installing: /home/mustafa/evoart_ws/install/evoart_interfaces/share/evoart_interfaces/cmake/evoart_interfaces__rosidl_typesupport_introspection_cExport.cmake
-- Installing: /home/mustafa/evoart_ws/install/evoart_interfaces/share/evoart_interfaces/cmake/evoart_interfaces__rosidl_typesupport_introspection_cExport-noconfig.cmake
-- Installing: /home/mustafa/evoart_ws/install/evoart_interfaces/share/evoart_interfaces/cmake/evoart_interfaces__rosidl_typesupport_cExport.cmake
-- Installing: /home/mustafa/evoart_ws/install/evoart_interfaces/share/evoart_interfaces/cmake/evoart_interfaces__rosidl_typesupport_cExport-noconfig.cmake
-- Installing: /home/mustafa/evoart_ws/install/evoart_interfaces/share/evoart_interfaces/cmake/export_evoart_interfaces__rosidl_generator_cppExport.cmake
-- Installing: /home/mustafa/evoart_ws/install/evoart_interfaces/share/evoart_interfaces/cmake/export_evoart_interfaces__rosidl_typesupport_fastrtps_cppExport.cmake
-- Installing: /home/mustafa/evoart_ws/install/evoart_interfaces/share/evoart_interfaces/cmake/export_evoart_interfaces__rosidl_typesupport_fastrtps_cppExport-noconfig.cmake
-- Installing: /home/mustafa/evoart_ws/install/evoart_interfaces/share/evoart_interfaces/cmake/evoart_interfaces__rosidl_typesupport_introspection_cppExport.cmake
-- Installing: /home/mustafa/evoart_ws/install/evoart_interfaces/share/evoart_interfaces/cmake/evoart_interfaces__rosidl_typesupport_introspection_cppExport-noconfig.cmake
-- Installing: /home/mustafa/evoart_ws/install/evoart_interfaces/share/evoart_interfaces/cmake/evoart_interfaces__rosidl_typesupport_cppExport.cmake
-- Installing: /home/mustafa/evoart_ws/install/evoart_interfaces/share/evoart_interfaces/cmake/evoart_interfaces__rosidl_typesupport_cppExport-noconfig.cmake
-- Installing: /home/mustafa/evoart_ws/install/evoart_interfaces/share/evoart_interfaces/cmake/export_evoart_interfaces__rosidl_generator_pyExport.cmake
-- Installing: /home/mustafa/evoart_ws/install/evoart_interfaces/share/evoart_interfaces/cmake/export_evoart_interfaces__rosidl_generator_pyExport-noconfig.cmake
-- Installing: /home/mustafa/evoart_ws/install/evoart_interfaces/share/evoart_interfaces/cmake/rosidl_cmake-extras.cmake
-- Installing: /home/mustafa/evoart_ws/install/evoart_interfaces/share/evoart_interfaces/cmake/ament_cmake_export_include_directories-extras.cmake
-- Installing: /home/mustafa/evoart_ws/install/evoart_interfaces/share/evoart_interfaces/cmake/ament_cmake_export_libraries-extras.cmake
-- Installing: /home/mustafa/evoart_ws/install/evoart_interfaces/share/evoart_interfaces/cmake/ament_cmake_export_targets-extras.cmake
-- Installing: /home/mustafa/evoart_ws/install/evoart_interfaces/share/evoart_interfaces/cmake/rosidl_cmake_export_typesupport_targets-extras.cmake
-- Installing: /home/mustafa/evoart_ws/install/evoart_interfaces/share/evoart_interfaces/cmake/ament_cmake_export_dependencies-extras.cmake
-- Installing: /home/mustafa/evoart_ws/install/evoart_interfaces/share/evoart_interfaces/cmake/rosidl_cmake_export_typesupport_libraries-extras.cmake
-- Installing: /home/mustafa/evoart_ws/install/evoart_interfaces/share/evoart_interfaces/cmake/rosidl_cmake_aggregate_target-extras.cmake
-- Installing: /home/mustafa/evoart_ws/install/evoart_interfaces/share/evoart_interfaces/cmake/evoart_interfacesConfig.cmake
-- Installing: /home/mustafa/evoart_ws/install/evoart_interfaces/share/evoart_interfaces/cmake/evoart_interfacesConfig-version.cmake
-- Installing: /home/mustafa/evoart_ws/install/evoart_interfaces/share/evoart_interfaces/package.xml
