[0.007s] Invoking command in '/home/mustafa/evoart_ws/build/evoart_interfaces': CMAKE_PREFIX_PATH=/opt/ros/humble /usr/bin/cmake /home/mustafa/evoart_ws/src/evoart_interfaces -DCMAKE_INSTALL_PREFIX=/home/mustafa/evoart_ws/install/evoart_interfaces
[0.046s] -- The C compiler identification is GNU 11.4.0
[0.085s] -- The CXX compiler identification is GNU 11.4.0
[0.090s] -- Detecting C compiler ABI info
[0.138s] -- Detecting C compiler ABI info - done
[0.142s] -- Check for working C compiler: /usr/bin/cc - skipped
[0.142s] -- Detecting C compile features
[0.142s] -- Detecting C compile features - done
[0.144s] -- Detecting CXX compiler ABI info
[0.198s] -- Detecting CXX compiler ABI info - done
[0.202s] -- Check for working CXX compiler: /usr/bin/c++ - skipped
[0.202s] -- Detecting CXX compile features
[0.202s] -- Detecting CXX compile features - done
[0.204s] -- Found ament_cmake: 1.3.14 (/opt/ros/humble/share/ament_cmake/cmake)
[0.293s] -- Found Python3: /usr/bin/python3 (found version "3.10.12") found components: Interpreter 
[0.348s] -- Found rosidl_default_generators: 1.2.1 (/opt/ros/humble/share/rosidl_default_generators/cmake)
[0.350s] -- Using all available rosidl_typesupport_c: rosidl_typesupport_fastrtps_c;rosidl_typesupport_introspection_c
[0.355s] -- Found rosidl_adapter: 3.1.9 (/opt/ros/humble/share/rosidl_adapter/cmake)
[0.381s] -- Using all available rosidl_typesupport_cpp: rosidl_typesupport_fastrtps_cpp;rosidl_typesupport_introspection_cpp
[0.557s] -- Found ament_cmake_ros: 0.10.0 (/opt/ros/humble/share/ament_cmake_ros/cmake)
[0.666s] -- Using all available rosidl_typesupport_c: rosidl_typesupport_fastrtps_c;rosidl_typesupport_introspection_c
[0.806s] -- Using all available rosidl_typesupport_cpp: rosidl_typesupport_fastrtps_cpp;rosidl_typesupport_introspection_cpp
[0.820s] -- Found PythonInterp: /usr/bin/python3 (found suitable version "3.10.12", minimum required is "3.6") 
[0.821s] -- Found python_cmake_module: 0.10.0 (/opt/ros/humble/share/python_cmake_module/cmake)
[0.837s] -- Found PythonLibs: /usr/lib/x86_64-linux-gnu/libpython3.10.so (found suitable version "3.10.12", minimum required is "3.5") 
[0.837s] -- Using PYTHON_EXECUTABLE: /usr/bin/python3
[0.837s] -- Using PYTHON_INCLUDE_DIRS: /usr/include/python3.10
[0.837s] -- Using PYTHON_LIBRARIES: /usr/lib/x86_64-linux-gnu/libpython3.10.so
[0.850s] -- Found PythonExtra: .so  
[0.909s] -- Configuring done
[0.933s] -- Generating done
[0.940s] -- Build files have been written to: /home/mustafa/evoart_ws/build/evoart_interfaces
[0.948s] Invoked command in '/home/mustafa/evoart_ws/build/evoart_interfaces' returned '0': CMAKE_PREFIX_PATH=/opt/ros/humble /usr/bin/cmake /home/mustafa/evoart_ws/src/evoart_interfaces -DCMAKE_INSTALL_PREFIX=/home/mustafa/evoart_ws/install/evoart_interfaces
[0.949s] Invoking command in '/home/mustafa/evoart_ws/build/evoart_interfaces': CMAKE_PREFIX_PATH=/opt/ros/humble /usr/bin/cmake --build /home/mustafa/evoart_ws/build/evoart_interfaces -- -j32 -l32
[0.977s] [  1%] [34m[1mGenerating C code for ROS interfaces[0m
[0.985s] [  3%] [34m[1mGenerating Rust code for ROS interfaces[0m
[0.985s] [  5%] [34m[1mGenerating C++ code for ROS interfaces[0m
[0.989s] [  5%] Built target ament_cmake_python_copy_evoart_interfaces
[1.170s] running egg_info
[1.170s] creating evoart_interfaces.egg-info
[1.170s] writing evoart_interfaces.egg-info/PKG-INFO
[1.170s] writing dependency_links to evoart_interfaces.egg-info/dependency_links.txt
[1.170s] writing top-level names to evoart_interfaces.egg-info/top_level.txt
[1.170s] writing manifest file 'evoart_interfaces.egg-info/SOURCES.txt'
[1.172s] reading manifest file 'evoart_interfaces.egg-info/SOURCES.txt'
[1.172s] writing manifest file 'evoart_interfaces.egg-info/SOURCES.txt'
[1.198s] [  5%] Built target ament_cmake_python_build_evoart_interfaces_egg
[1.252s] [  5%] Built target evoart_interfaces__rs
[1.307s] [  5%] Built target evoart_interfaces__cpp
[1.314s] [  7%] [34m[1mGenerating C++ type support for eProsima Fast-RTPS[0m
[1.314s] [ 10%] [34m[1mGenerating C++ introspection for ROS interfaces[0m
[1.315s] [ 10%] [34m[1mGenerating C++ type support dispatch for ROS interfaces[0m
[1.319s] [ 14%] [32mBuilding C object CMakeFiles/evoart_interfaces__rosidl_generator_c.dir/rosidl_generator_c/evoart_interfaces/msg/detail/obstacle__functions.c.o[0m
[1.319s] [ 14%] [32mBuilding C object CMakeFiles/evoart_interfaces__rosidl_generator_c.dir/rosidl_generator_c/evoart_interfaces/msg/detail/traffic_light__functions.c.o[0m
[1.319s] [ 16%] [32mBuilding C object CMakeFiles/evoart_interfaces__rosidl_generator_c.dir/rosidl_generator_c/evoart_interfaces/msg/detail/vehicle_control__functions.c.o[0m
[1.319s] [ 17%] [32mBuilding C object CMakeFiles/evoart_interfaces__rosidl_generator_c.dir/rosidl_generator_c/evoart_interfaces/srv/detail/start_park__functions.c.o[0m
[1.366s] [ 19%] [32m[1mLinking C shared library libevoart_interfaces__rosidl_generator_c.so[0m
[1.396s] [ 19%] Built target evoart_interfaces__rosidl_generator_c
[1.403s] [ 23%] [34m[1mGenerating C type support dispatch for ROS interfaces[0m
[1.403s] [ 23%] [34m[1mGenerating C introspection for ROS interfaces[0m
[1.403s] [ 25%] [34m[1mGenerating C type support for eProsima Fast-RTPS[0m
[1.570s] [ 26%] [32mBuilding CXX object CMakeFiles/evoart_interfaces__rosidl_typesupport_cpp.dir/rosidl_typesupport_cpp/evoart_interfaces/msg/obstacle__type_support.cpp.o[0m
[1.570s] [ 28%] [32mBuilding CXX object CMakeFiles/evoart_interfaces__rosidl_typesupport_cpp.dir/rosidl_typesupport_cpp/evoart_interfaces/msg/traffic_light__type_support.cpp.o[0m
[1.570s] [ 30%] [32mBuilding CXX object CMakeFiles/evoart_interfaces__rosidl_typesupport_cpp.dir/rosidl_typesupport_cpp/evoart_interfaces/msg/vehicle_control__type_support.cpp.o[0m
[1.571s] [ 32%] [32mBuilding CXX object CMakeFiles/evoart_interfaces__rosidl_typesupport_cpp.dir/rosidl_typesupport_cpp/evoart_interfaces/srv/start_park__type_support.cpp.o[0m
[1.595s] [ 35%] [32mBuilding CXX object CMakeFiles/evoart_interfaces__rosidl_typesupport_introspection_cpp.dir/rosidl_typesupport_introspection_cpp/evoart_interfaces/msg/detail/vehicle_control__type_support.cpp.o[0m
[1.595s] [ 37%] [32mBuilding CXX object CMakeFiles/evoart_interfaces__rosidl_typesupport_introspection_cpp.dir/rosidl_typesupport_introspection_cpp/evoart_interfaces/srv/detail/start_park__type_support.cpp.o[0m
[1.595s] [ 37%] [32mBuilding CXX object CMakeFiles/evoart_interfaces__rosidl_typesupport_introspection_cpp.dir/rosidl_typesupport_introspection_cpp/evoart_interfaces/msg/detail/obstacle__type_support.cpp.o[0m
[1.596s] [ 39%] [32mBuilding CXX object CMakeFiles/evoart_interfaces__rosidl_typesupport_introspection_cpp.dir/rosidl_typesupport_introspection_cpp/evoart_interfaces/msg/detail/traffic_light__type_support.cpp.o[0m
[1.620s] [ 41%] [32mBuilding CXX object CMakeFiles/evoart_interfaces__rosidl_typesupport_fastrtps_cpp.dir/rosidl_typesupport_fastrtps_cpp/evoart_interfaces/msg/detail/dds_fastrtps/traffic_light__type_support.cpp.o[0m
[1.621s] [ 42%] [32mBuilding CXX object CMakeFiles/evoart_interfaces__rosidl_typesupport_fastrtps_cpp.dir/rosidl_typesupport_fastrtps_cpp/evoart_interfaces/msg/detail/dds_fastrtps/vehicle_control__type_support.cpp.o[0m
[1.622s] [ 46%] [32mBuilding CXX object CMakeFiles/evoart_interfaces__rosidl_typesupport_fastrtps_cpp.dir/rosidl_typesupport_fastrtps_cpp/evoart_interfaces/msg/detail/dds_fastrtps/obstacle__type_support.cpp.o[0m
[1.622s] [ 46%] [32mBuilding CXX object CMakeFiles/evoart_interfaces__rosidl_typesupport_fastrtps_cpp.dir/rosidl_typesupport_fastrtps_cpp/evoart_interfaces/srv/detail/dds_fastrtps/start_park__type_support.cpp.o[0m
[1.687s] [ 48%] [32mBuilding CXX object CMakeFiles/evoart_interfaces__rosidl_typesupport_c.dir/rosidl_typesupport_c/evoart_interfaces/msg/obstacle__type_support.cpp.o[0m
[1.687s] [ 50%] [32mBuilding CXX object CMakeFiles/evoart_interfaces__rosidl_typesupport_c.dir/rosidl_typesupport_c/evoart_interfaces/msg/vehicle_control__type_support.cpp.o[0m
[1.689s] [ 53%] [32mBuilding CXX object CMakeFiles/evoart_interfaces__rosidl_typesupport_c.dir/rosidl_typesupport_c/evoart_interfaces/srv/start_park__type_support.cpp.o[0m
[1.689s] [ 53%] [32mBuilding CXX object CMakeFiles/evoart_interfaces__rosidl_typesupport_c.dir/rosidl_typesupport_c/evoart_interfaces/msg/traffic_light__type_support.cpp.o[0m
[1.733s] [ 55%] [32m[1mLinking CXX shared library libevoart_interfaces__rosidl_typesupport_c.so[0m
[1.736s] [ 57%] [32mBuilding CXX object CMakeFiles/evoart_interfaces__rosidl_typesupport_fastrtps_c.dir/rosidl_typesupport_fastrtps_c/evoart_interfaces/msg/detail/traffic_light__type_support_c.cpp.o[0m
[1.739s] [ 60%] [32mBuilding CXX object CMakeFiles/evoart_interfaces__rosidl_typesupport_fastrtps_c.dir/rosidl_typesupport_fastrtps_c/evoart_interfaces/msg/detail/vehicle_control__type_support_c.cpp.o[0m
[1.739s] [ 60%] [32mBuilding CXX object CMakeFiles/evoart_interfaces__rosidl_typesupport_fastrtps_c.dir/rosidl_typesupport_fastrtps_c/evoart_interfaces/srv/detail/start_park__type_support_c.cpp.o[0m
[1.739s] [ 62%] [32mBuilding CXX object CMakeFiles/evoart_interfaces__rosidl_typesupport_fastrtps_c.dir/rosidl_typesupport_fastrtps_c/evoart_interfaces/msg/detail/obstacle__type_support_c.cpp.o[0m
[1.752s] [ 64%] [32mBuilding C object CMakeFiles/evoart_interfaces__rosidl_typesupport_introspection_c.dir/rosidl_typesupport_introspection_c/evoart_interfaces/msg/detail/traffic_light__type_support.c.o[0m
[1.753s] [ 66%] [32mBuilding C object CMakeFiles/evoart_interfaces__rosidl_typesupport_introspection_c.dir/rosidl_typesupport_introspection_c/evoart_interfaces/msg/detail/obstacle__type_support.c.o[0m
[1.754s] [ 67%] [32mBuilding C object CMakeFiles/evoart_interfaces__rosidl_typesupport_introspection_c.dir/rosidl_typesupport_introspection_c/evoart_interfaces/msg/detail/vehicle_control__type_support.c.o[0m
[1.757s] [ 69%] [32mBuilding C object CMakeFiles/evoart_interfaces__rosidl_typesupport_introspection_c.dir/rosidl_typesupport_introspection_c/evoart_interfaces/srv/detail/start_park__type_support.c.o[0m
[1.791s] [ 69%] Built target evoart_interfaces__rosidl_typesupport_c
[1.805s] [ 71%] [32m[1mLinking C shared library libevoart_interfaces__rosidl_typesupport_introspection_c.so[0m
[1.823s] [ 73%] [32m[1mLinking CXX shared library libevoart_interfaces__rosidl_typesupport_cpp.so[0m
[1.843s] [ 73%] Built target evoart_interfaces__rosidl_typesupport_introspection_c
[1.872s] [ 73%] Built target evoart_interfaces__rosidl_typesupport_cpp
[1.925s] [ 75%] [32m[1mLinking CXX shared library libevoart_interfaces__rosidl_typesupport_introspection_cpp.so[0m
[1.958s] [ 76%] [32m[1mLinking CXX shared library libevoart_interfaces__rosidl_typesupport_fastrtps_cpp.so[0m
[1.977s] [ 76%] Built target evoart_interfaces__rosidl_typesupport_introspection_cpp
[2.014s] [ 76%] Built target evoart_interfaces__rosidl_typesupport_fastrtps_cpp
[2.018s] [ 78%] [32m[1mLinking CXX shared library libevoart_interfaces__rosidl_typesupport_fastrtps_c.so[0m
[2.068s] [ 78%] Built target evoart_interfaces__rosidl_typesupport_fastrtps_c
[2.082s] [ 78%] Built target evoart_interfaces
[2.095s] [ 80%] [34m[1mGenerating Python code for ROS interfaces[0m
[2.477s] [ 80%] Built target evoart_interfaces__py
[2.491s] [ 85%] [32mBuilding C object CMakeFiles/evoart_interfaces__rosidl_generator_py.dir/rosidl_generator_py/evoart_interfaces/msg/_vehicle_control_s.c.o[0m
[2.491s] [ 85%] [32mBuilding C object CMakeFiles/evoart_interfaces__rosidl_generator_py.dir/rosidl_generator_py/evoart_interfaces/msg/_obstacle_s.c.o[0m
[2.491s] [ 85%] [32mBuilding C object CMakeFiles/evoart_interfaces__rosidl_generator_py.dir/rosidl_generator_py/evoart_interfaces/msg/_traffic_light_s.c.o[0m
[2.491s] [ 87%] [32mBuilding C object CMakeFiles/evoart_interfaces__rosidl_generator_py.dir/rosidl_generator_py/evoart_interfaces/srv/_start_park_s.c.o[0m
[2.559s] [ 89%] [32m[1mLinking C shared library rosidl_generator_py/evoart_interfaces/libevoart_interfaces__rosidl_generator_py.so[0m
[2.586s] [ 89%] Built target evoart_interfaces__rosidl_generator_py
[2.600s] [ 92%] [32mBuilding C object CMakeFiles/evoart_interfaces__rosidl_typesupport_fastrtps_c__pyext.dir/rosidl_generator_py/evoart_interfaces/_evoart_interfaces_s.ep.rosidl_typesupport_fastrtps_c.c.o[0m
[2.600s] [ 92%] [32mBuilding C object CMakeFiles/evoart_interfaces__rosidl_typesupport_c__pyext.dir/rosidl_generator_py/evoart_interfaces/_evoart_interfaces_s.ep.rosidl_typesupport_c.c.o[0m
[2.601s] [ 94%] [32mBuilding C object CMakeFiles/evoart_interfaces__rosidl_typesupport_introspection_c__pyext.dir/rosidl_generator_py/evoart_interfaces/_evoart_interfaces_s.ep.rosidl_typesupport_introspection_c.c.o[0m
[2.672s] [ 96%] [32m[1mLinking C shared library rosidl_generator_py/evoart_interfaces/evoart_interfaces_s__rosidl_typesupport_introspection_c.cpython-310-x86_64-linux-gnu.so[0m
[2.674s] [100%] [32m[1mLinking C shared library rosidl_generator_py/evoart_interfaces/evoart_interfaces_s__rosidl_typesupport_fastrtps_c.cpython-310-x86_64-linux-gnu.so[0m
[2.674s] [100%] [32m[1mLinking C shared library rosidl_generator_py/evoart_interfaces/evoart_interfaces_s__rosidl_typesupport_c.cpython-310-x86_64-linux-gnu.so[0m
[2.696s] [100%] Built target evoart_interfaces__rosidl_typesupport_introspection_c__pyext
[2.698s] [100%] Built target evoart_interfaces__rosidl_typesupport_c__pyext
[2.698s] [100%] Built target evoart_interfaces__rosidl_typesupport_fastrtps_c__pyext
[2.708s] Invoked command in '/home/mustafa/evoart_ws/build/evoart_interfaces' returned '0': CMAKE_PREFIX_PATH=/opt/ros/humble /usr/bin/cmake --build /home/mustafa/evoart_ws/build/evoart_interfaces -- -j32 -l32
[2.715s] Invoking command in '/home/mustafa/evoart_ws/build/evoart_interfaces': CMAKE_PREFIX_PATH=/opt/ros/humble /usr/bin/cmake --install /home/mustafa/evoart_ws/build/evoart_interfaces
[2.720s] -- Install configuration: ""
[2.720s] -- Installing: /home/mustafa/evoart_ws/install/evoart_interfaces/share/ament_index/resource_index/rosidl_interfaces/evoart_interfaces
[2.720s] -- Installing: /home/mustafa/evoart_ws/install/evoart_interfaces/include/evoart_interfaces/evoart_interfaces
[2.720s] -- Installing: /home/mustafa/evoart_ws/install/evoart_interfaces/include/evoart_interfaces/evoart_interfaces/msg
[2.720s] -- Installing: /home/mustafa/evoart_ws/install/evoart_interfaces/include/evoart_interfaces/evoart_interfaces/msg/detail
[2.720s] -- Installing: /home/mustafa/evoart_ws/install/evoart_interfaces/include/evoart_interfaces/evoart_interfaces/msg/detail/obstacle__functions.c
[2.721s] -- Installing: /home/mustafa/evoart_ws/install/evoart_interfaces/include/evoart_interfaces/evoart_interfaces/msg/detail/obstacle__functions.h
[2.721s] -- Installing: /home/mustafa/evoart_ws/install/evoart_interfaces/include/evoart_interfaces/evoart_interfaces/msg/detail/traffic_light__functions.c
[2.721s] -- Installing: /home/mustafa/evoart_ws/install/evoart_interfaces/include/evoart_interfaces/evoart_interfaces/msg/detail/traffic_light__functions.h
[2.721s] -- Installing: /home/mustafa/evoart_ws/install/evoart_interfaces/include/evoart_interfaces/evoart_interfaces/msg/detail/traffic_light__struct.h
[2.721s] -- Installing: /home/mustafa/evoart_ws/install/evoart_interfaces/include/evoart_interfaces/evoart_interfaces/msg/detail/obstacle__type_support.h
[2.721s] -- Installing: /home/mustafa/evoart_ws/install/evoart_interfaces/include/evoart_interfaces/evoart_interfaces/msg/detail/vehicle_control__type_support.h
[2.721s] -- Installing: /home/mustafa/evoart_ws/install/evoart_interfaces/include/evoart_interfaces/evoart_interfaces/msg/detail/obstacle__struct.h
[2.721s] -- Installing: /home/mustafa/evoart_ws/install/evoart_interfaces/include/evoart_interfaces/evoart_interfaces/msg/detail/vehicle_control__functions.c
[2.721s] -- Installing: /home/mustafa/evoart_ws/install/evoart_interfaces/include/evoart_interfaces/evoart_interfaces/msg/detail/vehicle_control__struct.h
[2.722s] -- Installing: /home/mustafa/evoart_ws/install/evoart_interfaces/include/evoart_interfaces/evoart_interfaces/msg/detail/vehicle_control__functions.h
[2.722s] -- Installing: /home/mustafa/evoart_ws/install/evoart_interfaces/include/evoart_interfaces/evoart_interfaces/msg/detail/traffic_light__type_support.h
[2.722s] -- Installing: /home/mustafa/evoart_ws/install/evoart_interfaces/include/evoart_interfaces/evoart_interfaces/msg/rosidl_generator_c__visibility_control.h
[2.722s] -- Installing: /home/mustafa/evoart_ws/install/evoart_interfaces/include/evoart_interfaces/evoart_interfaces/msg/obstacle.h
[2.722s] -- Installing: /home/mustafa/evoart_ws/install/evoart_interfaces/include/evoart_interfaces/evoart_interfaces/msg/traffic_light.h
[2.722s] -- Installing: /home/mustafa/evoart_ws/install/evoart_interfaces/include/evoart_interfaces/evoart_interfaces/msg/vehicle_control.h
[2.722s] -- Installing: /home/mustafa/evoart_ws/install/evoart_interfaces/include/evoart_interfaces/evoart_interfaces/srv
[2.722s] -- Installing: /home/mustafa/evoart_ws/install/evoart_interfaces/include/evoart_interfaces/evoart_interfaces/srv/start_park.h
[2.722s] -- Installing: /home/mustafa/evoart_ws/install/evoart_interfaces/include/evoart_interfaces/evoart_interfaces/srv/detail
[2.722s] -- Installing: /home/mustafa/evoart_ws/install/evoart_interfaces/include/evoart_interfaces/evoart_interfaces/srv/detail/start_park__struct.h
[2.722s] -- Installing: /home/mustafa/evoart_ws/install/evoart_interfaces/include/evoart_interfaces/evoart_interfaces/srv/detail/start_park__type_support.h
[2.723s] -- Installing: /home/mustafa/evoart_ws/install/evoart_interfaces/include/evoart_interfaces/evoart_interfaces/srv/detail/start_park__functions.h
[2.723s] -- Installing: /home/mustafa/evoart_ws/install/evoart_interfaces/include/evoart_interfaces/evoart_interfaces/srv/detail/start_park__functions.c
[2.723s] -- Installing: /home/mustafa/evoart_ws/install/evoart_interfaces/share/evoart_interfaces/environment/library_path.sh
[2.723s] -- Installing: /home/mustafa/evoart_ws/install/evoart_interfaces/share/evoart_interfaces/environment/library_path.dsv
[2.723s] -- Installing: /home/mustafa/evoart_ws/install/evoart_interfaces/lib/libevoart_interfaces__rosidl_generator_c.so
[2.723s] -- Set runtime path of "/home/mustafa/evoart_ws/install/evoart_interfaces/lib/libevoart_interfaces__rosidl_generator_c.so" to ""
[2.723s] -- Up-to-date: /home/mustafa/evoart_ws/install/evoart_interfaces/include/evoart_interfaces/evoart_interfaces
[2.724s] -- Up-to-date: /home/mustafa/evoart_ws/install/evoart_interfaces/include/evoart_interfaces/evoart_interfaces/msg
[2.724s] -- Up-to-date: /home/mustafa/evoart_ws/install/evoart_interfaces/include/evoart_interfaces/evoart_interfaces/msg/detail
[2.724s] -- Installing: /home/mustafa/evoart_ws/install/evoart_interfaces/include/evoart_interfaces/evoart_interfaces/msg/detail/traffic_light__rosidl_typesupport_fastrtps_c.h
[2.724s] -- Installing: /home/mustafa/evoart_ws/install/evoart_interfaces/include/evoart_interfaces/evoart_interfaces/msg/detail/vehicle_control__rosidl_typesupport_fastrtps_c.h
[2.724s] -- Installing: /home/mustafa/evoart_ws/install/evoart_interfaces/include/evoart_interfaces/evoart_interfaces/msg/detail/obstacle__rosidl_typesupport_fastrtps_c.h
[2.724s] -- Installing: /home/mustafa/evoart_ws/install/evoart_interfaces/include/evoart_interfaces/evoart_interfaces/msg/rosidl_typesupport_fastrtps_c__visibility_control.h
[2.724s] -- Up-to-date: /home/mustafa/evoart_ws/install/evoart_interfaces/include/evoart_interfaces/evoart_interfaces/srv
[2.724s] -- Up-to-date: /home/mustafa/evoart_ws/install/evoart_interfaces/include/evoart_interfaces/evoart_interfaces/srv/detail
[2.724s] -- Installing: /home/mustafa/evoart_ws/install/evoart_interfaces/include/evoart_interfaces/evoart_interfaces/srv/detail/start_park__rosidl_typesupport_fastrtps_c.h
[2.724s] -- Installing: /home/mustafa/evoart_ws/install/evoart_interfaces/lib/libevoart_interfaces__rosidl_typesupport_fastrtps_c.so
[2.724s] -- Set runtime path of "/home/mustafa/evoart_ws/install/evoart_interfaces/lib/libevoart_interfaces__rosidl_typesupport_fastrtps_c.so" to ""
[2.725s] -- Up-to-date: /home/mustafa/evoart_ws/install/evoart_interfaces/include/evoart_interfaces/evoart_interfaces
[2.725s] -- Up-to-date: /home/mustafa/evoart_ws/install/evoart_interfaces/include/evoart_interfaces/evoart_interfaces/msg
[2.725s] -- Up-to-date: /home/mustafa/evoart_ws/install/evoart_interfaces/include/evoart_interfaces/evoart_interfaces/msg/detail
[2.725s] -- Installing: /home/mustafa/evoart_ws/install/evoart_interfaces/include/evoart_interfaces/evoart_interfaces/msg/detail/vehicle_control__rosidl_typesupport_introspection_c.h
[2.725s] -- Installing: /home/mustafa/evoart_ws/install/evoart_interfaces/include/evoart_interfaces/evoart_interfaces/msg/detail/traffic_light__rosidl_typesupport_introspection_c.h
[2.725s] -- Installing: /home/mustafa/evoart_ws/install/evoart_interfaces/include/evoart_interfaces/evoart_interfaces/msg/detail/obstacle__type_support.c
[2.725s] -- Installing: /home/mustafa/evoart_ws/install/evoart_interfaces/include/evoart_interfaces/evoart_interfaces/msg/detail/obstacle__rosidl_typesupport_introspection_c.h
[2.725s] -- Installing: /home/mustafa/evoart_ws/install/evoart_interfaces/include/evoart_interfaces/evoart_interfaces/msg/detail/vehicle_control__type_support.c
[2.725s] -- Installing: /home/mustafa/evoart_ws/install/evoart_interfaces/include/evoart_interfaces/evoart_interfaces/msg/detail/traffic_light__type_support.c
[2.725s] -- Installing: /home/mustafa/evoart_ws/install/evoart_interfaces/include/evoart_interfaces/evoart_interfaces/msg/rosidl_typesupport_introspection_c__visibility_control.h
[2.725s] -- Up-to-date: /home/mustafa/evoart_ws/install/evoart_interfaces/include/evoart_interfaces/evoart_interfaces/srv
[2.725s] -- Up-to-date: /home/mustafa/evoart_ws/install/evoart_interfaces/include/evoart_interfaces/evoart_interfaces/srv/detail
[2.725s] -- Installing: /home/mustafa/evoart_ws/install/evoart_interfaces/include/evoart_interfaces/evoart_interfaces/srv/detail/start_park__type_support.c
[2.725s] -- Installing: /home/mustafa/evoart_ws/install/evoart_interfaces/include/evoart_interfaces/evoart_interfaces/srv/detail/start_park__rosidl_typesupport_introspection_c.h
[2.726s] -- Installing: /home/mustafa/evoart_ws/install/evoart_interfaces/lib/libevoart_interfaces__rosidl_typesupport_introspection_c.so
[2.726s] -- Set runtime path of "/home/mustafa/evoart_ws/install/evoart_interfaces/lib/libevoart_interfaces__rosidl_typesupport_introspection_c.so" to ""
[2.726s] -- Installing: /home/mustafa/evoart_ws/install/evoart_interfaces/lib/libevoart_interfaces__rosidl_typesupport_c.so
[2.726s] -- Set runtime path of "/home/mustafa/evoart_ws/install/evoart_interfaces/lib/libevoart_interfaces__rosidl_typesupport_c.so" to ""
[2.726s] -- Up-to-date: /home/mustafa/evoart_ws/install/evoart_interfaces/include/evoart_interfaces/evoart_interfaces
[2.726s] -- Up-to-date: /home/mustafa/evoart_ws/install/evoart_interfaces/include/evoart_interfaces/evoart_interfaces/msg
[2.726s] -- Up-to-date: /home/mustafa/evoart_ws/install/evoart_interfaces/include/evoart_interfaces/evoart_interfaces/msg/detail
[2.726s] -- Installing: /home/mustafa/evoart_ws/install/evoart_interfaces/include/evoart_interfaces/evoart_interfaces/msg/detail/vehicle_control__type_support.hpp
[2.727s] -- Installing: /home/mustafa/evoart_ws/install/evoart_interfaces/include/evoart_interfaces/evoart_interfaces/msg/detail/obstacle__builder.hpp
[2.727s] -- Installing: /home/mustafa/evoart_ws/install/evoart_interfaces/include/evoart_interfaces/evoart_interfaces/msg/detail/obstacle__traits.hpp
[2.727s] -- Installing: /home/mustafa/evoart_ws/install/evoart_interfaces/include/evoart_interfaces/evoart_interfaces/msg/detail/traffic_light__struct.hpp
[2.727s] -- Installing: /home/mustafa/evoart_ws/install/evoart_interfaces/include/evoart_interfaces/evoart_interfaces/msg/detail/traffic_light__traits.hpp
[2.727s] -- Installing: /home/mustafa/evoart_ws/install/evoart_interfaces/include/evoart_interfaces/evoart_interfaces/msg/detail/vehicle_control__builder.hpp
[2.727s] -- Installing: /home/mustafa/evoart_ws/install/evoart_interfaces/include/evoart_interfaces/evoart_interfaces/msg/detail/traffic_light__type_support.hpp
[2.727s] -- Installing: /home/mustafa/evoart_ws/install/evoart_interfaces/include/evoart_interfaces/evoart_interfaces/msg/detail/obstacle__struct.hpp
[2.727s] -- Installing: /home/mustafa/evoart_ws/install/evoart_interfaces/include/evoart_interfaces/evoart_interfaces/msg/detail/vehicle_control__struct.hpp
[2.727s] -- Installing: /home/mustafa/evoart_ws/install/evoart_interfaces/include/evoart_interfaces/evoart_interfaces/msg/detail/vehicle_control__traits.hpp
[2.727s] -- Installing: /home/mustafa/evoart_ws/install/evoart_interfaces/include/evoart_interfaces/evoart_interfaces/msg/detail/obstacle__type_support.hpp
[2.728s] -- Installing: /home/mustafa/evoart_ws/install/evoart_interfaces/include/evoart_interfaces/evoart_interfaces/msg/detail/traffic_light__builder.hpp
[2.728s] -- Installing: /home/mustafa/evoart_ws/install/evoart_interfaces/include/evoart_interfaces/evoart_interfaces/msg/vehicle_control.hpp
[2.728s] -- Installing: /home/mustafa/evoart_ws/install/evoart_interfaces/include/evoart_interfaces/evoart_interfaces/msg/traffic_light.hpp
[2.728s] -- Installing: /home/mustafa/evoart_ws/install/evoart_interfaces/include/evoart_interfaces/evoart_interfaces/msg/rosidl_generator_cpp__visibility_control.hpp
[2.728s] -- Installing: /home/mustafa/evoart_ws/install/evoart_interfaces/include/evoart_interfaces/evoart_interfaces/msg/obstacle.hpp
[2.728s] -- Up-to-date: /home/mustafa/evoart_ws/install/evoart_interfaces/include/evoart_interfaces/evoart_interfaces/srv
[2.728s] -- Installing: /home/mustafa/evoart_ws/install/evoart_interfaces/include/evoart_interfaces/evoart_interfaces/srv/start_park.hpp
[2.728s] -- Up-to-date: /home/mustafa/evoart_ws/install/evoart_interfaces/include/evoart_interfaces/evoart_interfaces/srv/detail
[2.728s] -- Installing: /home/mustafa/evoart_ws/install/evoart_interfaces/include/evoart_interfaces/evoart_interfaces/srv/detail/start_park__struct.hpp
[2.729s] -- Installing: /home/mustafa/evoart_ws/install/evoart_interfaces/include/evoart_interfaces/evoart_interfaces/srv/detail/start_park__traits.hpp
[2.729s] -- Installing: /home/mustafa/evoart_ws/install/evoart_interfaces/include/evoart_interfaces/evoart_interfaces/srv/detail/start_park__type_support.hpp
[2.729s] -- Installing: /home/mustafa/evoart_ws/install/evoart_interfaces/include/evoart_interfaces/evoart_interfaces/srv/detail/start_park__builder.hpp
[2.729s] -- Up-to-date: /home/mustafa/evoart_ws/install/evoart_interfaces/include/evoart_interfaces/evoart_interfaces
[2.729s] -- Up-to-date: /home/mustafa/evoart_ws/install/evoart_interfaces/include/evoart_interfaces/evoart_interfaces/msg
[2.729s] -- Up-to-date: /home/mustafa/evoart_ws/install/evoart_interfaces/include/evoart_interfaces/evoart_interfaces/msg/detail
[2.729s] -- Installing: /home/mustafa/evoart_ws/install/evoart_interfaces/include/evoart_interfaces/evoart_interfaces/msg/detail/vehicle_control__rosidl_typesupport_fastrtps_cpp.hpp
[2.729s] -- Installing: /home/mustafa/evoart_ws/install/evoart_interfaces/include/evoart_interfaces/evoart_interfaces/msg/detail/obstacle__rosidl_typesupport_fastrtps_cpp.hpp
[2.729s] -- Installing: /home/mustafa/evoart_ws/install/evoart_interfaces/include/evoart_interfaces/evoart_interfaces/msg/detail/traffic_light__rosidl_typesupport_fastrtps_cpp.hpp
[2.729s] -- Installing: /home/mustafa/evoart_ws/install/evoart_interfaces/include/evoart_interfaces/evoart_interfaces/msg/detail/dds_fastrtps
[2.729s] -- Installing: /home/mustafa/evoart_ws/install/evoart_interfaces/include/evoart_interfaces/evoart_interfaces/msg/rosidl_typesupport_fastrtps_cpp__visibility_control.h
[2.730s] -- Up-to-date: /home/mustafa/evoart_ws/install/evoart_interfaces/include/evoart_interfaces/evoart_interfaces/srv
[2.730s] -- Up-to-date: /home/mustafa/evoart_ws/install/evoart_interfaces/include/evoart_interfaces/evoart_interfaces/srv/detail
[2.730s] -- Installing: /home/mustafa/evoart_ws/install/evoart_interfaces/include/evoart_interfaces/evoart_interfaces/srv/detail/start_park__rosidl_typesupport_fastrtps_cpp.hpp
[2.730s] -- Installing: /home/mustafa/evoart_ws/install/evoart_interfaces/include/evoart_interfaces/evoart_interfaces/srv/detail/dds_fastrtps
[2.730s] -- Installing: /home/mustafa/evoart_ws/install/evoart_interfaces/lib/libevoart_interfaces__rosidl_typesupport_fastrtps_cpp.so
[2.730s] -- Set runtime path of "/home/mustafa/evoart_ws/install/evoart_interfaces/lib/libevoart_interfaces__rosidl_typesupport_fastrtps_cpp.so" to ""
[2.730s] -- Up-to-date: /home/mustafa/evoart_ws/install/evoart_interfaces/include/evoart_interfaces/evoart_interfaces
[2.730s] -- Up-to-date: /home/mustafa/evoart_ws/install/evoart_interfaces/include/evoart_interfaces/evoart_interfaces/msg
[2.730s] -- Up-to-date: /home/mustafa/evoart_ws/install/evoart_interfaces/include/evoart_interfaces/evoart_interfaces/msg/detail
[2.730s] -- Installing: /home/mustafa/evoart_ws/install/evoart_interfaces/include/evoart_interfaces/evoart_interfaces/msg/detail/obstacle__type_support.cpp
[2.731s] -- Installing: /home/mustafa/evoart_ws/install/evoart_interfaces/include/evoart_interfaces/evoart_interfaces/msg/detail/traffic_light__type_support.cpp
[2.731s] -- Installing: /home/mustafa/evoart_ws/install/evoart_interfaces/include/evoart_interfaces/evoart_interfaces/msg/detail/vehicle_control__type_support.cpp
[2.731s] -- Installing: /home/mustafa/evoart_ws/install/evoart_interfaces/include/evoart_interfaces/evoart_interfaces/msg/detail/traffic_light__rosidl_typesupport_introspection_cpp.hpp
[2.731s] -- Installing: /home/mustafa/evoart_ws/install/evoart_interfaces/include/evoart_interfaces/evoart_interfaces/msg/detail/vehicle_control__rosidl_typesupport_introspection_cpp.hpp
[2.731s] -- Installing: /home/mustafa/evoart_ws/install/evoart_interfaces/include/evoart_interfaces/evoart_interfaces/msg/detail/obstacle__rosidl_typesupport_introspection_cpp.hpp
[2.731s] -- Up-to-date: /home/mustafa/evoart_ws/install/evoart_interfaces/include/evoart_interfaces/evoart_interfaces/srv
[2.731s] -- Up-to-date: /home/mustafa/evoart_ws/install/evoart_interfaces/include/evoart_interfaces/evoart_interfaces/srv/detail
[2.731s] -- Installing: /home/mustafa/evoart_ws/install/evoart_interfaces/include/evoart_interfaces/evoart_interfaces/srv/detail/start_park__rosidl_typesupport_introspection_cpp.hpp
[2.732s] -- Installing: /home/mustafa/evoart_ws/install/evoart_interfaces/include/evoart_interfaces/evoart_interfaces/srv/detail/start_park__type_support.cpp
[2.732s] -- Installing: /home/mustafa/evoart_ws/install/evoart_interfaces/lib/libevoart_interfaces__rosidl_typesupport_introspection_cpp.so
[2.732s] -- Set runtime path of "/home/mustafa/evoart_ws/install/evoart_interfaces/lib/libevoart_interfaces__rosidl_typesupport_introspection_cpp.so" to ""
[2.732s] -- Installing: /home/mustafa/evoart_ws/install/evoart_interfaces/lib/libevoart_interfaces__rosidl_typesupport_cpp.so
[2.732s] -- Set runtime path of "/home/mustafa/evoart_ws/install/evoart_interfaces/lib/libevoart_interfaces__rosidl_typesupport_cpp.so" to ""
[2.732s] -- Installing: /home/mustafa/evoart_ws/install/evoart_interfaces/share/evoart_interfaces/environment/pythonpath.sh
[2.733s] -- Installing: /home/mustafa/evoart_ws/install/evoart_interfaces/share/evoart_interfaces/environment/pythonpath.dsv
[2.733s] -- Installing: /home/mustafa/evoart_ws/install/evoart_interfaces/local/lib/python3.10/dist-packages/evoart_interfaces-0.0.0-py3.10.egg-info
[2.733s] -- Installing: /home/mustafa/evoart_ws/install/evoart_interfaces/local/lib/python3.10/dist-packages/evoart_interfaces-0.0.0-py3.10.egg-info/PKG-INFO
[2.733s] -- Installing: /home/mustafa/evoart_ws/install/evoart_interfaces/local/lib/python3.10/dist-packages/evoart_interfaces-0.0.0-py3.10.egg-info/dependency_links.txt
[2.733s] -- Installing: /home/mustafa/evoart_ws/install/evoart_interfaces/local/lib/python3.10/dist-packages/evoart_interfaces-0.0.0-py3.10.egg-info/SOURCES.txt
[2.733s] -- Installing: /home/mustafa/evoart_ws/install/evoart_interfaces/local/lib/python3.10/dist-packages/evoart_interfaces-0.0.0-py3.10.egg-info/top_level.txt
[2.733s] -- Installing: /home/mustafa/evoart_ws/install/evoart_interfaces/local/lib/python3.10/dist-packages/evoart_interfaces
[2.733s] -- Installing: /home/mustafa/evoart_ws/install/evoart_interfaces/local/lib/python3.10/dist-packages/evoart_interfaces/_evoart_interfaces_s.ep.rosidl_typesupport_c.c
[2.733s] -- Installing: /home/mustafa/evoart_ws/install/evoart_interfaces/local/lib/python3.10/dist-packages/evoart_interfaces/msg
[2.733s] -- Installing: /home/mustafa/evoart_ws/install/evoart_interfaces/local/lib/python3.10/dist-packages/evoart_interfaces/msg/_traffic_light.py
[2.734s] -- Installing: /home/mustafa/evoart_ws/install/evoart_interfaces/local/lib/python3.10/dist-packages/evoart_interfaces/msg/_obstacle_s.c
[2.734s] -- Installing: /home/mustafa/evoart_ws/install/evoart_interfaces/local/lib/python3.10/dist-packages/evoart_interfaces/msg/_traffic_light_s.c
[2.734s] -- Installing: /home/mustafa/evoart_ws/install/evoart_interfaces/local/lib/python3.10/dist-packages/evoart_interfaces/msg/_obstacle.py
[2.734s] -- Installing: /home/mustafa/evoart_ws/install/evoart_interfaces/local/lib/python3.10/dist-packages/evoart_interfaces/msg/__init__.py
[2.734s] -- Installing: /home/mustafa/evoart_ws/install/evoart_interfaces/local/lib/python3.10/dist-packages/evoart_interfaces/msg/_vehicle_control.py
[2.734s] -- Installing: /home/mustafa/evoart_ws/install/evoart_interfaces/local/lib/python3.10/dist-packages/evoart_interfaces/msg/_vehicle_control_s.c
[2.734s] -- Installing: /home/mustafa/evoart_ws/install/evoart_interfaces/local/lib/python3.10/dist-packages/evoart_interfaces/srv
[2.734s] -- Installing: /home/mustafa/evoart_ws/install/evoart_interfaces/local/lib/python3.10/dist-packages/evoart_interfaces/srv/_start_park.py
[2.734s] -- Installing: /home/mustafa/evoart_ws/install/evoart_interfaces/local/lib/python3.10/dist-packages/evoart_interfaces/srv/__init__.py
[2.734s] -- Installing: /home/mustafa/evoart_ws/install/evoart_interfaces/local/lib/python3.10/dist-packages/evoart_interfaces/srv/_start_park_s.c
[2.734s] -- Installing: /home/mustafa/evoart_ws/install/evoart_interfaces/local/lib/python3.10/dist-packages/evoart_interfaces/_evoart_interfaces_s.ep.rosidl_typesupport_introspection_c.c
[2.735s] -- Installing: /home/mustafa/evoart_ws/install/evoart_interfaces/local/lib/python3.10/dist-packages/evoart_interfaces/_evoart_interfaces_s.ep.rosidl_typesupport_fastrtps_c.c
[2.735s] -- Installing: /home/mustafa/evoart_ws/install/evoart_interfaces/local/lib/python3.10/dist-packages/evoart_interfaces/__init__.py
[2.735s] -- Installing: /home/mustafa/evoart_ws/install/evoart_interfaces/local/lib/python3.10/dist-packages/evoart_interfaces/evoart_interfaces_s__rosidl_typesupport_introspection_c.cpython-310-x86_64-linux-gnu.so
[2.735s] -- Installing: /home/mustafa/evoart_ws/install/evoart_interfaces/local/lib/python3.10/dist-packages/evoart_interfaces/evoart_interfaces_s__rosidl_typesupport_fastrtps_c.cpython-310-x86_64-linux-gnu.so
[2.735s] -- Installing: /home/mustafa/evoart_ws/install/evoart_interfaces/local/lib/python3.10/dist-packages/evoart_interfaces/libevoart_interfaces__rosidl_generator_py.so
[2.735s] -- Installing: /home/mustafa/evoart_ws/install/evoart_interfaces/local/lib/python3.10/dist-packages/evoart_interfaces/evoart_interfaces_s__rosidl_typesupport_c.cpython-310-x86_64-linux-gnu.so
[2.757s] Listing '/home/mustafa/evoart_ws/install/evoart_interfaces/local/lib/python3.10/dist-packages/evoart_interfaces'...
[2.757s] Compiling '/home/mustafa/evoart_ws/install/evoart_interfaces/local/lib/python3.10/dist-packages/evoart_interfaces/__init__.py'...
[2.757s] Listing '/home/mustafa/evoart_ws/install/evoart_interfaces/local/lib/python3.10/dist-packages/evoart_interfaces/msg'...
[2.757s] Compiling '/home/mustafa/evoart_ws/install/evoart_interfaces/local/lib/python3.10/dist-packages/evoart_interfaces/msg/__init__.py'...
[2.757s] Compiling '/home/mustafa/evoart_ws/install/evoart_interfaces/local/lib/python3.10/dist-packages/evoart_interfaces/msg/_obstacle.py'...
[2.757s] Compiling '/home/mustafa/evoart_ws/install/evoart_interfaces/local/lib/python3.10/dist-packages/evoart_interfaces/msg/_traffic_light.py'...
[2.757s] Compiling '/home/mustafa/evoart_ws/install/evoart_interfaces/local/lib/python3.10/dist-packages/evoart_interfaces/msg/_vehicle_control.py'...
[2.757s] Listing '/home/mustafa/evoart_ws/install/evoart_interfaces/local/lib/python3.10/dist-packages/evoart_interfaces/srv'...
[2.757s] Compiling '/home/mustafa/evoart_ws/install/evoart_interfaces/local/lib/python3.10/dist-packages/evoart_interfaces/srv/__init__.py'...
[2.757s] Compiling '/home/mustafa/evoart_ws/install/evoart_interfaces/local/lib/python3.10/dist-packages/evoart_interfaces/srv/_start_park.py'...
[2.759s] -- Installing: /home/mustafa/evoart_ws/install/evoart_interfaces/local/lib/python3.10/dist-packages/evoart_interfaces/evoart_interfaces_s__rosidl_typesupport_fastrtps_c.cpython-310-x86_64-linux-gnu.so
[2.760s] -- Set runtime path of "/home/mustafa/evoart_ws/install/evoart_interfaces/local/lib/python3.10/dist-packages/evoart_interfaces/evoart_interfaces_s__rosidl_typesupport_fastrtps_c.cpython-310-x86_64-linux-gnu.so" to ""
[2.760s] -- Installing: /home/mustafa/evoart_ws/install/evoart_interfaces/local/lib/python3.10/dist-packages/evoart_interfaces/evoart_interfaces_s__rosidl_typesupport_introspection_c.cpython-310-x86_64-linux-gnu.so
[2.760s] -- Set runtime path of "/home/mustafa/evoart_ws/install/evoart_interfaces/local/lib/python3.10/dist-packages/evoart_interfaces/evoart_interfaces_s__rosidl_typesupport_introspection_c.cpython-310-x86_64-linux-gnu.so" to ""
[2.760s] -- Installing: /home/mustafa/evoart_ws/install/evoart_interfaces/local/lib/python3.10/dist-packages/evoart_interfaces/evoart_interfaces_s__rosidl_typesupport_c.cpython-310-x86_64-linux-gnu.so
[2.761s] -- Set runtime path of "/home/mustafa/evoart_ws/install/evoart_interfaces/local/lib/python3.10/dist-packages/evoart_interfaces/evoart_interfaces_s__rosidl_typesupport_c.cpython-310-x86_64-linux-gnu.so" to ""
[2.761s] -- Installing: /home/mustafa/evoart_ws/install/evoart_interfaces/lib/libevoart_interfaces__rosidl_generator_py.so
[2.761s] -- Set runtime path of "/home/mustafa/evoart_ws/install/evoart_interfaces/lib/libevoart_interfaces__rosidl_generator_py.so" to ""
[2.761s] -- Installing: /home/mustafa/evoart_ws/install/evoart_interfaces/share/ament_index/resource_index/rust_packages/evoart_interfaces
[2.761s] -- Installing: /home/mustafa/evoart_ws/install/evoart_interfaces/share/evoart_interfaces/rust
[2.761s] -- Installing: /home/mustafa/evoart_ws/install/evoart_interfaces/share/evoart_interfaces/rust/src
[2.761s] -- Installing: /home/mustafa/evoart_ws/install/evoart_interfaces/share/evoart_interfaces/rust/src/lib.rs
[2.761s] -- Installing: /home/mustafa/evoart_ws/install/evoart_interfaces/share/evoart_interfaces/rust/src/msg
[2.761s] -- Installing: /home/mustafa/evoart_ws/install/evoart_interfaces/share/evoart_interfaces/rust/src/msg/rmw.rs
[2.762s] -- Installing: /home/mustafa/evoart_ws/install/evoart_interfaces/share/evoart_interfaces/rust/src/srv
[2.762s] -- Installing: /home/mustafa/evoart_ws/install/evoart_interfaces/share/evoart_interfaces/rust/src/srv/rmw.rs
[2.762s] -- Installing: /home/mustafa/evoart_ws/install/evoart_interfaces/share/evoart_interfaces/rust/src/msg.rs
[2.762s] -- Installing: /home/mustafa/evoart_ws/install/evoart_interfaces/share/evoart_interfaces/rust/src/srv.rs
[2.762s] -- Installing: /home/mustafa/evoart_ws/install/evoart_interfaces/share/evoart_interfaces/rust/build.rs
[2.762s] -- Installing: /home/mustafa/evoart_ws/install/evoart_interfaces/share/evoart_interfaces/rust/Cargo.toml
[2.762s] -- Installing: /home/mustafa/evoart_ws/install/evoart_interfaces/share/evoart_interfaces/msg/Obstacle.idl
[2.762s] -- Installing: /home/mustafa/evoart_ws/install/evoart_interfaces/share/evoart_interfaces/msg/TrafficLight.idl
[2.762s] -- Installing: /home/mustafa/evoart_ws/install/evoart_interfaces/share/evoart_interfaces/msg/VehicleControl.idl
[2.762s] -- Installing: /home/mustafa/evoart_ws/install/evoart_interfaces/share/evoart_interfaces/srv/StartPark.idl
[2.763s] -- Installing: /home/mustafa/evoart_ws/install/evoart_interfaces/share/evoart_interfaces/msg/Obstacle.msg
[2.763s] -- Installing: /home/mustafa/evoart_ws/install/evoart_interfaces/share/evoart_interfaces/msg/TrafficLight.msg
[2.763s] -- Installing: /home/mustafa/evoart_ws/install/evoart_interfaces/share/evoart_interfaces/msg/VehicleControl.msg
[2.763s] -- Installing: /home/mustafa/evoart_ws/install/evoart_interfaces/share/evoart_interfaces/srv/StartPark.srv
[2.763s] -- Installing: /home/mustafa/evoart_ws/install/evoart_interfaces/share/evoart_interfaces/srv/StartPark_Request.msg
[2.763s] -- Installing: /home/mustafa/evoart_ws/install/evoart_interfaces/share/evoart_interfaces/srv/StartPark_Response.msg
[2.763s] -- Installing: /home/mustafa/evoart_ws/install/evoart_interfaces/share/ament_index/resource_index/package_run_dependencies/evoart_interfaces
[2.763s] -- Installing: /home/mustafa/evoart_ws/install/evoart_interfaces/share/ament_index/resource_index/parent_prefix_path/evoart_interfaces
[2.763s] -- Installing: /home/mustafa/evoart_ws/install/evoart_interfaces/share/evoart_interfaces/environment/ament_prefix_path.sh
[2.763s] -- Installing: /home/mustafa/evoart_ws/install/evoart_interfaces/share/evoart_interfaces/environment/ament_prefix_path.dsv
[2.764s] -- Installing: /home/mustafa/evoart_ws/install/evoart_interfaces/share/evoart_interfaces/environment/path.sh
[2.764s] -- Installing: /home/mustafa/evoart_ws/install/evoart_interfaces/share/evoart_interfaces/environment/path.dsv
[2.764s] -- Installing: /home/mustafa/evoart_ws/install/evoart_interfaces/share/evoart_interfaces/local_setup.bash
[2.764s] -- Installing: /home/mustafa/evoart_ws/install/evoart_interfaces/share/evoart_interfaces/local_setup.sh
[2.764s] -- Installing: /home/mustafa/evoart_ws/install/evoart_interfaces/share/evoart_interfaces/local_setup.zsh
[2.764s] -- Installing: /home/mustafa/evoart_ws/install/evoart_interfaces/share/evoart_interfaces/local_setup.dsv
[2.764s] -- Installing: /home/mustafa/evoart_ws/install/evoart_interfaces/share/evoart_interfaces/package.dsv
[2.764s] -- Installing: /home/mustafa/evoart_ws/install/evoart_interfaces/share/ament_index/resource_index/packages/evoart_interfaces
[2.764s] -- Installing: /home/mustafa/evoart_ws/install/evoart_interfaces/share/evoart_interfaces/cmake/export_evoart_interfaces__rosidl_generator_cExport.cmake
[2.765s] -- Installing: /home/mustafa/evoart_ws/install/evoart_interfaces/share/evoart_interfaces/cmake/export_evoart_interfaces__rosidl_generator_cExport-noconfig.cmake
[2.765s] -- Installing: /home/mustafa/evoart_ws/install/evoart_interfaces/share/evoart_interfaces/cmake/export_evoart_interfaces__rosidl_typesupport_fastrtps_cExport.cmake
[2.765s] -- Installing: /home/mustafa/evoart_ws/install/evoart_interfaces/share/evoart_interfaces/cmake/export_evoart_interfaces__rosidl_typesupport_fastrtps_cExport-noconfig.cmake
[2.765s] -- Installing: /home/mustafa/evoart_ws/install/evoart_interfaces/share/evoart_interfaces/cmake/evoart_interfaces__rosidl_typesupport_introspection_cExport.cmake
[2.765s] -- Installing: /home/mustafa/evoart_ws/install/evoart_interfaces/share/evoart_interfaces/cmake/evoart_interfaces__rosidl_typesupport_introspection_cExport-noconfig.cmake
[2.765s] -- Installing: /home/mustafa/evoart_ws/install/evoart_interfaces/share/evoart_interfaces/cmake/evoart_interfaces__rosidl_typesupport_cExport.cmake
[2.765s] -- Installing: /home/mustafa/evoart_ws/install/evoart_interfaces/share/evoart_interfaces/cmake/evoart_interfaces__rosidl_typesupport_cExport-noconfig.cmake
[2.765s] -- Installing: /home/mustafa/evoart_ws/install/evoart_interfaces/share/evoart_interfaces/cmake/export_evoart_interfaces__rosidl_generator_cppExport.cmake
[2.765s] -- Installing: /home/mustafa/evoart_ws/install/evoart_interfaces/share/evoart_interfaces/cmake/export_evoart_interfaces__rosidl_typesupport_fastrtps_cppExport.cmake
[2.766s] -- Installing: /home/mustafa/evoart_ws/install/evoart_interfaces/share/evoart_interfaces/cmake/export_evoart_interfaces__rosidl_typesupport_fastrtps_cppExport-noconfig.cmake
[2.766s] -- Installing: /home/mustafa/evoart_ws/install/evoart_interfaces/share/evoart_interfaces/cmake/evoart_interfaces__rosidl_typesupport_introspection_cppExport.cmake
[2.766s] -- Installing: /home/mustafa/evoart_ws/install/evoart_interfaces/share/evoart_interfaces/cmake/evoart_interfaces__rosidl_typesupport_introspection_cppExport-noconfig.cmake
[2.766s] -- Installing: /home/mustafa/evoart_ws/install/evoart_interfaces/share/evoart_interfaces/cmake/evoart_interfaces__rosidl_typesupport_cppExport.cmake
[2.766s] -- Installing: /home/mustafa/evoart_ws/install/evoart_interfaces/share/evoart_interfaces/cmake/evoart_interfaces__rosidl_typesupport_cppExport-noconfig.cmake
[2.766s] -- Installing: /home/mustafa/evoart_ws/install/evoart_interfaces/share/evoart_interfaces/cmake/export_evoart_interfaces__rosidl_generator_pyExport.cmake
[2.766s] -- Installing: /home/mustafa/evoart_ws/install/evoart_interfaces/share/evoart_interfaces/cmake/export_evoart_interfaces__rosidl_generator_pyExport-noconfig.cmake
[2.766s] -- Installing: /home/mustafa/evoart_ws/install/evoart_interfaces/share/evoart_interfaces/cmake/rosidl_cmake-extras.cmake
[2.766s] -- Installing: /home/mustafa/evoart_ws/install/evoart_interfaces/share/evoart_interfaces/cmake/ament_cmake_export_include_directories-extras.cmake
[2.766s] -- Installing: /home/mustafa/evoart_ws/install/evoart_interfaces/share/evoart_interfaces/cmake/ament_cmake_export_libraries-extras.cmake
[2.767s] -- Installing: /home/mustafa/evoart_ws/install/evoart_interfaces/share/evoart_interfaces/cmake/ament_cmake_export_targets-extras.cmake
[2.767s] -- Installing: /home/mustafa/evoart_ws/install/evoart_interfaces/share/evoart_interfaces/cmake/rosidl_cmake_export_typesupport_targets-extras.cmake
[2.767s] -- Installing: /home/mustafa/evoart_ws/install/evoart_interfaces/share/evoart_interfaces/cmake/ament_cmake_export_dependencies-extras.cmake
[2.767s] -- Installing: /home/mustafa/evoart_ws/install/evoart_interfaces/share/evoart_interfaces/cmake/rosidl_cmake_export_typesupport_libraries-extras.cmake
[2.767s] -- Installing: /home/mustafa/evoart_ws/install/evoart_interfaces/share/evoart_interfaces/cmake/rosidl_cmake_aggregate_target-extras.cmake
[2.767s] -- Installing: /home/mustafa/evoart_ws/install/evoart_interfaces/share/evoart_interfaces/cmake/evoart_interfacesConfig.cmake
[2.767s] -- Installing: /home/mustafa/evoart_ws/install/evoart_interfaces/share/evoart_interfaces/cmake/evoart_interfacesConfig-version.cmake
[2.767s] -- Installing: /home/mustafa/evoart_ws/install/evoart_interfaces/share/evoart_interfaces/package.xml
[2.769s] Invoked command in '/home/mustafa/evoart_ws/build/evoart_interfaces' returned '0': CMAKE_PREFIX_PATH=/opt/ros/humble /usr/bin/cmake --install /home/mustafa/evoart_ws/build/evoart_interfaces
