[0.007s] Invoking command in '/home/mustafa/evoart_ws/build/evoart_control': CMAKE_PREFIX_PATH=/home/mustafa/evoart_ws/install/evoart_interfaces:/home/mustafa/evoart_ws/install/evoart_control:/opt/ros/humble /usr/bin/cmake --build /home/mustafa/evoart_ws/build/evoart_control -- -j32 -l32
[0.023s] -- Found ament_cmake: 1.3.14 (/opt/ros/humble/share/ament_cmake/cmake)
[0.096s] -- Found rclcpp: 16.0.19 (/opt/ros/humble/share/rclcpp/cmake)
[0.112s] -- Found rosidl_generator_c: 3.1.9 (/opt/ros/humble/share/rosidl_generator_c/cmake)
[0.113s] -- Found rosidl_adapter: 3.1.9 (/opt/ros/humble/share/rosidl_adapter/cmake)
[0.117s] -- Found rosidl_generator_cpp: 3.1.9 (/opt/ros/humble/share/rosidl_generator_cpp/cmake)
[0.121s] -- Using all available rosidl_typesupport_c: rosidl_typesupport_fastrtps_c;rosidl_typesupport_introspection_c
[0.128s] -- Using all available rosidl_typesupport_cpp: rosidl_typesupport_fastrtps_cpp;rosidl_typesupport_introspection_cpp
[0.144s] -- Found rmw_implementation_cmake: 6.1.2 (/opt/ros/humble/share/rmw_implementation_cmake/cmake)
[0.145s] -- Found rmw_fastrtps_cpp: 6.2.10 (/opt/ros/humble/share/rmw_fastrtps_cpp/cmake)
[0.218s] -- Using RMW implementation 'rmw_fastrtps_cpp' as default
[0.245s] -- Found geometry_msgs: 4.9.1 (/opt/ros/humble/share/geometry_msgs/cmake)
[0.252s] -- Found evoart_interfaces: 0.0.0 (/home/mustafa/evoart_ws/install/evoart_interfaces/share/evoart_interfaces/cmake)
[0.257s] -- Found nav_msgs: 4.9.1 (/opt/ros/humble/share/nav_msgs/cmake)
[0.302s] -- Configuring done
[0.310s] -- Generating done
[0.313s] -- Build files have been written to: /home/mustafa/evoart_ws/build/evoart_control
[0.332s] [35m[1mConsolidate compiler generated dependencies of target cmd_vel_to_ackermann[0m
[0.332s] [35m[1mConsolidate compiler generated dependencies of target stm32_odom_node[0m
[0.343s] [ 50%] Built target stm32_odom_node
[0.344s] [100%] Built target cmd_vel_to_ackermann
[0.353s] Invoked command in '/home/mustafa/evoart_ws/build/evoart_control' returned '0': CMAKE_PREFIX_PATH=/home/mustafa/evoart_ws/install/evoart_interfaces:/home/mustafa/evoart_ws/install/evoart_control:/opt/ros/humble /usr/bin/cmake --build /home/mustafa/evoart_ws/build/evoart_control -- -j32 -l32
[0.354s] Invoking command in '/home/mustafa/evoart_ws/build/evoart_control': CMAKE_PREFIX_PATH=/home/mustafa/evoart_ws/install/evoart_interfaces:/home/mustafa/evoart_ws/install/evoart_control:/opt/ros/humble /usr/bin/cmake --install /home/mustafa/evoart_ws/build/evoart_control
[0.359s] -- Install configuration: ""
[0.359s] -- Up-to-date: /home/mustafa/evoart_ws/install/evoart_control/lib/evoart_control/cmd_vel_to_ackermann
[0.359s] -- Up-to-date: /home/mustafa/evoart_ws/install/evoart_control/lib/evoart_control/stm32_odom_node
[0.359s] -- Up-to-date: /home/mustafa/evoart_ws/install/evoart_control/share/evoart_control/config
[0.359s] -- Up-to-date: /home/mustafa/evoart_ws/install/evoart_control/share/evoart_control/config/control_params.yaml
[0.359s] -- Up-to-date: /home/mustafa/evoart_ws/install/evoart_control/share/evoart_control/launch
[0.359s] -- Up-to-date: /home/mustafa/evoart_ws/install/evoart_control/share/evoart_control/launch/control.launch.py
[0.359s] -- Installing: /home/mustafa/evoart_ws/install/evoart_control/share/evoart_control/launch/robotaksi_all.launch.py
[0.360s] -- Up-to-date: /home/mustafa/evoart_ws/install/evoart_control/lib/evoart_control/cmd_vel_to_ackermann
[0.360s] -- Up-to-date: /home/mustafa/evoart_ws/install/evoart_control/lib/evoart_control/stm32_odom_node
[0.360s] -- Up-to-date: /home/mustafa/evoart_ws/install/evoart_control/lib/evoart_control/manual_commander.py
[0.360s] -- Up-to-date: /home/mustafa/evoart_ws/install/evoart_control/share/evoart_control/launch
[0.360s] -- Up-to-date: /home/mustafa/evoart_ws/install/evoart_control/share/evoart_control/launch/control.launch.py
[0.360s] -- Up-to-date: /home/mustafa/evoart_ws/install/evoart_control/share/evoart_control/launch/robotaksi_all.launch.py
[0.360s] -- Up-to-date: /home/mustafa/evoart_ws/install/evoart_control/share/ament_index/resource_index/package_run_dependencies/evoart_control
[0.360s] -- Installing: /home/mustafa/evoart_ws/install/evoart_control/share/ament_index/resource_index/parent_prefix_path/evoart_control
[0.360s] -- Up-to-date: /home/mustafa/evoart_ws/install/evoart_control/share/evoart_control/environment/ament_prefix_path.sh
[0.360s] -- Installing: /home/mustafa/evoart_ws/install/evoart_control/share/evoart_control/environment/ament_prefix_path.dsv
[0.360s] -- Up-to-date: /home/mustafa/evoart_ws/install/evoart_control/share/evoart_control/environment/path.sh
[0.360s] -- Installing: /home/mustafa/evoart_ws/install/evoart_control/share/evoart_control/environment/path.dsv
[0.361s] -- Up-to-date: /home/mustafa/evoart_ws/install/evoart_control/share/evoart_control/local_setup.bash
[0.361s] -- Up-to-date: /home/mustafa/evoart_ws/install/evoart_control/share/evoart_control/local_setup.sh
[0.361s] -- Up-to-date: /home/mustafa/evoart_ws/install/evoart_control/share/evoart_control/local_setup.zsh
[0.361s] -- Installing: /home/mustafa/evoart_ws/install/evoart_control/share/evoart_control/local_setup.dsv
[0.361s] -- Installing: /home/mustafa/evoart_ws/install/evoart_control/share/evoart_control/package.dsv
[0.361s] -- Up-to-date: /home/mustafa/evoart_ws/install/evoart_control/share/ament_index/resource_index/packages/evoart_control
[0.361s] -- Up-to-date: /home/mustafa/evoart_ws/install/evoart_control/share/evoart_control/cmake/evoart_controlConfig.cmake
[0.361s] -- Up-to-date: /home/mustafa/evoart_ws/install/evoart_control/share/evoart_control/cmake/evoart_controlConfig-version.cmake
[0.361s] -- Up-to-date: /home/mustafa/evoart_ws/install/evoart_control/share/evoart_control/package.xml
[0.362s] Invoked command in '/home/mustafa/evoart_ws/build/evoart_control' returned '0': CMAKE_PREFIX_PATH=/home/mustafa/evoart_ws/install/evoart_interfaces:/home/mustafa/evoart_ws/install/evoart_control:/opt/ros/humble /usr/bin/cmake --install /home/mustafa/evoart_ws/build/evoart_control
