-- Install configuration: ""
-- Up-to-date: /home/mustafa/evoart_ws/install/evoart_description/share/evoart_description/urdf
-- Up-to-date: /home/mustafa/evoart_ws/install/evoart_description/share/evoart_description/urdf/robotaksi.urdf.xacro
-- Up-to-date: /home/mustafa/evoart_ws/install/evoart_description/share/evoart_description/meshes
-- Up-to-date: /home/mustafa/evoart_ws/install/evoart_description/share/evoart_description/launch
-- Up-to-date: /home/mustafa/evoart_ws/install/evoart_description/share/evoart_description/launch/gazebo.launch.py
-- Up-to-date: /home/mustafa/evoart_ws/install/evoart_description/share/evoart_description/launch/display.launch.py
-- Up-to-date: /home/mustafa/evoart_ws/install/evoart_description/share/evoart_description/rviz
-- Up-to-date: /home/mustafa/evoart_ws/install/evoart_description/share/evoart_description/rviz/robotaksi.rviz
-- Up-to-date: /home/mustafa/evoart_ws/install/evoart_description/share/evoart_description/worlds
-- Installing: /home/mustafa/evoart_ws/install/evoart_description/share/evoart_description/worlds/teknofest_city.sdf
-- Up-to-date: /home/mustafa/evoart_ws/install/evoart_description/share/evoart_description/models
-- Up-to-date: /home/mustafa/evoart_ws/install/evoart_description/share/evoart_description/models/SagaDonulmezTabelasi
-- Up-to-date: /home/mustafa/evoart_ws/install/evoart_description/share/evoart_description/models/SagaDonulmezTabelasi/meshes
-- Up-to-date: /home/mustafa/evoart_ws/install/evoart_description/share/evoart_description/models/SagaDonulmezTabelasi/meshes/SagaDonulmezTabelasi.dae
-- Up-to-date: /home/mustafa/evoart_ws/install/evoart_description/share/evoart_description/models/SagaDonulmezTabelasi/model.config
-- Up-to-date: /home/mustafa/evoart_ws/install/evoart_description/share/evoart_description/models/SagaDonulmezTabelasi/model.sdf
-- Up-to-date: /home/mustafa/evoart_ws/install/evoart_description/share/evoart_description/models/AzamiHizSiniri20
-- Up-to-date: /home/mustafa/evoart_ws/install/evoart_description/share/evoart_description/models/AzamiHizSiniri20/meshes
-- Up-to-date: /home/mustafa/evoart_ws/install/evoart_description/share/evoart_description/models/AzamiHizSiniri20/meshes/AzamiHizSiniri20.dae
-- Up-to-date: /home/mustafa/evoart_ws/install/evoart_description/share/evoart_description/models/AzamiHizSiniri20/model.config
-- Up-to-date: /home/mustafa/evoart_ws/install/evoart_description/share/evoart_description/models/AzamiHizSiniri20/model.sdf
-- Up-to-date: /home/mustafa/evoart_ws/install/evoart_description/share/evoart_description/models/ParkEtmekYasaktirTabelasi
-- Up-to-date: /home/mustafa/evoart_ws/install/evoart_description/share/evoart_description/models/ParkEtmekYasaktirTabelasi/meshes
-- Up-to-date: /home/mustafa/evoart_ws/install/evoart_description/share/evoart_description/models/ParkEtmekYasaktirTabelasi/meshes/ParkEtmekYasaktirTabelasi.dae
-- Up-to-date: /home/mustafa/evoart_ws/install/evoart_description/share/evoart_description/models/ParkEtmekYasaktirTabelasi/model.config
-- Up-to-date: /home/mustafa/evoart_ws/install/evoart_description/share/evoart_description/models/ParkEtmekYasaktirTabelasi/model.sdf
-- Up-to-date: /home/mustafa/evoart_ws/install/evoart_description/share/evoart_description/models/ParkYeriTabelasi
-- Up-to-date: /home/mustafa/evoart_ws/install/evoart_description/share/evoart_description/models/ParkYeriTabelasi/meshes
-- Up-to-date: /home/mustafa/evoart_ws/install/evoart_description/share/evoart_description/models/ParkYeriTabelasi/meshes/ParkYeriTabelasi.dae
-- Up-to-date: /home/mustafa/evoart_ws/install/evoart_description/share/evoart_description/models/ParkYeriTabelasi/model.config
-- Up-to-date: /home/mustafa/evoart_ws/install/evoart_description/share/evoart_description/models/ParkYeriTabelasi/model.sdf
-- Up-to-date: /home/mustafa/evoart_ws/install/evoart_description/share/evoart_description/models/DurTabelasi
-- Up-to-date: /home/mustafa/evoart_ws/install/evoart_description/share/evoart_description/models/DurTabelasi/meshes
-- Up-to-date: /home/mustafa/evoart_ws/install/evoart_description/share/evoart_description/models/DurTabelasi/meshes/DurTabelasi.dae
-- Up-to-date: /home/mustafa/evoart_ws/install/evoart_description/share/evoart_description/models/DurTabelasi/model.config
-- Up-to-date: /home/mustafa/evoart_ws/install/evoart_description/share/evoart_description/models/DurTabelasi/model.sdf
-- Up-to-date: /home/mustafa/evoart_ws/install/evoart_description/share/evoart_description/models/KirmiziTrafikLambasi
-- Up-to-date: /home/mustafa/evoart_ws/install/evoart_description/share/evoart_description/models/KirmiziTrafikLambasi/meshes
-- Up-to-date: /home/mustafa/evoart_ws/install/evoart_description/share/evoart_description/models/KirmiziTrafikLambasi/meshes/KirmiziTrafikLambasi.dae
-- Up-to-date: /home/mustafa/evoart_ws/install/evoart_description/share/evoart_description/models/KirmiziTrafikLambasi/model.config
-- Up-to-date: /home/mustafa/evoart_ws/install/evoart_description/share/evoart_description/models/KirmiziTrafikLambasi/model.sdf
-- Up-to-date: /home/mustafa/evoart_ws/install/evoart_description/share/evoart_description/models/RoboTaksiPist2024
-- Up-to-date: /home/mustafa/evoart_ws/install/evoart_description/share/evoart_description/models/RoboTaksiPist2024/meshes
-- Up-to-date: /home/mustafa/evoart_ws/install/evoart_description/share/evoart_description/models/RoboTaksiPist2024/meshes/RoboTaksiPist2024.dae
-- Up-to-date: /home/mustafa/evoart_ws/install/evoart_description/share/evoart_description/models/RoboTaksiPist2024/meshes/RoboTaksiPist2024_1.dae
-- Up-to-date: /home/mustafa/evoart_ws/install/evoart_description/share/evoart_description/models/RoboTaksiPist2024/meshes/RoboTaksiPist2024_0.dae
-- Up-to-date: /home/mustafa/evoart_ws/install/evoart_description/share/evoart_description/models/RoboTaksiPist2024/model.config
-- Up-to-date: /home/mustafa/evoart_ws/install/evoart_description/share/evoart_description/models/RoboTaksiPist2024/model.sdf
-- Up-to-date: /home/mustafa/evoart_ws/install/evoart_description/share/evoart_description/models/SolaDonulmezTabelasi
-- Up-to-date: /home/mustafa/evoart_ws/install/evoart_description/share/evoart_description/models/SolaDonulmezTabelasi/meshes
-- Up-to-date: /home/mustafa/evoart_ws/install/evoart_description/share/evoart_description/models/SolaDonulmezTabelasi/meshes/SolaDonulmezTabelasi.dae
-- Up-to-date: /home/mustafa/evoart_ws/install/evoart_description/share/evoart_description/models/SolaDonulmezTabelasi/model.config
-- Up-to-date: /home/mustafa/evoart_ws/install/evoart_description/share/evoart_description/models/SolaDonulmezTabelasi/model.sdf
-- Up-to-date: /home/mustafa/evoart_ws/install/evoart_description/share/evoart_description/models/DonelKavsakTabelasi
-- Up-to-date: /home/mustafa/evoart_ws/install/evoart_description/share/evoart_description/models/DonelKavsakTabelasi/meshes
-- Up-to-date: /home/mustafa/evoart_ws/install/evoart_description/share/evoart_description/models/DonelKavsakTabelasi/meshes/DonelKavsakTabelasi.dae
-- Up-to-date: /home/mustafa/evoart_ws/install/evoart_description/share/evoart_description/models/DonelKavsakTabelasi/model.config
-- Up-to-date: /home/mustafa/evoart_ws/install/evoart_description/share/evoart_description/models/DonelKavsakTabelasi/model.sdf
-- Up-to-date: /home/mustafa/evoart_ws/install/evoart_description/share/evoart_description/models/DurakTabelasi
-- Up-to-date: /home/mustafa/evoart_ws/install/evoart_description/share/evoart_description/models/DurakTabelasi/meshes
-- Up-to-date: /home/mustafa/evoart_ws/install/evoart_description/share/evoart_description/models/DurakTabelasi/meshes/DurakTabelasi.dae
-- Up-to-date: /home/mustafa/evoart_ws/install/evoart_description/share/evoart_description/models/DurakTabelasi/model.config
-- Up-to-date: /home/mustafa/evoart_ws/install/evoart_description/share/evoart_description/models/DurakTabelasi/model.sdf
-- Up-to-date: /home/mustafa/evoart_ws/install/evoart_description/share/evoart_description/models/GirisiOlmayanYolTabelasi
-- Up-to-date: /home/mustafa/evoart_ws/install/evoart_description/share/evoart_description/models/GirisiOlmayanYolTabelasi/meshes
-- Up-to-date: /home/mustafa/evoart_ws/install/evoart_description/share/evoart_description/models/GirisiOlmayanYolTabelasi/meshes/GirisiOlmayanYolTabelasi.dae
-- Up-to-date: /home/mustafa/evoart_ws/install/evoart_description/share/evoart_description/models/GirisiOlmayanYolTabelasi/model.config
-- Up-to-date: /home/mustafa/evoart_ws/install/evoart_description/share/evoart_description/models/GirisiOlmayanYolTabelasi/model.sdf
-- Up-to-date: /home/mustafa/evoart_ws/install/evoart_description/share/evoart_description/models/SagaMecburiYonTabelasi
-- Up-to-date: /home/mustafa/evoart_ws/install/evoart_description/share/evoart_description/models/SagaMecburiYonTabelasi/meshes
-- Up-to-date: /home/mustafa/evoart_ws/install/evoart_description/share/evoart_description/models/SagaMecburiYonTabelasi/meshes/SagaMecburiYonTabelasi.dae
-- Up-to-date: /home/mustafa/evoart_ws/install/evoart_description/share/evoart_description/models/SagaMecburiYonTabelasi/model.config
-- Up-to-date: /home/mustafa/evoart_ws/install/evoart_description/share/evoart_description/models/SagaMecburiYonTabelasi/model.sdf
-- Up-to-date: /home/mustafa/evoart_ws/install/evoart_description/share/evoart_description/models/YesilTrafikLambasi
-- Up-to-date: /home/mustafa/evoart_ws/install/evoart_description/share/evoart_description/models/YesilTrafikLambasi/meshes
-- Up-to-date: /home/mustafa/evoart_ws/install/evoart_description/share/evoart_description/models/YesilTrafikLambasi/meshes/YesilTrafikLambasi.dae
-- Up-to-date: /home/mustafa/evoart_ws/install/evoart_description/share/evoart_description/models/YesilTrafikLambasi/model.config
-- Up-to-date: /home/mustafa/evoart_ws/install/evoart_description/share/evoart_description/models/YesilTrafikLambasi/model.sdf
-- Up-to-date: /home/mustafa/evoart_ws/install/evoart_description/share/evoart_description/models/Template
-- Up-to-date: /home/mustafa/evoart_ws/install/evoart_description/share/evoart_description/models/Template/meshes
-- Up-to-date: /home/mustafa/evoart_ws/install/evoart_description/share/evoart_description/models/Template/model.config
-- Up-to-date: /home/mustafa/evoart_ws/install/evoart_description/share/evoart_description/models/Template/model.sdf
-- Up-to-date: /home/mustafa/evoart_ws/install/evoart_description/share/evoart_description/models/AzamiHizSiniri30
-- Up-to-date: /home/mustafa/evoart_ws/install/evoart_description/share/evoart_description/models/AzamiHizSiniri30/meshes
-- Up-to-date: /home/mustafa/evoart_ws/install/evoart_description/share/evoart_description/models/AzamiHizSiniri30/meshes/AzamiHizSiniri30.dae
-- Up-to-date: /home/mustafa/evoart_ws/install/evoart_description/share/evoart_description/models/AzamiHizSiniri30/model.config
-- Up-to-date: /home/mustafa/evoart_ws/install/evoart_description/share/evoart_description/models/AzamiHizSiniri30/model.sdf
-- Up-to-date: /home/mustafa/evoart_ws/install/evoart_description/share/evoart_description/models/SamBotBandirma
-- Up-to-date: /home/mustafa/evoart_ws/install/evoart_description/share/evoart_description/models/SamBotBandirma/meshes
-- Up-to-date: /home/mustafa/evoart_ws/install/evoart_description/share/evoart_description/models/SamBotBandirma/meshes/SamBotBandirma.dae
-- Up-to-date: /home/mustafa/evoart_ws/install/evoart_description/share/evoart_description/models/SamBotBandirma/model.config
-- Up-to-date: /home/mustafa/evoart_ws/install/evoart_description/share/evoart_description/models/SamBotBandirma/model.sdf
-- Up-to-date: /home/mustafa/evoart_ws/install/evoart_description/share/evoart_description/models/SolaMecburiYonTabelasi
-- Up-to-date: /home/mustafa/evoart_ws/install/evoart_description/share/evoart_description/models/SolaMecburiYonTabelasi/meshes
-- Up-to-date: /home/mustafa/evoart_ws/install/evoart_description/share/evoart_description/models/SolaMecburiYonTabelasi/meshes/SolaMecburiYonTabelasi.dae
-- Up-to-date: /home/mustafa/evoart_ws/install/evoart_description/share/evoart_description/models/SolaMecburiYonTabelasi/model.config
-- Up-to-date: /home/mustafa/evoart_ws/install/evoart_description/share/evoart_description/models/SolaMecburiYonTabelasi/model.sdf
-- Up-to-date: /home/mustafa/evoart_ws/install/evoart_description/share/ament_index/resource_index/package_run_dependencies/evoart_description
-- Up-to-date: /home/mustafa/evoart_ws/install/evoart_description/share/ament_index/resource_index/parent_prefix_path/evoart_description
-- Up-to-date: /home/mustafa/evoart_ws/install/evoart_description/share/evoart_description/environment/ament_prefix_path.sh
-- Up-to-date: /home/mustafa/evoart_ws/install/evoart_description/share/evoart_description/environment/ament_prefix_path.dsv
-- Up-to-date: /home/mustafa/evoart_ws/install/evoart_description/share/evoart_description/environment/path.sh
-- Up-to-date: /home/mustafa/evoart_ws/install/evoart_description/share/evoart_description/environment/path.dsv
-- Up-to-date: /home/mustafa/evoart_ws/install/evoart_description/share/evoart_description/local_setup.bash
-- Up-to-date: /home/mustafa/evoart_ws/install/evoart_description/share/evoart_description/local_setup.sh
-- Up-to-date: /home/mustafa/evoart_ws/install/evoart_description/share/evoart_description/local_setup.zsh
-- Up-to-date: /home/mustafa/evoart_ws/install/evoart_description/share/evoart_description/local_setup.dsv
-- Installing: /home/mustafa/evoart_ws/install/evoart_description/share/evoart_description/package.dsv
-- Up-to-date: /home/mustafa/evoart_ws/install/evoart_description/share/ament_index/resource_index/packages/evoart_description
-- Up-to-date: /home/mustafa/evoart_ws/install/evoart_description/share/evoart_description/cmake/evoart_descriptionConfig.cmake
-- Up-to-date: /home/mustafa/evoart_ws/install/evoart_description/share/evoart_description/cmake/evoart_descriptionConfig-version.cmake
-- Up-to-date: /home/mustafa/evoart_ws/install/evoart_description/share/evoart_description/package.xml
