-- The C compiler identification is GNU 11.4.0
-- The CXX compiler identification is GNU 11.4.0
-- Detecting C compiler ABI info
-- Detecting C compiler ABI info - done
-- Check for working C compiler: /usr/bin/cc - skipped
-- Detecting C compile features
-- Detecting C compile features - done
-- Detecting CXX compiler ABI info
-- Detecting CXX compiler ABI info - done
-- Check for working CXX compiler: /usr/bin/c++ - skipped
-- Detecting CXX compile features
-- Detecting CXX compile features - done
-- Found ament_cmake: 1.3.14 (/opt/ros/humble/share/ament_cmake/cmake)
-- Found Python3: /usr/bin/python3 (found version "3.10.12") found components: Interpreter 
-- Found rclcpp: 16.0.19 (/opt/ros/humble/share/rclcpp/cmake)
-- Found rosidl_generator_c: 3.1.9 (/opt/ros/humble/share/rosidl_generator_c/cmake)
-- Found rosidl_adapter: 3.1.9 (/opt/ros/humble/share/rosidl_adapter/cmake)
-- Found rosidl_generator_cpp: 3.1.9 (/opt/ros/humble/share/rosidl_generator_cpp/cmake)
-- Using all available rosidl_typesupport_c: rosidl_typesupport_fastrtps_c;rosidl_typesupport_introspection_c
-- Using all available rosidl_typesupport_cpp: rosidl_typesupport_fastrtps_cpp;rosidl_typesupport_introspection_cpp
-- Found rmw_implementation_cmake: 6.1.2 (/opt/ros/humble/share/rmw_implementation_cmake/cmake)
-- Found rmw_fastrtps_cpp: 6.2.10 (/opt/ros/humble/share/rmw_fastrtps_cpp/cmake)
-- Found OpenSSL: /usr/lib/x86_64-linux-gnu/libcrypto.so (found version "3.0.2")  
-- Found FastRTPS: /opt/ros/humble/include  
-- Using RMW implementation 'rmw_fastrtps_cpp' as default
-- Looking for pthread.h
-- Looking for pthread.h - found
-- Performing Test CMAKE_HAVE_LIBC_PTHREAD
-- Performing Test CMAKE_HAVE_LIBC_PTHREAD - Success
-- Found Threads: TRUE  
-- Found geometry_msgs: 4.9.1 (/opt/ros/humble/share/geometry_msgs/cmake)
-- Found evoart_interfaces: 0.0.0 (/home/mustafa/evoart_ws/install/evoart_interfaces/share/evoart_interfaces/cmake)
-- Found nav_msgs: 4.9.1 (/opt/ros/humble/share/nav_msgs/cmake)
-- Configuring done
-- Generating done
-- Build files have been written to: /home/mustafa/evoart_ws/build/evoart_control
[ 16%] [32mBuilding CXX object CMakeFiles/cmd_vel_to_ackermann.dir/src/cmd_vel_to_ackermann.cpp.o[0m
[ 33%] [32mBuilding CXX object CMakeFiles/stm32_odom_node.dir/src/stm32_odom_node.cpp.o[0m
[ 50%] [32mBuilding CXX object CMakeFiles/manual_commander.dir/src/manual_commander.cpp.o[0m
[01m[K/home/mustafa/evoart_ws/src/evoart_control/src/manual_commander.cpp:[m[K In member function ‘[01m[Kvoid ManualCommander::buildPacket(uint8_t*, double, double, bool)[m[K’:
[01m[K/home/mustafa/evoart_ws/src/evoart_control/src/manual_commander.cpp:165:9:[m[K [01;31m[Kerror: [m[Kexpected ‘[01m[K;[m[K’ before ‘[01m[Kpacket[m[K’
  165 |         [01;31m[Kpacket[m[K[3] =2.00
      |         [01;31m[K^~~~~~[m[K
[01m[K/home/mustafa/evoart_ws/src/evoart_control/src/manual_commander.cpp:146:18:[m[K [01;35m[Kwarning: [m[Kunused variable ‘[01m[Kvel_pwm[m[K’ [[01;35m[K]8;;https://gcc.gnu.org/onlinedocs/gcc/Warning-Options.html#index-Wunused-variable-Wunused-variable]8;;[m[K]
  146 |         uint16_t [01;35m[Kvel_pwm[m[K = static_cast<uint16_t>(1500.0 + (v_mag / MAX_VEL) * 500.0);
      |                  [01;35m[K^~~~~~~[m[K
[01m[K/home/mustafa/evoart_ws/src/evoart_control/src/manual_commander.cpp:139:64:[m[K [01;35m[Kwarning: [m[Kunused parameter ‘[01m[Kbrake[m[K’ [[01;35m[K]8;;https://gcc.gnu.org/onlinedocs/gcc/Warning-Options.html#index-Wunused-parameter-Wunused-parameter]8;;[m[K]
  139 |     void buildPacket(uint8_t* packet, double v, double s, [01;35m[Kbool brake[m[K)
      |                                                           [01;35m[K~~~~~^~~~~[m[K
gmake[2]: *** [CMakeFiles/manual_commander.dir/build.make:76: CMakeFiles/manual_commander.dir/src/manual_commander.cpp.o] Error 1
gmake[1]: *** [CMakeFiles/Makefile2:193: CMakeFiles/manual_commander.dir/all] Error 2
gmake[1]: *** Bitmemiş işler için bekliyor....
[ 66%] [32m[1mLinking CXX executable stm32_odom_node[0m
[ 83%] [32m[1mLinking CXX executable cmd_vel_to_ackermann[0m
[ 83%] Built target stm32_odom_node
[ 83%] Built target cmd_vel_to_ackermann
gmake: *** [Makefile:146: all] Error 2
