[0.006s] Invoking command in '/home/mustafa/evoart_ws/build/evoart_control': AMENT_PREFIX_PATH=/home/mustafa/evoart_ws/install/evoart_interfaces:${AMENT_PREFIX_PATH} CMAKE_PREFIX_PATH=/home/mustafa/evoart_ws/install/evoart_interfaces:/opt/ros/humble LD_LIBRARY_PATH=/home/mustafa/evoart_ws/install/evoart_interfaces/lib:${LD_LIBRARY_PATH} PYTHONPATH=/home/mustafa/evoart_ws/install/evoart_interfaces/local/lib/python3.10/dist-packages:${PYTHONPATH} /usr/bin/cmake /home/mustafa/evoart_ws/src/evoart_control -DCMAKE_INSTALL_PREFIX=/home/mustafa/evoart_ws/install/evoart_control
[0.046s] -- The C compiler identification is GNU 11.4.0
[0.083s] -- The CXX compiler identification is GNU 11.4.0
[0.088s] -- Detecting C compiler ABI info
[0.135s] -- Detecting C compiler ABI info - done
[0.139s] -- Check for working C compiler: /usr/bin/cc - skipped
[0.139s] -- Detecting C compile features
[0.140s] -- Detecting C compile features - done
[0.141s] -- Detecting CXX compiler ABI info
[0.196s] -- Detecting CXX compiler ABI info - done
[0.199s] -- Check for working CXX compiler: /usr/bin/c++ - skipped
[0.200s] -- Detecting CXX compile features
[0.200s] -- Detecting CXX compile features - done
[0.202s] -- Found ament_cmake: 1.3.14 (/opt/ros/humble/share/ament_cmake/cmake)
[0.294s] -- Found Python3: /usr/bin/python3 (found version "3.10.12") found components: Interpreter 
[0.359s] -- Found rclcpp: 16.0.19 (/opt/ros/humble/share/rclcpp/cmake)
[0.389s] -- Found rosidl_generator_c: 3.1.9 (/opt/ros/humble/share/rosidl_generator_c/cmake)
[0.393s] -- Found rosidl_adapter: 3.1.9 (/opt/ros/humble/share/rosidl_adapter/cmake)
[0.398s] -- Found rosidl_generator_cpp: 3.1.9 (/opt/ros/humble/share/rosidl_generator_cpp/cmake)
[0.405s] -- Using all available rosidl_typesupport_c: rosidl_typesupport_fastrtps_c;rosidl_typesupport_introspection_c
[0.415s] -- Using all available rosidl_typesupport_cpp: rosidl_typesupport_fastrtps_cpp;rosidl_typesupport_introspection_cpp
[0.446s] -- Found rmw_implementation_cmake: 6.1.2 (/opt/ros/humble/share/rmw_implementation_cmake/cmake)
[0.448s] -- Found rmw_fastrtps_cpp: 6.2.10 (/opt/ros/humble/share/rmw_fastrtps_cpp/cmake)
[0.516s] -- Found OpenSSL: /usr/lib/x86_64-linux-gnu/libcrypto.so (found version "3.0.2")  
[0.537s] -- Found FastRTPS: /opt/ros/humble/include  
[0.568s] -- Using RMW implementation 'rmw_fastrtps_cpp' as default
[0.576s] -- Looking for pthread.h
[0.625s] -- Looking for pthread.h - found
[0.625s] -- Performing Test CMAKE_HAVE_LIBC_PTHREAD
[0.677s] -- Performing Test CMAKE_HAVE_LIBC_PTHREAD - Success
[0.677s] -- Found Threads: TRUE  
[0.709s] -- Found geometry_msgs: 4.9.1 (/opt/ros/humble/share/geometry_msgs/cmake)
[0.715s] -- Found evoart_interfaces: 0.0.0 (/home/mustafa/evoart_ws/install/evoart_interfaces/share/evoart_interfaces/cmake)
[0.721s] -- Found nav_msgs: 4.9.1 (/opt/ros/humble/share/nav_msgs/cmake)
[0.771s] -- Configuring done
[0.782s] -- Generating done
[0.786s] -- Build files have been written to: /home/mustafa/evoart_ws/build/evoart_control
[0.794s] Invoked command in '/home/mustafa/evoart_ws/build/evoart_control' returned '0': AMENT_PREFIX_PATH=/home/mustafa/evoart_ws/install/evoart_interfaces:${AMENT_PREFIX_PATH} CMAKE_PREFIX_PATH=/home/mustafa/evoart_ws/install/evoart_interfaces:/opt/ros/humble LD_LIBRARY_PATH=/home/mustafa/evoart_ws/install/evoart_interfaces/lib:${LD_LIBRARY_PATH} PYTHONPATH=/home/mustafa/evoart_ws/install/evoart_interfaces/local/lib/python3.10/dist-packages:${PYTHONPATH} /usr/bin/cmake /home/mustafa/evoart_ws/src/evoart_control -DCMAKE_INSTALL_PREFIX=/home/mustafa/evoart_ws/install/evoart_control
[0.795s] Invoking command in '/home/mustafa/evoart_ws/build/evoart_control': AMENT_PREFIX_PATH=/home/mustafa/evoart_ws/install/evoart_interfaces:${AMENT_PREFIX_PATH} CMAKE_PREFIX_PATH=/home/mustafa/evoart_ws/install/evoart_interfaces:/opt/ros/humble LD_LIBRARY_PATH=/home/mustafa/evoart_ws/install/evoart_interfaces/lib:${LD_LIBRARY_PATH} PYTHONPATH=/home/mustafa/evoart_ws/install/evoart_interfaces/local/lib/python3.10/dist-packages:${PYTHONPATH} /usr/bin/cmake --build /home/mustafa/evoart_ws/build/evoart_control -- -j32 -l32
[0.831s] [ 16%] [32mBuilding CXX object CMakeFiles/cmd_vel_to_ackermann.dir/src/cmd_vel_to_ackermann.cpp.o[0m
[0.831s] [ 33%] [32mBuilding CXX object CMakeFiles/stm32_odom_node.dir/src/stm32_odom_node.cpp.o[0m
[0.832s] [ 50%] [32mBuilding CXX object CMakeFiles/manual_commander.dir/src/manual_commander.cpp.o[0m
[2.346s] [01m[K/home/mustafa/evoart_ws/src/evoart_control/src/manual_commander.cpp:[m[K In member function ‘[01m[Kvoid ManualCommander::buildPacket(uint8_t*, double, double, bool)[m[K’:
[2.346s] [01m[K/home/mustafa/evoart_ws/src/evoart_control/src/manual_commander.cpp:165:9:[m[K [01;31m[Kerror: [m[Kexpected ‘[01m[K;[m[K’ before ‘[01m[Kpacket[m[K’
[2.346s]   165 |         [01;31m[Kpacket[m[K[3] =2.00
[2.346s]       |         [01;31m[K^~~~~~[m[K
[2.346s] [01m[K/home/mustafa/evoart_ws/src/evoart_control/src/manual_commander.cpp:146:18:[m[K [01;35m[Kwarning: [m[Kunused variable ‘[01m[Kvel_pwm[m[K’ [[01;35m[K]8;;https://gcc.gnu.org/onlinedocs/gcc/Warning-Options.html#index-Wunused-variable-Wunused-variable]8;;[m[K]
[2.346s]   146 |         uint16_t [01;35m[Kvel_pwm[m[K = static_cast<uint16_t>(1500.0 + (v_mag / MAX_VEL) * 500.0);
[2.346s]       |                  [01;35m[K^~~~~~~[m[K
[2.346s] [01m[K/home/mustafa/evoart_ws/src/evoart_control/src/manual_commander.cpp:139:64:[m[K [01;35m[Kwarning: [m[Kunused parameter ‘[01m[Kbrake[m[K’ [[01;35m[K]8;;https://gcc.gnu.org/onlinedocs/gcc/Warning-Options.html#index-Wunused-parameter-Wunused-parameter]8;;[m[K]
[2.346s]   139 |     void buildPacket(uint8_t* packet, double v, double s, [01;35m[Kbool brake[m[K)
[2.346s]       |                                                           [01;35m[K~~~~~^~~~~[m[K
[2.856s] gmake[2]: *** [CMakeFiles/manual_commander.dir/build.make:76: CMakeFiles/manual_commander.dir/src/manual_commander.cpp.o] Error 1
[2.857s] gmake[1]: *** [CMakeFiles/Makefile2:193: CMakeFiles/manual_commander.dir/all] Error 2
[2.857s] gmake[1]: *** Bitmemiş işler için bekliyor....
[5.960s] [ 66%] [32m[1mLinking CXX executable stm32_odom_node[0m
[5.961s] [ 83%] [32m[1mLinking CXX executable cmd_vel_to_ackermann[0m
[6.220s] [ 83%] Built target stm32_odom_node
[6.222s] [ 83%] Built target cmd_vel_to_ackermann
[6.223s] gmake: *** [Makefile:146: all] Error 2
[6.225s] Invoked command in '/home/mustafa/evoart_ws/build/evoart_control' returned '2': AMENT_PREFIX_PATH=/home/mustafa/evoart_ws/install/evoart_interfaces:${AMENT_PREFIX_PATH} CMAKE_PREFIX_PATH=/home/mustafa/evoart_ws/install/evoart_interfaces:/opt/ros/humble LD_LIBRARY_PATH=/home/mustafa/evoart_ws/install/evoart_interfaces/lib:${LD_LIBRARY_PATH} PYTHONPATH=/home/mustafa/evoart_ws/install/evoart_interfaces/local/lib/python3.10/dist-packages:${PYTHONPATH} /usr/bin/cmake --build /home/mustafa/evoart_ws/build/evoart_control -- -j32 -l32
