[0.000000] (-) TimerEvent: {}
[0.000092] (-) JobUnselected: {'identifier': 'evoart_behavior'}
[0.000201] (-) JobUnselected: {'identifier': 'evoart_bringup'}
[0.000213] (-) JobUnselected: {'identifier': 'evoart_control'}
[0.000222] (-) JobUnselected: {'identifier': 'evoart_description'}
[0.000231] (-) JobUnselected: {'identifier': 'evoart_interfaces'}
[0.000240] (-) JobUnselected: {'identifier': 'evoart_perception'}
[0.000248] (-) JobUnselected: {'identifier': 'velodyne'}
[0.000257] (-) JobUnselected: {'identifier': 'velodyne_driver'}
[0.000398] (-) JobUnselected: {'identifier': 'velodyne_laserscan'}
[0.000469] (-) JobUnselected: {'identifier': 'velodyne_msgs'}
[0.000478] (-) JobUnselected: {'identifier': 'velodyne_pointcloud'}
[0.000486] (-) JobUnselected: {'identifier': 'zed_components'}
[0.000494] (-) JobUnselected: {'identifier': 'zed_debug'}
[0.000503] (-) JobUnselected: {'identifier': 'zed_ros2'}
[0.000511] (-) JobUnselected: {'identifier': 'zed_wrapper'}
[0.000520] (evoart_navigation) JobQueued: {'identifier': 'evoart_navigation', 'dependencies': OrderedDict()}
[0.000530] (evoart_navigation) JobStarted: {'identifier': 'evoart_navigation'}
[0.007242] (evoart_navigation) JobProgress: {'identifier': 'evoart_navigation', 'progress': 'cmake'}
[0.007576] (evoart_navigation) JobProgress: {'identifier': 'evoart_navigation', 'progress': 'build'}
[0.008055] (evoart_navigation) Command: {'cmd': ['/usr/bin/cmake', '--build', '/home/mustafa/evoart_ws/build/evoart_navigation', '--', '-j32', '-l32'], 'cwd': '/home/mustafa/evoart_ws/build/evoart_navigation', 'env': OrderedDict([('GJS_DEBUG_TOPICS', 'JS ERROR;JS LOG'), ('LESSOPEN', '| /usr/bin/lesspipe %s'), ('VSCODE_CWD', '/home/mustafa'), ('USER', 'mustafa'), ('VSCODE_NLS_CONFIG', '{"userLocale":"en-us","osLocale":"tr-tr","resolvedLanguage":"en","defaultMessagesFile":"/usr/share/antigravity/resources/app/out/nls.messages.json","locale":"en-us","availableLanguages":{}}'), ('XDG_SESSION_TYPE', 'x11'), ('SHLVL', '1'), ('LD_LIBRARY_PATH', '/usr/lib/x86_64-linux-gnu/gazebo-11/plugins:/opt/ros/humble/opt/rviz_ogre_vendor/lib:/opt/ros/humble/lib/x86_64-linux-gnu:/opt/ros/humble/lib'), ('HOME', '/home/mustafa'), ('CHROME_DESKTOP', 'antigravity.desktop'), ('OLDPWD', '/home/mustafa/evoart_ws'), ('DESKTOP_SESSION', 'ubuntu'), ('VSCODE_IPC_HOOK', '/run/user/1000/vscode-de9dec49-1.10-main.sock'), ('GIO_LAUNCHED_DESKTOP_FILE', '/usr/share/applications/antigravity.desktop'), ('ROS_PYTHON_VERSION', '3'), ('GNOME_SHELL_SESSION_MODE', 'ubuntu'), ('GTK_MODULES', 'gail:atk-bridge'), ('PAGER', 'cat'), ('MANAGERPID', '2064'), ('SYSTEMD_EXEC_PID', '2377'), ('DBUS_SESSION_BUS_ADDRESS', 'unix:path=/run/user/1000/bus'), ('ANTIGRAVITY_AGENT', '1'), ('GIO_LAUNCHED_DESKTOP_FILE_PID', '16571'), ('ROS_DISTRO', 'humble'), ('GTK_IM_MODULE', 'ibus'), ('LOGNAME', 'mustafa'), ('JOURNAL_STREAM', '8:20000'), ('_', '/usr/bin/colcon'), ('ROS_VERSION', '2'), ('XDG_SESSION_CLASS', 'user'), ('USERNAME', 'mustafa'), ('TERM', 'dumb'), ('GNOME_DESKTOP_SESSION_ID', 'this-is-deprecated'), ('FC_FONTATIONS', '1'), ('ROS_LOCALHOST_ONLY', '0'), ('WINDOWPATH', '2'), ('ANTIGRAVITY_EDITOR_APP_ROOT', '/usr/share/antigravity/resources/app'), ('PATH', '/home/mustafa/.local/bin:/opt/ros/humble/bin:/home/mustafa/.local/bin:/usr/local/sbin:/usr/local/bin:/usr/sbin:/usr/bin:/sbin:/bin:/usr/games:/usr/local/games:/snap/bin:/snap/bin:/home/mustafa/.lmstudio/bin:/home/mustafa/.lmstudio/bin:/home/mustafa/.lmstudio/bin'), ('SESSION_MANAGER', 'local/mustafa-SLAYER-R9T:@/tmp/.ICE-unix/2353,unix/mustafa-SLAYER-R9T:/tmp/.ICE-unix/2353'), ('INVOCATION_ID', '30c711239b4c44dea1fe52cf17c255cb'), ('XDG_MENU_PREFIX', 'gnome-'), ('XDG_RUNTIME_DIR', '/run/user/1000'), ('GDK_BACKEND', 'x11'), ('DISPLAY', ':1'), ('LANG', 'tr_TR.UTF-8'), ('XDG_CURRENT_DESKTOP', 'ubuntu:GNOME'), ('XMODIFIERS', '@im=ibus'), ('XDG_SESSION_DESKTOP', 'ubuntu'), ('XAUTHORITY', '/run/user/1000/gdm/Xauthority'), ('LS_COLORS', ''), ('SSH_AGENT_LAUNCHER', 'gnome-keyring'), ('SSH_AUTH_SOCK', '/run/user/1000/keyring/ssh'), ('AMENT_PREFIX_PATH', '/opt/ros/humble'), ('SHELL', '/bin/bash'), ('QT_ACCESSIBILITY', '1'), ('GDMSESSION', 'ubuntu'), ('LESSCLOSE', '/usr/bin/lesspipe %s %s'), ('GPG_AGENT_INFO', '/run/user/1000/gnupg/S.gpg-agent:0:1'), ('GJS_DEBUG_OUTPUT', 'stderr'), ('QT_IM_MODULE', 'ibus'), ('ANTIGRAVITY_TRAJECTORY_ID', 'd21e033e-9055-4830-ac9a-28d07d715551'), ('PWD', '/home/mustafa/evoart_ws/build/evoart_navigation'), ('TURTLEBOT3_MODEL', 'waffle'), ('XDG_CONFIG_DIRS', '/etc/xdg/xdg-ubuntu:/etc/xdg'), ('VSCODE_CODE_CACHE_PATH', '/home/mustafa/.config/Antigravity/CachedData/15487b3041e65228cae24980a3f796c905ef582c'), ('XDG_DATA_DIRS', '/usr/share/ubuntu:/usr/share/gnome:/home/mustafa/.local/share/flatpak/exports/share:/var/lib/flatpak/exports/share:/usr/local/share/:/usr/share/:/var/lib/snapd/desktop'), ('PYTHONPATH', '/opt/ros/humble/lib/python3.10/site-packages:/opt/ros/humble/local/lib/python3.10/dist-packages'), ('COLCON', '1'), ('VSCODE_PID', '16571'), ('CMAKE_PREFIX_PATH', '/opt/ros/humble')]), 'shell': False}
[0.046897] (evoart_navigation) CommandEnded: {'returncode': 0}
[0.047359] (evoart_navigation) JobProgress: {'identifier': 'evoart_navigation', 'progress': 'install'}
[0.057652] (evoart_navigation) Command: {'cmd': ['/usr/bin/cmake', '--install', '/home/mustafa/evoart_ws/build/evoart_navigation'], 'cwd': '/home/mustafa/evoart_ws/build/evoart_navigation', 'env': OrderedDict([('GJS_DEBUG_TOPICS', 'JS ERROR;JS LOG'), ('LESSOPEN', '| /usr/bin/lesspipe %s'), ('VSCODE_CWD', '/home/mustafa'), ('USER', 'mustafa'), ('VSCODE_NLS_CONFIG', '{"userLocale":"en-us","osLocale":"tr-tr","resolvedLanguage":"en","defaultMessagesFile":"/usr/share/antigravity/resources/app/out/nls.messages.json","locale":"en-us","availableLanguages":{}}'), ('XDG_SESSION_TYPE', 'x11'), ('SHLVL', '1'), ('LD_LIBRARY_PATH', '/usr/lib/x86_64-linux-gnu/gazebo-11/plugins:/opt/ros/humble/opt/rviz_ogre_vendor/lib:/opt/ros/humble/lib/x86_64-linux-gnu:/opt/ros/humble/lib'), ('HOME', '/home/mustafa'), ('CHROME_DESKTOP', 'antigravity.desktop'), ('OLDPWD', '/home/mustafa/evoart_ws'), ('DESKTOP_SESSION', 'ubuntu'), ('VSCODE_IPC_HOOK', '/run/user/1000/vscode-de9dec49-1.10-main.sock'), ('GIO_LAUNCHED_DESKTOP_FILE', '/usr/share/applications/antigravity.desktop'), ('ROS_PYTHON_VERSION', '3'), ('GNOME_SHELL_SESSION_MODE', 'ubuntu'), ('GTK_MODULES', 'gail:atk-bridge'), ('PAGER', 'cat'), ('MANAGERPID', '2064'), ('SYSTEMD_EXEC_PID', '2377'), ('DBUS_SESSION_BUS_ADDRESS', 'unix:path=/run/user/1000/bus'), ('ANTIGRAVITY_AGENT', '1'), ('GIO_LAUNCHED_DESKTOP_FILE_PID', '16571'), ('ROS_DISTRO', 'humble'), ('GTK_IM_MODULE', 'ibus'), ('LOGNAME', 'mustafa'), ('JOURNAL_STREAM', '8:20000'), ('_', '/usr/bin/colcon'), ('ROS_VERSION', '2'), ('XDG_SESSION_CLASS', 'user'), ('USERNAME', 'mustafa'), ('TERM', 'dumb'), ('GNOME_DESKTOP_SESSION_ID', 'this-is-deprecated'), ('FC_FONTATIONS', '1'), ('ROS_LOCALHOST_ONLY', '0'), ('WINDOWPATH', '2'), ('ANTIGRAVITY_EDITOR_APP_ROOT', '/usr/share/antigravity/resources/app'), ('PATH', '/home/mustafa/.local/bin:/opt/ros/humble/bin:/home/mustafa/.local/bin:/usr/local/sbin:/usr/local/bin:/usr/sbin:/usr/bin:/sbin:/bin:/usr/games:/usr/local/games:/snap/bin:/snap/bin:/home/mustafa/.lmstudio/bin:/home/mustafa/.lmstudio/bin:/home/mustafa/.lmstudio/bin'), ('SESSION_MANAGER', 'local/mustafa-SLAYER-R9T:@/tmp/.ICE-unix/2353,unix/mustafa-SLAYER-R9T:/tmp/.ICE-unix/2353'), ('INVOCATION_ID', '30c711239b4c44dea1fe52cf17c255cb'), ('XDG_MENU_PREFIX', 'gnome-'), ('XDG_RUNTIME_DIR', '/run/user/1000'), ('GDK_BACKEND', 'x11'), ('DISPLAY', ':1'), ('LANG', 'tr_TR.UTF-8'), ('XDG_CURRENT_DESKTOP', 'ubuntu:GNOME'), ('XMODIFIERS', '@im=ibus'), ('XDG_SESSION_DESKTOP', 'ubuntu'), ('XAUTHORITY', '/run/user/1000/gdm/Xauthority'), ('LS_COLORS', ''), ('SSH_AGENT_LAUNCHER', 'gnome-keyring'), ('SSH_AUTH_SOCK', '/run/user/1000/keyring/ssh'), ('AMENT_PREFIX_PATH', '/opt/ros/humble'), ('SHELL', '/bin/bash'), ('QT_ACCESSIBILITY', '1'), ('GDMSESSION', 'ubuntu'), ('LESSCLOSE', '/usr/bin/lesspipe %s %s'), ('GPG_AGENT_INFO', '/run/user/1000/gnupg/S.gpg-agent:0:1'), ('GJS_DEBUG_OUTPUT', 'stderr'), ('QT_IM_MODULE', 'ibus'), ('ANTIGRAVITY_TRAJECTORY_ID', 'd21e033e-9055-4830-ac9a-28d07d715551'), ('PWD', '/home/mustafa/evoart_ws/build/evoart_navigation'), ('TURTLEBOT3_MODEL', 'waffle'), ('XDG_CONFIG_DIRS', '/etc/xdg/xdg-ubuntu:/etc/xdg'), ('VSCODE_CODE_CACHE_PATH', '/home/mustafa/.config/Antigravity/CachedData/15487b3041e65228cae24980a3f796c905ef582c'), ('XDG_DATA_DIRS', '/usr/share/ubuntu:/usr/share/gnome:/home/mustafa/.local/share/flatpak/exports/share:/var/lib/flatpak/exports/share:/usr/local/share/:/usr/share/:/var/lib/snapd/desktop'), ('PYTHONPATH', '/opt/ros/humble/lib/python3.10/site-packages:/opt/ros/humble/local/lib/python3.10/dist-packages'), ('COLCON', '1'), ('VSCODE_PID', '16571'), ('CMAKE_PREFIX_PATH', '/opt/ros/humble')]), 'shell': False}
[0.065885] (evoart_navigation) StdoutLine: {'line': b'-- Install configuration: ""\n'}
[0.066072] (evoart_navigation) StdoutLine: {'line': b'-- Up-to-date: /home/mustafa/evoart_ws/install/evoart_navigation/share/evoart_navigation/config\n'}
[0.066263] (evoart_navigation) StdoutLine: {'line': b'-- Up-to-date: /home/mustafa/evoart_ws/install/evoart_navigation/share/evoart_navigation/config/ekf.yaml\n'}
[0.066378] (evoart_navigation) StdoutLine: {'line': b'-- Installing: /home/mustafa/evoart_ws/install/evoart_navigation/share/evoart_navigation/config/nav2_params.yaml\n'}
[0.066664] (evoart_navigation) StdoutLine: {'line': b'-- Up-to-date: /home/mustafa/evoart_ws/install/evoart_navigation/share/evoart_navigation/launch\n'}
[0.066709] (evoart_navigation) StdoutLine: {'line': b'-- Up-to-date: /home/mustafa/evoart_ws/install/evoart_navigation/share/evoart_navigation/launch/navigation.launch.py\n'}
[0.066750] (evoart_navigation) StdoutLine: {'line': b'-- Up-to-date: /home/mustafa/evoart_ws/install/evoart_navigation/share/evoart_navigation/maps\n'}
[0.066782] (evoart_navigation) StdoutLine: {'line': b'-- Up-to-date: /home/mustafa/evoart_ws/install/evoart_navigation/share/evoart_navigation/maps/robotaksi_pist.yaml\n'}
[0.066923] (evoart_navigation) StdoutLine: {'line': b'-- Up-to-date: /home/mustafa/evoart_ws/install/evoart_navigation/share/evoart_navigation/maps/robotaksi_pis.pgm\n'}
[0.066952] (evoart_navigation) StdoutLine: {'line': b'-- Up-to-date: /home/mustafa/evoart_ws/install/evoart_navigation/share/ament_index/resource_index/package_run_dependencies/evoart_navigation\n'}
[0.066985] (evoart_navigation) StdoutLine: {'line': b'-- Up-to-date: /home/mustafa/evoart_ws/install/evoart_navigation/share/ament_index/resource_index/parent_prefix_path/evoart_navigation\n'}
[0.067014] (evoart_navigation) StdoutLine: {'line': b'-- Up-to-date: /home/mustafa/evoart_ws/install/evoart_navigation/share/evoart_navigation/environment/ament_prefix_path.sh\n'}
[0.067040] (evoart_navigation) StdoutLine: {'line': b'-- Up-to-date: /home/mustafa/evoart_ws/install/evoart_navigation/share/evoart_navigation/environment/ament_prefix_path.dsv\n'}
[0.067066] (evoart_navigation) StdoutLine: {'line': b'-- Up-to-date: /home/mustafa/evoart_ws/install/evoart_navigation/share/evoart_navigation/environment/path.sh\n'}
[0.067092] (evoart_navigation) StdoutLine: {'line': b'-- Up-to-date: /home/mustafa/evoart_ws/install/evoart_navigation/share/evoart_navigation/environment/path.dsv\n'}
[0.067117] (evoart_navigation) StdoutLine: {'line': b'-- Up-to-date: /home/mustafa/evoart_ws/install/evoart_navigation/share/evoart_navigation/local_setup.bash\n'}
[0.067147] (evoart_navigation) StdoutLine: {'line': b'-- Up-to-date: /home/mustafa/evoart_ws/install/evoart_navigation/share/evoart_navigation/local_setup.sh\n'}
[0.067173] (evoart_navigation) StdoutLine: {'line': b'-- Up-to-date: /home/mustafa/evoart_ws/install/evoart_navigation/share/evoart_navigation/local_setup.zsh\n'}
[0.067201] (evoart_navigation) StdoutLine: {'line': b'-- Up-to-date: /home/mustafa/evoart_ws/install/evoart_navigation/share/evoart_navigation/local_setup.dsv\n'}
[0.067237] (evoart_navigation) StdoutLine: {'line': b'-- Installing: /home/mustafa/evoart_ws/install/evoart_navigation/share/evoart_navigation/package.dsv\n'}
[0.067273] (evoart_navigation) StdoutLine: {'line': b'-- Up-to-date: /home/mustafa/evoart_ws/install/evoart_navigation/share/ament_index/resource_index/packages/evoart_navigation\n'}
[0.067314] (evoart_navigation) StdoutLine: {'line': b'-- Up-to-date: /home/mustafa/evoart_ws/install/evoart_navigation/share/evoart_navigation/cmake/evoart_navigationConfig.cmake\n'}
[0.067355] (evoart_navigation) StdoutLine: {'line': b'-- Up-to-date: /home/mustafa/evoart_ws/install/evoart_navigation/share/evoart_navigation/cmake/evoart_navigationConfig-version.cmake\n'}
[0.067399] (evoart_navigation) StdoutLine: {'line': b'-- Up-to-date: /home/mustafa/evoart_ws/install/evoart_navigation/share/evoart_navigation/package.xml\n'}
[0.069483] (evoart_navigation) CommandEnded: {'returncode': 0}
[0.080506] (evoart_navigation) JobEnded: {'identifier': 'evoart_navigation', 'rc': 0}
[0.080854] (-) EventReactorShutdown: {}
