[ 10%] Built target evoart_interfaces__rosidl_generator_c
[ 12%] Built target evoart_interfaces__cpp
[ 14%] Built target evoart_interfaces__rs
[ 14%] Built target ament_cmake_python_copy_evoart_interfaces
[ 35%] Built target evoart_interfaces__rosidl_typesupport_c
[ 35%] Built target evoart_interfaces__rosidl_typesupport_introspection_c
[ 46%] Built target evoart_interfaces__rosidl_typesupport_cpp
[ 67%] Built target evoart_interfaces__rosidl_typesupport_introspection_cpp
[ 67%] Built target evoart_interfaces__rosidl_typesupport_fastrtps_c
[ 78%] Built target evoart_interfaces__rosidl_typesupport_fastrtps_cpp
[ 78%] Built target evoart_interfaces
[ 80%] Built target evoart_interfaces__py
[ 89%] Built target evoart_interfaces__rosidl_generator_py
[ 96%] Built target evoart_interfaces__rosidl_typesupport_introspection_c__pyext
[ 96%] Built target evoart_interfaces__rosidl_typesupport_c__pyext
[100%] Built target evoart_interfaces__rosidl_typesupport_fastrtps_c__pyext
running egg_info
writing evoart_interfaces.egg-info/PKG-INFO
writing dependency_links to evoart_interfaces.egg-info/dependency_links.txt
writing top-level names to evoart_interfaces.egg-info/top_level.txt
reading manifest file 'evoart_interfaces.egg-info/SOURCES.txt'
writing manifest file 'evoart_interfaces.egg-info/SOURCES.txt'
[100%] Built target ament_cmake_python_build_evoart_interfaces_egg
-- Install configuration: ""
-- Up-to-date: /home/mustafa/evoart_ws/install/evoart_interfaces/share/ament_index/resource_index/rosidl_interfaces/evoart_interfaces
-- Up-to-date: /home/mustafa/evoart_ws/install/evoart_interfaces/include/evoart_interfaces/evoart_interfaces
-- Up-to-date: /home/mustafa/evoart_ws/install/evoart_interfaces/include/evoart_interfaces/evoart_interfaces/msg
-- Up-to-date: /home/mustafa/evoart_ws/install/evoart_interfaces/include/evoart_interfaces/evoart_interfaces/msg/detail
-- Up-to-date: /home/mustafa/evoart_ws/install/evoart_interfaces/include/evoart_interfaces/evoart_interfaces/msg/detail/obstacle__functions.c
-- Up-to-date: /home/mustafa/evoart_ws/install/evoart_interfaces/include/evoart_interfaces/evoart_interfaces/msg/detail/obstacle__functions.h
-- Up-to-date: /home/mustafa/evoart_ws/install/evoart_interfaces/include/evoart_interfaces/evoart_interfaces/msg/detail/traffic_light__functions.c
-- Up-to-date: /home/mustafa/evoart_ws/install/evoart_interfaces/include/evoart_interfaces/evoart_interfaces/msg/detail/traffic_light__functions.h
-- Up-to-date: /home/mustafa/evoart_ws/install/evoart_interfaces/include/evoart_interfaces/evoart_interfaces/msg/detail/traffic_light__struct.h
-- Up-to-date: /home/mustafa/evoart_ws/install/evoart_interfaces/include/evoart_interfaces/evoart_interfaces/msg/detail/obstacle__type_support.h
-- Up-to-date: /home/mustafa/evoart_ws/install/evoart_interfaces/include/evoart_interfaces/evoart_interfaces/msg/detail/vehicle_control__type_support.h
-- Up-to-date: /home/mustafa/evoart_ws/install/evoart_interfaces/include/evoart_interfaces/evoart_interfaces/msg/detail/obstacle__struct.h
-- Up-to-date: /home/mustafa/evoart_ws/install/evoart_interfaces/include/evoart_interfaces/evoart_interfaces/msg/detail/vehicle_control__functions.c
-- Up-to-date: /home/mustafa/evoart_ws/install/evoart_interfaces/include/evoart_interfaces/evoart_interfaces/msg/detail/vehicle_control__struct.h
-- Up-to-date: /home/mustafa/evoart_ws/install/evoart_interfaces/include/evoart_interfaces/evoart_interfaces/msg/detail/vehicle_control__functions.h
-- Up-to-date: /home/mustafa/evoart_ws/install/evoart_interfaces/include/evoart_interfaces/evoart_interfaces/msg/detail/traffic_light__type_support.h
-- Up-to-date: /home/mustafa/evoart_ws/install/evoart_interfaces/include/evoart_interfaces/evoart_interfaces/msg/rosidl_generator_c__visibility_control.h
-- Up-to-date: /home/mustafa/evoart_ws/install/evoart_interfaces/include/evoart_interfaces/evoart_interfaces/msg/obstacle.h
-- Up-to-date: /home/mustafa/evoart_ws/install/evoart_interfaces/include/evoart_interfaces/evoart_interfaces/msg/traffic_light.h
-- Up-to-date: /home/mustafa/evoart_ws/install/evoart_interfaces/include/evoart_interfaces/evoart_interfaces/msg/vehicle_control.h
-- Up-to-date: /home/mustafa/evoart_ws/install/evoart_interfaces/include/evoart_interfaces/evoart_interfaces/srv
-- Up-to-date: /home/mustafa/evoart_ws/install/evoart_interfaces/include/evoart_interfaces/evoart_interfaces/srv/start_park.h
-- Up-to-date: /home/mustafa/evoart_ws/install/evoart_interfaces/include/evoart_interfaces/evoart_interfaces/srv/detail
-- Up-to-date: /home/mustafa/evoart_ws/install/evoart_interfaces/include/evoart_interfaces/evoart_interfaces/srv/detail/start_park__struct.h
-- Up-to-date: /home/mustafa/evoart_ws/install/evoart_interfaces/include/evoart_interfaces/evoart_interfaces/srv/detail/start_park__type_support.h
-- Up-to-date: /home/mustafa/evoart_ws/install/evoart_interfaces/include/evoart_interfaces/evoart_interfaces/srv/detail/start_park__functions.h
-- Up-to-date: /home/mustafa/evoart_ws/install/evoart_interfaces/include/evoart_interfaces/evoart_interfaces/srv/detail/start_park__functions.c
-- Up-to-date: /home/mustafa/evoart_ws/install/evoart_interfaces/share/evoart_interfaces/environment/library_path.sh
-- Up-to-date: /home/mustafa/evoart_ws/install/evoart_interfaces/share/evoart_interfaces/environment/library_path.dsv
-- Up-to-date: /home/mustafa/evoart_ws/install/evoart_interfaces/lib/libevoart_interfaces__rosidl_generator_c.so
-- Up-to-date: /home/mustafa/evoart_ws/install/evoart_interfaces/include/evoart_interfaces/evoart_interfaces
-- Up-to-date: /home/mustafa/evoart_ws/install/evoart_interfaces/include/evoart_interfaces/evoart_interfaces/msg
-- Up-to-date: /home/mustafa/evoart_ws/install/evoart_interfaces/include/evoart_interfaces/evoart_interfaces/msg/detail
-- Up-to-date: /home/mustafa/evoart_ws/install/evoart_interfaces/include/evoart_interfaces/evoart_interfaces/msg/detail/traffic_light__rosidl_typesupport_fastrtps_c.h
-- Up-to-date: /home/mustafa/evoart_ws/install/evoart_interfaces/include/evoart_interfaces/evoart_interfaces/msg/detail/vehicle_control__rosidl_typesupport_fastrtps_c.h
-- Up-to-date: /home/mustafa/evoart_ws/install/evoart_interfaces/include/evoart_interfaces/evoart_interfaces/msg/detail/obstacle__rosidl_typesupport_fastrtps_c.h
-- Up-to-date: /home/mustafa/evoart_ws/install/evoart_interfaces/include/evoart_interfaces/evoart_interfaces/msg/rosidl_typesupport_fastrtps_c__visibility_control.h
-- Up-to-date: /home/mustafa/evoart_ws/install/evoart_interfaces/include/evoart_interfaces/evoart_interfaces/srv
-- Up-to-date: /home/mustafa/evoart_ws/install/evoart_interfaces/include/evoart_interfaces/evoart_interfaces/srv/detail
-- Up-to-date: /home/mustafa/evoart_ws/install/evoart_interfaces/include/evoart_interfaces/evoart_interfaces/srv/detail/start_park__rosidl_typesupport_fastrtps_c.h
-- Up-to-date: /home/mustafa/evoart_ws/install/evoart_interfaces/lib/libevoart_interfaces__rosidl_typesupport_fastrtps_c.so
-- Up-to-date: /home/mustafa/evoart_ws/install/evoart_interfaces/include/evoart_interfaces/evoart_interfaces
-- Up-to-date: /home/mustafa/evoart_ws/install/evoart_interfaces/include/evoart_interfaces/evoart_interfaces/msg
-- Up-to-date: /home/mustafa/evoart_ws/install/evoart_interfaces/include/evoart_interfaces/evoart_interfaces/msg/detail
-- Up-to-date: /home/mustafa/evoart_ws/install/evoart_interfaces/include/evoart_interfaces/evoart_interfaces/msg/detail/vehicle_control__rosidl_typesupport_introspection_c.h
-- Up-to-date: /home/mustafa/evoart_ws/install/evoart_interfaces/include/evoart_interfaces/evoart_interfaces/msg/detail/traffic_light__rosidl_typesupport_introspection_c.h
-- Up-to-date: /home/mustafa/evoart_ws/install/evoart_interfaces/include/evoart_interfaces/evoart_interfaces/msg/detail/obstacle__type_support.c
-- Up-to-date: /home/mustafa/evoart_ws/install/evoart_interfaces/include/evoart_interfaces/evoart_interfaces/msg/detail/obstacle__rosidl_typesupport_introspection_c.h
-- Up-to-date: /home/mustafa/evoart_ws/install/evoart_interfaces/include/evoart_interfaces/evoart_interfaces/msg/detail/vehicle_control__type_support.c
-- Up-to-date: /home/mustafa/evoart_ws/install/evoart_interfaces/include/evoart_interfaces/evoart_interfaces/msg/detail/traffic_light__type_support.c
-- Up-to-date: /home/mustafa/evoart_ws/install/evoart_interfaces/include/evoart_interfaces/evoart_interfaces/msg/rosidl_typesupport_introspection_c__visibility_control.h
-- Up-to-date: /home/mustafa/evoart_ws/install/evoart_interfaces/include/evoart_interfaces/evoart_interfaces/srv
-- Up-to-date: /home/mustafa/evoart_ws/install/evoart_interfaces/include/evoart_interfaces/evoart_interfaces/srv/detail
-- Up-to-date: /home/mustafa/evoart_ws/install/evoart_interfaces/include/evoart_interfaces/evoart_interfaces/srv/detail/start_park__type_support.c
-- Up-to-date: /home/mustafa/evoart_ws/install/evoart_interfaces/include/evoart_interfaces/evoart_interfaces/srv/detail/start_park__rosidl_typesupport_introspection_c.h
-- Up-to-date: /home/mustafa/evoart_ws/install/evoart_interfaces/lib/libevoart_interfaces__rosidl_typesupport_introspection_c.so
-- Up-to-date: /home/mustafa/evoart_ws/install/evoart_interfaces/lib/libevoart_interfaces__rosidl_typesupport_c.so
-- Up-to-date: /home/mustafa/evoart_ws/install/evoart_interfaces/include/evoart_interfaces/evoart_interfaces
-- Up-to-date: /home/mustafa/evoart_ws/install/evoart_interfaces/include/evoart_interfaces/evoart_interfaces/msg
-- Up-to-date: /home/mustafa/evoart_ws/install/evoart_interfaces/include/evoart_interfaces/evoart_interfaces/msg/detail
-- Up-to-date: /home/mustafa/evoart_ws/install/evoart_interfaces/include/evoart_interfaces/evoart_interfaces/msg/detail/vehicle_control__type_support.hpp
-- Up-to-date: /home/mustafa/evoart_ws/install/evoart_interfaces/include/evoart_interfaces/evoart_interfaces/msg/detail/obstacle__builder.hpp
-- Up-to-date: /home/mustafa/evoart_ws/install/evoart_interfaces/include/evoart_interfaces/evoart_interfaces/msg/detail/obstacle__traits.hpp
-- Up-to-date: /home/mustafa/evoart_ws/install/evoart_interfaces/include/evoart_interfaces/evoart_interfaces/msg/detail/traffic_light__struct.hpp
-- Up-to-date: /home/mustafa/evoart_ws/install/evoart_interfaces/include/evoart_interfaces/evoart_interfaces/msg/detail/traffic_light__traits.hpp
-- Up-to-date: /home/mustafa/evoart_ws/install/evoart_interfaces/include/evoart_interfaces/evoart_interfaces/msg/detail/vehicle_control__builder.hpp
-- Up-to-date: /home/mustafa/evoart_ws/install/evoart_interfaces/include/evoart_interfaces/evoart_interfaces/msg/detail/traffic_light__type_support.hpp
-- Up-to-date: /home/mustafa/evoart_ws/install/evoart_interfaces/include/evoart_interfaces/evoart_interfaces/msg/detail/obstacle__struct.hpp
-- Up-to-date: /home/mustafa/evoart_ws/install/evoart_interfaces/include/evoart_interfaces/evoart_interfaces/msg/detail/vehicle_control__struct.hpp
-- Up-to-date: /home/mustafa/evoart_ws/install/evoart_interfaces/include/evoart_interfaces/evoart_interfaces/msg/detail/vehicle_control__traits.hpp
-- Up-to-date: /home/mustafa/evoart_ws/install/evoart_interfaces/include/evoart_interfaces/evoart_interfaces/msg/detail/obstacle__type_support.hpp
-- Up-to-date: /home/mustafa/evoart_ws/install/evoart_interfaces/include/evoart_interfaces/evoart_interfaces/msg/detail/traffic_light__builder.hpp
-- Up-to-date: /home/mustafa/evoart_ws/install/evoart_interfaces/include/evoart_interfaces/evoart_interfaces/msg/vehicle_control.hpp
-- Up-to-date: /home/mustafa/evoart_ws/install/evoart_interfaces/include/evoart_interfaces/evoart_interfaces/msg/traffic_light.hpp
-- Up-to-date: /home/mustafa/evoart_ws/install/evoart_interfaces/include/evoart_interfaces/evoart_interfaces/msg/rosidl_generator_cpp__visibility_control.hpp
-- Up-to-date: /home/mustafa/evoart_ws/install/evoart_interfaces/include/evoart_interfaces/evoart_interfaces/msg/obstacle.hpp
-- Up-to-date: /home/mustafa/evoart_ws/install/evoart_interfaces/include/evoart_interfaces/evoart_interfaces/srv
-- Up-to-date: /home/mustafa/evoart_ws/install/evoart_interfaces/include/evoart_interfaces/evoart_interfaces/srv/start_park.hpp
-- Up-to-date: /home/mustafa/evoart_ws/install/evoart_interfaces/include/evoart_interfaces/evoart_interfaces/srv/detail
-- Up-to-date: /home/mustafa/evoart_ws/install/evoart_interfaces/include/evoart_interfaces/evoart_interfaces/srv/detail/start_park__struct.hpp
-- Up-to-date: /home/mustafa/evoart_ws/install/evoart_interfaces/include/evoart_interfaces/evoart_interfaces/srv/detail/start_park__traits.hpp
-- Up-to-date: /home/mustafa/evoart_ws/install/evoart_interfaces/include/evoart_interfaces/evoart_interfaces/srv/detail/start_park__type_support.hpp
-- Up-to-date: /home/mustafa/evoart_ws/install/evoart_interfaces/include/evoart_interfaces/evoart_interfaces/srv/detail/start_park__builder.hpp
-- Up-to-date: /home/mustafa/evoart_ws/install/evoart_interfaces/include/evoart_interfaces/evoart_interfaces
-- Up-to-date: /home/mustafa/evoart_ws/install/evoart_interfaces/include/evoart_interfaces/evoart_interfaces/msg
-- Up-to-date: /home/mustafa/evoart_ws/install/evoart_interfaces/include/evoart_interfaces/evoart_interfaces/msg/detail
-- Up-to-date: /home/mustafa/evoart_ws/install/evoart_interfaces/include/evoart_interfaces/evoart_interfaces/msg/detail/vehicle_control__rosidl_typesupport_fastrtps_cpp.hpp
-- Up-to-date: /home/mustafa/evoart_ws/install/evoart_interfaces/include/evoart_interfaces/evoart_interfaces/msg/detail/obstacle__rosidl_typesupport_fastrtps_cpp.hpp
-- Up-to-date: /home/mustafa/evoart_ws/install/evoart_interfaces/include/evoart_interfaces/evoart_interfaces/msg/detail/traffic_light__rosidl_typesupport_fastrtps_cpp.hpp
-- Up-to-date: /home/mustafa/evoart_ws/install/evoart_interfaces/include/evoart_interfaces/evoart_interfaces/msg/detail/dds_fastrtps
-- Up-to-date: /home/mustafa/evoart_ws/install/evoart_interfaces/include/evoart_interfaces/evoart_interfaces/msg/rosidl_typesupport_fastrtps_cpp__visibility_control.h
-- Up-to-date: /home/mustafa/evoart_ws/install/evoart_interfaces/include/evoart_interfaces/evoart_interfaces/srv
-- Up-to-date: /home/mustafa/evoart_ws/install/evoart_interfaces/include/evoart_interfaces/evoart_interfaces/srv/detail
-- Up-to-date: /home/mustafa/evoart_ws/install/evoart_interfaces/include/evoart_interfaces/evoart_interfaces/srv/detail/start_park__rosidl_typesupport_fastrtps_cpp.hpp
-- Up-to-date: /home/mustafa/evoart_ws/install/evoart_interfaces/include/evoart_interfaces/evoart_interfaces/srv/detail/dds_fastrtps
-- Up-to-date: /home/mustafa/evoart_ws/install/evoart_interfaces/lib/libevoart_interfaces__rosidl_typesupport_fastrtps_cpp.so
-- Up-to-date: /home/mustafa/evoart_ws/install/evoart_interfaces/include/evoart_interfaces/evoart_interfaces
-- Up-to-date: /home/mustafa/evoart_ws/install/evoart_interfaces/include/evoart_interfaces/evoart_interfaces/msg
-- Up-to-date: /home/mustafa/evoart_ws/install/evoart_interfaces/include/evoart_interfaces/evoart_interfaces/msg/detail
-- Up-to-date: /home/mustafa/evoart_ws/install/evoart_interfaces/include/evoart_interfaces/evoart_interfaces/msg/detail/obstacle__type_support.cpp
-- Up-to-date: /home/mustafa/evoart_ws/install/evoart_interfaces/include/evoart_interfaces/evoart_interfaces/msg/detail/traffic_light__type_support.cpp
-- Up-to-date: /home/mustafa/evoart_ws/install/evoart_interfaces/include/evoart_interfaces/evoart_interfaces/msg/detail/vehicle_control__type_support.cpp
-- Up-to-date: /home/mustafa/evoart_ws/install/evoart_interfaces/include/evoart_interfaces/evoart_interfaces/msg/detail/traffic_light__rosidl_typesupport_introspection_cpp.hpp
-- Up-to-date: /home/mustafa/evoart_ws/install/evoart_interfaces/include/evoart_interfaces/evoart_interfaces/msg/detail/vehicle_control__rosidl_typesupport_introspection_cpp.hpp
-- Up-to-date: /home/mustafa/evoart_ws/install/evoart_interfaces/include/evoart_interfaces/evoart_interfaces/msg/detail/obstacle__rosidl_typesupport_introspection_cpp.hpp
-- Up-to-date: /home/mustafa/evoart_ws/install/evoart_interfaces/include/evoart_interfaces/evoart_interfaces/srv
-- Up-to-date: /home/mustafa/evoart_ws/install/evoart_interfaces/include/evoart_interfaces/evoart_interfaces/srv/detail
-- Up-to-date: /home/mustafa/evoart_ws/install/evoart_interfaces/include/evoart_interfaces/evoart_interfaces/srv/detail/start_park__rosidl_typesupport_introspection_cpp.hpp
-- Up-to-date: /home/mustafa/evoart_ws/install/evoart_interfaces/include/evoart_interfaces/evoart_interfaces/srv/detail/start_park__type_support.cpp
-- Up-to-date: /home/mustafa/evoart_ws/install/evoart_interfaces/lib/libevoart_interfaces__rosidl_typesupport_introspection_cpp.so
-- Up-to-date: /home/mustafa/evoart_ws/install/evoart_interfaces/lib/libevoart_interfaces__rosidl_typesupport_cpp.so
-- Up-to-date: /home/mustafa/evoart_ws/install/evoart_interfaces/share/evoart_interfaces/environment/pythonpath.sh
-- Up-to-date: /home/mustafa/evoart_ws/install/evoart_interfaces/share/evoart_interfaces/environment/pythonpath.dsv
-- Up-to-date: /home/mustafa/evoart_ws/install/evoart_interfaces/local/lib/python3.10/dist-packages/evoart_interfaces-0.0.0-py3.10.egg-info
-- Installing: /home/mustafa/evoart_ws/install/evoart_interfaces/local/lib/python3.10/dist-packages/evoart_interfaces-0.0.0-py3.10.egg-info/PKG-INFO
-- Installing: /home/mustafa/evoart_ws/install/evoart_interfaces/local/lib/python3.10/dist-packages/evoart_interfaces-0.0.0-py3.10.egg-info/dependency_links.txt
-- Installing: /home/mustafa/evoart_ws/install/evoart_interfaces/local/lib/python3.10/dist-packages/evoart_interfaces-0.0.0-py3.10.egg-info/SOURCES.txt
-- Installing: /home/mustafa/evoart_ws/install/evoart_interfaces/local/lib/python3.10/dist-packages/evoart_interfaces-0.0.0-py3.10.egg-info/top_level.txt
-- Up-to-date: /home/mustafa/evoart_ws/install/evoart_interfaces/local/lib/python3.10/dist-packages/evoart_interfaces
-- Up-to-date: /home/mustafa/evoart_ws/install/evoart_interfaces/local/lib/python3.10/dist-packages/evoart_interfaces/_evoart_interfaces_s.ep.rosidl_typesupport_c.c
-- Up-to-date: /home/mustafa/evoart_ws/install/evoart_interfaces/local/lib/python3.10/dist-packages/evoart_interfaces/msg
-- Up-to-date: /home/mustafa/evoart_ws/install/evoart_interfaces/local/lib/python3.10/dist-packages/evoart_interfaces/msg/_traffic_light.py
-- Up-to-date: /home/mustafa/evoart_ws/install/evoart_interfaces/local/lib/python3.10/dist-packages/evoart_interfaces/msg/_obstacle_s.c
-- Up-to-date: /home/mustafa/evoart_ws/install/evoart_interfaces/local/lib/python3.10/dist-packages/evoart_interfaces/msg/_traffic_light_s.c
-- Up-to-date: /home/mustafa/evoart_ws/install/evoart_interfaces/local/lib/python3.10/dist-packages/evoart_interfaces/msg/_obstacle.py
-- Up-to-date: /home/mustafa/evoart_ws/install/evoart_interfaces/local/lib/python3.10/dist-packages/evoart_interfaces/msg/__init__.py
-- Up-to-date: /home/mustafa/evoart_ws/install/evoart_interfaces/local/lib/python3.10/dist-packages/evoart_interfaces/msg/_vehicle_control.py
-- Up-to-date: /home/mustafa/evoart_ws/install/evoart_interfaces/local/lib/python3.10/dist-packages/evoart_interfaces/msg/_vehicle_control_s.c
-- Up-to-date: /home/mustafa/evoart_ws/install/evoart_interfaces/local/lib/python3.10/dist-packages/evoart_interfaces/srv
-- Up-to-date: /home/mustafa/evoart_ws/install/evoart_interfaces/local/lib/python3.10/dist-packages/evoart_interfaces/srv/_start_park.py
-- Up-to-date: /home/mustafa/evoart_ws/install/evoart_interfaces/local/lib/python3.10/dist-packages/evoart_interfaces/srv/__init__.py
-- Up-to-date: /home/mustafa/evoart_ws/install/evoart_interfaces/local/lib/python3.10/dist-packages/evoart_interfaces/srv/_start_park_s.c
-- Up-to-date: /home/mustafa/evoart_ws/install/evoart_interfaces/local/lib/python3.10/dist-packages/evoart_interfaces/_evoart_interfaces_s.ep.rosidl_typesupport_introspection_c.c
-- Up-to-date: /home/mustafa/evoart_ws/install/evoart_interfaces/local/lib/python3.10/dist-packages/evoart_interfaces/_evoart_interfaces_s.ep.rosidl_typesupport_fastrtps_c.c
-- Up-to-date: /home/mustafa/evoart_ws/install/evoart_interfaces/local/lib/python3.10/dist-packages/evoart_interfaces/__init__.py
-- Up-to-date: /home/mustafa/evoart_ws/install/evoart_interfaces/local/lib/python3.10/dist-packages/evoart_interfaces/evoart_interfaces_s__rosidl_typesupport_introspection_c.cpython-310-x86_64-linux-gnu.so
-- Up-to-date: /home/mustafa/evoart_ws/install/evoart_interfaces/local/lib/python3.10/dist-packages/evoart_interfaces/evoart_interfaces_s__rosidl_typesupport_fastrtps_c.cpython-310-x86_64-linux-gnu.so
-- Up-to-date: /home/mustafa/evoart_ws/install/evoart_interfaces/local/lib/python3.10/dist-packages/evoart_interfaces/libevoart_interfaces__rosidl_generator_py.so
-- Up-to-date: /home/mustafa/evoart_ws/install/evoart_interfaces/local/lib/python3.10/dist-packages/evoart_interfaces/evoart_interfaces_s__rosidl_typesupport_c.cpython-310-x86_64-linux-gnu.so
Listing '/home/mustafa/evoart_ws/install/evoart_interfaces/local/lib/python3.10/dist-packages/evoart_interfaces'...
Listing '/home/mustafa/evoart_ws/install/evoart_interfaces/local/lib/python3.10/dist-packages/evoart_interfaces/msg'...
Listing '/home/mustafa/evoart_ws/install/evoart_interfaces/local/lib/python3.10/dist-packages/evoart_interfaces/srv'...
-- Up-to-date: /home/mustafa/evoart_ws/install/evoart_interfaces/local/lib/python3.10/dist-packages/evoart_interfaces/evoart_interfaces_s__rosidl_typesupport_fastrtps_c.cpython-310-x86_64-linux-gnu.so
-- Up-to-date: /home/mustafa/evoart_ws/install/evoart_interfaces/local/lib/python3.10/dist-packages/evoart_interfaces/evoart_interfaces_s__rosidl_typesupport_introspection_c.cpython-310-x86_64-linux-gnu.so
-- Up-to-date: /home/mustafa/evoart_ws/install/evoart_interfaces/local/lib/python3.10/dist-packages/evoart_interfaces/evoart_interfaces_s__rosidl_typesupport_c.cpython-310-x86_64-linux-gnu.so
-- Up-to-date: /home/mustafa/evoart_ws/install/evoart_interfaces/lib/libevoart_interfaces__rosidl_generator_py.so
-- Up-to-date: /home/mustafa/evoart_ws/install/evoart_interfaces/share/ament_index/resource_index/rust_packages/evoart_interfaces
-- Up-to-date: /home/mustafa/evoart_ws/install/evoart_interfaces/share/evoart_interfaces/rust
-- Up-to-date: /home/mustafa/evoart_ws/install/evoart_interfaces/share/evoart_interfaces/rust/src
-- Up-to-date: /home/mustafa/evoart_ws/install/evoart_interfaces/share/evoart_interfaces/rust/src/lib.rs
-- Up-to-date: /home/mustafa/evoart_ws/install/evoart_interfaces/share/evoart_interfaces/rust/src/msg
-- Up-to-date: /home/mustafa/evoart_ws/install/evoart_interfaces/share/evoart_interfaces/rust/src/msg/rmw.rs
-- Up-to-date: /home/mustafa/evoart_ws/install/evoart_interfaces/share/evoart_interfaces/rust/src/srv
-- Up-to-date: /home/mustafa/evoart_ws/install/evoart_interfaces/share/evoart_interfaces/rust/src/srv/rmw.rs
-- Up-to-date: /home/mustafa/evoart_ws/install/evoart_interfaces/share/evoart_interfaces/rust/src/msg.rs
-- Up-to-date: /home/mustafa/evoart_ws/install/evoart_interfaces/share/evoart_interfaces/rust/src/srv.rs
-- Up-to-date: /home/mustafa/evoart_ws/install/evoart_interfaces/share/evoart_interfaces/rust/build.rs
-- Up-to-date: /home/mustafa/evoart_ws/install/evoart_interfaces/share/evoart_interfaces/rust/Cargo.toml
-- Up-to-date: /home/mustafa/evoart_ws/install/evoart_interfaces/share/evoart_interfaces/msg/Obstacle.idl
-- Up-to-date: /home/mustafa/evoart_ws/install/evoart_interfaces/share/evoart_interfaces/msg/TrafficLight.idl
-- Up-to-date: /home/mustafa/evoart_ws/install/evoart_interfaces/share/evoart_interfaces/msg/VehicleControl.idl
-- Up-to-date: /home/mustafa/evoart_ws/install/evoart_interfaces/share/evoart_interfaces/srv/StartPark.idl
-- Up-to-date: /home/mustafa/evoart_ws/install/evoart_interfaces/share/evoart_interfaces/msg/Obstacle.msg
-- Up-to-date: /home/mustafa/evoart_ws/install/evoart_interfaces/share/evoart_interfaces/msg/TrafficLight.msg
-- Up-to-date: /home/mustafa/evoart_ws/install/evoart_interfaces/share/evoart_interfaces/msg/VehicleControl.msg
-- Up-to-date: /home/mustafa/evoart_ws/install/evoart_interfaces/share/evoart_interfaces/srv/StartPark.srv
-- Up-to-date: /home/mustafa/evoart_ws/install/evoart_interfaces/share/evoart_interfaces/srv/StartPark_Request.msg
-- Up-to-date: /home/mustafa/evoart_ws/install/evoart_interfaces/share/evoart_interfaces/srv/StartPark_Response.msg
-- Up-to-date: /home/mustafa/evoart_ws/install/evoart_interfaces/share/ament_index/resource_index/package_run_dependencies/evoart_interfaces
-- Up-to-date: /home/mustafa/evoart_ws/install/evoart_interfaces/share/ament_index/resource_index/parent_prefix_path/evoart_interfaces
-- Up-to-date: /home/mustafa/evoart_ws/install/evoart_interfaces/share/evoart_interfaces/environment/ament_prefix_path.sh
-- Up-to-date: /home/mustafa/evoart_ws/install/evoart_interfaces/share/evoart_interfaces/environment/ament_prefix_path.dsv
-- Up-to-date: /home/mustafa/evoart_ws/install/evoart_interfaces/share/evoart_interfaces/environment/path.sh
-- Up-to-date: /home/mustafa/evoart_ws/install/evoart_interfaces/share/evoart_interfaces/environment/path.dsv
-- Up-to-date: /home/mustafa/evoart_ws/install/evoart_interfaces/share/evoart_interfaces/local_setup.bash
-- Up-to-date: /home/mustafa/evoart_ws/install/evoart_interfaces/share/evoart_interfaces/local_setup.sh
-- Up-to-date: /home/mustafa/evoart_ws/install/evoart_interfaces/share/evoart_interfaces/local_setup.zsh
-- Up-to-date: /home/mustafa/evoart_ws/install/evoart_interfaces/share/evoart_interfaces/local_setup.dsv
-- Installing: /home/mustafa/evoart_ws/install/evoart_interfaces/share/evoart_interfaces/package.dsv
-- Up-to-date: /home/mustafa/evoart_ws/install/evoart_interfaces/share/ament_index/resource_index/packages/evoart_interfaces
-- Up-to-date: /home/mustafa/evoart_ws/install/evoart_interfaces/share/evoart_interfaces/cmake/export_evoart_interfaces__rosidl_generator_cExport.cmake
-- Up-to-date: /home/mustafa/evoart_ws/install/evoart_interfaces/share/evoart_interfaces/cmake/export_evoart_interfaces__rosidl_generator_cExport-noconfig.cmake
-- Up-to-date: /home/mustafa/evoart_ws/install/evoart_interfaces/share/evoart_interfaces/cmake/export_evoart_interfaces__rosidl_typesupport_fastrtps_cExport.cmake
-- Up-to-date: /home/mustafa/evoart_ws/install/evoart_interfaces/share/evoart_interfaces/cmake/export_evoart_interfaces__rosidl_typesupport_fastrtps_cExport-noconfig.cmake
-- Up-to-date: /home/mustafa/evoart_ws/install/evoart_interfaces/share/evoart_interfaces/cmake/evoart_interfaces__rosidl_typesupport_introspection_cExport.cmake
-- Up-to-date: /home/mustafa/evoart_ws/install/evoart_interfaces/share/evoart_interfaces/cmake/evoart_interfaces__rosidl_typesupport_introspection_cExport-noconfig.cmake
-- Up-to-date: /home/mustafa/evoart_ws/install/evoart_interfaces/share/evoart_interfaces/cmake/evoart_interfaces__rosidl_typesupport_cExport.cmake
-- Up-to-date: /home/mustafa/evoart_ws/install/evoart_interfaces/share/evoart_interfaces/cmake/evoart_interfaces__rosidl_typesupport_cExport-noconfig.cmake
-- Up-to-date: /home/mustafa/evoart_ws/install/evoart_interfaces/share/evoart_interfaces/cmake/export_evoart_interfaces__rosidl_generator_cppExport.cmake
-- Up-to-date: /home/mustafa/evoart_ws/install/evoart_interfaces/share/evoart_interfaces/cmake/export_evoart_interfaces__rosidl_typesupport_fastrtps_cppExport.cmake
-- Up-to-date: /home/mustafa/evoart_ws/install/evoart_interfaces/share/evoart_interfaces/cmake/export_evoart_interfaces__rosidl_typesupport_fastrtps_cppExport-noconfig.cmake
-- Up-to-date: /home/mustafa/evoart_ws/install/evoart_interfaces/share/evoart_interfaces/cmake/evoart_interfaces__rosidl_typesupport_introspection_cppExport.cmake
-- Up-to-date: /home/mustafa/evoart_ws/install/evoart_interfaces/share/evoart_interfaces/cmake/evoart_interfaces__rosidl_typesupport_introspection_cppExport-noconfig.cmake
-- Up-to-date: /home/mustafa/evoart_ws/install/evoart_interfaces/share/evoart_interfaces/cmake/evoart_interfaces__rosidl_typesupport_cppExport.cmake
-- Up-to-date: /home/mustafa/evoart_ws/install/evoart_interfaces/share/evoart_interfaces/cmake/evoart_interfaces__rosidl_typesupport_cppExport-noconfig.cmake
-- Up-to-date: /home/mustafa/evoart_ws/install/evoart_interfaces/share/evoart_interfaces/cmake/export_evoart_interfaces__rosidl_generator_pyExport.cmake
-- Up-to-date: /home/mustafa/evoart_ws/install/evoart_interfaces/share/evoart_interfaces/cmake/export_evoart_interfaces__rosidl_generator_pyExport-noconfig.cmake
-- Up-to-date: /home/mustafa/evoart_ws/install/evoart_interfaces/share/evoart_interfaces/cmake/rosidl_cmake-extras.cmake
-- Up-to-date: /home/mustafa/evoart_ws/install/evoart_interfaces/share/evoart_interfaces/cmake/ament_cmake_export_include_directories-extras.cmake
-- Up-to-date: /home/mustafa/evoart_ws/install/evoart_interfaces/share/evoart_interfaces/cmake/ament_cmake_export_libraries-extras.cmake
-- Up-to-date: /home/mustafa/evoart_ws/install/evoart_interfaces/share/evoart_interfaces/cmake/ament_cmake_export_targets-extras.cmake
-- Up-to-date: /home/mustafa/evoart_ws/install/evoart_interfaces/share/evoart_interfaces/cmake/rosidl_cmake_export_typesupport_targets-extras.cmake
-- Up-to-date: /home/mustafa/evoart_ws/install/evoart_interfaces/share/evoart_interfaces/cmake/ament_cmake_export_dependencies-extras.cmake
-- Up-to-date: /home/mustafa/evoart_ws/install/evoart_interfaces/share/evoart_interfaces/cmake/rosidl_cmake_export_typesupport_libraries-extras.cmake
-- Up-to-date: /home/mustafa/evoart_ws/install/evoart_interfaces/share/evoart_interfaces/cmake/rosidl_cmake_aggregate_target-extras.cmake
-- Up-to-date: /home/mustafa/evoart_ws/install/evoart_interfaces/share/evoart_interfaces/cmake/evoart_interfacesConfig.cmake
-- Up-to-date: /home/mustafa/evoart_ws/install/evoart_interfaces/share/evoart_interfaces/cmake/evoart_interfacesConfig-version.cmake
-- Up-to-date: /home/mustafa/evoart_ws/install/evoart_interfaces/share/evoart_interfaces/package.xml
