-- Install configuration: ""
-- Up-to-date: /home/mustafa/evoart_ws/install/evoart_bringup/share/evoart_bringup/launch
-- Up-to-date: /home/mustafa/evoart_ws/install/evoart_bringup/share/evoart_bringup/launch/microros.launch.py
-- Up-to-date: /home/mustafa/evoart_ws/install/evoart_bringup/share/evoart_bringup/launch/sim_autonomous.launch.py
-- Up-to-date: /home/mustafa/evoart_ws/install/evoart_bringup/share/evoart_bringup/launch/robotaksi.launch.py
-- Up-to-date: /home/mustafa/evoart_ws/install/evoart_bringup/share/evoart_bringup/launch/sensors.launch.py
-- Up-to-date: /home/mustafa/evoart_ws/install/evoart_bringup/share/evoart_bringup/config
-- Up-to-date: /home/mustafa/evoart_ws/install/evoart_bringup/share/evoart_bringup/config/laserscan_filter.yaml
-- Up-to-date: /home/mustafa/evoart_ws/install/evoart_bringup/share/ament_index/resource_index/package_run_dependencies/evoart_bringup
-- Up-to-date: /home/mustafa/evoart_ws/install/evoart_bringup/share/ament_index/resource_index/parent_prefix_path/evoart_bringup
-- Up-to-date: /home/mustafa/evoart_ws/install/evoart_bringup/share/evoart_bringup/environment/ament_prefix_path.sh
-- Up-to-date: /home/mustafa/evoart_ws/install/evoart_bringup/share/evoart_bringup/environment/ament_prefix_path.dsv
-- Up-to-date: /home/mustafa/evoart_ws/install/evoart_bringup/share/evoart_bringup/environment/path.sh
-- Up-to-date: /home/mustafa/evoart_ws/install/evoart_bringup/share/evoart_bringup/environment/path.dsv
-- Up-to-date: /home/mustafa/evoart_ws/install/evoart_bringup/share/evoart_bringup/local_setup.bash
-- Up-to-date: /home/mustafa/evoart_ws/install/evoart_bringup/share/evoart_bringup/local_setup.sh
-- Up-to-date: /home/mustafa/evoart_ws/install/evoart_bringup/share/evoart_bringup/local_setup.zsh
-- Up-to-date: /home/mustafa/evoart_ws/install/evoart_bringup/share/evoart_bringup/local_setup.dsv
-- Installing: /home/mustafa/evoart_ws/install/evoart_bringup/share/evoart_bringup/package.dsv
-- Up-to-date: /home/mustafa/evoart_ws/install/evoart_bringup/share/ament_index/resource_index/packages/evoart_bringup
-- Up-to-date: /home/mustafa/evoart_ws/install/evoart_bringup/share/evoart_bringup/cmake/evoart_bringupConfig.cmake
-- Up-to-date: /home/mustafa/evoart_ws/install/evoart_bringup/share/evoart_bringup/cmake/evoart_bringupConfig-version.cmake
-- Up-to-date: /home/mustafa/evoart_ws/install/evoart_bringup/share/evoart_bringup/package.xml
