[0.009s] Invoking command in '/home/mustafa/evoart_ws/build/evoart_bringup': AMENT_PREFIX_PATH=/home/mustafa/evoart_ws/install/evoart_control:/home/mustafa/evoart_ws/install/evoart_navigation:/home/mustafa/evoart_ws/install/evoart_interfaces:/home/mustafa/evoart_ws/install/evoart_description:${AMENT_PREFIX_PATH} CMAKE_PREFIX_PATH=/home/mustafa/evoart_ws/install/evoart_control:/home/mustafa/evoart_ws/install/evoart_navigation:/home/mustafa/evoart_ws/install/evoart_interfaces:/home/mustafa/evoart_ws/install/evoart_description:/opt/ros/humble LD_LIBRARY_PATH=/home/mustafa/evoart_ws/install/evoart_interfaces/lib:${LD_LIBRARY_PATH} PYTHONPATH=/home/mustafa/evoart_ws/install/evoart_interfaces/local/lib/python3.10/dist-packages:${PYTHONPATH} /usr/bin/cmake --build /home/mustafa/evoart_ws/build/evoart_bringup -- -j32 -l32
[0.039s] Invoked command in '/home/mustafa/evoart_ws/build/evoart_bringup' returned '0': AMENT_PREFIX_PATH=/home/mustafa/evoart_ws/install/evoart_control:/home/mustafa/evoart_ws/install/evoart_navigation:/home/mustafa/evoart_ws/install/evoart_interfaces:/home/mustafa/evoart_ws/install/evoart_description:${AMENT_PREFIX_PATH} CMAKE_PREFIX_PATH=/home/mustafa/evoart_ws/install/evoart_control:/home/mustafa/evoart_ws/install/evoart_navigation:/home/mustafa/evoart_ws/install/evoart_interfaces:/home/mustafa/evoart_ws/install/evoart_description:/opt/ros/humble LD_LIBRARY_PATH=/home/mustafa/evoart_ws/install/evoart_interfaces/lib:${LD_LIBRARY_PATH} PYTHONPATH=/home/mustafa/evoart_ws/install/evoart_interfaces/local/lib/python3.10/dist-packages:${PYTHONPATH} /usr/bin/cmake --build /home/mustafa/evoart_ws/build/evoart_bringup -- -j32 -l32
[0.039s] Invoking command in '/home/mustafa/evoart_ws/build/evoart_bringup': AMENT_PREFIX_PATH=/home/mustafa/evoart_ws/install/evoart_control:/home/mustafa/evoart_ws/install/evoart_navigation:/home/mustafa/evoart_ws/install/evoart_interfaces:/home/mustafa/evoart_ws/install/evoart_description:${AMENT_PREFIX_PATH} CMAKE_PREFIX_PATH=/home/mustafa/evoart_ws/install/evoart_control:/home/mustafa/evoart_ws/install/evoart_navigation:/home/mustafa/evoart_ws/install/evoart_interfaces:/home/mustafa/evoart_ws/install/evoart_description:/opt/ros/humble LD_LIBRARY_PATH=/home/mustafa/evoart_ws/install/evoart_interfaces/lib:${LD_LIBRARY_PATH} PYTHONPATH=/home/mustafa/evoart_ws/install/evoart_interfaces/local/lib/python3.10/dist-packages:${PYTHONPATH} /usr/bin/cmake --install /home/mustafa/evoart_ws/build/evoart_bringup
[0.047s] -- Install configuration: ""
[0.047s] -- Up-to-date: /home/mustafa/evoart_ws/install/evoart_bringup/share/evoart_bringup/launch
[0.047s] -- Up-to-date: /home/mustafa/evoart_ws/install/evoart_bringup/share/evoart_bringup/launch/microros.launch.py
[0.047s] -- Up-to-date: /home/mustafa/evoart_ws/install/evoart_bringup/share/evoart_bringup/launch/sim_autonomous.launch.py
[0.047s] -- Up-to-date: /home/mustafa/evoart_ws/install/evoart_bringup/share/evoart_bringup/launch/robotaksi.launch.py
[0.047s] -- Up-to-date: /home/mustafa/evoart_ws/install/evoart_bringup/share/evoart_bringup/launch/sensors.launch.py
[0.047s] -- Up-to-date: /home/mustafa/evoart_ws/install/evoart_bringup/share/evoart_bringup/config
[0.047s] -- Up-to-date: /home/mustafa/evoart_ws/install/evoart_bringup/share/evoart_bringup/config/laserscan_filter.yaml
[0.047s] -- Up-to-date: /home/mustafa/evoart_ws/install/evoart_bringup/share/ament_index/resource_index/package_run_dependencies/evoart_bringup
[0.048s] -- Up-to-date: /home/mustafa/evoart_ws/install/evoart_bringup/share/ament_index/resource_index/parent_prefix_path/evoart_bringup
[0.048s] -- Up-to-date: /home/mustafa/evoart_ws/install/evoart_bringup/share/evoart_bringup/environment/ament_prefix_path.sh
[0.048s] -- Up-to-date: /home/mustafa/evoart_ws/install/evoart_bringup/share/evoart_bringup/environment/ament_prefix_path.dsv
[0.048s] -- Up-to-date: /home/mustafa/evoart_ws/install/evoart_bringup/share/evoart_bringup/environment/path.sh
[0.048s] -- Up-to-date: /home/mustafa/evoart_ws/install/evoart_bringup/share/evoart_bringup/environment/path.dsv
[0.048s] -- Up-to-date: /home/mustafa/evoart_ws/install/evoart_bringup/share/evoart_bringup/local_setup.bash
[0.048s] -- Up-to-date: /home/mustafa/evoart_ws/install/evoart_bringup/share/evoart_bringup/local_setup.sh
[0.048s] -- Up-to-date: /home/mustafa/evoart_ws/install/evoart_bringup/share/evoart_bringup/local_setup.zsh
[0.048s] -- Up-to-date: /home/mustafa/evoart_ws/install/evoart_bringup/share/evoart_bringup/local_setup.dsv
[0.048s] -- Installing: /home/mustafa/evoart_ws/install/evoart_bringup/share/evoart_bringup/package.dsv
[0.048s] -- Up-to-date: /home/mustafa/evoart_ws/install/evoart_bringup/share/ament_index/resource_index/packages/evoart_bringup
[0.048s] -- Up-to-date: /home/mustafa/evoart_ws/install/evoart_bringup/share/evoart_bringup/cmake/evoart_bringupConfig.cmake
[0.048s] -- Up-to-date: /home/mustafa/evoart_ws/install/evoart_bringup/share/evoart_bringup/cmake/evoart_bringupConfig-version.cmake
[0.048s] -- Up-to-date: /home/mustafa/evoart_ws/install/evoart_bringup/share/evoart_bringup/package.xml
[0.049s] Invoked command in '/home/mustafa/evoart_ws/build/evoart_bringup' returned '0': AMENT_PREFIX_PATH=/home/mustafa/evoart_ws/install/evoart_control:/home/mustafa/evoart_ws/install/evoart_navigation:/home/mustafa/evoart_ws/install/evoart_interfaces:/home/mustafa/evoart_ws/install/evoart_description:${AMENT_PREFIX_PATH} CMAKE_PREFIX_PATH=/home/mustafa/evoart_ws/install/evoart_control:/home/mustafa/evoart_ws/install/evoart_navigation:/home/mustafa/evoart_ws/install/evoart_interfaces:/home/mustafa/evoart_ws/install/evoart_description:/opt/ros/humble LD_LIBRARY_PATH=/home/mustafa/evoart_ws/install/evoart_interfaces/lib:${LD_LIBRARY_PATH} PYTHONPATH=/home/mustafa/evoart_ws/install/evoart_interfaces/local/lib/python3.10/dist-packages:${PYTHONPATH} /usr/bin/cmake --install /home/mustafa/evoart_ws/build/evoart_bringup
