[0.008s] Invoking command in '/home/mustafa/evoart_ws/build/zed_ros2': AMENT_PREFIX_PATH=/home/mustafa/evoart_ws/install/zed_wrapper:/home/mustafa/evoart_ws/install/zed_components:${AMENT_PREFIX_PATH} CMAKE_PREFIX_PATH=/home/mustafa/evoart_ws/install/zed_wrapper:/home/mustafa/evoart_ws/install/zed_components:/home/mustafa/evoart_ws/install/evoart_control:/home/mustafa/evoart_ws/install/evoart_interfaces:/opt/ros/humble LD_LIBRARY_PATH=/home/mustafa/evoart_ws/install/zed_components/lib:${LD_LIBRARY_PATH} /usr/bin/cmake /home/mustafa/evoart_ws/src/zed-ros2-wrapper/zed_ros2 -DCMAKE_INSTALL_PREFIX=/home/mustafa/evoart_ws/install/zed_ros2
[0.023s] -- Found ament_cmake_auto: 1.3.14 (/opt/ros/humble/share/ament_cmake_auto/cmake)
[0.138s] -- Found Python3: /usr/bin/python3 (found version "3.10.12") found components: Interpreter 
[0.245s] -- Found ament_lint_auto: 0.12.15 (/opt/ros/humble/share/ament_lint_auto/cmake)
[0.258s] -- Added test 'copyright' to check source files copyright and LICENSE
[0.259s] -- Added test 'lint_cmake' to check CMake code style
[0.259s] -- Added test 'xmllint' to check XML markup files
[0.260s] -- Configuring done
[0.262s] -- Generating done
[0.263s] -- Build files have been written to: /home/mustafa/evoart_ws/build/zed_ros2
[0.265s] Invoked command in '/home/mustafa/evoart_ws/build/zed_ros2' returned '0': AMENT_PREFIX_PATH=/home/mustafa/evoart_ws/install/zed_wrapper:/home/mustafa/evoart_ws/install/zed_components:${AMENT_PREFIX_PATH} CMAKE_PREFIX_PATH=/home/mustafa/evoart_ws/install/zed_wrapper:/home/mustafa/evoart_ws/install/zed_components:/home/mustafa/evoart_ws/install/evoart_control:/home/mustafa/evoart_ws/install/evoart_interfaces:/opt/ros/humble LD_LIBRARY_PATH=/home/mustafa/evoart_ws/install/zed_components/lib:${LD_LIBRARY_PATH} /usr/bin/cmake /home/mustafa/evoart_ws/src/zed-ros2-wrapper/zed_ros2 -DCMAKE_INSTALL_PREFIX=/home/mustafa/evoart_ws/install/zed_ros2
[0.266s] Invoking command in '/home/mustafa/evoart_ws/build/zed_ros2': AMENT_PREFIX_PATH=/home/mustafa/evoart_ws/install/zed_wrapper:/home/mustafa/evoart_ws/install/zed_components:${AMENT_PREFIX_PATH} CMAKE_PREFIX_PATH=/home/mustafa/evoart_ws/install/zed_wrapper:/home/mustafa/evoart_ws/install/zed_components:/home/mustafa/evoart_ws/install/evoart_control:/home/mustafa/evoart_ws/install/evoart_interfaces:/opt/ros/humble LD_LIBRARY_PATH=/home/mustafa/evoart_ws/install/zed_components/lib:${LD_LIBRARY_PATH} /usr/bin/cmake --build /home/mustafa/evoart_ws/build/zed_ros2 -- -j32 -l32
[0.295s] Invoked command in '/home/mustafa/evoart_ws/build/zed_ros2' returned '0': AMENT_PREFIX_PATH=/home/mustafa/evoart_ws/install/zed_wrapper:/home/mustafa/evoart_ws/install/zed_components:${AMENT_PREFIX_PATH} CMAKE_PREFIX_PATH=/home/mustafa/evoart_ws/install/zed_wrapper:/home/mustafa/evoart_ws/install/zed_components:/home/mustafa/evoart_ws/install/evoart_control:/home/mustafa/evoart_ws/install/evoart_interfaces:/opt/ros/humble LD_LIBRARY_PATH=/home/mustafa/evoart_ws/install/zed_components/lib:${LD_LIBRARY_PATH} /usr/bin/cmake --build /home/mustafa/evoart_ws/build/zed_ros2 -- -j32 -l32
[0.296s] Invoking command in '/home/mustafa/evoart_ws/build/zed_ros2': AMENT_PREFIX_PATH=/home/mustafa/evoart_ws/install/zed_wrapper:/home/mustafa/evoart_ws/install/zed_components:${AMENT_PREFIX_PATH} CMAKE_PREFIX_PATH=/home/mustafa/evoart_ws/install/zed_wrapper:/home/mustafa/evoart_ws/install/zed_components:/home/mustafa/evoart_ws/install/evoart_control:/home/mustafa/evoart_ws/install/evoart_interfaces:/opt/ros/humble LD_LIBRARY_PATH=/home/mustafa/evoart_ws/install/zed_components/lib:${LD_LIBRARY_PATH} /usr/bin/cmake --install /home/mustafa/evoart_ws/build/zed_ros2
[0.300s] -- Install configuration: ""
[0.301s] -- Installing: /home/mustafa/evoart_ws/install/zed_ros2/share/ament_index/resource_index/package_run_dependencies/zed_ros2
[0.301s] -- Installing: /home/mustafa/evoart_ws/install/zed_ros2/share/ament_index/resource_index/parent_prefix_path/zed_ros2
[0.301s] -- Installing: /home/mustafa/evoart_ws/install/zed_ros2/share/zed_ros2/environment/ament_prefix_path.sh
[0.301s] -- Installing: /home/mustafa/evoart_ws/install/zed_ros2/share/zed_ros2/environment/ament_prefix_path.dsv
[0.301s] -- Installing: /home/mustafa/evoart_ws/install/zed_ros2/share/zed_ros2/environment/path.sh
[0.301s] -- Installing: /home/mustafa/evoart_ws/install/zed_ros2/share/zed_ros2/environment/path.dsv
[0.301s] -- Installing: /home/mustafa/evoart_ws/install/zed_ros2/share/zed_ros2/local_setup.bash
[0.301s] -- Installing: /home/mustafa/evoart_ws/install/zed_ros2/share/zed_ros2/local_setup.sh
[0.302s] -- Installing: /home/mustafa/evoart_ws/install/zed_ros2/share/zed_ros2/local_setup.zsh
[0.302s] -- Installing: /home/mustafa/evoart_ws/install/zed_ros2/share/zed_ros2/local_setup.dsv
[0.302s] -- Installing: /home/mustafa/evoart_ws/install/zed_ros2/share/zed_ros2/package.dsv
[0.302s] -- Installing: /home/mustafa/evoart_ws/install/zed_ros2/share/ament_index/resource_index/packages/zed_ros2
[0.302s] -- Installing: /home/mustafa/evoart_ws/install/zed_ros2/share/zed_ros2/cmake/zed_ros2Config.cmake
[0.302s] -- Installing: /home/mustafa/evoart_ws/install/zed_ros2/share/zed_ros2/cmake/zed_ros2Config-version.cmake
[0.302s] -- Installing: /home/mustafa/evoart_ws/install/zed_ros2/share/zed_ros2/package.xml
[0.304s] Invoked command in '/home/mustafa/evoart_ws/build/zed_ros2' returned '0': AMENT_PREFIX_PATH=/home/mustafa/evoart_ws/install/zed_wrapper:/home/mustafa/evoart_ws/install/zed_components:${AMENT_PREFIX_PATH} CMAKE_PREFIX_PATH=/home/mustafa/evoart_ws/install/zed_wrapper:/home/mustafa/evoart_ws/install/zed_components:/home/mustafa/evoart_ws/install/evoart_control:/home/mustafa/evoart_ws/install/evoart_interfaces:/opt/ros/humble LD_LIBRARY_PATH=/home/mustafa/evoart_ws/install/zed_components/lib:${LD_LIBRARY_PATH} /usr/bin/cmake --install /home/mustafa/evoart_ws/build/zed_ros2
