[0.014s] Invoking command in '/home/mustafa/evoart_ws/build/velodyne_laserscan': CMAKE_PREFIX_PATH=${CMAKE_PREFIX_PATH}:/opt/ros/humble /usr/bin/cmake /home/mustafa/evoart_ws/src/velodyne/velodyne_laserscan -DCMAKE_INSTALL_PREFIX=/home/mustafa/evoart_ws/install/velodyne_laserscan
[0.092s] -- The C compiler identification is GNU 11.4.0
[0.150s] -- The CXX compiler identification is GNU 11.4.0
[0.158s] -- Detecting C compiler ABI info
[0.227s] -- Detecting C compiler ABI info - done
[0.232s] -- Check for working C compiler: /usr/bin/cc - skipped
[0.233s] -- Detecting C compile features
[0.233s] -- Detecting C compile features - done
[0.236s] -- Detecting CXX compiler ABI info
[0.314s] -- Detecting CXX compiler ABI info - done
[0.321s] -- Check for working CXX compiler: /usr/bin/c++ - skipped
[0.321s] -- Detecting CXX compile features
[0.322s] -- Detecting CXX compile features - done
[0.324s] -- Found ament_cmake_ros: 0.10.0 (/opt/ros/humble/share/ament_cmake_ros/cmake)
[0.474s] -- Found Python3: /usr/bin/python3 (found version "3.10.12") found components: Interpreter 
[0.572s] -- Found rclcpp: 16.0.19 (/opt/ros/humble/share/rclcpp/cmake)
[0.625s] -- Found rosidl_generator_c: 3.1.9 (/opt/ros/humble/share/rosidl_generator_c/cmake)
[0.630s] -- Found rosidl_adapter: 3.1.9 (/opt/ros/humble/share/rosidl_adapter/cmake)
[0.639s] -- Found rosidl_generator_cpp: 3.1.9 (/opt/ros/humble/share/rosidl_generator_cpp/cmake)
[0.653s] -- Using all available rosidl_typesupport_c: rosidl_typesupport_fastrtps_c;rosidl_typesupport_introspection_c
[0.668s] -- Using all available rosidl_typesupport_cpp: rosidl_typesupport_fastrtps_cpp;rosidl_typesupport_introspection_cpp
[0.720s] -- Found rmw_implementation_cmake: 6.1.2 (/opt/ros/humble/share/rmw_implementation_cmake/cmake)
[0.723s] -- Found rmw_fastrtps_cpp: 6.2.10 (/opt/ros/humble/share/rmw_fastrtps_cpp/cmake)
[0.822s] -- Found OpenSSL: /usr/lib/x86_64-linux-gnu/libcrypto.so (found version "3.0.2")  
[0.852s] -- Found FastRTPS: /opt/ros/humble/include  
[0.898s] -- Using RMW implementation 'rmw_fastrtps_cpp' as default
[0.908s] -- Looking for pthread.h
[0.977s] -- Looking for pthread.h - found
[0.977s] -- Performing Test CMAKE_HAVE_LIBC_PTHREAD
[1.047s] -- Performing Test CMAKE_HAVE_LIBC_PTHREAD - Success
[1.048s] -- Found Threads: TRUE  
[1.102s] -- Found rclcpp_components: 16.0.19 (/opt/ros/humble/share/rclcpp_components/cmake)
[1.136s] -- Found sensor_msgs: 4.9.1 (/opt/ros/humble/share/sensor_msgs/cmake)
[1.168s] -- Found ament_lint_auto: 0.12.15 (/opt/ros/humble/share/ament_lint_auto/cmake)
[1.247s] -- Added test 'copyright' to check source files copyright and LICENSE
[1.249s] -- Added test 'cppcheck' to perform static code analysis on C / C++ code
[1.249s] -- Configured cppcheck include dirs: $<BUILD_INTERFACE:/home/mustafa/evoart_ws/src/velodyne/velodyne_laserscan/include>
[1.249s] -- Configured cppcheck exclude dirs and/or files: 
[1.250s] -- Added test 'cpplint' to check C / C++ code against the Google style
[1.250s] -- Configured cpplint exclude dirs and/or files: 
[1.251s] -- Added test 'flake8' to check Python code syntax and style conventions
[1.252s] -- Added test 'lint_cmake' to check CMake code style
[1.252s] -- Added test 'pep257' to check Python code against some of the docstring style conventions in PEP 257
[1.254s] -- Added test 'uncrustify' to check C / C++ code style
[1.254s] -- Configured uncrustify additional arguments: 
[1.254s] -- Added test 'xmllint' to check XML markup files
[1.257s] -- Configuring done
[1.272s] -- Generating done
[1.276s] -- Build files have been written to: /home/mustafa/evoart_ws/build/velodyne_laserscan
[1.287s] Invoked command in '/home/mustafa/evoart_ws/build/velodyne_laserscan' returned '0': CMAKE_PREFIX_PATH=${CMAKE_PREFIX_PATH}:/opt/ros/humble /usr/bin/cmake /home/mustafa/evoart_ws/src/velodyne/velodyne_laserscan -DCMAKE_INSTALL_PREFIX=/home/mustafa/evoart_ws/install/velodyne_laserscan
[1.288s] Invoking command in '/home/mustafa/evoart_ws/build/velodyne_laserscan': CMAKE_PREFIX_PATH=${CMAKE_PREFIX_PATH}:/opt/ros/humble /usr/bin/cmake --build /home/mustafa/evoart_ws/build/velodyne_laserscan -- -j32 -l32
[1.335s] [ 25%] [32mBuilding CXX object CMakeFiles/velodyne_laserscan.dir/src/velodyne_laserscan.cpp.o[0m
[12.666s] [ 50%] [32m[1mLinking CXX shared library libvelodyne_laserscan.so[0m
[13.202s] [ 50%] Built target velodyne_laserscan
[13.232s] [ 75%] [32mBuilding CXX object CMakeFiles/velodyne_laserscan_node.dir/src/node.cpp.o[0m
[16.131s] [100%] [32m[1mLinking CXX executable velodyne_laserscan_node[0m
[16.299s] [100%] Built target velodyne_laserscan_node
[16.310s] Invoked command in '/home/mustafa/evoart_ws/build/velodyne_laserscan' returned '0': CMAKE_PREFIX_PATH=${CMAKE_PREFIX_PATH}:/opt/ros/humble /usr/bin/cmake --build /home/mustafa/evoart_ws/build/velodyne_laserscan -- -j32 -l32
[16.312s] Invoking command in '/home/mustafa/evoart_ws/build/velodyne_laserscan': CMAKE_PREFIX_PATH=${CMAKE_PREFIX_PATH}:/opt/ros/humble /usr/bin/cmake --install /home/mustafa/evoart_ws/build/velodyne_laserscan
[16.320s] -- Install configuration: ""
[16.320s] -- Installing: /home/mustafa/evoart_ws/install/velodyne_laserscan/lib/libvelodyne_laserscan.so
[16.328s] -- Set runtime path of "/home/mustafa/evoart_ws/install/velodyne_laserscan/lib/libvelodyne_laserscan.so" to ""
[16.328s] -- Installing: /home/mustafa/evoart_ws/install/velodyne_laserscan/lib/velodyne_laserscan/velodyne_laserscan_node
[16.328s] -- Set runtime path of "/home/mustafa/evoart_ws/install/velodyne_laserscan/lib/velodyne_laserscan/velodyne_laserscan_node" to ""
[16.328s] -- Installing: /home/mustafa/evoart_ws/install/velodyne_laserscan/include/velodyne_laserscan
[16.329s] -- Installing: /home/mustafa/evoart_ws/install/velodyne_laserscan/include/velodyne_laserscan/velodyne_laserscan.hpp
[16.329s] -- Installing: /home/mustafa/evoart_ws/install/velodyne_laserscan/share/velodyne_laserscan/config
[16.329s] -- Installing: /home/mustafa/evoart_ws/install/velodyne_laserscan/share/velodyne_laserscan/config/default-velodyne_laserscan_node-params.yaml
[16.330s] -- Installing: /home/mustafa/evoart_ws/install/velodyne_laserscan/share/velodyne_laserscan/launch
[16.330s] -- Installing: /home/mustafa/evoart_ws/install/velodyne_laserscan/share/velodyne_laserscan/launch/velodyne_laserscan_node-composed-launch.py
[16.330s] -- Installing: /home/mustafa/evoart_ws/install/velodyne_laserscan/share/velodyne_laserscan/launch/velodyne_laserscan_node-launch.py
[16.331s] -- Installing: /home/mustafa/evoart_ws/install/velodyne_laserscan/share/ament_index/resource_index/package_run_dependencies/velodyne_laserscan
[16.331s] -- Installing: /home/mustafa/evoart_ws/install/velodyne_laserscan/share/ament_index/resource_index/parent_prefix_path/velodyne_laserscan
[16.331s] -- Installing: /home/mustafa/evoart_ws/install/velodyne_laserscan/share/velodyne_laserscan/environment/ament_prefix_path.sh
[16.332s] -- Installing: /home/mustafa/evoart_ws/install/velodyne_laserscan/share/velodyne_laserscan/environment/ament_prefix_path.dsv
[16.332s] -- Installing: /home/mustafa/evoart_ws/install/velodyne_laserscan/share/velodyne_laserscan/environment/path.sh
[16.332s] -- Installing: /home/mustafa/evoart_ws/install/velodyne_laserscan/share/velodyne_laserscan/environment/path.dsv
[16.332s] -- Installing: /home/mustafa/evoart_ws/install/velodyne_laserscan/share/velodyne_laserscan/local_setup.bash
[16.332s] -- Installing: /home/mustafa/evoart_ws/install/velodyne_laserscan/share/velodyne_laserscan/local_setup.sh
[16.332s] -- Installing: /home/mustafa/evoart_ws/install/velodyne_laserscan/share/velodyne_laserscan/local_setup.zsh
[16.332s] -- Installing: /home/mustafa/evoart_ws/install/velodyne_laserscan/share/velodyne_laserscan/local_setup.dsv
[16.332s] -- Installing: /home/mustafa/evoart_ws/install/velodyne_laserscan/share/velodyne_laserscan/package.dsv
[16.333s] -- Installing: /home/mustafa/evoart_ws/install/velodyne_laserscan/share/ament_index/resource_index/packages/velodyne_laserscan
[16.333s] -- Installing: /home/mustafa/evoart_ws/install/velodyne_laserscan/share/ament_index/resource_index/rclcpp_components/velodyne_laserscan
[16.333s] -- Installing: /home/mustafa/evoart_ws/install/velodyne_laserscan/share/velodyne_laserscan/cmake/velodyne_laserscanExport.cmake
[16.333s] -- Installing: /home/mustafa/evoart_ws/install/velodyne_laserscan/share/velodyne_laserscan/cmake/velodyne_laserscanExport-noconfig.cmake
[16.333s] -- Installing: /home/mustafa/evoart_ws/install/velodyne_laserscan/share/velodyne_laserscan/cmake/ament_cmake_export_include_directories-extras.cmake
[16.333s] -- Installing: /home/mustafa/evoart_ws/install/velodyne_laserscan/share/velodyne_laserscan/cmake/ament_cmake_export_targets-extras.cmake
[16.333s] -- Installing: /home/mustafa/evoart_ws/install/velodyne_laserscan/share/velodyne_laserscan/cmake/ament_cmake_export_dependencies-extras.cmake
[16.334s] -- Installing: /home/mustafa/evoart_ws/install/velodyne_laserscan/share/velodyne_laserscan/cmake/velodyne_laserscanConfig.cmake
[16.334s] -- Installing: /home/mustafa/evoart_ws/install/velodyne_laserscan/share/velodyne_laserscan/cmake/velodyne_laserscanConfig-version.cmake
[16.334s] -- Installing: /home/mustafa/evoart_ws/install/velodyne_laserscan/share/velodyne_laserscan/package.xml
[16.336s] Invoked command in '/home/mustafa/evoart_ws/build/velodyne_laserscan' returned '0': CMAKE_PREFIX_PATH=${CMAKE_PREFIX_PATH}:/opt/ros/humble /usr/bin/cmake --install /home/mustafa/evoart_ws/build/velodyne_laserscan
