[0.006s] Invoking command in '/home/mustafa/evoart_ws/build/evoart_control': AMENT_PREFIX_PATH=/home/mustafa/evoart_ws/install/evoart_interfaces:${AMENT_PREFIX_PATH} CMAKE_PREFIX_PATH=/home/mustafa/evoart_ws/install/evoart_interfaces:/opt/ros/humble LD_LIBRARY_PATH=/home/mustafa/evoart_ws/install/evoart_interfaces/lib:${LD_LIBRARY_PATH} PYTHONPATH=/home/mustafa/evoart_ws/install/evoart_interfaces/local/lib/python3.10/dist-packages:${PYTHONPATH} /usr/bin/cmake --build /home/mustafa/evoart_ws/build/evoart_control -- -j32 -l32
[0.026s] -- Found ament_cmake: 1.3.14 (/opt/ros/humble/share/ament_cmake/cmake)
[0.100s] -- Found rclcpp: 16.0.19 (/opt/ros/humble/share/rclcpp/cmake)
[0.117s] -- Found rosidl_generator_c: 3.1.9 (/opt/ros/humble/share/rosidl_generator_c/cmake)
[0.118s] -- Found rosidl_adapter: 3.1.9 (/opt/ros/humble/share/rosidl_adapter/cmake)
[0.121s] -- Found rosidl_generator_cpp: 3.1.9 (/opt/ros/humble/share/rosidl_generator_cpp/cmake)
[0.126s] -- Using all available rosidl_typesupport_c: rosidl_typesupport_fastrtps_c;rosidl_typesupport_introspection_c
[0.133s] -- Using all available rosidl_typesupport_cpp: rosidl_typesupport_fastrtps_cpp;rosidl_typesupport_introspection_cpp
[0.155s] -- Found rmw_implementation_cmake: 6.1.2 (/opt/ros/humble/share/rmw_implementation_cmake/cmake)
[0.156s] -- Found rmw_fastrtps_cpp: 6.2.10 (/opt/ros/humble/share/rmw_fastrtps_cpp/cmake)
[0.233s] -- Using RMW implementation 'rmw_fastrtps_cpp' as default
[0.261s] -- Found geometry_msgs: 4.9.1 (/opt/ros/humble/share/geometry_msgs/cmake)
[0.267s] -- Found evoart_interfaces: 0.0.0 (/home/mustafa/evoart_ws/install/evoart_interfaces/share/evoart_interfaces/cmake)
[0.272s] -- Found nav_msgs: 4.9.1 (/opt/ros/humble/share/nav_msgs/cmake)
[0.320s] -- Configuring done
[0.323s] [31mCMake Error at CMakeLists.txt:60 (add_executable):
[0.323s]   Cannot find source file:
[0.323s] 
[0.323s]     src/manual_commander.cpp
[0.323s] 
[0.323s]   Tried extensions .c .C .c++ .cc .cpp .cxx .cu .mpp .m .M .mm .ixx .cppm .h
[0.323s]   .hh .h++ .hm .hpp .hxx .in .txx .f .F .for .f77 .f90 .f95 .f03 .hip .ispc
[0.323s] 
[0.323s] [0m
[0.323s] [31mCMake Error at CMakeLists.txt:60 (add_executable):
[0.323s]   No SOURCES given to target: manual_commander
[0.323s] 
[0.323s] [0m
[0.324s] [0mCMake Generate step failed.  Build files cannot be regenerated correctly.[0m
[0.328s] gmake: *** [Makefile:349: cmake_check_build_system] Error 1
[0.330s] Invoked command in '/home/mustafa/evoart_ws/build/evoart_control' returned '2': AMENT_PREFIX_PATH=/home/mustafa/evoart_ws/install/evoart_interfaces:${AMENT_PREFIX_PATH} CMAKE_PREFIX_PATH=/home/mustafa/evoart_ws/install/evoart_interfaces:/opt/ros/humble LD_LIBRARY_PATH=/home/mustafa/evoart_ws/install/evoart_interfaces/lib:${LD_LIBRARY_PATH} PYTHONPATH=/home/mustafa/evoart_ws/install/evoart_interfaces/local/lib/python3.10/dist-packages:${PYTHONPATH} /usr/bin/cmake --build /home/mustafa/evoart_ws/build/evoart_control -- -j32 -l32
