[0.007s] Invoking command in '/home/mustafa/evoart_ws/build/zed_wrapper': AMENT_PREFIX_PATH=/home/mustafa/evoart_ws/install/zed_components:${AMENT_PREFIX_PATH} CMAKE_PREFIX_PATH=/home/mustafa/evoart_ws/install/zed_components:/home/mustafa/evoart_ws/install/evoart_control:/home/mustafa/evoart_ws/install/evoart_interfaces:/opt/ros/humble LD_LIBRARY_PATH=/home/mustafa/evoart_ws/install/zed_components/lib:${LD_LIBRARY_PATH} /usr/bin/cmake /home/mustafa/evoart_ws/src/zed-ros2-wrapper/zed_wrapper -DCMAKE_INSTALL_PREFIX=/home/mustafa/evoart_ws/install/zed_wrapper
[0.048s] -- The C compiler identification is GNU 11.4.0
[0.088s] -- The CXX compiler identification is GNU 11.4.0
[0.093s] -- Detecting C compiler ABI info
[0.147s] -- Detecting C compiler ABI info - done
[0.152s] -- Check for working C compiler: /usr/bin/cc - skipped
[0.152s] -- Detecting C compile features
[0.152s] -- Detecting C compile features - done
[0.154s] -- Detecting CXX compiler ABI info
[0.217s] -- Detecting CXX compiler ABI info - done
[0.221s] -- Check for working CXX compiler: /usr/bin/c++ - skipped
[0.222s] -- Detecting CXX compile features
[0.222s] -- Detecting CXX compile features - done
[0.224s] -- Found ament_cmake_auto: 1.3.14 (/opt/ros/humble/share/ament_cmake_auto/cmake)
[0.331s] -- Found Python3: /usr/bin/python3 (found version "3.10.12") found components: Interpreter 
[0.445s] -- Configuring done
[0.447s] -- Generating done
[0.448s] -- Build files have been written to: /home/mustafa/evoart_ws/build/zed_wrapper
[0.452s] Invoked command in '/home/mustafa/evoart_ws/build/zed_wrapper' returned '0': AMENT_PREFIX_PATH=/home/mustafa/evoart_ws/install/zed_components:${AMENT_PREFIX_PATH} CMAKE_PREFIX_PATH=/home/mustafa/evoart_ws/install/zed_components:/home/mustafa/evoart_ws/install/evoart_control:/home/mustafa/evoart_ws/install/evoart_interfaces:/opt/ros/humble LD_LIBRARY_PATH=/home/mustafa/evoart_ws/install/zed_components/lib:${LD_LIBRARY_PATH} /usr/bin/cmake /home/mustafa/evoart_ws/src/zed-ros2-wrapper/zed_wrapper -DCMAKE_INSTALL_PREFIX=/home/mustafa/evoart_ws/install/zed_wrapper
[0.453s] Invoking command in '/home/mustafa/evoart_ws/build/zed_wrapper': AMENT_PREFIX_PATH=/home/mustafa/evoart_ws/install/zed_components:${AMENT_PREFIX_PATH} CMAKE_PREFIX_PATH=/home/mustafa/evoart_ws/install/zed_components:/home/mustafa/evoart_ws/install/evoart_control:/home/mustafa/evoart_ws/install/evoart_interfaces:/opt/ros/humble LD_LIBRARY_PATH=/home/mustafa/evoart_ws/install/zed_components/lib:${LD_LIBRARY_PATH} /usr/bin/cmake --build /home/mustafa/evoart_ws/build/zed_wrapper -- -j32 -l32
[0.482s] Invoked command in '/home/mustafa/evoart_ws/build/zed_wrapper' returned '0': AMENT_PREFIX_PATH=/home/mustafa/evoart_ws/install/zed_components:${AMENT_PREFIX_PATH} CMAKE_PREFIX_PATH=/home/mustafa/evoart_ws/install/zed_components:/home/mustafa/evoart_ws/install/evoart_control:/home/mustafa/evoart_ws/install/evoart_interfaces:/opt/ros/humble LD_LIBRARY_PATH=/home/mustafa/evoart_ws/install/zed_components/lib:${LD_LIBRARY_PATH} /usr/bin/cmake --build /home/mustafa/evoart_ws/build/zed_wrapper -- -j32 -l32
[0.484s] Invoking command in '/home/mustafa/evoart_ws/build/zed_wrapper': AMENT_PREFIX_PATH=/home/mustafa/evoart_ws/install/zed_components:${AMENT_PREFIX_PATH} CMAKE_PREFIX_PATH=/home/mustafa/evoart_ws/install/zed_components:/home/mustafa/evoart_ws/install/evoart_control:/home/mustafa/evoart_ws/install/evoart_interfaces:/opt/ros/humble LD_LIBRARY_PATH=/home/mustafa/evoart_ws/install/zed_components/lib:${LD_LIBRARY_PATH} /usr/bin/cmake --install /home/mustafa/evoart_ws/build/zed_wrapper
[0.489s] -- Install configuration: ""
[0.489s] -- Installing: /home/mustafa/evoart_ws/install/zed_wrapper/share/zed_wrapper/config
[0.489s] -- Installing: /home/mustafa/evoart_ws/install/zed_wrapper/share/zed_wrapper/config/zedxonehdr.yaml
[0.489s] -- Installing: /home/mustafa/evoart_ws/install/zed_wrapper/share/zed_wrapper/config/object_detection.yaml
[0.489s] -- Installing: /home/mustafa/evoart_ws/install/zed_wrapper/share/zed_wrapper/config/zedx.yaml
[0.489s] -- Installing: /home/mustafa/evoart_ws/install/zed_wrapper/share/zed_wrapper/config/common_mono.yaml
[0.490s] -- Installing: /home/mustafa/evoart_ws/install/zed_wrapper/share/zed_wrapper/config/virtual.yaml
[0.490s] -- Installing: /home/mustafa/evoart_ws/install/zed_wrapper/share/zed_wrapper/config/zedxhdrmax.yaml
[0.490s] -- Installing: /home/mustafa/evoart_ws/install/zed_wrapper/share/zed_wrapper/config/zedxm.yaml
[0.490s] -- Installing: /home/mustafa/evoart_ws/install/zed_wrapper/share/zed_wrapper/config/zed2i.yaml
[0.490s] -- Installing: /home/mustafa/evoart_ws/install/zed_wrapper/share/zed_wrapper/config/zedxhdrmini.yaml
[0.490s] -- Installing: /home/mustafa/evoart_ws/install/zed_wrapper/share/zed_wrapper/config/zed.yaml
[0.490s] -- Installing: /home/mustafa/evoart_ws/install/zed_wrapper/share/zed_wrapper/config/zedxone4k.yaml
[0.491s] -- Installing: /home/mustafa/evoart_ws/install/zed_wrapper/share/zed_wrapper/config/common_stereo.yaml
[0.491s] -- Installing: /home/mustafa/evoart_ws/install/zed_wrapper/share/zed_wrapper/config/zedm.yaml
[0.491s] -- Installing: /home/mustafa/evoart_ws/install/zed_wrapper/share/zed_wrapper/config/zedxhdr.yaml
[0.491s] -- Installing: /home/mustafa/evoart_ws/install/zed_wrapper/share/zed_wrapper/config/zed2.yaml
[0.491s] -- Installing: /home/mustafa/evoart_ws/install/zed_wrapper/share/zed_wrapper/config/zedxnano.yaml
[0.491s] -- Installing: /home/mustafa/evoart_ws/install/zed_wrapper/share/zed_wrapper/config/zedxonegs.yaml
[0.492s] -- Installing: /home/mustafa/evoart_ws/install/zed_wrapper/share/zed_wrapper/config/custom_object_detection.yaml
[0.492s] -- Installing: /home/mustafa/evoart_ws/install/zed_wrapper/share/zed_wrapper/urdf
[0.492s] -- Installing: /home/mustafa/evoart_ws/install/zed_wrapper/share/zed_wrapper/urdf/zed_macro.urdf.xacro
[0.493s] -- Installing: /home/mustafa/evoart_ws/install/zed_wrapper/share/zed_wrapper/urdf/zed_descr.urdf.xacro
[0.493s] -- Installing: /home/mustafa/evoart_ws/install/zed_wrapper/share/zed_wrapper/launch
[0.493s] -- Installing: /home/mustafa/evoart_ws/install/zed_wrapper/share/zed_wrapper/launch/zed_camera.launch.py
[0.493s] -- Installing: /home/mustafa/evoart_ws/install/zed_wrapper/share/ament_index/resource_index/package_run_dependencies/zed_wrapper
[0.493s] -- Installing: /home/mustafa/evoart_ws/install/zed_wrapper/share/ament_index/resource_index/parent_prefix_path/zed_wrapper
[0.494s] -- Installing: /home/mustafa/evoart_ws/install/zed_wrapper/share/zed_wrapper/environment/ament_prefix_path.sh
[0.494s] -- Installing: /home/mustafa/evoart_ws/install/zed_wrapper/share/zed_wrapper/environment/ament_prefix_path.dsv
[0.494s] -- Installing: /home/mustafa/evoart_ws/install/zed_wrapper/share/zed_wrapper/environment/path.sh
[0.494s] -- Installing: /home/mustafa/evoart_ws/install/zed_wrapper/share/zed_wrapper/environment/path.dsv
[0.494s] -- Installing: /home/mustafa/evoart_ws/install/zed_wrapper/share/zed_wrapper/local_setup.bash
[0.494s] -- Installing: /home/mustafa/evoart_ws/install/zed_wrapper/share/zed_wrapper/local_setup.sh
[0.494s] -- Installing: /home/mustafa/evoart_ws/install/zed_wrapper/share/zed_wrapper/local_setup.zsh
[0.494s] -- Installing: /home/mustafa/evoart_ws/install/zed_wrapper/share/zed_wrapper/local_setup.dsv
[0.494s] -- Installing: /home/mustafa/evoart_ws/install/zed_wrapper/share/zed_wrapper/package.dsv
[0.494s] -- Installing: /home/mustafa/evoart_ws/install/zed_wrapper/share/ament_index/resource_index/packages/zed_wrapper
[0.495s] -- Installing: /home/mustafa/evoart_ws/install/zed_wrapper/share/zed_wrapper/cmake/zed_wrapperConfig.cmake
[0.495s] -- Installing: /home/mustafa/evoart_ws/install/zed_wrapper/share/zed_wrapper/cmake/zed_wrapperConfig-version.cmake
[0.495s] -- Installing: /home/mustafa/evoart_ws/install/zed_wrapper/share/zed_wrapper/package.xml
[0.496s] Invoked command in '/home/mustafa/evoart_ws/build/zed_wrapper' returned '0': AMENT_PREFIX_PATH=/home/mustafa/evoart_ws/install/zed_components:${AMENT_PREFIX_PATH} CMAKE_PREFIX_PATH=/home/mustafa/evoart_ws/install/zed_components:/home/mustafa/evoart_ws/install/evoart_control:/home/mustafa/evoart_ws/install/evoart_interfaces:/opt/ros/humble LD_LIBRARY_PATH=/home/mustafa/evoart_ws/install/zed_components/lib:${LD_LIBRARY_PATH} /usr/bin/cmake --install /home/mustafa/evoart_ws/build/zed_wrapper
