[0.020s] Invoking command in '/home/mustafa/evoart_ws/build/velodyne_driver': AMENT_PREFIX_PATH=/home/mustafa/evoart_ws/install/velodyne_msgs:${AMENT_PREFIX_PATH} CMAKE_PREFIX_PATH=/home/mustafa/evoart_ws/install/velodyne_msgs:/home/mustafa/evoart_ws/install/evoart_control:/home/mustafa/evoart_ws/install/evoart_interfaces:/opt/ros/humble LD_LIBRARY_PATH=/home/mustafa/evoart_ws/install/velodyne_msgs/lib:${LD_LIBRARY_PATH} PYTHONPATH=/home/mustafa/evoart_ws/install/velodyne_msgs/local/lib/python3.10/dist-packages:${PYTHONPATH} /usr/bin/cmake /home/mustafa/evoart_ws/src/velodyne/velodyne_driver -DCMAKE_INSTALL_PREFIX=/home/mustafa/evoart_ws/install/velodyne_driver
[0.100s] -- The C compiler identification is GNU 11.4.0
[0.179s] -- The CXX compiler identification is GNU 11.4.0
[0.188s] -- Detecting C compiler ABI info
[0.285s] -- Detecting C compiler ABI info - done
[0.293s] -- Check for working C compiler: /usr/bin/cc - skipped
[0.294s] -- Detecting C compile features
[0.294s] -- Detecting C compile features - done
[0.298s] -- Detecting CXX compiler ABI info
[0.410s] -- Detecting CXX compiler ABI info - done
[0.419s] -- Check for working CXX compiler: /usr/bin/c++ - skipped
[0.419s] -- Detecting CXX compile features
[0.420s] -- Detecting CXX compile features - done
[0.426s] -- Found ament_cmake_ros: 0.10.0 (/opt/ros/humble/share/ament_cmake_ros/cmake)
[0.642s] -- Found Python3: /usr/bin/python3 (found version "3.10.12") found components: Interpreter 
[0.782s] -- Found diagnostic_updater: 4.0.7 (/opt/ros/humble/share/diagnostic_updater/cmake)
[0.852s] -- Found rosidl_generator_c: 3.1.9 (/opt/ros/humble/share/rosidl_generator_c/cmake)
[0.860s] -- Found rosidl_adapter: 3.1.9 (/opt/ros/humble/share/rosidl_adapter/cmake)
[0.874s] -- Found rosidl_generator_cpp: 3.1.9 (/opt/ros/humble/share/rosidl_generator_cpp/cmake)
[0.892s] -- Using all available rosidl_typesupport_c: rosidl_typesupport_fastrtps_c;rosidl_typesupport_introspection_c
[0.916s] -- Using all available rosidl_typesupport_cpp: rosidl_typesupport_fastrtps_cpp;rosidl_typesupport_introspection_cpp
[1.027s] -- Found rmw_implementation_cmake: 6.1.2 (/opt/ros/humble/share/rmw_implementation_cmake/cmake)
[1.033s] -- Found rmw_fastrtps_cpp: 6.2.10 (/opt/ros/humble/share/rmw_fastrtps_cpp/cmake)
[1.186s] -- Found OpenSSL: /usr/lib/x86_64-linux-gnu/libcrypto.so (found version "3.0.2")  
[1.248s] -- Found FastRTPS: /opt/ros/humble/include  
[1.322s] -- Using RMW implementation 'rmw_fastrtps_cpp' as default
[1.337s] -- Looking for pthread.h
[1.454s] -- Looking for pthread.h - found
[1.454s] -- Performing Test CMAKE_HAVE_LIBC_PTHREAD
[1.606s] -- Performing Test CMAKE_HAVE_LIBC_PTHREAD - Success
[1.608s] -- Found Threads: TRUE  
[1.712s] -- Found rclcpp_components: 16.0.19 (/opt/ros/humble/share/rclcpp_components/cmake)
[1.772s] -- Found tf2_ros: 0.25.20 (/opt/ros/humble/share/tf2_ros/cmake)
[1.942s] -- Found velodyne_msgs: 2.5.1 (/home/mustafa/evoart_ws/install/velodyne_msgs/share/velodyne_msgs/cmake)
[1.961s] -- Found ament_lint_auto: 0.12.15 (/opt/ros/humble/share/ament_lint_auto/cmake)
[2.112s] -- Found gtest sources under '/opt/ros/humble/src/gtest_vendor': C++ tests using 'Google Test' will be built
[2.128s] -- Added test 'copyright' to check source files copyright and LICENSE
[2.132s] -- Added test 'cppcheck' to perform static code analysis on C / C++ code
[2.133s] -- Configured cppcheck include dirs: $<BUILD_INTERFACE:/home/mustafa/evoart_ws/src/velodyne/velodyne_driver/include>
[2.133s] -- Configured cppcheck exclude dirs and/or files: 
[2.137s] -- Added test 'cpplint' to check C / C++ code against the Google style
[2.137s] -- Configured cpplint exclude dirs and/or files: 
[2.138s] -- Added test 'flake8' to check Python code syntax and style conventions
[2.139s] -- Added test 'lint_cmake' to check CMake code style
[2.140s] -- Added test 'pep257' to check Python code against some of the docstring style conventions in PEP 257
[2.145s] -- Added test 'uncrustify' to check C / C++ code style
[2.145s] -- Configured uncrustify additional arguments: 
[2.146s] -- Added test 'xmllint' to check XML markup files
[2.152s] -- Configuring done
[2.204s] -- Generating done
[2.224s] -- Build files have been written to: /home/mustafa/evoart_ws/build/velodyne_driver
[2.250s] Invoked command in '/home/mustafa/evoart_ws/build/velodyne_driver' returned '0': AMENT_PREFIX_PATH=/home/mustafa/evoart_ws/install/velodyne_msgs:${AMENT_PREFIX_PATH} CMAKE_PREFIX_PATH=/home/mustafa/evoart_ws/install/velodyne_msgs:/home/mustafa/evoart_ws/install/evoart_control:/home/mustafa/evoart_ws/install/evoart_interfaces:/opt/ros/humble LD_LIBRARY_PATH=/home/mustafa/evoart_ws/install/velodyne_msgs/lib:${LD_LIBRARY_PATH} PYTHONPATH=/home/mustafa/evoart_ws/install/velodyne_msgs/local/lib/python3.10/dist-packages:${PYTHONPATH} /usr/bin/cmake /home/mustafa/evoart_ws/src/velodyne/velodyne_driver -DCMAKE_INSTALL_PREFIX=/home/mustafa/evoart_ws/install/velodyne_driver
[2.254s] Invoking command in '/home/mustafa/evoart_ws/build/velodyne_driver': AMENT_PREFIX_PATH=/home/mustafa/evoart_ws/install/velodyne_msgs:${AMENT_PREFIX_PATH} CMAKE_PREFIX_PATH=/home/mustafa/evoart_ws/install/velodyne_msgs:/home/mustafa/evoart_ws/install/evoart_control:/home/mustafa/evoart_ws/install/evoart_interfaces:/opt/ros/humble LD_LIBRARY_PATH=/home/mustafa/evoart_ws/install/velodyne_msgs/lib:${LD_LIBRARY_PATH} PYTHONPATH=/home/mustafa/evoart_ws/install/velodyne_msgs/local/lib/python3.10/dist-packages:${PYTHONPATH} /usr/bin/cmake --build /home/mustafa/evoart_ws/build/velodyne_driver -- -j32 -l32
[2.357s] [ 25%] [32mBuilding CXX object gtest/CMakeFiles/gtest.dir/src/gtest-all.cc.o[0m
[2.357s] [ 25%] [32mBuilding CXX object gtest/CMakeFiles/gtest_main.dir/src/gtest_main.cc.o[0m
[2.359s] [ 25%] [32mBuilding CXX object CMakeFiles/velodyne_input.dir/src/lib/input.cpp.o[0m
[3.441s] [ 33%] [32m[1mLinking CXX static library libgtest_main.a[0m
[3.522s] [ 33%] Built target gtest_main
[6.311s] [ 41%] [32m[1mLinking CXX static library libgtest.a[0m
[6.387s] [ 41%] Built target gtest
[6.635s] [ 50%] [32m[1mLinking CXX shared library libvelodyne_input.so[0m
[6.772s] [ 50%] Built target velodyne_input
[6.800s] [ 58%] [32mBuilding CXX object CMakeFiles/time_test.dir/tests/timeconversiontest.cpp.o[0m
[6.806s] [ 66%] [32mBuilding CXX object CMakeFiles/velodyne_driver.dir/src/driver/driver.cpp.o[0m
[10.470s] [ 75%] [32m[1mLinking CXX executable time_test[0m
[10.698s] [ 75%] Built target time_test
[15.368s] [ 83%] [32m[1mLinking CXX shared library libvelodyne_driver.so[0m
[15.715s] [ 83%] Built target velodyne_driver
[15.732s] [ 91%] [32mBuilding CXX object CMakeFiles/velodyne_driver_node.dir/src/driver/velodyne_node.cpp.o[0m
[17.771s] [100%] [32m[1mLinking CXX executable velodyne_driver_node[0m
[17.930s] [100%] Built target velodyne_driver_node
[17.938s] Invoked command in '/home/mustafa/evoart_ws/build/velodyne_driver' returned '0': AMENT_PREFIX_PATH=/home/mustafa/evoart_ws/install/velodyne_msgs:${AMENT_PREFIX_PATH} CMAKE_PREFIX_PATH=/home/mustafa/evoart_ws/install/velodyne_msgs:/home/mustafa/evoart_ws/install/evoart_control:/home/mustafa/evoart_ws/install/evoart_interfaces:/opt/ros/humble LD_LIBRARY_PATH=/home/mustafa/evoart_ws/install/velodyne_msgs/lib:${LD_LIBRARY_PATH} PYTHONPATH=/home/mustafa/evoart_ws/install/velodyne_msgs/local/lib/python3.10/dist-packages:${PYTHONPATH} /usr/bin/cmake --build /home/mustafa/evoart_ws/build/velodyne_driver -- -j32 -l32
[17.939s] Invoking command in '/home/mustafa/evoart_ws/build/velodyne_driver': AMENT_PREFIX_PATH=/home/mustafa/evoart_ws/install/velodyne_msgs:${AMENT_PREFIX_PATH} CMAKE_PREFIX_PATH=/home/mustafa/evoart_ws/install/velodyne_msgs:/home/mustafa/evoart_ws/install/evoart_control:/home/mustafa/evoart_ws/install/evoart_interfaces:/opt/ros/humble LD_LIBRARY_PATH=/home/mustafa/evoart_ws/install/velodyne_msgs/lib:${LD_LIBRARY_PATH} PYTHONPATH=/home/mustafa/evoart_ws/install/velodyne_msgs/local/lib/python3.10/dist-packages:${PYTHONPATH} /usr/bin/cmake --install /home/mustafa/evoart_ws/build/velodyne_driver
[17.945s] -- Install configuration: ""
[17.945s] -- Installing: /home/mustafa/evoart_ws/install/velodyne_driver/lib/libvelodyne_input.so
[17.946s] -- Set runtime path of "/home/mustafa/evoart_ws/install/velodyne_driver/lib/libvelodyne_input.so" to ""
[17.946s] -- Installing: /home/mustafa/evoart_ws/install/velodyne_driver/lib/libvelodyne_driver.so
[17.954s] -- Set runtime path of "/home/mustafa/evoart_ws/install/velodyne_driver/lib/libvelodyne_driver.so" to ""
[17.954s] -- Installing: /home/mustafa/evoart_ws/install/velodyne_driver/lib/velodyne_driver/velodyne_driver_node
[17.955s] -- Set runtime path of "/home/mustafa/evoart_ws/install/velodyne_driver/lib/velodyne_driver/velodyne_driver_node" to ""
[17.955s] -- Installing: /home/mustafa/evoart_ws/install/velodyne_driver/include/velodyne_driver
[17.955s] -- Installing: /home/mustafa/evoart_ws/install/velodyne_driver/include/velodyne_driver/time_conversion.hpp
[17.955s] -- Installing: /home/mustafa/evoart_ws/install/velodyne_driver/include/velodyne_driver/driver.hpp
[17.955s] -- Installing: /home/mustafa/evoart_ws/install/velodyne_driver/include/velodyne_driver/input.hpp
[17.955s] -- Installing: /home/mustafa/evoart_ws/install/velodyne_driver/share/velodyne_driver/config
[17.955s] -- Installing: /home/mustafa/evoart_ws/install/velodyne_driver/share/velodyne_driver/config/VLS128-velodyne_driver_node-params.yaml
[17.956s] -- Installing: /home/mustafa/evoart_ws/install/velodyne_driver/share/velodyne_driver/config/VLP16-velodyne_driver_node-params.yaml
[17.957s] -- Installing: /home/mustafa/evoart_ws/install/velodyne_driver/share/velodyne_driver/config/VLP32C-velodyne_driver_node-params.yaml
[17.957s] -- Installing: /home/mustafa/evoart_ws/install/velodyne_driver/share/velodyne_driver/launch
[17.957s] -- Installing: /home/mustafa/evoart_ws/install/velodyne_driver/share/velodyne_driver/launch/velodyne_driver_node-VLP16-launch.py
[17.958s] -- Installing: /home/mustafa/evoart_ws/install/velodyne_driver/share/velodyne_driver/launch/velodyne_driver_node-VLP32C-composed-launch.py
[17.958s] -- Installing: /home/mustafa/evoart_ws/install/velodyne_driver/share/velodyne_driver/launch/velodyne_driver_node-VLS128-launch.py
[17.958s] -- Installing: /home/mustafa/evoart_ws/install/velodyne_driver/share/velodyne_driver/launch/velodyne_driver_node-VLS128-composed-launch.py
[17.958s] -- Installing: /home/mustafa/evoart_ws/install/velodyne_driver/share/velodyne_driver/launch/velodyne_driver_node-VLP16-composed-launch.py
[17.959s] -- Installing: /home/mustafa/evoart_ws/install/velodyne_driver/share/velodyne_driver/launch/velodyne_driver_node-VLP32C-launch.py
[17.959s] -- Installing: /home/mustafa/evoart_ws/install/velodyne_driver/lib/velodyne_driver/vdump
[17.959s] -- Installing: /home/mustafa/evoart_ws/install/velodyne_driver/share/ament_index/resource_index/package_run_dependencies/velodyne_driver
[17.959s] -- Installing: /home/mustafa/evoart_ws/install/velodyne_driver/share/ament_index/resource_index/parent_prefix_path/velodyne_driver
[17.959s] -- Installing: /home/mustafa/evoart_ws/install/velodyne_driver/share/velodyne_driver/environment/ament_prefix_path.sh
[17.960s] -- Installing: /home/mustafa/evoart_ws/install/velodyne_driver/share/velodyne_driver/environment/ament_prefix_path.dsv
[17.960s] -- Installing: /home/mustafa/evoart_ws/install/velodyne_driver/share/velodyne_driver/environment/path.sh
[17.960s] -- Installing: /home/mustafa/evoart_ws/install/velodyne_driver/share/velodyne_driver/environment/path.dsv
[17.960s] -- Installing: /home/mustafa/evoart_ws/install/velodyne_driver/share/velodyne_driver/local_setup.bash
[17.960s] -- Installing: /home/mustafa/evoart_ws/install/velodyne_driver/share/velodyne_driver/local_setup.sh
[17.960s] -- Installing: /home/mustafa/evoart_ws/install/velodyne_driver/share/velodyne_driver/local_setup.zsh
[17.960s] -- Installing: /home/mustafa/evoart_ws/install/velodyne_driver/share/velodyne_driver/local_setup.dsv
[17.960s] -- Installing: /home/mustafa/evoart_ws/install/velodyne_driver/share/velodyne_driver/package.dsv
[17.960s] -- Installing: /home/mustafa/evoart_ws/install/velodyne_driver/share/ament_index/resource_index/packages/velodyne_driver
[17.961s] -- Installing: /home/mustafa/evoart_ws/install/velodyne_driver/share/ament_index/resource_index/rclcpp_components/velodyne_driver
[17.961s] -- Installing: /home/mustafa/evoart_ws/install/velodyne_driver/share/velodyne_driver/cmake/velodyne_driverExport.cmake
[17.961s] -- Installing: /home/mustafa/evoart_ws/install/velodyne_driver/share/velodyne_driver/cmake/velodyne_driverExport-noconfig.cmake
[17.961s] -- Installing: /home/mustafa/evoart_ws/install/velodyne_driver/share/velodyne_driver/cmake/ament_cmake_export_include_directories-extras.cmake
[17.961s] -- Installing: /home/mustafa/evoart_ws/install/velodyne_driver/share/velodyne_driver/cmake/ament_cmake_export_targets-extras.cmake
[17.961s] -- Installing: /home/mustafa/evoart_ws/install/velodyne_driver/share/velodyne_driver/cmake/ament_cmake_export_dependencies-extras.cmake
[17.961s] -- Installing: /home/mustafa/evoart_ws/install/velodyne_driver/share/velodyne_driver/cmake/velodyne_driverConfig.cmake
[17.961s] -- Installing: /home/mustafa/evoart_ws/install/velodyne_driver/share/velodyne_driver/cmake/velodyne_driverConfig-version.cmake
[17.962s] -- Installing: /home/mustafa/evoart_ws/install/velodyne_driver/share/velodyne_driver/package.xml
[17.963s] Invoked command in '/home/mustafa/evoart_ws/build/velodyne_driver' returned '0': AMENT_PREFIX_PATH=/home/mustafa/evoart_ws/install/velodyne_msgs:${AMENT_PREFIX_PATH} CMAKE_PREFIX_PATH=/home/mustafa/evoart_ws/install/velodyne_msgs:/home/mustafa/evoart_ws/install/evoart_control:/home/mustafa/evoart_ws/install/evoart_interfaces:/opt/ros/humble LD_LIBRARY_PATH=/home/mustafa/evoart_ws/install/velodyne_msgs/lib:${LD_LIBRARY_PATH} PYTHONPATH=/home/mustafa/evoart_ws/install/velodyne_msgs/local/lib/python3.10/dist-packages:${PYTHONPATH} /usr/bin/cmake --install /home/mustafa/evoart_ws/build/velodyne_driver
