[0.009s] Invoking command in '/home/mustafa/evoart_ws/build/evoart_interfaces': CMAKE_PREFIX_PATH=${CMAKE_PREFIX_PATH}:/opt/ros/humble /usr/bin/cmake --build /home/mustafa/evoart_ws/build/evoart_interfaces -- -j32 -l32
[0.047s] [  1%] Built target evoart_interfaces__cpp
[0.048s] [  3%] Built target evoart_interfaces__rs
[0.048s] [ 14%] Built target evoart_interfaces__rosidl_generator_c
[0.055s] [ 14%] Built target ament_cmake_python_copy_evoart_interfaces
[0.064s] [ 25%] Built target evoart_interfaces__rosidl_typesupport_cpp
[0.066s] [ 57%] Built target evoart_interfaces__rosidl_typesupport_introspection_cpp
[0.066s] [ 57%] Built target evoart_interfaces__rosidl_typesupport_c
[0.066s] [ 57%] Built target evoart_interfaces__rosidl_typesupport_introspection_c
[0.066s] [ 67%] Built target evoart_interfaces__rosidl_typesupport_fastrtps_cpp
[0.067s] [ 78%] Built target evoart_interfaces__rosidl_typesupport_fastrtps_c
[0.082s] [ 78%] Built target evoart_interfaces
[0.095s] [ 80%] Built target evoart_interfaces__py
[0.111s] [ 89%] Built target evoart_interfaces__rosidl_generator_py
[0.128s] [ 92%] Built target evoart_interfaces__rosidl_typesupport_c__pyext
[0.128s] [ 96%] Built target evoart_interfaces__rosidl_typesupport_introspection_c__pyext
[0.129s] [100%] Built target evoart_interfaces__rosidl_typesupport_fastrtps_c__pyext
[0.197s] running egg_info
[0.197s] writing evoart_interfaces.egg-info/PKG-INFO
[0.198s] writing dependency_links to evoart_interfaces.egg-info/dependency_links.txt
[0.198s] writing top-level names to evoart_interfaces.egg-info/top_level.txt
[0.199s] reading manifest file 'evoart_interfaces.egg-info/SOURCES.txt'
[0.199s] writing manifest file 'evoart_interfaces.egg-info/SOURCES.txt'
[0.216s] [100%] Built target ament_cmake_python_build_evoart_interfaces_egg
[0.225s] Invoked command in '/home/mustafa/evoart_ws/build/evoart_interfaces' returned '0': CMAKE_PREFIX_PATH=${CMAKE_PREFIX_PATH}:/opt/ros/humble /usr/bin/cmake --build /home/mustafa/evoart_ws/build/evoart_interfaces -- -j32 -l32
[0.233s] Invoking command in '/home/mustafa/evoart_ws/build/evoart_interfaces': CMAKE_PREFIX_PATH=${CMAKE_PREFIX_PATH}:/opt/ros/humble /usr/bin/cmake --install /home/mustafa/evoart_ws/build/evoart_interfaces
[0.238s] -- Install configuration: ""
[0.238s] -- Up-to-date: /home/mustafa/evoart_ws/install/evoart_interfaces/share/ament_index/resource_index/rosidl_interfaces/evoart_interfaces
[0.238s] -- Up-to-date: /home/mustafa/evoart_ws/install/evoart_interfaces/include/evoart_interfaces/evoart_interfaces
[0.239s] -- Up-to-date: /home/mustafa/evoart_ws/install/evoart_interfaces/include/evoart_interfaces/evoart_interfaces/msg
[0.239s] -- Up-to-date: /home/mustafa/evoart_ws/install/evoart_interfaces/include/evoart_interfaces/evoart_interfaces/msg/detail
[0.239s] -- Up-to-date: /home/mustafa/evoart_ws/install/evoart_interfaces/include/evoart_interfaces/evoart_interfaces/msg/detail/obstacle__functions.c
[0.239s] -- Up-to-date: /home/mustafa/evoart_ws/install/evoart_interfaces/include/evoart_interfaces/evoart_interfaces/msg/detail/obstacle__functions.h
[0.239s] -- Up-to-date: /home/mustafa/evoart_ws/install/evoart_interfaces/include/evoart_interfaces/evoart_interfaces/msg/detail/traffic_light__functions.c
[0.239s] -- Up-to-date: /home/mustafa/evoart_ws/install/evoart_interfaces/include/evoart_interfaces/evoart_interfaces/msg/detail/traffic_light__functions.h
[0.239s] -- Up-to-date: /home/mustafa/evoart_ws/install/evoart_interfaces/include/evoart_interfaces/evoart_interfaces/msg/detail/traffic_light__struct.h
[0.239s] -- Up-to-date: /home/mustafa/evoart_ws/install/evoart_interfaces/include/evoart_interfaces/evoart_interfaces/msg/detail/obstacle__type_support.h
[0.239s] -- Up-to-date: /home/mustafa/evoart_ws/install/evoart_interfaces/include/evoart_interfaces/evoart_interfaces/msg/detail/vehicle_control__type_support.h
[0.239s] -- Up-to-date: /home/mustafa/evoart_ws/install/evoart_interfaces/include/evoart_interfaces/evoart_interfaces/msg/detail/obstacle__struct.h
[0.239s] -- Up-to-date: /home/mustafa/evoart_ws/install/evoart_interfaces/include/evoart_interfaces/evoart_interfaces/msg/detail/vehicle_control__functions.c
[0.239s] -- Up-to-date: /home/mustafa/evoart_ws/install/evoart_interfaces/include/evoart_interfaces/evoart_interfaces/msg/detail/vehicle_control__struct.h
[0.239s] -- Up-to-date: /home/mustafa/evoart_ws/install/evoart_interfaces/include/evoart_interfaces/evoart_interfaces/msg/detail/vehicle_control__functions.h
[0.239s] -- Up-to-date: /home/mustafa/evoart_ws/install/evoart_interfaces/include/evoart_interfaces/evoart_interfaces/msg/detail/traffic_light__type_support.h
[0.239s] -- Up-to-date: /home/mustafa/evoart_ws/install/evoart_interfaces/include/evoart_interfaces/evoart_interfaces/msg/rosidl_generator_c__visibility_control.h
[0.239s] -- Up-to-date: /home/mustafa/evoart_ws/install/evoart_interfaces/include/evoart_interfaces/evoart_interfaces/msg/obstacle.h
[0.239s] -- Up-to-date: /home/mustafa/evoart_ws/install/evoart_interfaces/include/evoart_interfaces/evoart_interfaces/msg/traffic_light.h
[0.239s] -- Up-to-date: /home/mustafa/evoart_ws/install/evoart_interfaces/include/evoart_interfaces/evoart_interfaces/msg/vehicle_control.h
[0.239s] -- Up-to-date: /home/mustafa/evoart_ws/install/evoart_interfaces/include/evoart_interfaces/evoart_interfaces/srv
[0.239s] -- Up-to-date: /home/mustafa/evoart_ws/install/evoart_interfaces/include/evoart_interfaces/evoart_interfaces/srv/start_park.h
[0.239s] -- Up-to-date: /home/mustafa/evoart_ws/install/evoart_interfaces/include/evoart_interfaces/evoart_interfaces/srv/detail
[0.239s] -- Up-to-date: /home/mustafa/evoart_ws/install/evoart_interfaces/include/evoart_interfaces/evoart_interfaces/srv/detail/start_park__struct.h
[0.240s] -- Up-to-date: /home/mustafa/evoart_ws/install/evoart_interfaces/include/evoart_interfaces/evoart_interfaces/srv/detail/start_park__type_support.h
[0.240s] -- Up-to-date: /home/mustafa/evoart_ws/install/evoart_interfaces/include/evoart_interfaces/evoart_interfaces/srv/detail/start_park__functions.h
[0.240s] -- Up-to-date: /home/mustafa/evoart_ws/install/evoart_interfaces/include/evoart_interfaces/evoart_interfaces/srv/detail/start_park__functions.c
[0.240s] -- Up-to-date: /home/mustafa/evoart_ws/install/evoart_interfaces/share/evoart_interfaces/environment/library_path.sh
[0.240s] -- Up-to-date: /home/mustafa/evoart_ws/install/evoart_interfaces/share/evoart_interfaces/environment/library_path.dsv
[0.240s] -- Up-to-date: /home/mustafa/evoart_ws/install/evoart_interfaces/lib/libevoart_interfaces__rosidl_generator_c.so
[0.240s] -- Up-to-date: /home/mustafa/evoart_ws/install/evoart_interfaces/include/evoart_interfaces/evoart_interfaces
[0.240s] -- Up-to-date: /home/mustafa/evoart_ws/install/evoart_interfaces/include/evoart_interfaces/evoart_interfaces/msg
[0.240s] -- Up-to-date: /home/mustafa/evoart_ws/install/evoart_interfaces/include/evoart_interfaces/evoart_interfaces/msg/detail
[0.240s] -- Up-to-date: /home/mustafa/evoart_ws/install/evoart_interfaces/include/evoart_interfaces/evoart_interfaces/msg/detail/traffic_light__rosidl_typesupport_fastrtps_c.h
[0.240s] -- Up-to-date: /home/mustafa/evoart_ws/install/evoart_interfaces/include/evoart_interfaces/evoart_interfaces/msg/detail/vehicle_control__rosidl_typesupport_fastrtps_c.h
[0.240s] -- Up-to-date: /home/mustafa/evoart_ws/install/evoart_interfaces/include/evoart_interfaces/evoart_interfaces/msg/detail/obstacle__rosidl_typesupport_fastrtps_c.h
[0.240s] -- Up-to-date: /home/mustafa/evoart_ws/install/evoart_interfaces/include/evoart_interfaces/evoart_interfaces/msg/rosidl_typesupport_fastrtps_c__visibility_control.h
[0.240s] -- Up-to-date: /home/mustafa/evoart_ws/install/evoart_interfaces/include/evoart_interfaces/evoart_interfaces/srv
[0.240s] -- Up-to-date: /home/mustafa/evoart_ws/install/evoart_interfaces/include/evoart_interfaces/evoart_interfaces/srv/detail
[0.240s] -- Up-to-date: /home/mustafa/evoart_ws/install/evoart_interfaces/include/evoart_interfaces/evoart_interfaces/srv/detail/start_park__rosidl_typesupport_fastrtps_c.h
[0.240s] -- Up-to-date: /home/mustafa/evoart_ws/install/evoart_interfaces/lib/libevoart_interfaces__rosidl_typesupport_fastrtps_c.so
[0.240s] -- Up-to-date: /home/mustafa/evoart_ws/install/evoart_interfaces/include/evoart_interfaces/evoart_interfaces
[0.240s] -- Up-to-date: /home/mustafa/evoart_ws/install/evoart_interfaces/include/evoart_interfaces/evoart_interfaces/msg
[0.240s] -- Up-to-date: /home/mustafa/evoart_ws/install/evoart_interfaces/include/evoart_interfaces/evoart_interfaces/msg/detail
[0.240s] -- Up-to-date: /home/mustafa/evoart_ws/install/evoart_interfaces/include/evoart_interfaces/evoart_interfaces/msg/detail/vehicle_control__rosidl_typesupport_introspection_c.h
[0.240s] -- Up-to-date: /home/mustafa/evoart_ws/install/evoart_interfaces/include/evoart_interfaces/evoart_interfaces/msg/detail/traffic_light__rosidl_typesupport_introspection_c.h
[0.240s] -- Up-to-date: /home/mustafa/evoart_ws/install/evoart_interfaces/include/evoart_interfaces/evoart_interfaces/msg/detail/obstacle__type_support.c
[0.241s] -- Up-to-date: /home/mustafa/evoart_ws/install/evoart_interfaces/include/evoart_interfaces/evoart_interfaces/msg/detail/obstacle__rosidl_typesupport_introspection_c.h
[0.241s] -- Up-to-date: /home/mustafa/evoart_ws/install/evoart_interfaces/include/evoart_interfaces/evoart_interfaces/msg/detail/vehicle_control__type_support.c
[0.241s] -- Up-to-date: /home/mustafa/evoart_ws/install/evoart_interfaces/include/evoart_interfaces/evoart_interfaces/msg/detail/traffic_light__type_support.c
[0.241s] -- Up-to-date: /home/mustafa/evoart_ws/install/evoart_interfaces/include/evoart_interfaces/evoart_interfaces/msg/rosidl_typesupport_introspection_c__visibility_control.h
[0.241s] -- Up-to-date: /home/mustafa/evoart_ws/install/evoart_interfaces/include/evoart_interfaces/evoart_interfaces/srv
[0.241s] -- Up-to-date: /home/mustafa/evoart_ws/install/evoart_interfaces/include/evoart_interfaces/evoart_interfaces/srv/detail
[0.241s] -- Up-to-date: /home/mustafa/evoart_ws/install/evoart_interfaces/include/evoart_interfaces/evoart_interfaces/srv/detail/start_park__type_support.c
[0.241s] -- Up-to-date: /home/mustafa/evoart_ws/install/evoart_interfaces/include/evoart_interfaces/evoart_interfaces/srv/detail/start_park__rosidl_typesupport_introspection_c.h
[0.241s] -- Up-to-date: /home/mustafa/evoart_ws/install/evoart_interfaces/lib/libevoart_interfaces__rosidl_typesupport_introspection_c.so
[0.241s] -- Up-to-date: /home/mustafa/evoart_ws/install/evoart_interfaces/lib/libevoart_interfaces__rosidl_typesupport_c.so
[0.241s] -- Up-to-date: /home/mustafa/evoart_ws/install/evoart_interfaces/include/evoart_interfaces/evoart_interfaces
[0.241s] -- Up-to-date: /home/mustafa/evoart_ws/install/evoart_interfaces/include/evoart_interfaces/evoart_interfaces/msg
[0.241s] -- Up-to-date: /home/mustafa/evoart_ws/install/evoart_interfaces/include/evoart_interfaces/evoart_interfaces/msg/detail
[0.241s] -- Up-to-date: /home/mustafa/evoart_ws/install/evoart_interfaces/include/evoart_interfaces/evoart_interfaces/msg/detail/vehicle_control__type_support.hpp
[0.241s] -- Up-to-date: /home/mustafa/evoart_ws/install/evoart_interfaces/include/evoart_interfaces/evoart_interfaces/msg/detail/obstacle__builder.hpp
[0.241s] -- Up-to-date: /home/mustafa/evoart_ws/install/evoart_interfaces/include/evoart_interfaces/evoart_interfaces/msg/detail/obstacle__traits.hpp
[0.241s] -- Up-to-date: /home/mustafa/evoart_ws/install/evoart_interfaces/include/evoart_interfaces/evoart_interfaces/msg/detail/traffic_light__struct.hpp
[0.241s] -- Up-to-date: /home/mustafa/evoart_ws/install/evoart_interfaces/include/evoart_interfaces/evoart_interfaces/msg/detail/traffic_light__traits.hpp
[0.241s] -- Up-to-date: /home/mustafa/evoart_ws/install/evoart_interfaces/include/evoart_interfaces/evoart_interfaces/msg/detail/vehicle_control__builder.hpp
[0.241s] -- Up-to-date: /home/mustafa/evoart_ws/install/evoart_interfaces/include/evoart_interfaces/evoart_interfaces/msg/detail/traffic_light__type_support.hpp
[0.241s] -- Up-to-date: /home/mustafa/evoart_ws/install/evoart_interfaces/include/evoart_interfaces/evoart_interfaces/msg/detail/obstacle__struct.hpp
[0.242s] -- Up-to-date: /home/mustafa/evoart_ws/install/evoart_interfaces/include/evoart_interfaces/evoart_interfaces/msg/detail/vehicle_control__struct.hpp
[0.242s] -- Up-to-date: /home/mustafa/evoart_ws/install/evoart_interfaces/include/evoart_interfaces/evoart_interfaces/msg/detail/vehicle_control__traits.hpp
[0.242s] -- Up-to-date: /home/mustafa/evoart_ws/install/evoart_interfaces/include/evoart_interfaces/evoart_interfaces/msg/detail/obstacle__type_support.hpp
[0.242s] -- Up-to-date: /home/mustafa/evoart_ws/install/evoart_interfaces/include/evoart_interfaces/evoart_interfaces/msg/detail/traffic_light__builder.hpp
[0.242s] -- Up-to-date: /home/mustafa/evoart_ws/install/evoart_interfaces/include/evoart_interfaces/evoart_interfaces/msg/vehicle_control.hpp
[0.242s] -- Up-to-date: /home/mustafa/evoart_ws/install/evoart_interfaces/include/evoart_interfaces/evoart_interfaces/msg/traffic_light.hpp
[0.242s] -- Up-to-date: /home/mustafa/evoart_ws/install/evoart_interfaces/include/evoart_interfaces/evoart_interfaces/msg/rosidl_generator_cpp__visibility_control.hpp
[0.242s] -- Up-to-date: /home/mustafa/evoart_ws/install/evoart_interfaces/include/evoart_interfaces/evoart_interfaces/msg/obstacle.hpp
[0.242s] -- Up-to-date: /home/mustafa/evoart_ws/install/evoart_interfaces/include/evoart_interfaces/evoart_interfaces/srv
[0.242s] -- Up-to-date: /home/mustafa/evoart_ws/install/evoart_interfaces/include/evoart_interfaces/evoart_interfaces/srv/start_park.hpp
[0.242s] -- Up-to-date: /home/mustafa/evoart_ws/install/evoart_interfaces/include/evoart_interfaces/evoart_interfaces/srv/detail
[0.242s] -- Up-to-date: /home/mustafa/evoart_ws/install/evoart_interfaces/include/evoart_interfaces/evoart_interfaces/srv/detail/start_park__struct.hpp
[0.242s] -- Up-to-date: /home/mustafa/evoart_ws/install/evoart_interfaces/include/evoart_interfaces/evoart_interfaces/srv/detail/start_park__traits.hpp
[0.242s] -- Up-to-date: /home/mustafa/evoart_ws/install/evoart_interfaces/include/evoart_interfaces/evoart_interfaces/srv/detail/start_park__type_support.hpp
[0.242s] -- Up-to-date: /home/mustafa/evoart_ws/install/evoart_interfaces/include/evoart_interfaces/evoart_interfaces/srv/detail/start_park__builder.hpp
[0.242s] -- Up-to-date: /home/mustafa/evoart_ws/install/evoart_interfaces/include/evoart_interfaces/evoart_interfaces
[0.242s] -- Up-to-date: /home/mustafa/evoart_ws/install/evoart_interfaces/include/evoart_interfaces/evoart_interfaces/msg
[0.242s] -- Up-to-date: /home/mustafa/evoart_ws/install/evoart_interfaces/include/evoart_interfaces/evoart_interfaces/msg/detail
[0.242s] -- Up-to-date: /home/mustafa/evoart_ws/install/evoart_interfaces/include/evoart_interfaces/evoart_interfaces/msg/detail/vehicle_control__rosidl_typesupport_fastrtps_cpp.hpp
[0.242s] -- Up-to-date: /home/mustafa/evoart_ws/install/evoart_interfaces/include/evoart_interfaces/evoart_interfaces/msg/detail/obstacle__rosidl_typesupport_fastrtps_cpp.hpp
[0.242s] -- Up-to-date: /home/mustafa/evoart_ws/install/evoart_interfaces/include/evoart_interfaces/evoart_interfaces/msg/detail/traffic_light__rosidl_typesupport_fastrtps_cpp.hpp
[0.242s] -- Up-to-date: /home/mustafa/evoart_ws/install/evoart_interfaces/include/evoart_interfaces/evoart_interfaces/msg/detail/dds_fastrtps
[0.242s] -- Up-to-date: /home/mustafa/evoart_ws/install/evoart_interfaces/include/evoart_interfaces/evoart_interfaces/msg/rosidl_typesupport_fastrtps_cpp__visibility_control.h
[0.242s] -- Up-to-date: /home/mustafa/evoart_ws/install/evoart_interfaces/include/evoart_interfaces/evoart_interfaces/srv
[0.243s] -- Up-to-date: /home/mustafa/evoart_ws/install/evoart_interfaces/include/evoart_interfaces/evoart_interfaces/srv/detail
[0.243s] -- Up-to-date: /home/mustafa/evoart_ws/install/evoart_interfaces/include/evoart_interfaces/evoart_interfaces/srv/detail/start_park__rosidl_typesupport_fastrtps_cpp.hpp
[0.243s] -- Up-to-date: /home/mustafa/evoart_ws/install/evoart_interfaces/include/evoart_interfaces/evoart_interfaces/srv/detail/dds_fastrtps
[0.243s] -- Up-to-date: /home/mustafa/evoart_ws/install/evoart_interfaces/lib/libevoart_interfaces__rosidl_typesupport_fastrtps_cpp.so
[0.243s] -- Up-to-date: /home/mustafa/evoart_ws/install/evoart_interfaces/include/evoart_interfaces/evoart_interfaces
[0.243s] -- Up-to-date: /home/mustafa/evoart_ws/install/evoart_interfaces/include/evoart_interfaces/evoart_interfaces/msg
[0.243s] -- Up-to-date: /home/mustafa/evoart_ws/install/evoart_interfaces/include/evoart_interfaces/evoart_interfaces/msg/detail
[0.243s] -- Up-to-date: /home/mustafa/evoart_ws/install/evoart_interfaces/include/evoart_interfaces/evoart_interfaces/msg/detail/obstacle__type_support.cpp
[0.243s] -- Up-to-date: /home/mustafa/evoart_ws/install/evoart_interfaces/include/evoart_interfaces/evoart_interfaces/msg/detail/traffic_light__type_support.cpp
[0.243s] -- Up-to-date: /home/mustafa/evoart_ws/install/evoart_interfaces/include/evoart_interfaces/evoart_interfaces/msg/detail/vehicle_control__type_support.cpp
[0.243s] -- Up-to-date: /home/mustafa/evoart_ws/install/evoart_interfaces/include/evoart_interfaces/evoart_interfaces/msg/detail/traffic_light__rosidl_typesupport_introspection_cpp.hpp
[0.243s] -- Up-to-date: /home/mustafa/evoart_ws/install/evoart_interfaces/include/evoart_interfaces/evoart_interfaces/msg/detail/vehicle_control__rosidl_typesupport_introspection_cpp.hpp
[0.243s] -- Up-to-date: /home/mustafa/evoart_ws/install/evoart_interfaces/include/evoart_interfaces/evoart_interfaces/msg/detail/obstacle__rosidl_typesupport_introspection_cpp.hpp
[0.243s] -- Up-to-date: /home/mustafa/evoart_ws/install/evoart_interfaces/include/evoart_interfaces/evoart_interfaces/srv
[0.243s] -- Up-to-date: /home/mustafa/evoart_ws/install/evoart_interfaces/include/evoart_interfaces/evoart_interfaces/srv/detail
[0.243s] -- Up-to-date: /home/mustafa/evoart_ws/install/evoart_interfaces/include/evoart_interfaces/evoart_interfaces/srv/detail/start_park__rosidl_typesupport_introspection_cpp.hpp
[0.243s] -- Up-to-date: /home/mustafa/evoart_ws/install/evoart_interfaces/include/evoart_interfaces/evoart_interfaces/srv/detail/start_park__type_support.cpp
[0.243s] -- Up-to-date: /home/mustafa/evoart_ws/install/evoart_interfaces/lib/libevoart_interfaces__rosidl_typesupport_introspection_cpp.so
[0.243s] -- Up-to-date: /home/mustafa/evoart_ws/install/evoart_interfaces/lib/libevoart_interfaces__rosidl_typesupport_cpp.so
[0.243s] -- Up-to-date: /home/mustafa/evoart_ws/install/evoart_interfaces/share/evoart_interfaces/environment/pythonpath.sh
[0.243s] -- Up-to-date: /home/mustafa/evoart_ws/install/evoart_interfaces/share/evoart_interfaces/environment/pythonpath.dsv
[0.243s] -- Up-to-date: /home/mustafa/evoart_ws/install/evoart_interfaces/local/lib/python3.10/dist-packages/evoart_interfaces-0.0.0-py3.10.egg-info
[0.243s] -- Installing: /home/mustafa/evoart_ws/install/evoart_interfaces/local/lib/python3.10/dist-packages/evoart_interfaces-0.0.0-py3.10.egg-info/PKG-INFO
[0.243s] -- Installing: /home/mustafa/evoart_ws/install/evoart_interfaces/local/lib/python3.10/dist-packages/evoart_interfaces-0.0.0-py3.10.egg-info/dependency_links.txt
[0.244s] -- Installing: /home/mustafa/evoart_ws/install/evoart_interfaces/local/lib/python3.10/dist-packages/evoart_interfaces-0.0.0-py3.10.egg-info/SOURCES.txt
[0.244s] -- Installing: /home/mustafa/evoart_ws/install/evoart_interfaces/local/lib/python3.10/dist-packages/evoart_interfaces-0.0.0-py3.10.egg-info/top_level.txt
[0.244s] -- Up-to-date: /home/mustafa/evoart_ws/install/evoart_interfaces/local/lib/python3.10/dist-packages/evoart_interfaces
[0.244s] -- Up-to-date: /home/mustafa/evoart_ws/install/evoart_interfaces/local/lib/python3.10/dist-packages/evoart_interfaces/_evoart_interfaces_s.ep.rosidl_typesupport_c.c
[0.244s] -- Up-to-date: /home/mustafa/evoart_ws/install/evoart_interfaces/local/lib/python3.10/dist-packages/evoart_interfaces/msg
[0.244s] -- Up-to-date: /home/mustafa/evoart_ws/install/evoart_interfaces/local/lib/python3.10/dist-packages/evoart_interfaces/msg/_traffic_light.py
[0.244s] -- Up-to-date: /home/mustafa/evoart_ws/install/evoart_interfaces/local/lib/python3.10/dist-packages/evoart_interfaces/msg/_obstacle_s.c
[0.244s] -- Up-to-date: /home/mustafa/evoart_ws/install/evoart_interfaces/local/lib/python3.10/dist-packages/evoart_interfaces/msg/_traffic_light_s.c
[0.244s] -- Up-to-date: /home/mustafa/evoart_ws/install/evoart_interfaces/local/lib/python3.10/dist-packages/evoart_interfaces/msg/_obstacle.py
[0.244s] -- Up-to-date: /home/mustafa/evoart_ws/install/evoart_interfaces/local/lib/python3.10/dist-packages/evoart_interfaces/msg/__init__.py
[0.244s] -- Up-to-date: /home/mustafa/evoart_ws/install/evoart_interfaces/local/lib/python3.10/dist-packages/evoart_interfaces/msg/_vehicle_control.py
[0.244s] -- Up-to-date: /home/mustafa/evoart_ws/install/evoart_interfaces/local/lib/python3.10/dist-packages/evoart_interfaces/msg/_vehicle_control_s.c
[0.244s] -- Up-to-date: /home/mustafa/evoart_ws/install/evoart_interfaces/local/lib/python3.10/dist-packages/evoart_interfaces/srv
[0.244s] -- Up-to-date: /home/mustafa/evoart_ws/install/evoart_interfaces/local/lib/python3.10/dist-packages/evoart_interfaces/srv/_start_park.py
[0.244s] -- Up-to-date: /home/mustafa/evoart_ws/install/evoart_interfaces/local/lib/python3.10/dist-packages/evoart_interfaces/srv/__init__.py
[0.244s] -- Up-to-date: /home/mustafa/evoart_ws/install/evoart_interfaces/local/lib/python3.10/dist-packages/evoart_interfaces/srv/_start_park_s.c
[0.244s] -- Up-to-date: /home/mustafa/evoart_ws/install/evoart_interfaces/local/lib/python3.10/dist-packages/evoart_interfaces/_evoart_interfaces_s.ep.rosidl_typesupport_introspection_c.c
[0.244s] -- Up-to-date: /home/mustafa/evoart_ws/install/evoart_interfaces/local/lib/python3.10/dist-packages/evoart_interfaces/_evoart_interfaces_s.ep.rosidl_typesupport_fastrtps_c.c
[0.244s] -- Up-to-date: /home/mustafa/evoart_ws/install/evoart_interfaces/local/lib/python3.10/dist-packages/evoart_interfaces/__init__.py
[0.244s] -- Up-to-date: /home/mustafa/evoart_ws/install/evoart_interfaces/local/lib/python3.10/dist-packages/evoart_interfaces/evoart_interfaces_s__rosidl_typesupport_introspection_c.cpython-310-x86_64-linux-gnu.so
[0.244s] -- Up-to-date: /home/mustafa/evoart_ws/install/evoart_interfaces/local/lib/python3.10/dist-packages/evoart_interfaces/evoart_interfaces_s__rosidl_typesupport_fastrtps_c.cpython-310-x86_64-linux-gnu.so
[0.244s] -- Up-to-date: /home/mustafa/evoart_ws/install/evoart_interfaces/local/lib/python3.10/dist-packages/evoart_interfaces/libevoart_interfaces__rosidl_generator_py.so
[0.244s] -- Up-to-date: /home/mustafa/evoart_ws/install/evoart_interfaces/local/lib/python3.10/dist-packages/evoart_interfaces/evoart_interfaces_s__rosidl_typesupport_c.cpython-310-x86_64-linux-gnu.so
[0.262s] Listing '/home/mustafa/evoart_ws/install/evoart_interfaces/local/lib/python3.10/dist-packages/evoart_interfaces'...
[0.262s] Listing '/home/mustafa/evoart_ws/install/evoart_interfaces/local/lib/python3.10/dist-packages/evoart_interfaces/msg'...
[0.262s] Listing '/home/mustafa/evoart_ws/install/evoart_interfaces/local/lib/python3.10/dist-packages/evoart_interfaces/srv'...
[0.264s] -- Up-to-date: /home/mustafa/evoart_ws/install/evoart_interfaces/local/lib/python3.10/dist-packages/evoart_interfaces/evoart_interfaces_s__rosidl_typesupport_fastrtps_c.cpython-310-x86_64-linux-gnu.so
[0.265s] -- Up-to-date: /home/mustafa/evoart_ws/install/evoart_interfaces/local/lib/python3.10/dist-packages/evoart_interfaces/evoart_interfaces_s__rosidl_typesupport_introspection_c.cpython-310-x86_64-linux-gnu.so
[0.265s] -- Up-to-date: /home/mustafa/evoart_ws/install/evoart_interfaces/local/lib/python3.10/dist-packages/evoart_interfaces/evoart_interfaces_s__rosidl_typesupport_c.cpython-310-x86_64-linux-gnu.so
[0.265s] -- Up-to-date: /home/mustafa/evoart_ws/install/evoart_interfaces/lib/libevoart_interfaces__rosidl_generator_py.so
[0.265s] -- Up-to-date: /home/mustafa/evoart_ws/install/evoart_interfaces/share/ament_index/resource_index/rust_packages/evoart_interfaces
[0.265s] -- Up-to-date: /home/mustafa/evoart_ws/install/evoart_interfaces/share/evoart_interfaces/rust
[0.265s] -- Up-to-date: /home/mustafa/evoart_ws/install/evoart_interfaces/share/evoart_interfaces/rust/src
[0.266s] -- Up-to-date: /home/mustafa/evoart_ws/install/evoart_interfaces/share/evoart_interfaces/rust/src/lib.rs
[0.266s] -- Up-to-date: /home/mustafa/evoart_ws/install/evoart_interfaces/share/evoart_interfaces/rust/src/msg
[0.266s] -- Up-to-date: /home/mustafa/evoart_ws/install/evoart_interfaces/share/evoart_interfaces/rust/src/msg/rmw.rs
[0.266s] -- Up-to-date: /home/mustafa/evoart_ws/install/evoart_interfaces/share/evoart_interfaces/rust/src/srv
[0.266s] -- Up-to-date: /home/mustafa/evoart_ws/install/evoart_interfaces/share/evoart_interfaces/rust/src/srv/rmw.rs
[0.266s] -- Up-to-date: /home/mustafa/evoart_ws/install/evoart_interfaces/share/evoart_interfaces/rust/src/msg.rs
[0.266s] -- Up-to-date: /home/mustafa/evoart_ws/install/evoart_interfaces/share/evoart_interfaces/rust/src/srv.rs
[0.266s] -- Up-to-date: /home/mustafa/evoart_ws/install/evoart_interfaces/share/evoart_interfaces/rust/build.rs
[0.266s] -- Up-to-date: /home/mustafa/evoart_ws/install/evoart_interfaces/share/evoart_interfaces/rust/Cargo.toml
[0.266s] -- Up-to-date: /home/mustafa/evoart_ws/install/evoart_interfaces/share/evoart_interfaces/msg/Obstacle.idl
[0.266s] -- Up-to-date: /home/mustafa/evoart_ws/install/evoart_interfaces/share/evoart_interfaces/msg/TrafficLight.idl
[0.266s] -- Up-to-date: /home/mustafa/evoart_ws/install/evoart_interfaces/share/evoart_interfaces/msg/VehicleControl.idl
[0.266s] -- Up-to-date: /home/mustafa/evoart_ws/install/evoart_interfaces/share/evoart_interfaces/srv/StartPark.idl
[0.266s] -- Up-to-date: /home/mustafa/evoart_ws/install/evoart_interfaces/share/evoart_interfaces/msg/Obstacle.msg
[0.266s] -- Up-to-date: /home/mustafa/evoart_ws/install/evoart_interfaces/share/evoart_interfaces/msg/TrafficLight.msg
[0.266s] -- Up-to-date: /home/mustafa/evoart_ws/install/evoart_interfaces/share/evoart_interfaces/msg/VehicleControl.msg
[0.266s] -- Up-to-date: /home/mustafa/evoart_ws/install/evoart_interfaces/share/evoart_interfaces/srv/StartPark.srv
[0.266s] -- Up-to-date: /home/mustafa/evoart_ws/install/evoart_interfaces/share/evoart_interfaces/srv/StartPark_Request.msg
[0.266s] -- Up-to-date: /home/mustafa/evoart_ws/install/evoart_interfaces/share/evoart_interfaces/srv/StartPark_Response.msg
[0.266s] -- Up-to-date: /home/mustafa/evoart_ws/install/evoart_interfaces/share/ament_index/resource_index/package_run_dependencies/evoart_interfaces
[0.266s] -- Up-to-date: /home/mustafa/evoart_ws/install/evoart_interfaces/share/ament_index/resource_index/parent_prefix_path/evoart_interfaces
[0.266s] -- Up-to-date: /home/mustafa/evoart_ws/install/evoart_interfaces/share/evoart_interfaces/environment/ament_prefix_path.sh
[0.266s] -- Up-to-date: /home/mustafa/evoart_ws/install/evoart_interfaces/share/evoart_interfaces/environment/ament_prefix_path.dsv
[0.266s] -- Up-to-date: /home/mustafa/evoart_ws/install/evoart_interfaces/share/evoart_interfaces/environment/path.sh
[0.266s] -- Up-to-date: /home/mustafa/evoart_ws/install/evoart_interfaces/share/evoart_interfaces/environment/path.dsv
[0.266s] -- Up-to-date: /home/mustafa/evoart_ws/install/evoart_interfaces/share/evoart_interfaces/local_setup.bash
[0.266s] -- Up-to-date: /home/mustafa/evoart_ws/install/evoart_interfaces/share/evoart_interfaces/local_setup.sh
[0.266s] -- Up-to-date: /home/mustafa/evoart_ws/install/evoart_interfaces/share/evoart_interfaces/local_setup.zsh
[0.266s] -- Up-to-date: /home/mustafa/evoart_ws/install/evoart_interfaces/share/evoart_interfaces/local_setup.dsv
[0.266s] -- Installing: /home/mustafa/evoart_ws/install/evoart_interfaces/share/evoart_interfaces/package.dsv
[0.266s] -- Up-to-date: /home/mustafa/evoart_ws/install/evoart_interfaces/share/ament_index/resource_index/packages/evoart_interfaces
[0.267s] -- Up-to-date: /home/mustafa/evoart_ws/install/evoart_interfaces/share/evoart_interfaces/cmake/export_evoart_interfaces__rosidl_generator_cExport.cmake
[0.267s] -- Up-to-date: /home/mustafa/evoart_ws/install/evoart_interfaces/share/evoart_interfaces/cmake/export_evoart_interfaces__rosidl_generator_cExport-noconfig.cmake
[0.267s] -- Up-to-date: /home/mustafa/evoart_ws/install/evoart_interfaces/share/evoart_interfaces/cmake/export_evoart_interfaces__rosidl_typesupport_fastrtps_cExport.cmake
[0.267s] -- Up-to-date: /home/mustafa/evoart_ws/install/evoart_interfaces/share/evoart_interfaces/cmake/export_evoart_interfaces__rosidl_typesupport_fastrtps_cExport-noconfig.cmake
[0.267s] -- Up-to-date: /home/mustafa/evoart_ws/install/evoart_interfaces/share/evoart_interfaces/cmake/evoart_interfaces__rosidl_typesupport_introspection_cExport.cmake
[0.267s] -- Up-to-date: /home/mustafa/evoart_ws/install/evoart_interfaces/share/evoart_interfaces/cmake/evoart_interfaces__rosidl_typesupport_introspection_cExport-noconfig.cmake
[0.267s] -- Up-to-date: /home/mustafa/evoart_ws/install/evoart_interfaces/share/evoart_interfaces/cmake/evoart_interfaces__rosidl_typesupport_cExport.cmake
[0.267s] -- Up-to-date: /home/mustafa/evoart_ws/install/evoart_interfaces/share/evoart_interfaces/cmake/evoart_interfaces__rosidl_typesupport_cExport-noconfig.cmake
[0.267s] -- Up-to-date: /home/mustafa/evoart_ws/install/evoart_interfaces/share/evoart_interfaces/cmake/export_evoart_interfaces__rosidl_generator_cppExport.cmake
[0.267s] -- Up-to-date: /home/mustafa/evoart_ws/install/evoart_interfaces/share/evoart_interfaces/cmake/export_evoart_interfaces__rosidl_typesupport_fastrtps_cppExport.cmake
[0.267s] -- Up-to-date: /home/mustafa/evoart_ws/install/evoart_interfaces/share/evoart_interfaces/cmake/export_evoart_interfaces__rosidl_typesupport_fastrtps_cppExport-noconfig.cmake
[0.267s] -- Up-to-date: /home/mustafa/evoart_ws/install/evoart_interfaces/share/evoart_interfaces/cmake/evoart_interfaces__rosidl_typesupport_introspection_cppExport.cmake
[0.267s] -- Up-to-date: /home/mustafa/evoart_ws/install/evoart_interfaces/share/evoart_interfaces/cmake/evoart_interfaces__rosidl_typesupport_introspection_cppExport-noconfig.cmake
[0.267s] -- Up-to-date: /home/mustafa/evoart_ws/install/evoart_interfaces/share/evoart_interfaces/cmake/evoart_interfaces__rosidl_typesupport_cppExport.cmake
[0.267s] -- Up-to-date: /home/mustafa/evoart_ws/install/evoart_interfaces/share/evoart_interfaces/cmake/evoart_interfaces__rosidl_typesupport_cppExport-noconfig.cmake
[0.267s] -- Up-to-date: /home/mustafa/evoart_ws/install/evoart_interfaces/share/evoart_interfaces/cmake/export_evoart_interfaces__rosidl_generator_pyExport.cmake
[0.267s] -- Up-to-date: /home/mustafa/evoart_ws/install/evoart_interfaces/share/evoart_interfaces/cmake/export_evoart_interfaces__rosidl_generator_pyExport-noconfig.cmake
[0.267s] -- Up-to-date: /home/mustafa/evoart_ws/install/evoart_interfaces/share/evoart_interfaces/cmake/rosidl_cmake-extras.cmake
[0.267s] -- Up-to-date: /home/mustafa/evoart_ws/install/evoart_interfaces/share/evoart_interfaces/cmake/ament_cmake_export_include_directories-extras.cmake
[0.267s] -- Up-to-date: /home/mustafa/evoart_ws/install/evoart_interfaces/share/evoart_interfaces/cmake/ament_cmake_export_libraries-extras.cmake
[0.267s] -- Up-to-date: /home/mustafa/evoart_ws/install/evoart_interfaces/share/evoart_interfaces/cmake/ament_cmake_export_targets-extras.cmake
[0.267s] -- Up-to-date: /home/mustafa/evoart_ws/install/evoart_interfaces/share/evoart_interfaces/cmake/rosidl_cmake_export_typesupport_targets-extras.cmake
[0.267s] -- Up-to-date: /home/mustafa/evoart_ws/install/evoart_interfaces/share/evoart_interfaces/cmake/ament_cmake_export_dependencies-extras.cmake
[0.267s] -- Up-to-date: /home/mustafa/evoart_ws/install/evoart_interfaces/share/evoart_interfaces/cmake/rosidl_cmake_export_typesupport_libraries-extras.cmake
[0.267s] -- Up-to-date: /home/mustafa/evoart_ws/install/evoart_interfaces/share/evoart_interfaces/cmake/rosidl_cmake_aggregate_target-extras.cmake
[0.267s] -- Up-to-date: /home/mustafa/evoart_ws/install/evoart_interfaces/share/evoart_interfaces/cmake/evoart_interfacesConfig.cmake
[0.267s] -- Up-to-date: /home/mustafa/evoart_ws/install/evoart_interfaces/share/evoart_interfaces/cmake/evoart_interfacesConfig-version.cmake
[0.268s] -- Up-to-date: /home/mustafa/evoart_ws/install/evoart_interfaces/share/evoart_interfaces/package.xml
[0.270s] Invoked command in '/home/mustafa/evoart_ws/build/evoart_interfaces' returned '0': CMAKE_PREFIX_PATH=${CMAKE_PREFIX_PATH}:/opt/ros/humble /usr/bin/cmake --install /home/mustafa/evoart_ws/build/evoart_interfaces
