[0.000000] (-) TimerEvent: {}
[0.000162] (-) JobUnselected: {'identifier': 'evoart_behavior'}
[0.000429] (-) JobUnselected: {'identifier': 'evoart_control'}
[0.000443] (-) JobUnselected: {'identifier': 'evoart_interfaces'}
[0.000453] (-) JobUnselected: {'identifier': 'evoart_perception'}
[0.000462] (-) JobUnselected: {'identifier': 'velodyne'}
[0.000472] (-) JobUnselected: {'identifier': 'velodyne_driver'}
[0.000481] (-) JobUnselected: {'identifier': 'velodyne_laserscan'}
[0.000490] (-) JobUnselected: {'identifier': 'velodyne_msgs'}
[0.000499] (-) JobUnselected: {'identifier': 'velodyne_pointcloud'}
[0.000509] (-) JobUnselected: {'identifier': 'zed_components'}
[0.000517] (-) JobUnselected: {'identifier': 'zed_debug'}
[0.000526] (-) JobUnselected: {'identifier': 'zed_ros2'}
[0.000535] (-) JobUnselected: {'identifier': 'zed_wrapper'}
[0.000548] (evoart_description) JobQueued: {'identifier': 'evoart_description', 'dependencies': OrderedDict()}
[0.000561] (evoart_navigation) JobQueued: {'identifier': 'evoart_navigation', 'dependencies': OrderedDict()}
[0.000571] (evoart_bringup) JobQueued: {'identifier': 'evoart_bringup', 'dependencies': OrderedDict([('evoart_description', '/home/mustafa/evoart_ws/install/evoart_description'), ('evoart_interfaces', '/home/mustafa/evoart_ws/install/evoart_interfaces'), ('evoart_navigation', '/home/mustafa/evoart_ws/install/evoart_navigation'), ('evoart_control', '/home/mustafa/evoart_ws/install/evoart_control')])}
[0.000589] (evoart_description) JobStarted: {'identifier': 'evoart_description'}
[0.004701] (evoart_navigation) JobStarted: {'identifier': 'evoart_navigation'}
[0.007938] (evoart_description) JobProgress: {'identifier': 'evoart_description', 'progress': 'cmake'}
[0.009647] (evoart_description) JobProgress: {'identifier': 'evoart_description', 'progress': 'build'}
[0.010030] (evoart_description) Command: {'cmd': ['/usr/bin/cmake', '--build', '/home/mustafa/evoart_ws/build/evoart_description', '--', '-j32', '-l32'], 'cwd': '/home/mustafa/evoart_ws/build/evoart_description', 'env': OrderedDict([('GJS_DEBUG_TOPICS', 'JS ERROR;JS LOG'), ('LESSOPEN', '| /usr/bin/lesspipe %s'), ('VSCODE_CWD', '/home/mustafa'), ('USER', 'mustafa'), ('VSCODE_NLS_CONFIG', '{"userLocale":"en-us","osLocale":"tr-tr","resolvedLanguage":"en","defaultMessagesFile":"/usr/share/antigravity/resources/app/out/nls.messages.json","locale":"en-us","availableLanguages":{}}'), ('XDG_SESSION_TYPE', 'x11'), ('SHLVL', '0'), ('LD_LIBRARY_PATH', '/usr/lib/x86_64-linux-gnu/gazebo-11/plugins:/opt/ros/humble/opt/rviz_ogre_vendor/lib:/opt/ros/humble/lib/x86_64-linux-gnu:/opt/ros/humble/lib'), ('HOME', '/home/mustafa'), ('CHROME_DESKTOP', 'antigravity.desktop'), ('OLDPWD', '/home/mustafa/evoart_ws'), ('DESKTOP_SESSION', 'ubuntu'), ('VSCODE_IPC_HOOK', '/run/user/1000/vscode-de9dec49-1.10-main.sock'), ('GIO_LAUNCHED_DESKTOP_FILE', '/usr/share/applications/antigravity.desktop'), ('ROS_PYTHON_VERSION', '3'), ('GNOME_SHELL_SESSION_MODE', 'ubuntu'), ('GTK_MODULES', 'gail:atk-bridge'), ('PAGER', 'cat'), ('MANAGERPID', '2064'), ('SYSTEMD_EXEC_PID', '2377'), ('DBUS_SESSION_BUS_ADDRESS', 'unix:path=/run/user/1000/bus'), ('ANTIGRAVITY_AGENT', '1'), ('GIO_LAUNCHED_DESKTOP_FILE_PID', '16571'), ('ROS_DISTRO', 'humble'), ('GTK_IM_MODULE', 'ibus'), ('LOGNAME', 'mustafa'), ('JOURNAL_STREAM', '8:20000'), ('_', '/usr/bin/colcon'), ('ROS_VERSION', '2'), ('XDG_SESSION_CLASS', 'user'), ('USERNAME', 'mustafa'), ('TERM', 'dumb'), ('GNOME_DESKTOP_SESSION_ID', 'this-is-deprecated'), ('FC_FONTATIONS', '1'), ('ROS_LOCALHOST_ONLY', '0'), ('WINDOWPATH', '2'), ('ANTIGRAVITY_EDITOR_APP_ROOT', '/usr/share/antigravity/resources/app'), ('PATH', '/home/mustafa/.local/bin:/opt/ros/humble/bin:/home/mustafa/.local/bin:/usr/local/sbin:/usr/local/bin:/usr/sbin:/usr/bin:/sbin:/bin:/usr/games:/usr/local/games:/snap/bin:/snap/bin:/home/mustafa/.lmstudio/bin:/home/mustafa/.lmstudio/bin:/home/mustafa/.lmstudio/bin'), ('SESSION_MANAGER', 'local/mustafa-SLAYER-R9T:@/tmp/.ICE-unix/2353,unix/mustafa-SLAYER-R9T:/tmp/.ICE-unix/2353'), ('INVOCATION_ID', '30c711239b4c44dea1fe52cf17c255cb'), ('XDG_MENU_PREFIX', 'gnome-'), ('XDG_RUNTIME_DIR', '/run/user/1000'), ('GDK_BACKEND', 'x11'), ('DISPLAY', ':1'), ('LANG', 'tr_TR.UTF-8'), ('XDG_CURRENT_DESKTOP', 'ubuntu:GNOME'), ('XMODIFIERS', '@im=ibus'), ('XDG_SESSION_DESKTOP', 'ubuntu'), ('XAUTHORITY', '/run/user/1000/gdm/Xauthority'), ('LS_COLORS', ''), ('SSH_AGENT_LAUNCHER', 'gnome-keyring'), ('SSH_AUTH_SOCK', '/run/user/1000/keyring/ssh'), ('AMENT_PREFIX_PATH', '/opt/ros/humble'), ('SHELL', '/bin/bash'), ('QT_ACCESSIBILITY', '1'), ('GDMSESSION', 'ubuntu'), ('LESSCLOSE', '/usr/bin/lesspipe %s %s'), ('GPG_AGENT_INFO', '/run/user/1000/gnupg/S.gpg-agent:0:1'), ('GJS_DEBUG_OUTPUT', 'stderr'), ('QT_IM_MODULE', 'ibus'), ('ANTIGRAVITY_TRAJECTORY_ID', 'd21e033e-9055-4830-ac9a-28d07d715551'), ('PWD', '/home/mustafa/evoart_ws/build/evoart_description'), ('TURTLEBOT3_MODEL', 'waffle'), ('XDG_CONFIG_DIRS', '/etc/xdg/xdg-ubuntu:/etc/xdg'), ('VSCODE_CODE_CACHE_PATH', '/home/mustafa/.config/Antigravity/CachedData/15487b3041e65228cae24980a3f796c905ef582c'), ('XDG_DATA_DIRS', '/usr/share/ubuntu:/usr/share/gnome:/home/mustafa/.local/share/flatpak/exports/share:/var/lib/flatpak/exports/share:/usr/local/share/:/usr/share/:/var/lib/snapd/desktop'), ('PYTHONPATH', '/opt/ros/humble/lib/python3.10/site-packages:/opt/ros/humble/local/lib/python3.10/dist-packages'), ('COLCON', '1'), ('VSCODE_PID', '16571'), ('CMAKE_PREFIX_PATH', '/opt/ros/humble')]), 'shell': False}
[0.012322] (evoart_navigation) JobProgress: {'identifier': 'evoart_navigation', 'progress': 'cmake'}
[0.012336] (evoart_navigation) JobProgress: {'identifier': 'evoart_navigation', 'progress': 'build'}
[0.012346] (evoart_navigation) Command: {'cmd': ['/usr/bin/cmake', '--build', '/home/mustafa/evoart_ws/build/evoart_navigation', '--', '-j32', '-l32'], 'cwd': '/home/mustafa/evoart_ws/build/evoart_navigation', 'env': OrderedDict([('GJS_DEBUG_TOPICS', 'JS ERROR;JS LOG'), ('LESSOPEN', '| /usr/bin/lesspipe %s'), ('VSCODE_CWD', '/home/mustafa'), ('USER', 'mustafa'), ('VSCODE_NLS_CONFIG', '{"userLocale":"en-us","osLocale":"tr-tr","resolvedLanguage":"en","defaultMessagesFile":"/usr/share/antigravity/resources/app/out/nls.messages.json","locale":"en-us","availableLanguages":{}}'), ('XDG_SESSION_TYPE', 'x11'), ('SHLVL', '0'), ('LD_LIBRARY_PATH', '/usr/lib/x86_64-linux-gnu/gazebo-11/plugins:/opt/ros/humble/opt/rviz_ogre_vendor/lib:/opt/ros/humble/lib/x86_64-linux-gnu:/opt/ros/humble/lib'), ('HOME', '/home/mustafa'), ('CHROME_DESKTOP', 'antigravity.desktop'), ('OLDPWD', '/home/mustafa/evoart_ws'), ('DESKTOP_SESSION', 'ubuntu'), ('VSCODE_IPC_HOOK', '/run/user/1000/vscode-de9dec49-1.10-main.sock'), ('GIO_LAUNCHED_DESKTOP_FILE', '/usr/share/applications/antigravity.desktop'), ('ROS_PYTHON_VERSION', '3'), ('GNOME_SHELL_SESSION_MODE', 'ubuntu'), ('GTK_MODULES', 'gail:atk-bridge'), ('PAGER', 'cat'), ('MANAGERPID', '2064'), ('SYSTEMD_EXEC_PID', '2377'), ('DBUS_SESSION_BUS_ADDRESS', 'unix:path=/run/user/1000/bus'), ('ANTIGRAVITY_AGENT', '1'), ('GIO_LAUNCHED_DESKTOP_FILE_PID', '16571'), ('ROS_DISTRO', 'humble'), ('GTK_IM_MODULE', 'ibus'), ('LOGNAME', 'mustafa'), ('JOURNAL_STREAM', '8:20000'), ('_', '/usr/bin/colcon'), ('ROS_VERSION', '2'), ('XDG_SESSION_CLASS', 'user'), ('USERNAME', 'mustafa'), ('TERM', 'dumb'), ('GNOME_DESKTOP_SESSION_ID', 'this-is-deprecated'), ('FC_FONTATIONS', '1'), ('ROS_LOCALHOST_ONLY', '0'), ('WINDOWPATH', '2'), ('ANTIGRAVITY_EDITOR_APP_ROOT', '/usr/share/antigravity/resources/app'), ('PATH', '/home/mustafa/.local/bin:/opt/ros/humble/bin:/home/mustafa/.local/bin:/usr/local/sbin:/usr/local/bin:/usr/sbin:/usr/bin:/sbin:/bin:/usr/games:/usr/local/games:/snap/bin:/snap/bin:/home/mustafa/.lmstudio/bin:/home/mustafa/.lmstudio/bin:/home/mustafa/.lmstudio/bin'), ('SESSION_MANAGER', 'local/mustafa-SLAYER-R9T:@/tmp/.ICE-unix/2353,unix/mustafa-SLAYER-R9T:/tmp/.ICE-unix/2353'), ('INVOCATION_ID', '30c711239b4c44dea1fe52cf17c255cb'), ('XDG_MENU_PREFIX', 'gnome-'), ('XDG_RUNTIME_DIR', '/run/user/1000'), ('GDK_BACKEND', 'x11'), ('DISPLAY', ':1'), ('LANG', 'tr_TR.UTF-8'), ('XDG_CURRENT_DESKTOP', 'ubuntu:GNOME'), ('XMODIFIERS', '@im=ibus'), ('XDG_SESSION_DESKTOP', 'ubuntu'), ('XAUTHORITY', '/run/user/1000/gdm/Xauthority'), ('LS_COLORS', ''), ('SSH_AGENT_LAUNCHER', 'gnome-keyring'), ('SSH_AUTH_SOCK', '/run/user/1000/keyring/ssh'), ('AMENT_PREFIX_PATH', '/opt/ros/humble'), ('SHELL', '/bin/bash'), ('QT_ACCESSIBILITY', '1'), ('GDMSESSION', 'ubuntu'), ('LESSCLOSE', '/usr/bin/lesspipe %s %s'), ('GPG_AGENT_INFO', '/run/user/1000/gnupg/S.gpg-agent:0:1'), ('GJS_DEBUG_OUTPUT', 'stderr'), ('QT_IM_MODULE', 'ibus'), ('ANTIGRAVITY_TRAJECTORY_ID', 'd21e033e-9055-4830-ac9a-28d07d715551'), ('PWD', '/home/mustafa/evoart_ws/build/evoart_navigation'), ('TURTLEBOT3_MODEL', 'waffle'), ('XDG_CONFIG_DIRS', '/etc/xdg/xdg-ubuntu:/etc/xdg'), ('VSCODE_CODE_CACHE_PATH', '/home/mustafa/.config/Antigravity/CachedData/15487b3041e65228cae24980a3f796c905ef582c'), ('XDG_DATA_DIRS', '/usr/share/ubuntu:/usr/share/gnome:/home/mustafa/.local/share/flatpak/exports/share:/var/lib/flatpak/exports/share:/usr/local/share/:/usr/share/:/var/lib/snapd/desktop'), ('PYTHONPATH', '/opt/ros/humble/lib/python3.10/site-packages:/opt/ros/humble/local/lib/python3.10/dist-packages'), ('COLCON', '1'), ('VSCODE_PID', '16571'), ('CMAKE_PREFIX_PATH', '/opt/ros/humble')]), 'shell': False}
[0.041524] (evoart_navigation) CommandEnded: {'returncode': 0}
[0.042163] (evoart_navigation) JobProgress: {'identifier': 'evoart_navigation', 'progress': 'install'}
[0.049435] (evoart_navigation) Command: {'cmd': ['/usr/bin/cmake', '--install', '/home/mustafa/evoart_ws/build/evoart_navigation'], 'cwd': '/home/mustafa/evoart_ws/build/evoart_navigation', 'env': OrderedDict([('GJS_DEBUG_TOPICS', 'JS ERROR;JS LOG'), ('LESSOPEN', '| /usr/bin/lesspipe %s'), ('VSCODE_CWD', '/home/mustafa'), ('USER', 'mustafa'), ('VSCODE_NLS_CONFIG', '{"userLocale":"en-us","osLocale":"tr-tr","resolvedLanguage":"en","defaultMessagesFile":"/usr/share/antigravity/resources/app/out/nls.messages.json","locale":"en-us","availableLanguages":{}}'), ('XDG_SESSION_TYPE', 'x11'), ('SHLVL', '0'), ('LD_LIBRARY_PATH', '/usr/lib/x86_64-linux-gnu/gazebo-11/plugins:/opt/ros/humble/opt/rviz_ogre_vendor/lib:/opt/ros/humble/lib/x86_64-linux-gnu:/opt/ros/humble/lib'), ('HOME', '/home/mustafa'), ('CHROME_DESKTOP', 'antigravity.desktop'), ('OLDPWD', '/home/mustafa/evoart_ws'), ('DESKTOP_SESSION', 'ubuntu'), ('VSCODE_IPC_HOOK', '/run/user/1000/vscode-de9dec49-1.10-main.sock'), ('GIO_LAUNCHED_DESKTOP_FILE', '/usr/share/applications/antigravity.desktop'), ('ROS_PYTHON_VERSION', '3'), ('GNOME_SHELL_SESSION_MODE', 'ubuntu'), ('GTK_MODULES', 'gail:atk-bridge'), ('PAGER', 'cat'), ('MANAGERPID', '2064'), ('SYSTEMD_EXEC_PID', '2377'), ('DBUS_SESSION_BUS_ADDRESS', 'unix:path=/run/user/1000/bus'), ('ANTIGRAVITY_AGENT', '1'), ('GIO_LAUNCHED_DESKTOP_FILE_PID', '16571'), ('ROS_DISTRO', 'humble'), ('GTK_IM_MODULE', 'ibus'), ('LOGNAME', 'mustafa'), ('JOURNAL_STREAM', '8:20000'), ('_', '/usr/bin/colcon'), ('ROS_VERSION', '2'), ('XDG_SESSION_CLASS', 'user'), ('USERNAME', 'mustafa'), ('TERM', 'dumb'), ('GNOME_DESKTOP_SESSION_ID', 'this-is-deprecated'), ('FC_FONTATIONS', '1'), ('ROS_LOCALHOST_ONLY', '0'), ('WINDOWPATH', '2'), ('ANTIGRAVITY_EDITOR_APP_ROOT', '/usr/share/antigravity/resources/app'), ('PATH', '/home/mustafa/.local/bin:/opt/ros/humble/bin:/home/mustafa/.local/bin:/usr/local/sbin:/usr/local/bin:/usr/sbin:/usr/bin:/sbin:/bin:/usr/games:/usr/local/games:/snap/bin:/snap/bin:/home/mustafa/.lmstudio/bin:/home/mustafa/.lmstudio/bin:/home/mustafa/.lmstudio/bin'), ('SESSION_MANAGER', 'local/mustafa-SLAYER-R9T:@/tmp/.ICE-unix/2353,unix/mustafa-SLAYER-R9T:/tmp/.ICE-unix/2353'), ('INVOCATION_ID', '30c711239b4c44dea1fe52cf17c255cb'), ('XDG_MENU_PREFIX', 'gnome-'), ('XDG_RUNTIME_DIR', '/run/user/1000'), ('GDK_BACKEND', 'x11'), ('DISPLAY', ':1'), ('LANG', 'tr_TR.UTF-8'), ('XDG_CURRENT_DESKTOP', 'ubuntu:GNOME'), ('XMODIFIERS', '@im=ibus'), ('XDG_SESSION_DESKTOP', 'ubuntu'), ('XAUTHORITY', '/run/user/1000/gdm/Xauthority'), ('LS_COLORS', ''), ('SSH_AGENT_LAUNCHER', 'gnome-keyring'), ('SSH_AUTH_SOCK', '/run/user/1000/keyring/ssh'), ('AMENT_PREFIX_PATH', '/opt/ros/humble'), ('SHELL', '/bin/bash'), ('QT_ACCESSIBILITY', '1'), ('GDMSESSION', 'ubuntu'), ('LESSCLOSE', '/usr/bin/lesspipe %s %s'), ('GPG_AGENT_INFO', '/run/user/1000/gnupg/S.gpg-agent:0:1'), ('GJS_DEBUG_OUTPUT', 'stderr'), ('QT_IM_MODULE', 'ibus'), ('ANTIGRAVITY_TRAJECTORY_ID', 'd21e033e-9055-4830-ac9a-28d07d715551'), ('PWD', '/home/mustafa/evoart_ws/build/evoart_navigation'), ('TURTLEBOT3_MODEL', 'waffle'), ('XDG_CONFIG_DIRS', '/etc/xdg/xdg-ubuntu:/etc/xdg'), ('VSCODE_CODE_CACHE_PATH', '/home/mustafa/.config/Antigravity/CachedData/15487b3041e65228cae24980a3f796c905ef582c'), ('XDG_DATA_DIRS', '/usr/share/ubuntu:/usr/share/gnome:/home/mustafa/.local/share/flatpak/exports/share:/var/lib/flatpak/exports/share:/usr/local/share/:/usr/share/:/var/lib/snapd/desktop'), ('PYTHONPATH', '/opt/ros/humble/lib/python3.10/site-packages:/opt/ros/humble/local/lib/python3.10/dist-packages'), ('COLCON', '1'), ('VSCODE_PID', '16571'), ('CMAKE_PREFIX_PATH', '/opt/ros/humble')]), 'shell': False}
[0.050513] (evoart_description) CommandEnded: {'returncode': 0}
[0.050963] (evoart_description) JobProgress: {'identifier': 'evoart_description', 'progress': 'install'}
[0.051057] (evoart_description) Command: {'cmd': ['/usr/bin/cmake', '--install', '/home/mustafa/evoart_ws/build/evoart_description'], 'cwd': '/home/mustafa/evoart_ws/build/evoart_description', 'env': OrderedDict([('GJS_DEBUG_TOPICS', 'JS ERROR;JS LOG'), ('LESSOPEN', '| /usr/bin/lesspipe %s'), ('VSCODE_CWD', '/home/mustafa'), ('USER', 'mustafa'), ('VSCODE_NLS_CONFIG', '{"userLocale":"en-us","osLocale":"tr-tr","resolvedLanguage":"en","defaultMessagesFile":"/usr/share/antigravity/resources/app/out/nls.messages.json","locale":"en-us","availableLanguages":{}}'), ('XDG_SESSION_TYPE', 'x11'), ('SHLVL', '0'), ('LD_LIBRARY_PATH', '/usr/lib/x86_64-linux-gnu/gazebo-11/plugins:/opt/ros/humble/opt/rviz_ogre_vendor/lib:/opt/ros/humble/lib/x86_64-linux-gnu:/opt/ros/humble/lib'), ('HOME', '/home/mustafa'), ('CHROME_DESKTOP', 'antigravity.desktop'), ('OLDPWD', '/home/mustafa/evoart_ws'), ('DESKTOP_SESSION', 'ubuntu'), ('VSCODE_IPC_HOOK', '/run/user/1000/vscode-de9dec49-1.10-main.sock'), ('GIO_LAUNCHED_DESKTOP_FILE', '/usr/share/applications/antigravity.desktop'), ('ROS_PYTHON_VERSION', '3'), ('GNOME_SHELL_SESSION_MODE', 'ubuntu'), ('GTK_MODULES', 'gail:atk-bridge'), ('PAGER', 'cat'), ('MANAGERPID', '2064'), ('SYSTEMD_EXEC_PID', '2377'), ('DBUS_SESSION_BUS_ADDRESS', 'unix:path=/run/user/1000/bus'), ('ANTIGRAVITY_AGENT', '1'), ('GIO_LAUNCHED_DESKTOP_FILE_PID', '16571'), ('ROS_DISTRO', 'humble'), ('GTK_IM_MODULE', 'ibus'), ('LOGNAME', 'mustafa'), ('JOURNAL_STREAM', '8:20000'), ('_', '/usr/bin/colcon'), ('ROS_VERSION', '2'), ('XDG_SESSION_CLASS', 'user'), ('USERNAME', 'mustafa'), ('TERM', 'dumb'), ('GNOME_DESKTOP_SESSION_ID', 'this-is-deprecated'), ('FC_FONTATIONS', '1'), ('ROS_LOCALHOST_ONLY', '0'), ('WINDOWPATH', '2'), ('ANTIGRAVITY_EDITOR_APP_ROOT', '/usr/share/antigravity/resources/app'), ('PATH', '/home/mustafa/.local/bin:/opt/ros/humble/bin:/home/mustafa/.local/bin:/usr/local/sbin:/usr/local/bin:/usr/sbin:/usr/bin:/sbin:/bin:/usr/games:/usr/local/games:/snap/bin:/snap/bin:/home/mustafa/.lmstudio/bin:/home/mustafa/.lmstudio/bin:/home/mustafa/.lmstudio/bin'), ('SESSION_MANAGER', 'local/mustafa-SLAYER-R9T:@/tmp/.ICE-unix/2353,unix/mustafa-SLAYER-R9T:/tmp/.ICE-unix/2353'), ('INVOCATION_ID', '30c711239b4c44dea1fe52cf17c255cb'), ('XDG_MENU_PREFIX', 'gnome-'), ('XDG_RUNTIME_DIR', '/run/user/1000'), ('GDK_BACKEND', 'x11'), ('DISPLAY', ':1'), ('LANG', 'tr_TR.UTF-8'), ('XDG_CURRENT_DESKTOP', 'ubuntu:GNOME'), ('XMODIFIERS', '@im=ibus'), ('XDG_SESSION_DESKTOP', 'ubuntu'), ('XAUTHORITY', '/run/user/1000/gdm/Xauthority'), ('LS_COLORS', ''), ('SSH_AGENT_LAUNCHER', 'gnome-keyring'), ('SSH_AUTH_SOCK', '/run/user/1000/keyring/ssh'), ('AMENT_PREFIX_PATH', '/opt/ros/humble'), ('SHELL', '/bin/bash'), ('QT_ACCESSIBILITY', '1'), ('GDMSESSION', 'ubuntu'), ('LESSCLOSE', '/usr/bin/lesspipe %s %s'), ('GPG_AGENT_INFO', '/run/user/1000/gnupg/S.gpg-agent:0:1'), ('GJS_DEBUG_OUTPUT', 'stderr'), ('QT_IM_MODULE', 'ibus'), ('ANTIGRAVITY_TRAJECTORY_ID', 'd21e033e-9055-4830-ac9a-28d07d715551'), ('PWD', '/home/mustafa/evoart_ws/build/evoart_description'), ('TURTLEBOT3_MODEL', 'waffle'), ('XDG_CONFIG_DIRS', '/etc/xdg/xdg-ubuntu:/etc/xdg'), ('VSCODE_CODE_CACHE_PATH', '/home/mustafa/.config/Antigravity/CachedData/15487b3041e65228cae24980a3f796c905ef582c'), ('XDG_DATA_DIRS', '/usr/share/ubuntu:/usr/share/gnome:/home/mustafa/.local/share/flatpak/exports/share:/var/lib/flatpak/exports/share:/usr/local/share/:/usr/share/:/var/lib/snapd/desktop'), ('PYTHONPATH', '/opt/ros/humble/lib/python3.10/site-packages:/opt/ros/humble/local/lib/python3.10/dist-packages'), ('COLCON', '1'), ('VSCODE_PID', '16571'), ('CMAKE_PREFIX_PATH', '/opt/ros/humble')]), 'shell': False}
[0.055892] (evoart_navigation) StdoutLine: {'line': b'-- Install configuration: ""\n'}
[0.056066] (evoart_navigation) StdoutLine: {'line': b'-- Up-to-date: /home/mustafa/evoart_ws/install/evoart_navigation/share/evoart_navigation/config\n'}
[0.056102] (evoart_navigation) StdoutLine: {'line': b'-- Up-to-date: /home/mustafa/evoart_ws/install/evoart_navigation/share/evoart_navigation/config/ekf.yaml\n'}
[0.056132] (evoart_navigation) StdoutLine: {'line': b'-- Up-to-date: /home/mustafa/evoart_ws/install/evoart_navigation/share/evoart_navigation/config/nav2_params.yaml\n'}
[0.056160] (evoart_navigation) StdoutLine: {'line': b'-- Up-to-date: /home/mustafa/evoart_ws/install/evoart_navigation/share/evoart_navigation/launch\n'}
[0.056186] (evoart_navigation) StdoutLine: {'line': b'-- Installing: /home/mustafa/evoart_ws/install/evoart_navigation/share/evoart_navigation/launch/navigation.launch.py\n'}
[0.056279] (evoart_navigation) StdoutLine: {'line': b'-- Up-to-date: /home/mustafa/evoart_ws/install/evoart_navigation/share/evoart_navigation/maps\n'}
[0.056353] (evoart_navigation) StdoutLine: {'line': b'-- Installing: /home/mustafa/evoart_ws/install/evoart_navigation/share/evoart_navigation/maps/robotaksi_pist.yaml\n'}
[0.056466] (evoart_navigation) StdoutLine: {'line': b'-- Up-to-date: /home/mustafa/evoart_ws/install/evoart_navigation/share/evoart_navigation/maps/robotaksi_pis.pgm\n'}
[0.056506] (evoart_navigation) StdoutLine: {'line': b'-- Up-to-date: /home/mustafa/evoart_ws/install/evoart_navigation/share/ament_index/resource_index/package_run_dependencies/evoart_navigation\n'}
[0.056604] (evoart_navigation) StdoutLine: {'line': b'-- Up-to-date: /home/mustafa/evoart_ws/install/evoart_navigation/share/ament_index/resource_index/parent_prefix_path/evoart_navigation\n'}
[0.056644] (evoart_navigation) StdoutLine: {'line': b'-- Up-to-date: /home/mustafa/evoart_ws/install/evoart_navigation/share/evoart_navigation/environment/ament_prefix_path.sh\n'}
[0.056677] (evoart_navigation) StdoutLine: {'line': b'-- Up-to-date: /home/mustafa/evoart_ws/install/evoart_navigation/share/evoart_navigation/environment/ament_prefix_path.dsv\n'}
[0.056709] (evoart_navigation) StdoutLine: {'line': b'-- Up-to-date: /home/mustafa/evoart_ws/install/evoart_navigation/share/evoart_navigation/environment/path.sh\n'}
[0.056808] (evoart_navigation) StdoutLine: {'line': b'-- Up-to-date: /home/mustafa/evoart_ws/install/evoart_navigation/share/evoart_navigation/environment/path.dsv\n'}
[0.056847] (evoart_navigation) StdoutLine: {'line': b'-- Up-to-date: /home/mustafa/evoart_ws/install/evoart_navigation/share/evoart_navigation/local_setup.bash\n'}
[0.056879] (evoart_navigation) StdoutLine: {'line': b'-- Up-to-date: /home/mustafa/evoart_ws/install/evoart_navigation/share/evoart_navigation/local_setup.sh\n'}
[0.056911] (evoart_navigation) StdoutLine: {'line': b'-- Up-to-date: /home/mustafa/evoart_ws/install/evoart_navigation/share/evoart_navigation/local_setup.zsh\n'}
[0.056942] (evoart_navigation) StdoutLine: {'line': b'-- Up-to-date: /home/mustafa/evoart_ws/install/evoart_navigation/share/evoart_navigation/local_setup.dsv\n'}
[0.056973] (evoart_navigation) StdoutLine: {'line': b'-- Installing: /home/mustafa/evoart_ws/install/evoart_navigation/share/evoart_navigation/package.dsv\n'}
[0.057058] (evoart_navigation) StdoutLine: {'line': b'-- Up-to-date: /home/mustafa/evoart_ws/install/evoart_navigation/share/ament_index/resource_index/packages/evoart_navigation\n'}
[0.057094] (evoart_navigation) StdoutLine: {'line': b'-- Up-to-date: /home/mustafa/evoart_ws/install/evoart_navigation/share/evoart_navigation/cmake/evoart_navigationConfig.cmake\n'}
[0.057119] (evoart_navigation) StdoutLine: {'line': b'-- Up-to-date: /home/mustafa/evoart_ws/install/evoart_navigation/share/evoart_navigation/cmake/evoart_navigationConfig-version.cmake\n'}
[0.057144] (evoart_navigation) StdoutLine: {'line': b'-- Up-to-date: /home/mustafa/evoart_ws/install/evoart_navigation/share/evoart_navigation/package.xml\n'}
[0.057651] (evoart_description) StdoutLine: {'line': b'-- Install configuration: ""\n'}
[0.057878] (evoart_description) StdoutLine: {'line': b'-- Up-to-date: /home/mustafa/evoart_ws/install/evoart_description/share/evoart_description/urdf\n'}
[0.058093] (evoart_description) StdoutLine: {'line': b'-- Up-to-date: /home/mustafa/evoart_ws/install/evoart_description/share/evoart_description/urdf/robotaksi.urdf.xacro\n'}
[0.058359] (evoart_description) StdoutLine: {'line': b'-- Up-to-date: /home/mustafa/evoart_ws/install/evoart_description/share/evoart_description/meshes\n'}
[0.058518] (evoart_description) StdoutLine: {'line': b'-- Up-to-date: /home/mustafa/evoart_ws/install/evoart_description/share/evoart_description/launch\n'}
[0.058549] (evoart_description) StdoutLine: {'line': b'-- Up-to-date: /home/mustafa/evoart_ws/install/evoart_description/share/evoart_description/launch/gazebo.launch.py\n'}
[0.058578] (evoart_description) StdoutLine: {'line': b'-- Up-to-date: /home/mustafa/evoart_ws/install/evoart_description/share/evoart_description/launch/display.launch.py\n'}
[0.058606] (evoart_description) StdoutLine: {'line': b'-- Up-to-date: /home/mustafa/evoart_ws/install/evoart_description/share/evoart_description/rviz\n'}
[0.058633] (evoart_description) StdoutLine: {'line': b'-- Up-to-date: /home/mustafa/evoart_ws/install/evoart_description/share/evoart_description/rviz/robotaksi.rviz\n'}
[0.058661] (evoart_description) StdoutLine: {'line': b'-- Up-to-date: /home/mustafa/evoart_ws/install/evoart_description/share/evoart_description/worlds\n'}
[0.058688] (evoart_description) StdoutLine: {'line': b'-- Up-to-date: /home/mustafa/evoart_ws/install/evoart_description/share/evoart_description/worlds/teknofest_city.sdf\n'}
[0.058715] (evoart_description) StdoutLine: {'line': b'-- Up-to-date: /home/mustafa/evoart_ws/install/evoart_description/share/evoart_description/models\n'}
[0.058743] (evoart_description) StdoutLine: {'line': b'-- Up-to-date: /home/mustafa/evoart_ws/install/evoart_description/share/evoart_description/models/SagaDonulmezTabelasi\n'}
[0.058770] (evoart_description) StdoutLine: {'line': b'-- Up-to-date: /home/mustafa/evoart_ws/install/evoart_description/share/evoart_description/models/SagaDonulmezTabelasi/meshes\n'}
[0.058969] (evoart_description) StdoutLine: {'line': b'-- Up-to-date: /home/mustafa/evoart_ws/install/evoart_description/share/evoart_description/models/SagaDonulmezTabelasi/meshes/SagaDonulmezTabelasi.dae\n'}
[0.059066] (evoart_description) StdoutLine: {'line': b'-- Up-to-date: /home/mustafa/evoart_ws/install/evoart_description/share/evoart_description/models/SagaDonulmezTabelasi/model.config\n'}
[0.059110] (evoart_description) StdoutLine: {'line': b'-- Up-to-date: /home/mustafa/evoart_ws/install/evoart_description/share/evoart_description/models/SagaDonulmezTabelasi/model.sdf\n'}
[0.059152] (evoart_description) StdoutLine: {'line': b'-- Up-to-date: /home/mustafa/evoart_ws/install/evoart_description/share/evoart_description/models/AzamiHizSiniri20\n'}
[0.059194] (evoart_description) StdoutLine: {'line': b'-- Up-to-date: /home/mustafa/evoart_ws/install/evoart_description/share/evoart_description/models/AzamiHizSiniri20/meshes\n'}
[0.059234] (evoart_description) StdoutLine: {'line': b'-- Up-to-date: /home/mustafa/evoart_ws/install/evoart_description/share/evoart_description/models/AzamiHizSiniri20/meshes/AzamiHizSiniri20.dae\n'}
[0.059273] (evoart_description) StdoutLine: {'line': b'-- Up-to-date: /home/mustafa/evoart_ws/install/evoart_description/share/evoart_description/models/AzamiHizSiniri20/model.config\n'}
[0.059330] (evoart_description) StdoutLine: {'line': b'-- Up-to-date: /home/mustafa/evoart_ws/install/evoart_description/share/evoart_description/models/AzamiHizSiniri20/model.sdf\n'}
[0.059585] (evoart_description) StdoutLine: {'line': b'-- Up-to-date: /home/mustafa/evoart_ws/install/evoart_description/share/evoart_description/models/ParkEtmekYasaktirTabelasi\n'}
[0.059648] (evoart_description) StdoutLine: {'line': b'-- Up-to-date: /home/mustafa/evoart_ws/install/evoart_description/share/evoart_description/models/ParkEtmekYasaktirTabelasi/meshes\n'}
[0.059686] (evoart_description) StdoutLine: {'line': b'-- Up-to-date: /home/mustafa/evoart_ws/install/evoart_description/share/evoart_description/models/ParkEtmekYasaktirTabelasi/meshes/ParkEtmekYasaktirTabelasi.dae\n'}
[0.059739] (evoart_description) StdoutLine: {'line': b'-- Up-to-date: /home/mustafa/evoart_ws/install/evoart_description/share/evoart_description/models/ParkEtmekYasaktirTabelasi/model.config\n'}
[0.059771] (evoart_description) StdoutLine: {'line': b'-- Up-to-date: /home/mustafa/evoart_ws/install/evoart_description/share/evoart_description/models/ParkEtmekYasaktirTabelasi/model.sdf\n'}
[0.059848] (evoart_description) StdoutLine: {'line': b'-- Up-to-date: /home/mustafa/evoart_ws/install/evoart_description/share/evoart_description/models/ParkYeriTabelasi\n'}
[0.059970] (evoart_description) StdoutLine: {'line': b'-- Up-to-date: /home/mustafa/evoart_ws/install/evoart_description/share/evoart_description/models/ParkYeriTabelasi/meshes\n'}
[0.060004] (evoart_description) StdoutLine: {'line': b'-- Up-to-date: /home/mustafa/evoart_ws/install/evoart_description/share/evoart_description/models/ParkYeriTabelasi/meshes/ParkYeriTabelasi.dae\n'}
[0.060057] (evoart_description) StdoutLine: {'line': b'-- Up-to-date: /home/mustafa/evoart_ws/install/evoart_description/share/evoart_description/models/ParkYeriTabelasi/model.config\n'}
[0.060094] (evoart_description) StdoutLine: {'line': b'-- Up-to-date: /home/mustafa/evoart_ws/install/evoart_description/share/evoart_description/models/ParkYeriTabelasi/model.sdf\n'}
[0.060123] (evoart_description) StdoutLine: {'line': b'-- Up-to-date: /home/mustafa/evoart_ws/install/evoart_description/share/evoart_description/models/DurTabelasi\n'}
[0.060152] (evoart_description) StdoutLine: {'line': b'-- Up-to-date: /home/mustafa/evoart_ws/install/evoart_description/share/evoart_description/models/DurTabelasi/meshes\n'}
[0.060202] (evoart_description) StdoutLine: {'line': b'-- Up-to-date: /home/mustafa/evoart_ws/install/evoart_description/share/evoart_description/models/DurTabelasi/meshes/DurTabelasi.dae\n'}
[0.060384] (evoart_navigation) CommandEnded: {'returncode': 0}
[0.070855] (evoart_navigation) JobEnded: {'identifier': 'evoart_navigation', 'rc': 0}
[0.071798] (evoart_description) StdoutLine: {'line': b'-- Up-to-date: /home/mustafa/evoart_ws/install/evoart_description/share/evoart_description/models/DurTabelasi/model.config\n'}
[0.071969] (evoart_description) StdoutLine: {'line': b'-- Up-to-date: /home/mustafa/evoart_ws/install/evoart_description/share/evoart_description/models/DurTabelasi/model.sdf\n'}
[0.072042] (evoart_description) StdoutLine: {'line': b'-- Up-to-date: /home/mustafa/evoart_ws/install/evoart_description/share/evoart_description/models/KirmiziTrafikLambasi\n'}
[0.072094] (evoart_description) StdoutLine: {'line': b'-- Up-to-date: /home/mustafa/evoart_ws/install/evoart_description/share/evoart_description/models/KirmiziTrafikLambasi/meshes\n'}
[0.072130] (evoart_description) StdoutLine: {'line': b'-- Up-to-date: /home/mustafa/evoart_ws/install/evoart_description/share/evoart_description/models/KirmiziTrafikLambasi/meshes/KirmiziTrafikLambasi.dae\n'}
[0.072165] (evoart_description) StdoutLine: {'line': b'-- Up-to-date: /home/mustafa/evoart_ws/install/evoart_description/share/evoart_description/models/KirmiziTrafikLambasi/model.config\n'}
[0.072202] (evoart_description) StdoutLine: {'line': b'-- Up-to-date: /home/mustafa/evoart_ws/install/evoart_description/share/evoart_description/models/KirmiziTrafikLambasi/model.sdf\n'}
[0.072296] (evoart_description) StdoutLine: {'line': b'-- Up-to-date: /home/mustafa/evoart_ws/install/evoart_description/share/evoart_description/models/RoboTaksiPist2024\n'}
[0.072340] (evoart_description) StdoutLine: {'line': b'-- Up-to-date: /home/mustafa/evoart_ws/install/evoart_description/share/evoart_description/models/RoboTaksiPist2024/meshes\n'}
[0.072385] (evoart_description) StdoutLine: {'line': b'-- Up-to-date: /home/mustafa/evoart_ws/install/evoart_description/share/evoart_description/models/RoboTaksiPist2024/meshes/RoboTaksiPist2024.dae\n'}
[0.072419] (evoart_description) StdoutLine: {'line': b'-- Up-to-date: /home/mustafa/evoart_ws/install/evoart_description/share/evoart_description/models/RoboTaksiPist2024/meshes/RoboTaksiPist2024_1.dae\n'}
[0.072455] (evoart_description) StdoutLine: {'line': b'-- Up-to-date: /home/mustafa/evoart_ws/install/evoart_description/share/evoart_description/models/RoboTaksiPist2024/meshes/RoboTaksiPist2024_0.dae\n'}
[0.072486] (evoart_description) StdoutLine: {'line': b'-- Up-to-date: /home/mustafa/evoart_ws/install/evoart_description/share/evoart_description/models/RoboTaksiPist2024/model.config\n'}
[0.072517] (evoart_description) StdoutLine: {'line': b'-- Up-to-date: /home/mustafa/evoart_ws/install/evoart_description/share/evoart_description/models/RoboTaksiPist2024/model.sdf\n'}
[0.072547] (evoart_description) StdoutLine: {'line': b'-- Up-to-date: /home/mustafa/evoart_ws/install/evoart_description/share/evoart_description/models/SolaDonulmezTabelasi\n'}
[0.072578] (evoart_description) StdoutLine: {'line': b'-- Up-to-date: /home/mustafa/evoart_ws/install/evoart_description/share/evoart_description/models/SolaDonulmezTabelasi/meshes\n'}
[0.072609] (evoart_description) StdoutLine: {'line': b'-- Up-to-date: /home/mustafa/evoart_ws/install/evoart_description/share/evoart_description/models/SolaDonulmezTabelasi/meshes/SolaDonulmezTabelasi.dae\n'}
[0.072639] (evoart_description) StdoutLine: {'line': b'-- Up-to-date: /home/mustafa/evoart_ws/install/evoart_description/share/evoart_description/models/SolaDonulmezTabelasi/model.config\n'}
[0.072675] (evoart_description) StdoutLine: {'line': b'-- Up-to-date: /home/mustafa/evoart_ws/install/evoart_description/share/evoart_description/models/SolaDonulmezTabelasi/model.sdf\n'}
[0.072713] (evoart_description) StdoutLine: {'line': b'-- Up-to-date: /home/mustafa/evoart_ws/install/evoart_description/share/evoart_description/models/DonelKavsakTabelasi\n'}
[0.072753] (evoart_description) StdoutLine: {'line': b'-- Up-to-date: /home/mustafa/evoart_ws/install/evoart_description/share/evoart_description/models/DonelKavsakTabelasi/meshes\n'}
[0.072804] (evoart_description) StdoutLine: {'line': b'-- Up-to-date: /home/mustafa/evoart_ws/install/evoart_description/share/evoart_description/models/DonelKavsakTabelasi/meshes/DonelKavsakTabelasi.dae\n'}
[0.072868] (evoart_description) StdoutLine: {'line': b'-- Up-to-date: /home/mustafa/evoart_ws/install/evoart_description/share/evoart_description/models/DonelKavsakTabelasi/model.config\n'}
[0.073059] (evoart_description) StdoutLine: {'line': b'-- Up-to-date: /home/mustafa/evoart_ws/install/evoart_description/share/evoart_description/models/DonelKavsakTabelasi/model.sdf\n'}
[0.073100] (evoart_description) StdoutLine: {'line': b'-- Up-to-date: /home/mustafa/evoart_ws/install/evoart_description/share/evoart_description/models/DurakTabelasi\n'}
[0.073132] (evoart_description) StdoutLine: {'line': b'-- Up-to-date: /home/mustafa/evoart_ws/install/evoart_description/share/evoart_description/models/DurakTabelasi/meshes\n'}
[0.073164] (evoart_description) StdoutLine: {'line': b'-- Up-to-date: /home/mustafa/evoart_ws/install/evoart_description/share/evoart_description/models/DurakTabelasi/meshes/DurakTabelasi.dae\n'}
[0.073196] (evoart_description) StdoutLine: {'line': b'-- Up-to-date: /home/mustafa/evoart_ws/install/evoart_description/share/evoart_description/models/DurakTabelasi/model.config\n'}
[0.073227] (evoart_description) StdoutLine: {'line': b'-- Up-to-date: /home/mustafa/evoart_ws/install/evoart_description/share/evoart_description/models/DurakTabelasi/model.sdf\n'}
[0.073322] (evoart_description) StdoutLine: {'line': b'-- Up-to-date: /home/mustafa/evoart_ws/install/evoart_description/share/evoart_description/models/GirisiOlmayanYolTabelasi\n'}
[0.073355] (evoart_description) StdoutLine: {'line': b'-- Up-to-date: /home/mustafa/evoart_ws/install/evoart_description/share/evoart_description/models/GirisiOlmayanYolTabelasi/meshes\n'}
[0.073388] (evoart_description) StdoutLine: {'line': b'-- Up-to-date: /home/mustafa/evoart_ws/install/evoart_description/share/evoart_description/models/GirisiOlmayanYolTabelasi/meshes/GirisiOlmayanYolTabelasi.dae\n'}
[0.073473] (evoart_description) StdoutLine: {'line': b'-- Up-to-date: /home/mustafa/evoart_ws/install/evoart_description/share/evoart_description/models/GirisiOlmayanYolTabelasi/model.config\n'}
[0.073506] (evoart_description) StdoutLine: {'line': b'-- Up-to-date: /home/mustafa/evoart_ws/install/evoart_description/share/evoart_description/models/GirisiOlmayanYolTabelasi/model.sdf\n'}
[0.073550] (evoart_description) StdoutLine: {'line': b'-- Up-to-date: /home/mustafa/evoart_ws/install/evoart_description/share/evoart_description/models/SagaMecburiYonTabelasi\n'}
[0.073583] (evoart_description) StdoutLine: {'line': b'-- Up-to-date: /home/mustafa/evoart_ws/install/evoart_description/share/evoart_description/models/SagaMecburiYonTabelasi/meshes\n'}
[0.073613] (evoart_description) StdoutLine: {'line': b'-- Up-to-date: /home/mustafa/evoart_ws/install/evoart_description/share/evoart_description/models/SagaMecburiYonTabelasi/meshes/SagaMecburiYonTabelasi.dae\n'}
[0.073645] (evoart_description) StdoutLine: {'line': b'-- Up-to-date: /home/mustafa/evoart_ws/install/evoart_description/share/evoart_description/models/SagaMecburiYonTabelasi/model.config\n'}
[0.073676] (evoart_description) StdoutLine: {'line': b'-- Up-to-date: /home/mustafa/evoart_ws/install/evoart_description/share/evoart_description/models/SagaMecburiYonTabelasi/model.sdf\n'}
[0.073707] (evoart_description) StdoutLine: {'line': b'-- Up-to-date: /home/mustafa/evoart_ws/install/evoart_description/share/evoart_description/models/YesilTrafikLambasi\n'}
[0.073739] (evoart_description) StdoutLine: {'line': b'-- Up-to-date: /home/mustafa/evoart_ws/install/evoart_description/share/evoart_description/models/YesilTrafikLambasi/meshes\n'}
[0.073770] (evoart_description) StdoutLine: {'line': b'-- Up-to-date: /home/mustafa/evoart_ws/install/evoart_description/share/evoart_description/models/YesilTrafikLambasi/meshes/YesilTrafikLambasi.dae\n'}
[0.073957] (evoart_description) StdoutLine: {'line': b'-- Up-to-date: /home/mustafa/evoart_ws/install/evoart_description/share/evoart_description/models/YesilTrafikLambasi/model.config\n'}
[0.074026] (evoart_description) StdoutLine: {'line': b'-- Up-to-date: /home/mustafa/evoart_ws/install/evoart_description/share/evoart_description/models/YesilTrafikLambasi/model.sdf\n'}
[0.074064] (evoart_description) StdoutLine: {'line': b'-- Up-to-date: /home/mustafa/evoart_ws/install/evoart_description/share/evoart_description/models/Template\n'}
[0.074098] (evoart_description) StdoutLine: {'line': b'-- Up-to-date: /home/mustafa/evoart_ws/install/evoart_description/share/evoart_description/models/Template/meshes\n'}
[0.074131] (evoart_description) StdoutLine: {'line': b'-- Up-to-date: /home/mustafa/evoart_ws/install/evoart_description/share/evoart_description/models/Template/model.config\n'}
[0.074162] (evoart_description) StdoutLine: {'line': b'-- Up-to-date: /home/mustafa/evoart_ws/install/evoart_description/share/evoart_description/models/Template/model.sdf\n'}
[0.074192] (evoart_description) StdoutLine: {'line': b'-- Up-to-date: /home/mustafa/evoart_ws/install/evoart_description/share/evoart_description/models/AzamiHizSiniri30\n'}
[0.074223] (evoart_description) StdoutLine: {'line': b'-- Up-to-date: /home/mustafa/evoart_ws/install/evoart_description/share/evoart_description/models/AzamiHizSiniri30/meshes\n'}
[0.074253] (evoart_description) StdoutLine: {'line': b'-- Up-to-date: /home/mustafa/evoart_ws/install/evoart_description/share/evoart_description/models/AzamiHizSiniri30/meshes/AzamiHizSiniri30.dae\n'}
[0.074347] (evoart_description) StdoutLine: {'line': b'-- Up-to-date: /home/mustafa/evoart_ws/install/evoart_description/share/evoart_description/models/AzamiHizSiniri30/model.config\n'}
[0.074392] (evoart_description) StdoutLine: {'line': b'-- Up-to-date: /home/mustafa/evoart_ws/install/evoart_description/share/evoart_description/models/AzamiHizSiniri30/model.sdf\n'}
[0.074458] (evoart_description) StdoutLine: {'line': b'-- Up-to-date: /home/mustafa/evoart_ws/install/evoart_description/share/evoart_description/models/SamBotBandirma\n'}
[0.074496] (evoart_description) StdoutLine: {'line': b'-- Up-to-date: /home/mustafa/evoart_ws/install/evoart_description/share/evoart_description/models/SamBotBandirma/meshes\n'}
[0.074528] (evoart_description) StdoutLine: {'line': b'-- Up-to-date: /home/mustafa/evoart_ws/install/evoart_description/share/evoart_description/models/SamBotBandirma/meshes/SamBotBandirma.dae\n'}
[0.074560] (evoart_description) StdoutLine: {'line': b'-- Up-to-date: /home/mustafa/evoart_ws/install/evoart_description/share/evoart_description/models/SamBotBandirma/model.config\n'}
[0.074591] (evoart_description) StdoutLine: {'line': b'-- Up-to-date: /home/mustafa/evoart_ws/install/evoart_description/share/evoart_description/models/SamBotBandirma/model.sdf\n'}
[0.074623] (evoart_description) StdoutLine: {'line': b'-- Up-to-date: /home/mustafa/evoart_ws/install/evoart_description/share/evoart_description/models/SolaMecburiYonTabelasi\n'}
[0.074654] (evoart_description) StdoutLine: {'line': b'-- Up-to-date: /home/mustafa/evoart_ws/install/evoart_description/share/evoart_description/models/SolaMecburiYonTabelasi/meshes\n'}
[0.074685] (evoart_description) StdoutLine: {'line': b'-- Up-to-date: /home/mustafa/evoart_ws/install/evoart_description/share/evoart_description/models/SolaMecburiYonTabelasi/meshes/SolaMecburiYonTabelasi.dae\n'}
[0.074716] (evoart_description) StdoutLine: {'line': b'-- Up-to-date: /home/mustafa/evoart_ws/install/evoart_description/share/evoart_description/models/SolaMecburiYonTabelasi/model.config\n'}
[0.074746] (evoart_description) StdoutLine: {'line': b'-- Up-to-date: /home/mustafa/evoart_ws/install/evoart_description/share/evoart_description/models/SolaMecburiYonTabelasi/model.sdf\n'}
[0.074849] (evoart_description) StdoutLine: {'line': b'-- Up-to-date: /home/mustafa/evoart_ws/install/evoart_description/share/ament_index/resource_index/package_run_dependencies/evoart_description\n'}
[0.074894] (evoart_description) StdoutLine: {'line': b'-- Up-to-date: /home/mustafa/evoart_ws/install/evoart_description/share/ament_index/resource_index/parent_prefix_path/evoart_description\n'}
[0.074924] (evoart_description) StdoutLine: {'line': b'-- Up-to-date: /home/mustafa/evoart_ws/install/evoart_description/share/evoart_description/environment/ament_prefix_path.sh\n'}
[0.074966] (evoart_description) StdoutLine: {'line': b'-- Up-to-date: /home/mustafa/evoart_ws/install/evoart_description/share/evoart_description/environment/ament_prefix_path.dsv\n'}
[0.074997] (evoart_description) StdoutLine: {'line': b'-- Up-to-date: /home/mustafa/evoart_ws/install/evoart_description/share/evoart_description/environment/path.sh\n'}
[0.075027] (evoart_description) StdoutLine: {'line': b'-- Up-to-date: /home/mustafa/evoart_ws/install/evoart_description/share/evoart_description/environment/path.dsv\n'}
[0.075057] (evoart_description) StdoutLine: {'line': b'-- Up-to-date: /home/mustafa/evoart_ws/install/evoart_description/share/evoart_description/local_setup.bash\n'}
[0.075088] (evoart_description) StdoutLine: {'line': b'-- Up-to-date: /home/mustafa/evoart_ws/install/evoart_description/share/evoart_description/local_setup.sh\n'}
[0.075118] (evoart_description) StdoutLine: {'line': b'-- Up-to-date: /home/mustafa/evoart_ws/install/evoart_description/share/evoart_description/local_setup.zsh\n'}
[0.075148] (evoart_description) StdoutLine: {'line': b'-- Up-to-date: /home/mustafa/evoart_ws/install/evoart_description/share/evoart_description/local_setup.dsv\n'}
[0.075201] (evoart_description) StdoutLine: {'line': b'-- Installing: /home/mustafa/evoart_ws/install/evoart_description/share/evoart_description/package.dsv\n'}
[0.075232] (evoart_description) StdoutLine: {'line': b'-- Up-to-date: /home/mustafa/evoart_ws/install/evoart_description/share/ament_index/resource_index/packages/evoart_description\n'}
[0.075263] (evoart_description) StdoutLine: {'line': b'-- Up-to-date: /home/mustafa/evoart_ws/install/evoart_description/share/evoart_description/cmake/evoart_descriptionConfig.cmake\n'}
[0.075293] (evoart_description) StdoutLine: {'line': b'-- Up-to-date: /home/mustafa/evoart_ws/install/evoart_description/share/evoart_description/cmake/evoart_descriptionConfig-version.cmake\n'}
[0.075324] (evoart_description) StdoutLine: {'line': b'-- Up-to-date: /home/mustafa/evoart_ws/install/evoart_description/share/evoart_description/package.xml\n'}
[0.075357] (evoart_description) CommandEnded: {'returncode': 0}
[0.082718] (evoart_description) JobEnded: {'identifier': 'evoart_description', 'rc': 0}
[0.083668] (evoart_bringup) JobStarted: {'identifier': 'evoart_bringup'}
[0.092260] (evoart_bringup) JobProgress: {'identifier': 'evoart_bringup', 'progress': 'cmake'}
[0.092702] (evoart_bringup) JobProgress: {'identifier': 'evoart_bringup', 'progress': 'build'}
[0.092861] (evoart_bringup) Command: {'cmd': ['/usr/bin/cmake', '--build', '/home/mustafa/evoart_ws/build/evoart_bringup', '--', '-j32', '-l32'], 'cwd': '/home/mustafa/evoart_ws/build/evoart_bringup', 'env': OrderedDict([('GJS_DEBUG_TOPICS', 'JS ERROR;JS LOG'), ('LESSOPEN', '| /usr/bin/lesspipe %s'), ('VSCODE_CWD', '/home/mustafa'), ('USER', 'mustafa'), ('VSCODE_NLS_CONFIG', '{"userLocale":"en-us","osLocale":"tr-tr","resolvedLanguage":"en","defaultMessagesFile":"/usr/share/antigravity/resources/app/out/nls.messages.json","locale":"en-us","availableLanguages":{}}'), ('XDG_SESSION_TYPE', 'x11'), ('SHLVL', '0'), ('LD_LIBRARY_PATH', '/home/mustafa/evoart_ws/install/evoart_interfaces/lib:/usr/lib/x86_64-linux-gnu/gazebo-11/plugins:/opt/ros/humble/opt/rviz_ogre_vendor/lib:/opt/ros/humble/lib/x86_64-linux-gnu:/opt/ros/humble/lib'), ('HOME', '/home/mustafa'), ('CHROME_DESKTOP', 'antigravity.desktop'), ('OLDPWD', '/home/mustafa/evoart_ws'), ('DESKTOP_SESSION', 'ubuntu'), ('VSCODE_IPC_HOOK', '/run/user/1000/vscode-de9dec49-1.10-main.sock'), ('GIO_LAUNCHED_DESKTOP_FILE', '/usr/share/applications/antigravity.desktop'), ('ROS_PYTHON_VERSION', '3'), ('GNOME_SHELL_SESSION_MODE', 'ubuntu'), ('GTK_MODULES', 'gail:atk-bridge'), ('PAGER', 'cat'), ('MANAGERPID', '2064'), ('SYSTEMD_EXEC_PID', '2377'), ('DBUS_SESSION_BUS_ADDRESS', 'unix:path=/run/user/1000/bus'), ('ANTIGRAVITY_AGENT', '1'), ('GIO_LAUNCHED_DESKTOP_FILE_PID', '16571'), ('ROS_DISTRO', 'humble'), ('GTK_IM_MODULE', 'ibus'), ('LOGNAME', 'mustafa'), ('JOURNAL_STREAM', '8:20000'), ('_', '/usr/bin/colcon'), ('ROS_VERSION', '2'), ('XDG_SESSION_CLASS', 'user'), ('USERNAME', 'mustafa'), ('TERM', 'dumb'), ('GNOME_DESKTOP_SESSION_ID', 'this-is-deprecated'), ('FC_FONTATIONS', '1'), ('ROS_LOCALHOST_ONLY', '0'), ('WINDOWPATH', '2'), ('ANTIGRAVITY_EDITOR_APP_ROOT', '/usr/share/antigravity/resources/app'), ('PATH', '/home/mustafa/.local/bin:/opt/ros/humble/bin:/home/mustafa/.local/bin:/usr/local/sbin:/usr/local/bin:/usr/sbin:/usr/bin:/sbin:/bin:/usr/games:/usr/local/games:/snap/bin:/snap/bin:/home/mustafa/.lmstudio/bin:/home/mustafa/.lmstudio/bin:/home/mustafa/.lmstudio/bin'), ('SESSION_MANAGER', 'local/mustafa-SLAYER-R9T:@/tmp/.ICE-unix/2353,unix/mustafa-SLAYER-R9T:/tmp/.ICE-unix/2353'), ('INVOCATION_ID', '30c711239b4c44dea1fe52cf17c255cb'), ('XDG_MENU_PREFIX', 'gnome-'), ('XDG_RUNTIME_DIR', '/run/user/1000'), ('GDK_BACKEND', 'x11'), ('DISPLAY', ':1'), ('LANG', 'tr_TR.UTF-8'), ('XDG_CURRENT_DESKTOP', 'ubuntu:GNOME'), ('XMODIFIERS', '@im=ibus'), ('XDG_SESSION_DESKTOP', 'ubuntu'), ('XAUTHORITY', '/run/user/1000/gdm/Xauthority'), ('LS_COLORS', ''), ('SSH_AGENT_LAUNCHER', 'gnome-keyring'), ('SSH_AUTH_SOCK', '/run/user/1000/keyring/ssh'), ('AMENT_PREFIX_PATH', '/home/mustafa/evoart_ws/install/evoart_control:/home/mustafa/evoart_ws/install/evoart_navigation:/home/mustafa/evoart_ws/install/evoart_interfaces:/home/mustafa/evoart_ws/install/evoart_description:/opt/ros/humble'), ('SHELL', '/bin/bash'), ('QT_ACCESSIBILITY', '1'), ('GDMSESSION', 'ubuntu'), ('LESSCLOSE', '/usr/bin/lesspipe %s %s'), ('GPG_AGENT_INFO', '/run/user/1000/gnupg/S.gpg-agent:0:1'), ('GJS_DEBUG_OUTPUT', 'stderr'), ('QT_IM_MODULE', 'ibus'), ('ANTIGRAVITY_TRAJECTORY_ID', 'd21e033e-9055-4830-ac9a-28d07d715551'), ('PWD', '/home/mustafa/evoart_ws/build/evoart_bringup'), ('TURTLEBOT3_MODEL', 'waffle'), ('XDG_CONFIG_DIRS', '/etc/xdg/xdg-ubuntu:/etc/xdg'), ('VSCODE_CODE_CACHE_PATH', '/home/mustafa/.config/Antigravity/CachedData/15487b3041e65228cae24980a3f796c905ef582c'), ('XDG_DATA_DIRS', '/usr/share/ubuntu:/usr/share/gnome:/home/mustafa/.local/share/flatpak/exports/share:/var/lib/flatpak/exports/share:/usr/local/share/:/usr/share/:/var/lib/snapd/desktop'), ('PYTHONPATH', '/home/mustafa/evoart_ws/install/evoart_interfaces/local/lib/python3.10/dist-packages:/opt/ros/humble/lib/python3.10/site-packages:/opt/ros/humble/local/lib/python3.10/dist-packages'), ('COLCON', '1'), ('VSCODE_PID', '16571'), ('CMAKE_PREFIX_PATH', '/home/mustafa/evoart_ws/install/evoart_control:/home/mustafa/evoart_ws/install/evoart_navigation:/home/mustafa/evoart_ws/install/evoart_interfaces:/home/mustafa/evoart_ws/install/evoart_description:/opt/ros/humble')]), 'shell': False}
[0.099771] (-) TimerEvent: {}
[0.124828] (evoart_bringup) CommandEnded: {'returncode': 0}
[0.125543] (evoart_bringup) JobProgress: {'identifier': 'evoart_bringup', 'progress': 'install'}
[0.125665] (evoart_bringup) Command: {'cmd': ['/usr/bin/cmake', '--install', '/home/mustafa/evoart_ws/build/evoart_bringup'], 'cwd': '/home/mustafa/evoart_ws/build/evoart_bringup', 'env': OrderedDict([('GJS_DEBUG_TOPICS', 'JS ERROR;JS LOG'), ('LESSOPEN', '| /usr/bin/lesspipe %s'), ('VSCODE_CWD', '/home/mustafa'), ('USER', 'mustafa'), ('VSCODE_NLS_CONFIG', '{"userLocale":"en-us","osLocale":"tr-tr","resolvedLanguage":"en","defaultMessagesFile":"/usr/share/antigravity/resources/app/out/nls.messages.json","locale":"en-us","availableLanguages":{}}'), ('XDG_SESSION_TYPE', 'x11'), ('SHLVL', '0'), ('LD_LIBRARY_PATH', '/home/mustafa/evoart_ws/install/evoart_interfaces/lib:/usr/lib/x86_64-linux-gnu/gazebo-11/plugins:/opt/ros/humble/opt/rviz_ogre_vendor/lib:/opt/ros/humble/lib/x86_64-linux-gnu:/opt/ros/humble/lib'), ('HOME', '/home/mustafa'), ('CHROME_DESKTOP', 'antigravity.desktop'), ('OLDPWD', '/home/mustafa/evoart_ws'), ('DESKTOP_SESSION', 'ubuntu'), ('VSCODE_IPC_HOOK', '/run/user/1000/vscode-de9dec49-1.10-main.sock'), ('GIO_LAUNCHED_DESKTOP_FILE', '/usr/share/applications/antigravity.desktop'), ('ROS_PYTHON_VERSION', '3'), ('GNOME_SHELL_SESSION_MODE', 'ubuntu'), ('GTK_MODULES', 'gail:atk-bridge'), ('PAGER', 'cat'), ('MANAGERPID', '2064'), ('SYSTEMD_EXEC_PID', '2377'), ('DBUS_SESSION_BUS_ADDRESS', 'unix:path=/run/user/1000/bus'), ('ANTIGRAVITY_AGENT', '1'), ('GIO_LAUNCHED_DESKTOP_FILE_PID', '16571'), ('ROS_DISTRO', 'humble'), ('GTK_IM_MODULE', 'ibus'), ('LOGNAME', 'mustafa'), ('JOURNAL_STREAM', '8:20000'), ('_', '/usr/bin/colcon'), ('ROS_VERSION', '2'), ('XDG_SESSION_CLASS', 'user'), ('USERNAME', 'mustafa'), ('TERM', 'dumb'), ('GNOME_DESKTOP_SESSION_ID', 'this-is-deprecated'), ('FC_FONTATIONS', '1'), ('ROS_LOCALHOST_ONLY', '0'), ('WINDOWPATH', '2'), ('ANTIGRAVITY_EDITOR_APP_ROOT', '/usr/share/antigravity/resources/app'), ('PATH', '/home/mustafa/.local/bin:/opt/ros/humble/bin:/home/mustafa/.local/bin:/usr/local/sbin:/usr/local/bin:/usr/sbin:/usr/bin:/sbin:/bin:/usr/games:/usr/local/games:/snap/bin:/snap/bin:/home/mustafa/.lmstudio/bin:/home/mustafa/.lmstudio/bin:/home/mustafa/.lmstudio/bin'), ('SESSION_MANAGER', 'local/mustafa-SLAYER-R9T:@/tmp/.ICE-unix/2353,unix/mustafa-SLAYER-R9T:/tmp/.ICE-unix/2353'), ('INVOCATION_ID', '30c711239b4c44dea1fe52cf17c255cb'), ('XDG_MENU_PREFIX', 'gnome-'), ('XDG_RUNTIME_DIR', '/run/user/1000'), ('GDK_BACKEND', 'x11'), ('DISPLAY', ':1'), ('LANG', 'tr_TR.UTF-8'), ('XDG_CURRENT_DESKTOP', 'ubuntu:GNOME'), ('XMODIFIERS', '@im=ibus'), ('XDG_SESSION_DESKTOP', 'ubuntu'), ('XAUTHORITY', '/run/user/1000/gdm/Xauthority'), ('LS_COLORS', ''), ('SSH_AGENT_LAUNCHER', 'gnome-keyring'), ('SSH_AUTH_SOCK', '/run/user/1000/keyring/ssh'), ('AMENT_PREFIX_PATH', '/home/mustafa/evoart_ws/install/evoart_control:/home/mustafa/evoart_ws/install/evoart_navigation:/home/mustafa/evoart_ws/install/evoart_interfaces:/home/mustafa/evoart_ws/install/evoart_description:/opt/ros/humble'), ('SHELL', '/bin/bash'), ('QT_ACCESSIBILITY', '1'), ('GDMSESSION', 'ubuntu'), ('LESSCLOSE', '/usr/bin/lesspipe %s %s'), ('GPG_AGENT_INFO', '/run/user/1000/gnupg/S.gpg-agent:0:1'), ('GJS_DEBUG_OUTPUT', 'stderr'), ('QT_IM_MODULE', 'ibus'), ('ANTIGRAVITY_TRAJECTORY_ID', 'd21e033e-9055-4830-ac9a-28d07d715551'), ('PWD', '/home/mustafa/evoart_ws/build/evoart_bringup'), ('TURTLEBOT3_MODEL', 'waffle'), ('XDG_CONFIG_DIRS', '/etc/xdg/xdg-ubuntu:/etc/xdg'), ('VSCODE_CODE_CACHE_PATH', '/home/mustafa/.config/Antigravity/CachedData/15487b3041e65228cae24980a3f796c905ef582c'), ('XDG_DATA_DIRS', '/usr/share/ubuntu:/usr/share/gnome:/home/mustafa/.local/share/flatpak/exports/share:/var/lib/flatpak/exports/share:/usr/local/share/:/usr/share/:/var/lib/snapd/desktop'), ('PYTHONPATH', '/home/mustafa/evoart_ws/install/evoart_interfaces/local/lib/python3.10/dist-packages:/opt/ros/humble/lib/python3.10/site-packages:/opt/ros/humble/local/lib/python3.10/dist-packages'), ('COLCON', '1'), ('VSCODE_PID', '16571'), ('CMAKE_PREFIX_PATH', '/home/mustafa/evoart_ws/install/evoart_control:/home/mustafa/evoart_ws/install/evoart_navigation:/home/mustafa/evoart_ws/install/evoart_interfaces:/home/mustafa/evoart_ws/install/evoart_description:/opt/ros/humble')]), 'shell': False}
[0.132607] (evoart_bringup) StdoutLine: {'line': b'-- Install configuration: ""\n'}
[0.132731] (evoart_bringup) StdoutLine: {'line': b'-- Up-to-date: /home/mustafa/evoart_ws/install/evoart_bringup/share/evoart_bringup/launch\n'}
[0.132770] (evoart_bringup) StdoutLine: {'line': b'-- Up-to-date: /home/mustafa/evoart_ws/install/evoart_bringup/share/evoart_bringup/launch/microros.launch.py\n'}
[0.132862] (evoart_bringup) StdoutLine: {'line': b'-- Installing: /home/mustafa/evoart_ws/install/evoart_bringup/share/evoart_bringup/launch/sim_autonomous.launch.py\n'}
[0.132932] (evoart_bringup) StdoutLine: {'line': b'-- Up-to-date: /home/mustafa/evoart_ws/install/evoart_bringup/share/evoart_bringup/launch/robotaksi.launch.py\n'}
[0.132963] (evoart_bringup) StdoutLine: {'line': b'-- Up-to-date: /home/mustafa/evoart_ws/install/evoart_bringup/share/evoart_bringup/launch/sensors.launch.py\n'}
[0.132992] (evoart_bringup) StdoutLine: {'line': b'-- Up-to-date: /home/mustafa/evoart_ws/install/evoart_bringup/share/evoart_bringup/config\n'}
[0.133020] (evoart_bringup) StdoutLine: {'line': b'-- Up-to-date: /home/mustafa/evoart_ws/install/evoart_bringup/share/evoart_bringup/config/laserscan_filter.yaml\n'}
[0.133049] (evoart_bringup) StdoutLine: {'line': b'-- Up-to-date: /home/mustafa/evoart_ws/install/evoart_bringup/share/ament_index/resource_index/package_run_dependencies/evoart_bringup\n'}
[0.133079] (evoart_bringup) StdoutLine: {'line': b'-- Up-to-date: /home/mustafa/evoart_ws/install/evoart_bringup/share/ament_index/resource_index/parent_prefix_path/evoart_bringup\n'}
[0.133107] (evoart_bringup) StdoutLine: {'line': b'-- Up-to-date: /home/mustafa/evoart_ws/install/evoart_bringup/share/evoart_bringup/environment/ament_prefix_path.sh\n'}
[0.133210] (evoart_bringup) StdoutLine: {'line': b'-- Up-to-date: /home/mustafa/evoart_ws/install/evoart_bringup/share/evoart_bringup/environment/ament_prefix_path.dsv\n'}
[0.133247] (evoart_bringup) StdoutLine: {'line': b'-- Up-to-date: /home/mustafa/evoart_ws/install/evoart_bringup/share/evoart_bringup/environment/path.sh\n'}
[0.133276] (evoart_bringup) StdoutLine: {'line': b'-- Up-to-date: /home/mustafa/evoart_ws/install/evoart_bringup/share/evoart_bringup/environment/path.dsv\n'}
[0.133304] (evoart_bringup) StdoutLine: {'line': b'-- Up-to-date: /home/mustafa/evoart_ws/install/evoart_bringup/share/evoart_bringup/local_setup.bash\n'}
[0.133350] (evoart_bringup) StdoutLine: {'line': b'-- Up-to-date: /home/mustafa/evoart_ws/install/evoart_bringup/share/evoart_bringup/local_setup.sh\n'}
[0.133375] (evoart_bringup) StdoutLine: {'line': b'-- Up-to-date: /home/mustafa/evoart_ws/install/evoart_bringup/share/evoart_bringup/local_setup.zsh\n'}
[0.133399] (evoart_bringup) StdoutLine: {'line': b'-- Up-to-date: /home/mustafa/evoart_ws/install/evoart_bringup/share/evoart_bringup/local_setup.dsv\n'}
[0.133424] (evoart_bringup) StdoutLine: {'line': b'-- Up-to-date: /home/mustafa/evoart_ws/install/evoart_bringup/share/evoart_bringup/package.dsv\n'}
[0.133448] (evoart_bringup) StdoutLine: {'line': b'-- Up-to-date: /home/mustafa/evoart_ws/install/evoart_bringup/share/ament_index/resource_index/packages/evoart_bringup\n'}
[0.133474] (evoart_bringup) StdoutLine: {'line': b'-- Up-to-date: /home/mustafa/evoart_ws/install/evoart_bringup/share/evoart_bringup/cmake/evoart_bringupConfig.cmake\n'}
[0.133498] (evoart_bringup) StdoutLine: {'line': b'-- Up-to-date: /home/mustafa/evoart_ws/install/evoart_bringup/share/evoart_bringup/cmake/evoart_bringupConfig-version.cmake\n'}
[0.133523] (evoart_bringup) StdoutLine: {'line': b'-- Up-to-date: /home/mustafa/evoart_ws/install/evoart_bringup/share/evoart_bringup/package.xml\n'}
[0.134435] (evoart_bringup) CommandEnded: {'returncode': 0}
[0.143990] (evoart_bringup) JobEnded: {'identifier': 'evoart_bringup', 'rc': 0}
[0.144340] (-) EventReactorShutdown: {}
