[0.014s] Invoking command in '/home/mustafa/evoart_ws/build/evoart_perception': CMAKE_PREFIX_PATH=/home/mustafa/evoart_ws/install/evoart_interfaces:/home/mustafa/evoart_ws/install/evoart_control:/opt/ros/humble /usr/bin/cmake /home/mustafa/evoart_ws/src/evoart_perception -DCMAKE_INSTALL_PREFIX=/home/mustafa/evoart_ws/install/evoart_perception
[0.068s] -- The C compiler identification is GNU 11.4.0
[0.126s] -- The CXX compiler identification is GNU 11.4.0
[0.132s] -- Detecting C compiler ABI info
[0.205s] -- Detecting C compiler ABI info - done
[0.212s] -- Check for working C compiler: /usr/bin/cc - skipped
[0.212s] -- Detecting C compile features
[0.212s] -- Detecting C compile features - done
[0.215s] -- Detecting CXX compiler ABI info
[0.291s] -- Detecting CXX compiler ABI info - done
[0.299s] -- Check for working CXX compiler: /usr/bin/c++ - skipped
[0.299s] -- Detecting CXX compile features
[0.299s] -- Detecting CXX compile features - done
[0.302s] -- Found ament_cmake: 1.3.14 (/opt/ros/humble/share/ament_cmake/cmake)
[0.437s] -- Found Python3: /usr/bin/python3 (found version "3.10.12") found components: Interpreter 
[0.522s] -- Found rclpy: 3.3.21 (/opt/ros/humble/share/rclpy/cmake)
[0.525s] -- Found sensor_msgs: 4.9.1 (/opt/ros/humble/share/sensor_msgs/cmake)
[0.563s] -- Found rosidl_generator_c: 3.1.9 (/opt/ros/humble/share/rosidl_generator_c/cmake)
[0.568s] -- Found rosidl_adapter: 3.1.9 (/opt/ros/humble/share/rosidl_adapter/cmake)
[0.577s] -- Found rosidl_generator_cpp: 3.1.9 (/opt/ros/humble/share/rosidl_generator_cpp/cmake)
[0.589s] -- Using all available rosidl_typesupport_c: rosidl_typesupport_fastrtps_c;rosidl_typesupport_introspection_c
[0.603s] -- Using all available rosidl_typesupport_cpp: rosidl_typesupport_fastrtps_cpp;rosidl_typesupport_introspection_cpp
[0.661s] -- Found cv_bridge: 3.2.1 (/opt/ros/humble/share/cv_bridge/cmake)
[0.671s] -- Found evoart_interfaces: 0.0.0 (/home/mustafa/evoart_ws/install/evoart_interfaces/share/evoart_interfaces/cmake)
[0.734s] -- Configuring done
[0.737s] -- Generating done
[0.739s] -- Build files have been written to: /home/mustafa/evoart_ws/build/evoart_perception
[0.746s] Invoked command in '/home/mustafa/evoart_ws/build/evoart_perception' returned '0': CMAKE_PREFIX_PATH=/home/mustafa/evoart_ws/install/evoart_interfaces:/home/mustafa/evoart_ws/install/evoart_control:/opt/ros/humble /usr/bin/cmake /home/mustafa/evoart_ws/src/evoart_perception -DCMAKE_INSTALL_PREFIX=/home/mustafa/evoart_ws/install/evoart_perception
[0.747s] Invoking command in '/home/mustafa/evoart_ws/build/evoart_perception': CMAKE_PREFIX_PATH=/home/mustafa/evoart_ws/install/evoart_interfaces:/home/mustafa/evoart_ws/install/evoart_control:/opt/ros/humble /usr/bin/cmake --build /home/mustafa/evoart_ws/build/evoart_perception -- -j32 -l32
[0.784s] Invoked command in '/home/mustafa/evoart_ws/build/evoart_perception' returned '0': CMAKE_PREFIX_PATH=/home/mustafa/evoart_ws/install/evoart_interfaces:/home/mustafa/evoart_ws/install/evoart_control:/opt/ros/humble /usr/bin/cmake --build /home/mustafa/evoart_ws/build/evoart_perception -- -j32 -l32
[0.785s] Invoking command in '/home/mustafa/evoart_ws/build/evoart_perception': CMAKE_PREFIX_PATH=/home/mustafa/evoart_ws/install/evoart_interfaces:/home/mustafa/evoart_ws/install/evoart_control:/opt/ros/humble /usr/bin/cmake --install /home/mustafa/evoart_ws/build/evoart_perception
[0.793s] -- Install configuration: ""
[0.793s] -- Installing: /home/mustafa/evoart_ws/install/evoart_perception/lib/evoart_perception/lane_detector.py
[0.793s] -- Installing: /home/mustafa/evoart_ws/install/evoart_perception/lib/evoart_perception/object_detector.py
[0.794s] -- Installing: /home/mustafa/evoart_ws/install/evoart_perception/share/evoart_perception/config
[0.794s] -- Installing: /home/mustafa/evoart_ws/install/evoart_perception/share/evoart_perception/config/camera_calibration.yaml
[0.794s] -- Installing: /home/mustafa/evoart_ws/install/evoart_perception/share/evoart_perception/models
[0.794s] -- Installing: /home/mustafa/evoart_ws/install/evoart_perception/share/evoart_perception/models/yolov8n.pt
[0.804s] -- Installing: /home/mustafa/evoart_ws/install/evoart_perception/share/evoart_perception/models/robotaksi_yolo.onnx
[0.823s] -- Installing: /home/mustafa/evoart_ws/install/evoart_perception/share/ament_index/resource_index/package_run_dependencies/evoart_perception
[0.823s] -- Installing: /home/mustafa/evoart_ws/install/evoart_perception/share/ament_index/resource_index/parent_prefix_path/evoart_perception
[0.824s] -- Installing: /home/mustafa/evoart_ws/install/evoart_perception/share/evoart_perception/environment/ament_prefix_path.sh
[0.824s] -- Installing: /home/mustafa/evoart_ws/install/evoart_perception/share/evoart_perception/environment/ament_prefix_path.dsv
[0.824s] -- Installing: /home/mustafa/evoart_ws/install/evoart_perception/share/evoart_perception/environment/path.sh
[0.824s] -- Installing: /home/mustafa/evoart_ws/install/evoart_perception/share/evoart_perception/environment/path.dsv
[0.824s] -- Installing: /home/mustafa/evoart_ws/install/evoart_perception/share/evoart_perception/local_setup.bash
[0.824s] -- Installing: /home/mustafa/evoart_ws/install/evoart_perception/share/evoart_perception/local_setup.sh
[0.824s] -- Installing: /home/mustafa/evoart_ws/install/evoart_perception/share/evoart_perception/local_setup.zsh
[0.824s] -- Installing: /home/mustafa/evoart_ws/install/evoart_perception/share/evoart_perception/local_setup.dsv
[0.825s] -- Installing: /home/mustafa/evoart_ws/install/evoart_perception/share/evoart_perception/package.dsv
[0.825s] -- Installing: /home/mustafa/evoart_ws/install/evoart_perception/share/ament_index/resource_index/packages/evoart_perception
[0.825s] -- Installing: /home/mustafa/evoart_ws/install/evoart_perception/share/evoart_perception/cmake/evoart_perceptionConfig.cmake
[0.825s] -- Installing: /home/mustafa/evoart_ws/install/evoart_perception/share/evoart_perception/cmake/evoart_perceptionConfig-version.cmake
[0.825s] -- Installing: /home/mustafa/evoart_ws/install/evoart_perception/share/evoart_perception/package.xml
[0.827s] Invoked command in '/home/mustafa/evoart_ws/build/evoart_perception' returned '0': CMAKE_PREFIX_PATH=/home/mustafa/evoart_ws/install/evoart_interfaces:/home/mustafa/evoart_ws/install/evoart_control:/opt/ros/humble /usr/bin/cmake --install /home/mustafa/evoart_ws/build/evoart_perception
