[0.011s] Invoking command in '/home/mustafa/evoart_ws/build/evoart_description': CMAKE_PREFIX_PATH=/opt/ros/humble /usr/bin/cmake --build /home/mustafa/evoart_ws/build/evoart_description -- -j32 -l32
[0.060s] Invoked command in '/home/mustafa/evoart_ws/build/evoart_description' returned '0': CMAKE_PREFIX_PATH=/opt/ros/humble /usr/bin/cmake --build /home/mustafa/evoart_ws/build/evoart_description -- -j32 -l32
[0.061s] Invoking command in '/home/mustafa/evoart_ws/build/evoart_description': CMAKE_PREFIX_PATH=/opt/ros/humble /usr/bin/cmake --install /home/mustafa/evoart_ws/build/evoart_description
[0.069s] -- Install configuration: ""
[0.070s] -- Up-to-date: /home/mustafa/evoart_ws/install/evoart_description/share/evoart_description/urdf
[0.070s] -- Up-to-date: /home/mustafa/evoart_ws/install/evoart_description/share/evoart_description/urdf/robotaksi.urdf.xacro
[0.070s] -- Up-to-date: /home/mustafa/evoart_ws/install/evoart_description/share/evoart_description/meshes
[0.070s] -- Up-to-date: /home/mustafa/evoart_ws/install/evoart_description/share/evoart_description/launch
[0.070s] -- Installing: /home/mustafa/evoart_ws/install/evoart_description/share/evoart_description/launch/gazebo.launch.py
[0.070s] -- Up-to-date: /home/mustafa/evoart_ws/install/evoart_description/share/evoart_description/launch/display.launch.py
[0.070s] -- Up-to-date: /home/mustafa/evoart_ws/install/evoart_description/share/evoart_description/rviz
[0.070s] -- Up-to-date: /home/mustafa/evoart_ws/install/evoart_description/share/evoart_description/rviz/robotaksi.rviz
[0.070s] -- Up-to-date: /home/mustafa/evoart_ws/install/evoart_description/share/evoart_description/worlds
[0.070s] -- Up-to-date: /home/mustafa/evoart_ws/install/evoart_description/share/evoart_description/worlds/teknofest_city.sdf
[0.071s] -- Up-to-date: /home/mustafa/evoart_ws/install/evoart_description/share/evoart_description/models
[0.071s] -- Up-to-date: /home/mustafa/evoart_ws/install/evoart_description/share/evoart_description/models/SagaDonulmezTabelasi
[0.071s] -- Up-to-date: /home/mustafa/evoart_ws/install/evoart_description/share/evoart_description/models/SagaDonulmezTabelasi/meshes
[0.071s] -- Up-to-date: /home/mustafa/evoart_ws/install/evoart_description/share/evoart_description/models/SagaDonulmezTabelasi/meshes/SagaDonulmezTabelasi.dae
[0.071s] -- Up-to-date: /home/mustafa/evoart_ws/install/evoart_description/share/evoart_description/models/SagaDonulmezTabelasi/model.config
[0.071s] -- Up-to-date: /home/mustafa/evoart_ws/install/evoart_description/share/evoart_description/models/SagaDonulmezTabelasi/model.sdf
[0.071s] -- Up-to-date: /home/mustafa/evoart_ws/install/evoart_description/share/evoart_description/models/AzamiHizSiniri20
[0.071s] -- Up-to-date: /home/mustafa/evoart_ws/install/evoart_description/share/evoart_description/models/AzamiHizSiniri20/meshes
[0.071s] -- Up-to-date: /home/mustafa/evoart_ws/install/evoart_description/share/evoart_description/models/AzamiHizSiniri20/meshes/AzamiHizSiniri20.dae
[0.071s] -- Up-to-date: /home/mustafa/evoart_ws/install/evoart_description/share/evoart_description/models/AzamiHizSiniri20/model.config
[0.071s] -- Up-to-date: /home/mustafa/evoart_ws/install/evoart_description/share/evoart_description/models/AzamiHizSiniri20/model.sdf
[0.071s] -- Up-to-date: /home/mustafa/evoart_ws/install/evoart_description/share/evoart_description/models/ParkEtmekYasaktirTabelasi
[0.071s] -- Up-to-date: /home/mustafa/evoart_ws/install/evoart_description/share/evoart_description/models/ParkEtmekYasaktirTabelasi/meshes
[0.071s] -- Up-to-date: /home/mustafa/evoart_ws/install/evoart_description/share/evoart_description/models/ParkEtmekYasaktirTabelasi/meshes/ParkEtmekYasaktirTabelasi.dae
[0.071s] -- Up-to-date: /home/mustafa/evoart_ws/install/evoart_description/share/evoart_description/models/ParkEtmekYasaktirTabelasi/model.config
[0.071s] -- Up-to-date: /home/mustafa/evoart_ws/install/evoart_description/share/evoart_description/models/ParkEtmekYasaktirTabelasi/model.sdf
[0.071s] -- Up-to-date: /home/mustafa/evoart_ws/install/evoart_description/share/evoart_description/models/ParkYeriTabelasi
[0.083s] -- Up-to-date: /home/mustafa/evoart_ws/install/evoart_description/share/evoart_description/models/ParkYeriTabelasi/meshes
[0.084s] -- Up-to-date: /home/mustafa/evoart_ws/install/evoart_description/share/evoart_description/models/ParkYeriTabelasi/meshes/ParkYeriTabelasi.dae
[0.084s] -- Up-to-date: /home/mustafa/evoart_ws/install/evoart_description/share/evoart_description/models/ParkYeriTabelasi/model.config
[0.084s] -- Up-to-date: /home/mustafa/evoart_ws/install/evoart_description/share/evoart_description/models/ParkYeriTabelasi/model.sdf
[0.084s] -- Up-to-date: /home/mustafa/evoart_ws/install/evoart_description/share/evoart_description/models/DurTabelasi
[0.084s] -- Up-to-date: /home/mustafa/evoart_ws/install/evoart_description/share/evoart_description/models/DurTabelasi/meshes
[0.084s] -- Up-to-date: /home/mustafa/evoart_ws/install/evoart_description/share/evoart_description/models/DurTabelasi/meshes/DurTabelasi.dae
[0.084s] -- Up-to-date: /home/mustafa/evoart_ws/install/evoart_description/share/evoart_description/models/DurTabelasi/model.config
[0.084s] -- Up-to-date: /home/mustafa/evoart_ws/install/evoart_description/share/evoart_description/models/DurTabelasi/model.sdf
[0.084s] -- Up-to-date: /home/mustafa/evoart_ws/install/evoart_description/share/evoart_description/models/KirmiziTrafikLambasi
[0.084s] -- Up-to-date: /home/mustafa/evoart_ws/install/evoart_description/share/evoart_description/models/KirmiziTrafikLambasi/meshes
[0.084s] -- Up-to-date: /home/mustafa/evoart_ws/install/evoart_description/share/evoart_description/models/KirmiziTrafikLambasi/meshes/KirmiziTrafikLambasi.dae
[0.084s] -- Up-to-date: /home/mustafa/evoart_ws/install/evoart_description/share/evoart_description/models/KirmiziTrafikLambasi/model.config
[0.084s] -- Up-to-date: /home/mustafa/evoart_ws/install/evoart_description/share/evoart_description/models/KirmiziTrafikLambasi/model.sdf
[0.084s] -- Up-to-date: /home/mustafa/evoart_ws/install/evoart_description/share/evoart_description/models/RoboTaksiPist2024
[0.084s] -- Up-to-date: /home/mustafa/evoart_ws/install/evoart_description/share/evoart_description/models/RoboTaksiPist2024/meshes
[0.084s] -- Up-to-date: /home/mustafa/evoart_ws/install/evoart_description/share/evoart_description/models/RoboTaksiPist2024/meshes/RoboTaksiPist2024.dae
[0.084s] -- Up-to-date: /home/mustafa/evoart_ws/install/evoart_description/share/evoart_description/models/RoboTaksiPist2024/meshes/RoboTaksiPist2024_1.dae
[0.084s] -- Up-to-date: /home/mustafa/evoart_ws/install/evoart_description/share/evoart_description/models/RoboTaksiPist2024/meshes/RoboTaksiPist2024_0.dae
[0.084s] -- Up-to-date: /home/mustafa/evoart_ws/install/evoart_description/share/evoart_description/models/RoboTaksiPist2024/model.config
[0.084s] -- Up-to-date: /home/mustafa/evoart_ws/install/evoart_description/share/evoart_description/models/RoboTaksiPist2024/model.sdf
[0.084s] -- Up-to-date: /home/mustafa/evoart_ws/install/evoart_description/share/evoart_description/models/SolaDonulmezTabelasi
[0.084s] -- Up-to-date: /home/mustafa/evoart_ws/install/evoart_description/share/evoart_description/models/SolaDonulmezTabelasi/meshes
[0.084s] -- Up-to-date: /home/mustafa/evoart_ws/install/evoart_description/share/evoart_description/models/SolaDonulmezTabelasi/meshes/SolaDonulmezTabelasi.dae
[0.084s] -- Up-to-date: /home/mustafa/evoart_ws/install/evoart_description/share/evoart_description/models/SolaDonulmezTabelasi/model.config
[0.085s] -- Up-to-date: /home/mustafa/evoart_ws/install/evoart_description/share/evoart_description/models/SolaDonulmezTabelasi/model.sdf
[0.086s] -- Up-to-date: /home/mustafa/evoart_ws/install/evoart_description/share/evoart_description/models/DonelKavsakTabelasi
[0.086s] -- Up-to-date: /home/mustafa/evoart_ws/install/evoart_description/share/evoart_description/models/DonelKavsakTabelasi/meshes
[0.086s] -- Up-to-date: /home/mustafa/evoart_ws/install/evoart_description/share/evoart_description/models/DonelKavsakTabelasi/meshes/DonelKavsakTabelasi.dae
[0.086s] -- Up-to-date: /home/mustafa/evoart_ws/install/evoart_description/share/evoart_description/models/DonelKavsakTabelasi/model.config
[0.086s] -- Up-to-date: /home/mustafa/evoart_ws/install/evoart_description/share/evoart_description/models/DonelKavsakTabelasi/model.sdf
[0.086s] -- Up-to-date: /home/mustafa/evoart_ws/install/evoart_description/share/evoart_description/models/DurakTabelasi
[0.086s] -- Up-to-date: /home/mustafa/evoart_ws/install/evoart_description/share/evoart_description/models/DurakTabelasi/meshes
[0.086s] -- Up-to-date: /home/mustafa/evoart_ws/install/evoart_description/share/evoart_description/models/DurakTabelasi/meshes/DurakTabelasi.dae
[0.086s] -- Up-to-date: /home/mustafa/evoart_ws/install/evoart_description/share/evoart_description/models/DurakTabelasi/model.config
[0.086s] -- Up-to-date: /home/mustafa/evoart_ws/install/evoart_description/share/evoart_description/models/DurakTabelasi/model.sdf
[0.086s] -- Up-to-date: /home/mustafa/evoart_ws/install/evoart_description/share/evoart_description/models/GirisiOlmayanYolTabelasi
[0.086s] -- Up-to-date: /home/mustafa/evoart_ws/install/evoart_description/share/evoart_description/models/GirisiOlmayanYolTabelasi/meshes
[0.086s] -- Up-to-date: /home/mustafa/evoart_ws/install/evoart_description/share/evoart_description/models/GirisiOlmayanYolTabelasi/meshes/GirisiOlmayanYolTabelasi.dae
[0.086s] -- Up-to-date: /home/mustafa/evoart_ws/install/evoart_description/share/evoart_description/models/GirisiOlmayanYolTabelasi/model.config
[0.086s] -- Up-to-date: /home/mustafa/evoart_ws/install/evoart_description/share/evoart_description/models/GirisiOlmayanYolTabelasi/model.sdf
[0.087s] -- Up-to-date: /home/mustafa/evoart_ws/install/evoart_description/share/evoart_description/models/SagaMecburiYonTabelasi
[0.087s] -- Up-to-date: /home/mustafa/evoart_ws/install/evoart_description/share/evoart_description/models/SagaMecburiYonTabelasi/meshes
[0.087s] -- Up-to-date: /home/mustafa/evoart_ws/install/evoart_description/share/evoart_description/models/SagaMecburiYonTabelasi/meshes/SagaMecburiYonTabelasi.dae
[0.087s] -- Up-to-date: /home/mustafa/evoart_ws/install/evoart_description/share/evoart_description/models/SagaMecburiYonTabelasi/model.config
[0.087s] -- Up-to-date: /home/mustafa/evoart_ws/install/evoart_description/share/evoart_description/models/SagaMecburiYonTabelasi/model.sdf
[0.087s] -- Up-to-date: /home/mustafa/evoart_ws/install/evoart_description/share/evoart_description/models/YesilTrafikLambasi
[0.087s] -- Up-to-date: /home/mustafa/evoart_ws/install/evoart_description/share/evoart_description/models/YesilTrafikLambasi/meshes
[0.087s] -- Up-to-date: /home/mustafa/evoart_ws/install/evoart_description/share/evoart_description/models/YesilTrafikLambasi/meshes/YesilTrafikLambasi.dae
[0.087s] -- Up-to-date: /home/mustafa/evoart_ws/install/evoart_description/share/evoart_description/models/YesilTrafikLambasi/model.config
[0.087s] -- Up-to-date: /home/mustafa/evoart_ws/install/evoart_description/share/evoart_description/models/YesilTrafikLambasi/model.sdf
[0.087s] -- Up-to-date: /home/mustafa/evoart_ws/install/evoart_description/share/evoart_description/models/Template
[0.087s] -- Up-to-date: /home/mustafa/evoart_ws/install/evoart_description/share/evoart_description/models/Template/meshes
[0.087s] -- Up-to-date: /home/mustafa/evoart_ws/install/evoart_description/share/evoart_description/models/Template/model.config
[0.087s] -- Up-to-date: /home/mustafa/evoart_ws/install/evoart_description/share/evoart_description/models/Template/model.sdf
[0.087s] -- Up-to-date: /home/mustafa/evoart_ws/install/evoart_description/share/evoart_description/models/AzamiHizSiniri30
[0.087s] -- Up-to-date: /home/mustafa/evoart_ws/install/evoart_description/share/evoart_description/models/AzamiHizSiniri30/meshes
[0.087s] -- Up-to-date: /home/mustafa/evoart_ws/install/evoart_description/share/evoart_description/models/AzamiHizSiniri30/meshes/AzamiHizSiniri30.dae
[0.087s] -- Up-to-date: /home/mustafa/evoart_ws/install/evoart_description/share/evoart_description/models/AzamiHizSiniri30/model.config
[0.087s] -- Up-to-date: /home/mustafa/evoart_ws/install/evoart_description/share/evoart_description/models/AzamiHizSiniri30/model.sdf
[0.088s] -- Up-to-date: /home/mustafa/evoart_ws/install/evoart_description/share/evoart_description/models/SamBotBandirma
[0.088s] -- Up-to-date: /home/mustafa/evoart_ws/install/evoart_description/share/evoart_description/models/SamBotBandirma/meshes
[0.088s] -- Up-to-date: /home/mustafa/evoart_ws/install/evoart_description/share/evoart_description/models/SamBotBandirma/meshes/SamBotBandirma.dae
[0.088s] -- Up-to-date: /home/mustafa/evoart_ws/install/evoart_description/share/evoart_description/models/SamBotBandirma/model.config
[0.088s] -- Up-to-date: /home/mustafa/evoart_ws/install/evoart_description/share/evoart_description/models/SamBotBandirma/model.sdf
[0.088s] -- Up-to-date: /home/mustafa/evoart_ws/install/evoart_description/share/evoart_description/models/SolaMecburiYonTabelasi
[0.088s] -- Up-to-date: /home/mustafa/evoart_ws/install/evoart_description/share/evoart_description/models/SolaMecburiYonTabelasi/meshes
[0.088s] -- Up-to-date: /home/mustafa/evoart_ws/install/evoart_description/share/evoart_description/models/SolaMecburiYonTabelasi/meshes/SolaMecburiYonTabelasi.dae
[0.088s] -- Up-to-date: /home/mustafa/evoart_ws/install/evoart_description/share/evoart_description/models/SolaMecburiYonTabelasi/model.config
[0.088s] -- Up-to-date: /home/mustafa/evoart_ws/install/evoart_description/share/evoart_description/models/SolaMecburiYonTabelasi/model.sdf
[0.088s] -- Up-to-date: /home/mustafa/evoart_ws/install/evoart_description/share/ament_index/resource_index/package_run_dependencies/evoart_description
[0.088s] -- Up-to-date: /home/mustafa/evoart_ws/install/evoart_description/share/ament_index/resource_index/parent_prefix_path/evoart_description
[0.088s] -- Up-to-date: /home/mustafa/evoart_ws/install/evoart_description/share/evoart_description/environment/ament_prefix_path.sh
[0.088s] -- Up-to-date: /home/mustafa/evoart_ws/install/evoart_description/share/evoart_description/environment/ament_prefix_path.dsv
[0.088s] -- Up-to-date: /home/mustafa/evoart_ws/install/evoart_description/share/evoart_description/environment/path.sh
[0.088s] -- Up-to-date: /home/mustafa/evoart_ws/install/evoart_description/share/evoart_description/environment/path.dsv
[0.088s] -- Up-to-date: /home/mustafa/evoart_ws/install/evoart_description/share/evoart_description/local_setup.bash
[0.088s] -- Up-to-date: /home/mustafa/evoart_ws/install/evoart_description/share/evoart_description/local_setup.sh
[0.088s] -- Up-to-date: /home/mustafa/evoart_ws/install/evoart_description/share/evoart_description/local_setup.zsh
[0.088s] -- Up-to-date: /home/mustafa/evoart_ws/install/evoart_description/share/evoart_description/local_setup.dsv
[0.088s] -- Installing: /home/mustafa/evoart_ws/install/evoart_description/share/evoart_description/package.dsv
[0.089s] -- Up-to-date: /home/mustafa/evoart_ws/install/evoart_description/share/ament_index/resource_index/packages/evoart_description
[0.089s] -- Up-to-date: /home/mustafa/evoart_ws/install/evoart_description/share/evoart_description/cmake/evoart_descriptionConfig.cmake
[0.089s] -- Up-to-date: /home/mustafa/evoart_ws/install/evoart_description/share/evoart_description/cmake/evoart_descriptionConfig-version.cmake
[0.089s] -- Up-to-date: /home/mustafa/evoart_ws/install/evoart_description/share/evoart_description/package.xml
[0.089s] Invoked command in '/home/mustafa/evoart_ws/build/evoart_description' returned '0': CMAKE_PREFIX_PATH=/opt/ros/humble /usr/bin/cmake --install /home/mustafa/evoart_ws/build/evoart_description
